../source/Files_Application/USB_UserApp_Stack/usb_user_app.c:32:6:read_rawcandata_frame_from_memory_log2_usb	64	static
../source/Files_Application/USB_UserApp_Stack/usb_user_app.c:103:6:read_failure_dmlog_frame_from_memory_log2_usb	336	static
../source/Files_Application/USB_UserApp_Stack/usb_user_app.c:209:6:read_minmaxlog_frame_from_memory_log2_usb	1312	static
../source/Files_Application/USB_UserApp_Stack/usb_user_app.c:382:6:scale_parameter_send_usb	16	static
../source/Files_Application/USB_UserApp_Stack/usb_user_app.c:399:6:decode_data	8	static
../source/Files_Application/USB_UserApp_Stack/usb_user_app.c:442:6:load_date	32	static
../source/Files_Application/USB_UserApp_Stack/usb_user_app.c:472:6:filename_creation	16	static
../source/Files_Application/USB_UserApp_Stack/usb_user_app.c:483:10:pendrive_filename_creation	16	static
../source/Files_Application/USB_UserApp_Stack/usb_user_app.c:495:6:log_data_to_usb	0	static
../source/Files_Application/USB_UserApp_Stack/usb_user_app.c:527:6:log_raw_can_data	64	static
../source/Files_Application/USB_UserApp_Stack/usb_user_app.c:552:6:load_test_data_dmlog	40	static
../source/Files_Application/USB_UserApp_Stack/usb_user_app.c:590:10:spn_fmi_decode	24	static
../source/Files_Application/USB_UserApp_Stack/usb_user_app.c:1347:9:hex2ascii	8	static
../source/Files_Application/USB_UserApp_Stack/usb_user_app.c:1373:15:hex_to_ascii	0	static
../source/Files_Application/USB_UserApp_Stack/usb_user_app.c:1386:9:hexa_ascii_hex	8	static
../source/Files_Application/USB_UserApp_Stack/usb_user_app.c:1406:6:hex_buff	16	static
../source/Files_Application/USB_UserApp_Stack/usb_user_app.c:1420:6:hex_display	8	static
../source/Files_Application/USB_UserApp_Stack/usb_user_app.c:1474:10:source_addr_decode	8	static
../source/Files_Application/USB_UserApp_Stack/usb_user_app.c:1525:6:write_value_to_usb	24	static
../source/Files_Application/USB_UserApp_Stack/usb_user_app.c:1553:6:write_string_to_usb	0	static
