../source/drivers/sdmmc/fsl_sd.c:450:17:SD_SendRca	56	static
../source/drivers/sdmmc/fsl_sd.c:908:17:SD_AllSendCid	64	static
../source/drivers/sdmmc/fsl_sd.c:858:17:SD_SendCsd	64	static
../source/drivers/sdmmc/fsl_sd.c:333:24:SD_ExecuteTuning	16	static
../source/drivers/sdmmc/fsl_sd.c:348:17:SD_Transfer	32	static
../source/drivers/sdmmc/fsl_sd.c:396:17:SD_WaitWriteComplete	64	static
../source/drivers/sdmmc/fsl_sd.c:427:17:SD_StopTransmission	56	static
../source/drivers/sdmmc/fsl_sd.c:319:24:SD_GoIdle	8	static
../source/drivers/sdmmc/fsl_sd.c:312:24:SD_SendApplicationCmd	8	static
../source/drivers/sdmmc/fsl_sd.c:341:17:SD_SwitchVoltage	8	static
../source/drivers/sdmmc/fsl_sd.c:305:24:SD_SelectCard	8	static
../source/drivers/sdmmc/fsl_sd.c:720:17:SD_SetDataBusWidth.constprop	64	static
../source/drivers/sdmmc/fsl_sd.c:560:17:SD_SendScr	88	static
../source/drivers/sdmmc/fsl_sd.c:472:17:SD_SwitchFunction.constprop	88	static
../source/drivers/sdmmc/fsl_sd.c:618:17:SD_SelectFunction	32	static
../source/drivers/sdmmc/fsl_sd.c:326:24:SD_SetBlockSize.constprop	8	static
../source/drivers/sdmmc/fsl_sd.c:1546:6:SD_CheckReadOnly	8	static
../source/drivers/sdmmc/fsl_sd.c:1554:10:SD_ReadBlocks	104	static
../source/drivers/sdmmc/fsl_sd.c:1599:10:SD_WriteBlocks	104	static
../source/drivers/sdmmc/fsl_sd.c:1643:10:SD_EraseBlocks	96	static
../source/drivers/sdmmc/fsl_sd.c:1684:10:SD_CardInit	72	static
../source/drivers/sdmmc/fsl_sd.c:1815:10:SD_BL_CardInit	80	static
../source/drivers/sdmmc/fsl_sd.c:2027:6:SD_CardDeinit	8	static
../source/drivers/sdmmc/fsl_sd.c:2034:10:SD_HostInit	8	static
../source/drivers/sdmmc/fsl_sd.c:2049:6:SD_HostDeinit	8	static
../source/drivers/sdmmc/fsl_sd.c:2058:6:SD_HostReset	0	static
../source/drivers/sdmmc/fsl_sd.c:2063:6:SD_PowerOnCard	0	static
../source/drivers/sdmmc/fsl_sd.c:2068:6:SD_PowerOffCard	0	static
../source/drivers/sdmmc/fsl_sd.c:2073:10:SD_WaitCardDetectStatus	0	static
../source/drivers/sdmmc/fsl_sd.c:2078:6:SD_IsCardPresent	0	static
../source/drivers/sdmmc/fsl_sd.c:2083:10:SD_Init	8	static
../source/drivers/sdmmc/fsl_sd.c:2109:10:SD_BL_Init	8	static
../source/drivers/sdmmc/fsl_sd.c:2122:6:SD_Deinit	8	static
