../source/drivers/sdmmc/fsl_mmc.c:637:17:MMC_SendOperationCondition	64	static
../source/drivers/sdmmc/fsl_mmc.c:732:17:MMC_SetRelativeAddress	64	static
../source/drivers/sdmmc/fsl_mmc.c:1992:17:MMC_CheckBlockRange	8	static
../source/drivers/sdmmc/fsl_mmc.c:1940:17:MMC_AllSendCid	64	static
../source/drivers/sdmmc/fsl_mmc.c:1965:17:MMC_SendCsd	64	static
../source/drivers/sdmmc/fsl_mmc.c:680:17:MMC_BL_SendOperationCondition	80	static
../source/drivers/sdmmc/fsl_mmc.c:844:13:MMC_SetMaxFrequency	8	static
../source/drivers/sdmmc/fsl_mmc.c:432:24:MMC_GoIdle	8	static
../source/drivers/sdmmc/fsl_mmc.c:418:24:MMC_SelectCard	8	static
../source/drivers/sdmmc/fsl_mmc.c:453:17:MMC_ExecuteTuning	16	static
../source/drivers/sdmmc/fsl_mmc.c:477:17:MMC_Transfer	24	static
../source/drivers/sdmmc/fsl_mmc.c:528:17:MMC_WaitWriteComplete	72	static
../source/drivers/sdmmc/fsl_mmc.c:896:17:MMC_SetExtendedCsdConfig	64	static
../source/drivers/sdmmc/fsl_mmc.c:863:17:MMC_SetMaxEraseUnitSize	16	static
../source/drivers/sdmmc/fsl_mmc.c:1340:17:MMC_SetDataBusWidth	24	static
../source/drivers/sdmmc/fsl_mmc.c:564:17:MMC_StopTransmission	56	static
../source/drivers/sdmmc/fsl_mmc.c:1506:17:MMC_SwitchHSTiming.constprop	24	static
../source/drivers/sdmmc/fsl_mmc.c:1254:17:MMC_TestDataBusWidth	120	static
../source/drivers/sdmmc/fsl_mmc.c:1361:17:MMC_SetMaxDataBusWidth	16	static
../source/drivers/sdmmc/fsl_mmc.c:1450:17:MMC_BL_SelectBusWidth	16	static
../source/drivers/sdmmc/fsl_mmc.c:1030:17:MMC_SendExtendedCsd.constprop	80	static
../source/drivers/sdmmc/fsl_mmc.c:446:24:MMC_SetBlockSize.constprop	8	static
../source/drivers/sdmmc/fsl_mmc.c:2280:10:MMC_CardInit	24	static
../source/drivers/sdmmc/fsl_mmc.c:2397:10:MMC_BL_CardInit	16	static
../source/drivers/sdmmc/fsl_mmc.c:2559:6:MMC_CardDeinit	8	static
../source/drivers/sdmmc/fsl_mmc.c:2566:10:MMC_HostInit	8	static
../source/drivers/sdmmc/fsl_mmc.c:2581:6:MMC_HostDeinit	8	static
../source/drivers/sdmmc/fsl_mmc.c:2590:6:MMC_HostReset	0	static
../source/drivers/sdmmc/fsl_mmc.c:2595:10:MMC_Init	8	static
../source/drivers/sdmmc/fsl_mmc.c:2615:10:MMC_BL_Init	8	static
../source/drivers/sdmmc/fsl_mmc.c:2628:6:MMC_Deinit	8	static
../source/drivers/sdmmc/fsl_mmc.c:2636:6:MMC_CheckReadOnly	8	static
../source/drivers/sdmmc/fsl_mmc.c:2644:10:MMC_SelectPartition	24	static
../source/drivers/sdmmc/fsl_mmc.c:2671:10:MMC_ReadBlocks	112	static
../source/drivers/sdmmc/fsl_mmc.c:2716:10:MMC_WriteBlocks	112	static
../source/drivers/sdmmc/fsl_mmc.c:2761:10:MMC_EraseGroups	72	static
../source/drivers/sdmmc/fsl_mmc.c:2839:10:MMC_SetBootConfigWP	24	static
../source/drivers/sdmmc/fsl_mmc.c:2858:10:MMC_SetBootPartitionWP	24	static
../source/drivers/sdmmc/fsl_mmc.c:2877:10:MMC_SetBootConfig	32	static
../source/drivers/sdmmc/fsl_mmc.c:3036:10:MMC_BL_StartBoot	96	static
../source/drivers/sdmmc/fsl_mmc.c:3190:10:MMC_ReadBootData	88	static
../source/drivers/sdmmc/fsl_mmc.c:3222:10:MMC_StopBoot	8	static
