D:\IMXRT1050EVKB_Bootloader\BD155_P_V1_0_0\McuXpresso\evkbimxrt1050_fsl_romapi\drivers/fsl_common_arm.h:579:24:DisableGlobalIRQ	16	static
D:\IMXRT1050EVKB_Bootloader\BD155_P_V1_0_0\McuXpresso\evkbimxrt1050_fsl_romapi\drivers/fsl_common_arm.h:606:20:EnableGlobalIRQ	24	static
../component/osa/fsl_os_abstraction_bm.c:161:18:main_task	16	static
../component/osa/fsl_os_abstraction_bm.c:192:7:OSA_MemoryAllocate	24	static
../component/osa/fsl_os_abstraction_bm.c:210:6:OSA_MemoryFree	16	static
../component/osa/fsl_os_abstraction_bm.c:215:6:OSA_EnterCritical	16	static
../component/osa/fsl_os_abstraction_bm.c:220:6:OSA_ExitCritical	16	static
../component/osa/fsl_os_abstraction_bm.c:231:6:OSA_EnableIRQGlobal	8	static
../component/osa/fsl_os_abstraction_bm.c:252:6:OSA_DisableIRQGlobal	8	static
../component/osa/fsl_os_abstraction_bm.c:473:18:OSA_TimeInit	4	static
../component/osa/fsl_os_abstraction_bm.c:490:22:OSA_TimeDiff	16	static
../component/osa/fsl_os_abstraction_bm.c:508:6:OSA_TimeDelay	16	static
../component/osa/fsl_os_abstraction_bm.c:527:22:OSA_TimeGetMsec	4	static
../component/osa/fsl_os_abstraction_bm.c:543:14:OSA_SemaphoreCreate	24	static
../component/osa/fsl_os_abstraction_bm.c:572:14:OSA_SemaphoreCreateBinary	24	static
../component/osa/fsl_os_abstraction_bm.c:600:14:OSA_SemaphoreDestroy	24	static
../component/osa/fsl_os_abstraction_bm.c:623:14:OSA_SemaphoreWait	24	static
../component/osa/fsl_os_abstraction_bm.c:698:14:OSA_SemaphorePost	24	static
../component/osa/fsl_os_abstraction_bm.c:734:14:OSA_MutexCreate	24	static
../component/osa/fsl_os_abstraction_bm.c:763:14:OSA_MutexLock	24	static
../component/osa/fsl_os_abstraction_bm.c:829:14:OSA_MutexUnlock	24	static
../component/osa/fsl_os_abstraction_bm.c:847:14:OSA_MutexDestroy	24	static
../component/osa/fsl_os_abstraction_bm.c:864:14:OSA_EventCreate	24	static
../component/osa/fsl_os_abstraction_bm.c:887:14:OSA_EventSet	24	static
../component/osa/fsl_os_abstraction_bm.c:912:14:OSA_EventClear	24	static
../component/osa/fsl_os_abstraction_bm.c:942:14:OSA_EventGet	32	static
../component/osa/fsl_os_abstraction_bm.c:974:14:OSA_EventWait	40	static
../component/osa/fsl_os_abstraction_bm.c:1058:14:OSA_EventDestroy	24	static
../component/osa/fsl_os_abstraction_bm.c:1077:14:OSA_MsgQCreate	32	static
../component/osa/fsl_os_abstraction_bm.c:1099:14:OSA_MsgQPut	40	static
../component/osa/fsl_os_abstraction_bm.c:1158:14:OSA_MsgQGet	48	static
../component/osa/fsl_os_abstraction_bm.c:1249:5:OSA_MsgQAvailableMsgs	24	static
../component/osa/fsl_os_abstraction_bm.c:1264:14:OSA_MsgQDestroy	24	static
../component/osa/fsl_os_abstraction_bm.c:1282:6:OSA_InterruptEnable	8	static
../component/osa/fsl_os_abstraction_bm.c:1292:6:OSA_InterruptDisable	8	static
../component/osa/fsl_os_abstraction_bm.c:1303:6:OSA_InstallIntHandler	16	static
