D:\RAJASHEKHAR\Github\IMXRT1050EVK_Bootloader\BD155_P_V1_0_0\McuXpresso\VMS_Display_V0\drivers/fsl_gpio.h:101:20:GPIO_WritePinOutput	8	static
D:\RAJASHEKHAR\Github\IMXRT1050EVK_Bootloader\BD155_P_V1_0_0\McuXpresso\VMS_Display_V0\drivers/fsl_gpio.h:205:23:GPIO_PinReadPadStatus	8	static
D:\RAJASHEKHAR\Github\IMXRT1050EVK_Bootloader\BD155_P_V1_0_0\McuXpresso\VMS_Display_V0\drivers/fsl_gpio.h:216:23:GPIO_ReadPadStatus	8	static
../source/Files_Application/KeypadStack/sourceKeypadStack.c:7:6:OutputRow	16	static
../source/Files_Application/KeypadStack/sourceKeypadStack.c:33:6:funcOutputCol	8	static
../source/Files_Application/KeypadStack/sourceKeypadStack.c:60:9:ReadColumn	8	static
../source/Files_Application/KeypadStack/sourceKeypadStack.c:81:9:funcReadRow	8	static
../source/Files_Application/KeypadStack/sourceKeypadStack.c:109:6:ReadKey	16	static
../source/Files_Application/KeypadStack/sourceKeypadStack.c:142:6:CheckKeyDebounce	0	static
../source/Files_Application/KeypadStack/sourceKeypadStack.c:231:9:IsKeyPressed	8	static
../source/Files_Application/KeypadStack/sourceKeypadStack.c:259:9:WasKeyPressed	8	static
../source/Files_Application/KeypadStack/sourceKeypadStack.c:279:6:KeypadPeriodicTimeCall	8	static
