15:26:27 **** Build of configuration Debug for project evkbimxrt1050_flexcan_loopback ****
make -r -j16 all 
Building file: ../xip/evkbimxrt1050_flexspi_nor_config.c
Building file: ../xip/fsl_flexspi_nor_boot.c
Invoking: MCU C Compiler
arm-none-eabi-gcc -std=gnu99 -D__REDLIB__ -DCPU_MIMXRT1052DVL6B -DCPU_MIMXRT1052DVL6B_cm7 -DSDK_DEBUGCONSOLE=1 -DXIP_EXTERNAL_FLASH=1 -DXIP_BOOT_HEADER_ENABLE=1 -DFLEXCAN_WAIT_TIMEOUT=1000 -DMCUXPRESSO_SDK -DCR_INTEGER_PRINTF -DPRINTF_FLOAT_ENABLE=0 -D__MCUXPRESSO -D__USE_CMSIS -DDEBUG -I"C:\Users\admin\OneDrive\Desktop\RAJASHEKHAR\VMS_HMI\DOZER_E_VERSION\Cluster_ECU_Dozer\McuXpresso\evkbimxrt1050_flexcan_loopback\source" -I"C:\Users\admin\OneDrive\Desktop\RAJASHEKHAR\VMS_HMI\DOZER_E_VERSION\Cluster_ECU_Dozer\McuXpresso\evkbimxrt1050_flexcan_loopback\utilities" -I"C:\Users\admin\OneDrive\Desktop\RAJASHEKHAR\VMS_HMI\DOZER_E_VERSION\Cluster_ECU_Dozer\McuXpresso\evkbimxrt1050_flexcan_loopback\drivers" -I"C:\Users\admin\OneDrive\Desktop\RAJASHEKHAR\VMS_HMI\DOZER_E_VERSION\Cluster_ECU_Dozer\McuXpresso\evkbimxrt1050_flexcan_loopback\device" -I"C:\Users\admin\OneDrive\Desktop\RAJASHEKHAR\VMS_HMI\DOZER_E_VERSION\Cluster_ECU_Dozer\McuXpresso\evkbimxrt1050_flexcan_loopback\component\uart" -I"C:\Users\admin\OneDrive\Desktop\RAJASHEKHAR\VMS_HMI\DOZER_E_VERSION\Cluster_ECU_Dozer\McuXpresso\evkbimxrt1050_flexcan_loopback\component\lists" -I"C:\Users\admin\OneDrive\Desktop\RAJASHEKHAR\VMS_HMI\DOZER_E_VERSION\Cluster_ECU_Dozer\McuXpresso\evkbimxrt1050_flexcan_loopback\xip" -I"C:\Users\admin\OneDrive\Desktop\RAJASHEKHAR\VMS_HMI\DOZER_E_VERSION\Cluster_ECU_Dozer\McuXpresso\evkbimxrt1050_flexcan_loopback\component\silicon_id" -I"C:\Users\admin\OneDrive\Desktop\RAJASHEKHAR\VMS_HMI\DOZER_E_VERSION\Cluster_ECU_Dozer\McuXpresso\evkbimxrt1050_flexcan_loopback\CMSIS" -I"C:\Users\admin\OneDrive\Desktop\RAJASHEKHAR\VMS_HMI\DOZER_E_VERSION\Cluster_ECU_Dozer\McuXpresso\evkbimxrt1050_flexcan_loopback\board" -I"C:\Users\admin\OneDrive\Desktop\RAJASHEKHAR\VMS_HMI\DOZER_E_VERSION\Cluster_ECU_Dozer\McuXpresso\evkbimxrt1050_flexcan_loopback\evkbimxrt1050\driver_examples\flexcan\loopback" -O0 -fno-common -g3 -c -ffunction-sections -fdata-sections -ffreestanding -fno-builtin -fmerge-constants -fmacro-prefix-map="../xip/"= -mcpu=cortex-m7 -mfpu=fpv5-d16 -mfloat-abi=hard -mthumb -D__REDLIB__ -fstack-usage -specs=redlib.specs -MMD -MP -MF"xip/evkbimxrt1050_flexspi_nor_config.d" -MT"xip/evkbimxrt1050_flexspi_nor_config.o" -MT"xip/evkbimxrt1050_flexspi_nor_config.d" -o "xip/evkbimxrt1050_flexspi_nor_config.o" "../xip/evkbimxrt1050_flexspi_nor_config.c"
Invoking: MCU C Compiler
arm-none-eabi-gcc -std=gnu99 -D__REDLIB__ -DCPU_MIMXRT1052DVL6B -DCPU_MIMXRT1052DVL6B_cm7 -DSDK_DEBUGCONSOLE=1 -DXIP_EXTERNAL_FLASH=1 -DXIP_BOOT_HEADER_ENABLE=1 -DFLEXCAN_WAIT_TIMEOUT=1000 -DMCUXPRESSO_SDK -DCR_INTEGER_PRINTF -DPRINTF_FLOAT_ENABLE=0 -D__MCUXPRESSO -D__USE_CMSIS -DDEBUG -I"C:\Users\admin\OneDrive\Desktop\RAJASHEKHAR\VMS_HMI\DOZER_E_VERSION\Cluster_ECU_Dozer\McuXpresso\evkbimxrt1050_flexcan_loopback\source" -I"C:\Users\admin\OneDrive\Desktop\RAJASHEKHAR\VMS_HMI\DOZER_E_VERSION\Cluster_ECU_Dozer\McuXpresso\evkbimxrt1050_flexcan_loopback\utilities" -I"C:\Users\admin\OneDrive\Desktop\RAJASHEKHAR\VMS_HMI\DOZER_E_VERSION\Cluster_ECU_Dozer\McuXpresso\evkbimxrt1050_flexcan_loopback\drivers" -I"C:\Users\admin\OneDrive\Desktop\RAJASHEKHAR\VMS_HMI\DOZER_E_VERSION\Cluster_ECU_Dozer\McuXpresso\evkbimxrt1050_flexcan_loopback\device" -I"C:\Users\admin\OneDrive\Desktop\RAJASHEKHAR\VMS_HMI\DOZER_E_VERSION\Cluster_ECU_Dozer\McuXpresso\evkbimxrt1050_flexcan_loopback\component\uart" -I"C:\Users\admin\OneDrive\Desktop\RAJASHEKHAR\VMS_HMI\DOZER_E_VERSION\Cluster_ECU_Dozer\McuXpresso\evkbimxrt1050_flexcan_loopback\component\lists" -I"C:\Users\admin\OneDrive\Desktop\RAJASHEKHAR\VMS_HMI\DOZER_E_VERSION\Cluster_ECU_Dozer\McuXpresso\evkbimxrt1050_flexcan_loopback\xip" -I"C:\Users\admin\OneDrive\Desktop\RAJASHEKHAR\VMS_HMI\DOZER_E_VERSION\Cluster_ECU_Dozer\McuXpresso\evkbimxrt1050_flexcan_loopback\component\silicon_id" -I"C:\Users\admin\OneDrive\Desktop\RAJASHEKHAR\VMS_HMI\DOZER_E_VERSION\Cluster_ECU_Dozer\McuXpresso\evkbimxrt1050_flexcan_loopback\CMSIS" -I"C:\Users\admin\OneDrive\Desktop\RAJASHEKHAR\VMS_HMI\DOZER_E_VERSION\Cluster_ECU_Dozer\McuXpresso\evkbimxrt1050_flexcan_loopback\board" -I"C:\Users\admin\OneDrive\Desktop\RAJASHEKHAR\VMS_HMI\DOZER_E_VERSION\Cluster_ECU_Dozer\McuXpresso\evkbimxrt1050_flexcan_loopback\evkbimxrt1050\driver_examples\flexcan\loopback" -O0 -fno-common -g3 -c -ffunction-sections -fdata-sections -ffreestanding -fno-builtin -fmerge-constants -fmacro-prefix-map="../xip/"= -mcpu=cortex-m7 -mfpu=fpv5-d16 -mfloat-abi=hard -mthumb -D__REDLIB__ -fstack-usage -specs=redlib.specs -MMD -MP -MF"xip/fsl_flexspi_nor_boot.d" -MT"xip/fsl_flexspi_nor_boot.o" -MT"xip/fsl_flexspi_nor_boot.d" -o "xip/fsl_flexspi_nor_boot.o" "../xip/fsl_flexspi_nor_boot.c"
Building file: ../utilities/fsl_assert.c
Building file: ../utilities/fsl_debug_console.c
Invoking: MCU C Compiler
arm-none-eabi-gcc -std=gnu99 -D__REDLIB__ -DCPU_MIMXRT1052DVL6B -DCPU_MIMXRT1052DVL6B_cm7 -DSDK_DEBUGCONSOLE=1 -DXIP_EXTERNAL_FLASH=1 -DXIP_BOOT_HEADER_ENABLE=1 -DFLEXCAN_WAIT_TIMEOUT=1000 -DMCUXPRESSO_SDK -DCR_INTEGER_PRINTF -DPRINTF_FLOAT_ENABLE=0 -D__MCUXPRESSO -D__USE_CMSIS -DDEBUG -I"C:\Users\admin\OneDrive\Desktop\RAJASHEKHAR\VMS_HMI\DOZER_E_VERSION\Cluster_ECU_Dozer\McuXpresso\evkbimxrt1050_flexcan_loopback\source" -I"C:\Users\admin\OneDrive\Desktop\RAJASHEKHAR\VMS_HMI\DOZER_E_VERSION\Cluster_ECU_Dozer\McuXpresso\evkbimxrt1050_flexcan_loopback\utilities" -I"C:\Users\admin\OneDrive\Desktop\RAJASHEKHAR\VMS_HMI\DOZER_E_VERSION\Cluster_ECU_Dozer\McuXpresso\evkbimxrt1050_flexcan_loopback\drivers" -I"C:\Users\admin\OneDrive\Desktop\RAJASHEKHAR\VMS_HMI\DOZER_E_VERSION\Cluster_ECU_Dozer\McuXpresso\evkbimxrt1050_flexcan_loopback\device" -I"C:\Users\admin\OneDrive\Desktop\RAJASHEKHAR\VMS_HMI\DOZER_E_VERSION\Cluster_ECU_Dozer\McuXpresso\evkbimxrt1050_flexcan_loopback\component\uart" -I"C:\Users\admin\OneDrive\Desktop\RAJASHEKHAR\VMS_HMI\DOZER_E_VERSION\Cluster_ECU_Dozer\McuXpresso\evkbimxrt1050_flexcan_loopback\component\lists" -I"C:\Users\admin\OneDrive\Desktop\RAJASHEKHAR\VMS_HMI\DOZER_E_VERSION\Cluster_ECU_Dozer\McuXpresso\evkbimxrt1050_flexcan_loopback\xip" -I"C:\Users\admin\OneDrive\Desktop\RAJASHEKHAR\VMS_HMI\DOZER_E_VERSION\Cluster_ECU_Dozer\McuXpresso\evkbimxrt1050_flexcan_loopback\component\silicon_id" -I"C:\Users\admin\OneDrive\Desktop\RAJASHEKHAR\VMS_HMI\DOZER_E_VERSION\Cluster_ECU_Dozer\McuXpresso\evkbimxrt1050_flexcan_loopback\CMSIS" -I"C:\Users\admin\OneDrive\Desktop\RAJASHEKHAR\VMS_HMI\DOZER_E_VERSION\Cluster_ECU_Dozer\McuXpresso\evkbimxrt1050_flexcan_loopback\board" -I"C:\Users\admin\OneDrive\Desktop\RAJASHEKHAR\VMS_HMI\DOZER_E_VERSION\Cluster_ECU_Dozer\McuXpresso\evkbimxrt1050_flexcan_loopback\evkbimxrt1050\driver_examples\flexcan\loopback" -O0 -fno-common -g3 -c -ffunction-sections -fdata-sections -ffreestanding -fno-builtin -fmerge-constants -fmacro-prefix-map="../utilities/"= -mcpu=cortex-m7 -mfpu=fpv5-d16 -mfloat-abi=hard -mthumb -D__REDLIB__ -fstack-usage -specs=redlib.specs -MMD -MP -MF"utilities/fsl_assert.d" -MT"utilities/fsl_assert.o" -MT"utilities/fsl_assert.d" -o "utilities/fsl_assert.o" "../utilities/fsl_assert.c"
Invoking: MCU C Compiler
arm-none-eabi-gcc -std=gnu99 -D__REDLIB__ -DCPU_MIMXRT1052DVL6B -DCPU_MIMXRT1052DVL6B_cm7 -DSDK_DEBUGCONSOLE=1 -DXIP_EXTERNAL_FLASH=1 -DXIP_BOOT_HEADER_ENABLE=1 -DFLEXCAN_WAIT_TIMEOUT=1000 -DMCUXPRESSO_SDK -DCR_INTEGER_PRINTF -DPRINTF_FLOAT_ENABLE=0 -D__MCUXPRESSO -D__USE_CMSIS -DDEBUG -I"C:\Users\admin\OneDrive\Desktop\RAJASHEKHAR\VMS_HMI\DOZER_E_VERSION\Cluster_ECU_Dozer\McuXpresso\evkbimxrt1050_flexcan_loopback\source" -I"C:\Users\admin\OneDrive\Desktop\RAJASHEKHAR\VMS_HMI\DOZER_E_VERSION\Cluster_ECU_Dozer\McuXpresso\evkbimxrt1050_flexcan_loopback\utilities" -I"C:\Users\admin\OneDrive\Desktop\RAJASHEKHAR\VMS_HMI\DOZER_E_VERSION\Cluster_ECU_Dozer\McuXpresso\evkbimxrt1050_flexcan_loopback\drivers" -I"C:\Users\admin\OneDrive\Desktop\RAJASHEKHAR\VMS_HMI\DOZER_E_VERSION\Cluster_ECU_Dozer\McuXpresso\evkbimxrt1050_flexcan_loopback\device" -I"C:\Users\admin\OneDrive\Desktop\RAJASHEKHAR\VMS_HMI\DOZER_E_VERSION\Cluster_ECU_Dozer\McuXpresso\evkbimxrt1050_flexcan_loopback\component\uart" -I"C:\Users\admin\OneDrive\Desktop\RAJASHEKHAR\VMS_HMI\DOZER_E_VERSION\Cluster_ECU_Dozer\McuXpresso\evkbimxrt1050_flexcan_loopback\component\lists" -I"C:\Users\admin\OneDrive\Desktop\RAJASHEKHAR\VMS_HMI\DOZER_E_VERSION\Cluster_ECU_Dozer\McuXpresso\evkbimxrt1050_flexcan_loopback\xip" -I"C:\Users\admin\OneDrive\Desktop\RAJASHEKHAR\VMS_HMI\DOZER_E_VERSION\Cluster_ECU_Dozer\McuXpresso\evkbimxrt1050_flexcan_loopback\component\silicon_id" -I"C:\Users\admin\OneDrive\Desktop\RAJASHEKHAR\VMS_HMI\DOZER_E_VERSION\Cluster_ECU_Dozer\McuXpresso\evkbimxrt1050_flexcan_loopback\CMSIS" -I"C:\Users\admin\OneDrive\Desktop\RAJASHEKHAR\VMS_HMI\DOZER_E_VERSION\Cluster_ECU_Dozer\McuXpresso\evkbimxrt1050_flexcan_loopback\board" -I"C:\Users\admin\OneDrive\Desktop\RAJASHEKHAR\VMS_HMI\DOZER_E_VERSION\Cluster_ECU_Dozer\McuXpresso\evkbimxrt1050_flexcan_loopback\evkbimxrt1050\driver_examples\flexcan\loopback" -O0 -fno-common -g3 -c -ffunction-sections -fdata-sections -ffreestanding -fno-builtin -fmerge-constants -fmacro-prefix-map="../utilities/"= -mcpu=cortex-m7 -mfpu=fpv5-d16 -mfloat-abi=hard -mthumb -D__REDLIB__ -fstack-usage -specs=redlib.specs -MMD -MP -MF"utilities/fsl_debug_console.d" -MT"utilities/fsl_debug_console.o" -MT"utilities/fsl_debug_console.d" -o "utilities/fsl_debug_console.o" "../utilities/fsl_debug_console.c"
Building file: ../startup/startup_mimxrt1052.c
Building file: ../source/flexcan_loopback.c
Invoking: MCU C Compiler
Invoking: MCU C Compiler
Finished building: ../xip/evkbimxrt1050_flexspi_nor_config.c
arm-none-eabi-gcc -std=gnu99 -D__REDLIB__ -DCPU_MIMXRT1052DVL6B -DCPU_MIMXRT1052DVL6B_cm7 -DSDK_DEBUGCONSOLE=1 -DXIP_EXTERNAL_FLASH=1 -DXIP_BOOT_HEADER_ENABLE=1 -DFLEXCAN_WAIT_TIMEOUT=1000 -DMCUXPRESSO_SDK -DCR_INTEGER_PRINTF -DPRINTF_FLOAT_ENABLE=0 -D__MCUXPRESSO -D__USE_CMSIS -DDEBUG -I"C:\Users\admin\OneDrive\Desktop\RAJASHEKHAR\VMS_HMI\DOZER_E_VERSION\Cluster_ECU_Dozer\McuXpresso\evkbimxrt1050_flexcan_loopback\source" -I"C:\Users\admin\OneDrive\Desktop\RAJASHEKHAR\VMS_HMI\DOZER_E_VERSION\Cluster_ECU_Dozer\McuXpresso\evkbimxrt1050_flexcan_loopback\utilities" -I"C:\Users\admin\OneDrive\Desktop\RAJASHEKHAR\VMS_HMI\DOZER_E_VERSION\Cluster_ECU_Dozer\McuXpresso\evkbimxrt1050_flexcan_loopback\drivers" -I"C:\Users\admin\OneDrive\Desktop\RAJASHEKHAR\VMS_HMI\DOZER_E_VERSION\Cluster_ECU_Dozer\McuXpresso\evkbimxrt1050_flexcan_loopback\device" -I"C:\Users\admin\OneDrive\Desktop\RAJASHEKHAR\VMS_HMI\DOZER_E_VERSION\Cluster_ECU_Dozer\McuXpresso\evkbimxrt1050_flexcan_loopback\component\uart" -I"C:\Users\admin\OneDrive\Desktop\RAJASHEKHAR\VMS_HMI\DOZER_E_VERSION\Cluster_ECU_Dozer\McuXpresso\evkbimxrt1050_flexcan_loopback\component\lists" -I"C:\Users\admin\OneDrive\Desktop\RAJASHEKHAR\VMS_HMI\DOZER_E_VERSION\Cluster_ECU_Dozer\McuXpresso\evkbimxrt1050_flexcan_loopback\xip" -I"C:\Users\admin\OneDrive\Desktop\RAJASHEKHAR\VMS_HMI\DOZER_E_VERSION\Cluster_ECU_Dozer\McuXpresso\evkbimxrt1050_flexcan_loopback\component\silicon_id" -I"C:\Users\admin\OneDrive\Desktop\RAJASHEKHAR\VMS_HMI\DOZER_E_VERSION\Cluster_ECU_Dozer\McuXpresso\evkbimxrt1050_flexcan_loopback\CMSIS" -I"C:\Users\admin\OneDrive\Desktop\RAJASHEKHAR\VMS_HMI\DOZER_E_VERSION\Cluster_ECU_Dozer\McuXpresso\evkbimxrt1050_flexcan_loopback\board" -I"C:\Users\admin\OneDrive\Desktop\RAJASHEKHAR\VMS_HMI\DOZER_E_VERSION\Cluster_ECU_Dozer\McuXpresso\evkbimxrt1050_flexcan_loopback\evkbimxrt1050\driver_examples\flexcan\loopback" -O0 -fno-common -g3 -c -ffunction-sections -fdata-sections -ffreestanding -fno-builtin -fmerge-constants -fmacro-prefix-map="../startup/"= -mcpu=cortex-m7 -mfpu=fpv5-d16 -mfloat-abi=hard -mthumb -D__REDLIB__ -fstack-usage -specs=redlib.specs -MMD -MP -MF"startup/startup_mimxrt1052.d" -MT"startup/startup_mimxrt1052.o" -MT"startup/startup_mimxrt1052.d" -o "startup/startup_mimxrt1052.o" "../startup/startup_mimxrt1052.c"
Finished building: ../xip/fsl_flexspi_nor_boot.c
arm-none-eabi-gcc -std=gnu99 -D__REDLIB__ -DCPU_MIMXRT1052DVL6B -DCPU_MIMXRT1052DVL6B_cm7 -DSDK_DEBUGCONSOLE=1 -DXIP_EXTERNAL_FLASH=1 -DXIP_BOOT_HEADER_ENABLE=1 -DFLEXCAN_WAIT_TIMEOUT=1000 -DMCUXPRESSO_SDK -DCR_INTEGER_PRINTF -DPRINTF_FLOAT_ENABLE=0 -D__MCUXPRESSO -D__USE_CMSIS -DDEBUG -I"C:\Users\admin\OneDrive\Desktop\RAJASHEKHAR\VMS_HMI\DOZER_E_VERSION\Cluster_ECU_Dozer\McuXpresso\evkbimxrt1050_flexcan_loopback\source" -I"C:\Users\admin\OneDrive\Desktop\RAJASHEKHAR\VMS_HMI\DOZER_E_VERSION\Cluster_ECU_Dozer\McuXpresso\evkbimxrt1050_flexcan_loopback\utilities" -I"C:\Users\admin\OneDrive\Desktop\RAJASHEKHAR\VMS_HMI\DOZER_E_VERSION\Cluster_ECU_Dozer\McuXpresso\evkbimxrt1050_flexcan_loopback\drivers" -I"C:\Users\admin\OneDrive\Desktop\RAJASHEKHAR\VMS_HMI\DOZER_E_VERSION\Cluster_ECU_Dozer\McuXpresso\evkbimxrt1050_flexcan_loopback\device" -I"C:\Users\admin\OneDrive\Desktop\RAJASHEKHAR\VMS_HMI\DOZER_E_VERSION\Cluster_ECU_Dozer\McuXpresso\evkbimxrt1050_flexcan_loopback\component\uart" -I"C:\Users\admin\OneDrive\Desktop\RAJASHEKHAR\VMS_HMI\DOZER_E_VERSION\Cluster_ECU_Dozer\McuXpresso\evkbimxrt1050_flexcan_loopback\component\lists" -I"C:\Users\admin\OneDrive\Desktop\RAJASHEKHAR\VMS_HMI\DOZER_E_VERSION\Cluster_ECU_Dozer\McuXpresso\evkbimxrt1050_flexcan_loopback\xip" -I"C:\Users\admin\OneDrive\Desktop\RAJASHEKHAR\VMS_HMI\DOZER_E_VERSION\Cluster_ECU_Dozer\McuXpresso\evkbimxrt1050_flexcan_loopback\component\silicon_id" -I"C:\Users\admin\OneDrive\Desktop\RAJASHEKHAR\VMS_HMI\DOZER_E_VERSION\Cluster_ECU_Dozer\McuXpresso\evkbimxrt1050_flexcan_loopback\CMSIS" -I"C:\Users\admin\OneDrive\Desktop\RAJASHEKHAR\VMS_HMI\DOZER_E_VERSION\Cluster_ECU_Dozer\McuXpresso\evkbimxrt1050_flexcan_loopback\board" -I"C:\Users\admin\OneDrive\Desktop\RAJASHEKHAR\VMS_HMI\DOZER_E_VERSION\Cluster_ECU_Dozer\McuXpresso\evkbimxrt1050_flexcan_loopback\evkbimxrt1050\driver_examples\flexcan\loopback" -O0 -fno-common -g3 -c -ffunction-sections -fdata-sections -ffreestanding -fno-builtin -fmerge-constants -fmacro-prefix-map="../source/"= -mcpu=cortex-m7 -mfpu=fpv5-d16 -mfloat-abi=hard -mthumb -D__REDLIB__ -fstack-usage -specs=redlib.specs -MMD -MP -MF"source/flexcan_loopback.d" -MT"source/flexcan_loopback.o" -MT"source/flexcan_loopback.d" -o "source/flexcan_loopback.o" "../source/flexcan_loopback.c"
 
 
Finished building: ../utilities/fsl_assert.c
Building file: ../source/semihost_hardfault.c
Finished building: ../utilities/fsl_debug_console.c
 
Finished building: ../startup/startup_mimxrt1052.c
Invoking: MCU C Compiler
 
arm-none-eabi-gcc -std=gnu99 -D__REDLIB__ -DCPU_MIMXRT1052DVL6B -DCPU_MIMXRT1052DVL6B_cm7 -DSDK_DEBUGCONSOLE=1 -DXIP_EXTERNAL_FLASH=1 -DXIP_BOOT_HEADER_ENABLE=1 -DFLEXCAN_WAIT_TIMEOUT=1000 -DMCUXPRESSO_SDK -DCR_INTEGER_PRINTF -DPRINTF_FLOAT_ENABLE=0 -D__MCUXPRESSO -D__USE_CMSIS -DDEBUG -I"C:\Users\admin\OneDrive\Desktop\RAJASHEKHAR\VMS_HMI\DOZER_E_VERSION\Cluster_ECU_Dozer\McuXpresso\evkbimxrt1050_flexcan_loopback\source" -I"C:\Users\admin\OneDrive\Desktop\RAJASHEKHAR\VMS_HMI\DOZER_E_VERSION\Cluster_ECU_Dozer\McuXpresso\evkbimxrt1050_flexcan_loopback\utilities" -I"C:\Users\admin\OneDrive\Desktop\RAJASHEKHAR\VMS_HMI\DOZER_E_VERSION\Cluster_ECU_Dozer\McuXpresso\evkbimxrt1050_flexcan_loopback\drivers" -I"C:\Users\admin\OneDrive\Desktop\RAJASHEKHAR\VMS_HMI\DOZER_E_VERSION\Cluster_ECU_Dozer\McuXpresso\evkbimxrt1050_flexcan_loopback\device" -I"C:\Users\admin\OneDrive\Desktop\RAJASHEKHAR\VMS_HMI\DOZER_E_VERSION\Cluster_ECU_Dozer\McuXpresso\evkbimxrt1050_flexcan_loopback\component\uart" -I"C:\Users\admin\OneDrive\Desktop\RAJASHEKHAR\VMS_HMI\DOZER_E_VERSION\Cluster_ECU_Dozer\McuXpresso\evkbimxrt1050_flexcan_loopback\component\lists" -I"C:\Users\admin\OneDrive\Desktop\RAJASHEKHAR\VMS_HMI\DOZER_E_VERSION\Cluster_ECU_Dozer\McuXpresso\evkbimxrt1050_flexcan_loopback\xip" -I"C:\Users\admin\OneDrive\Desktop\RAJASHEKHAR\VMS_HMI\DOZER_E_VERSION\Cluster_ECU_Dozer\McuXpresso\evkbimxrt1050_flexcan_loopback\component\silicon_id" -I"C:\Users\admin\OneDrive\Desktop\RAJASHEKHAR\VMS_HMI\DOZER_E_VERSION\Cluster_ECU_Dozer\McuXpresso\evkbimxrt1050_flexcan_loopback\CMSIS" -I"C:\Users\admin\OneDrive\Desktop\RAJASHEKHAR\VMS_HMI\DOZER_E_VERSION\Cluster_ECU_Dozer\McuXpresso\evkbimxrt1050_flexcan_loopback\board" -I"C:\Users\admin\OneDrive\Desktop\RAJASHEKHAR\VMS_HMI\DOZER_E_VERSION\Cluster_ECU_Dozer\McuXpresso\evkbimxrt1050_flexcan_loopback\evkbimxrt1050\driver_examples\flexcan\loopback" -O0 -fno-common -g3 -c -ffunction-sections -fdata-sections -ffreestanding -fno-builtin -fmerge-constants -fmacro-prefix-map="../source/"= -mcpu=cortex-m7 -mfpu=fpv5-d16 -mfloat-abi=hard -mthumb -D__REDLIB__ -fstack-usage -specs=redlib.specs -MMD -MP -MF"source/semihost_hardfault.d" -MT"source/semihost_hardfault.o" -MT"source/semihost_hardfault.d" -o "source/semihost_hardfault.o" "../source/semihost_hardfault.c"
 
Building file: ../drivers/fsl_clock.c
Finished building: ../source/flexcan_loopback.c
Invoking: MCU C Compiler
arm-none-eabi-gcc -std=gnu99 -D__REDLIB__ -DCPU_MIMXRT1052DVL6B -DCPU_MIMXRT1052DVL6B_cm7 -DSDK_DEBUGCONSOLE=1 -DXIP_EXTERNAL_FLASH=1 -DXIP_BOOT_HEADER_ENABLE=1 -DFLEXCAN_WAIT_TIMEOUT=1000 -DMCUXPRESSO_SDK -DCR_INTEGER_PRINTF -DPRINTF_FLOAT_ENABLE=0 -D__MCUXPRESSO -D__USE_CMSIS -DDEBUG -I"C:\Users\admin\OneDrive\Desktop\RAJASHEKHAR\VMS_HMI\DOZER_E_VERSION\Cluster_ECU_Dozer\McuXpresso\evkbimxrt1050_flexcan_loopback\source" -I"C:\Users\admin\OneDrive\Desktop\RAJASHEKHAR\VMS_HMI\DOZER_E_VERSION\Cluster_ECU_Dozer\McuXpresso\evkbimxrt1050_flexcan_loopback\utilities" -I"C:\Users\admin\OneDrive\Desktop\RAJASHEKHAR\VMS_HMI\DOZER_E_VERSION\Cluster_ECU_Dozer\McuXpresso\evkbimxrt1050_flexcan_loopback\drivers" -I"C:\Users\admin\OneDrive\Desktop\RAJASHEKHAR\VMS_HMI\DOZER_E_VERSION\Cluster_ECU_Dozer\McuXpresso\evkbimxrt1050_flexcan_loopback\device" -I"C:\Users\admin\OneDrive\Desktop\RAJASHEKHAR\VMS_HMI\DOZER_E_VERSION\Cluster_ECU_Dozer\McuXpresso\evkbimxrt1050_flexcan_loopback\component\uart" -I"C:\Users\admin\OneDrive\Desktop\RAJASHEKHAR\VMS_HMI\DOZER_E_VERSION\Cluster_ECU_Dozer\McuXpresso\evkbimxrt1050_flexcan_loopback\component\lists" -I"C:\Users\admin\OneDrive\Desktop\RAJASHEKHAR\VMS_HMI\DOZER_E_VERSION\Cluster_ECU_Dozer\McuXpresso\evkbimxrt1050_flexcan_loopback\xip" -I"C:\Users\admin\OneDrive\Desktop\RAJASHEKHAR\VMS_HMI\DOZER_E_VERSION\Cluster_ECU_Dozer\McuXpresso\evkbimxrt1050_flexcan_loopback\component\silicon_id" -I"C:\Users\admin\OneDrive\Desktop\RAJASHEKHAR\VMS_HMI\DOZER_E_VERSION\Cluster_ECU_Dozer\McuXpresso\evkbimxrt1050_flexcan_loopback\CMSIS" -I"C:\Users\admin\OneDrive\Desktop\RAJASHEKHAR\VMS_HMI\DOZER_E_VERSION\Cluster_ECU_Dozer\McuXpresso\evkbimxrt1050_flexcan_loopback\board" -I"C:\Users\admin\OneDrive\Desktop\RAJASHEKHAR\VMS_HMI\DOZER_E_VERSION\Cluster_ECU_Dozer\McuXpresso\evkbimxrt1050_flexcan_loopback\evkbimxrt1050\driver_examples\flexcan\loopback" -O0 -fno-common -g3 -c -ffunction-sections -fdata-sections -ffreestanding -fno-builtin -fmerge-constants -fmacro-prefix-map="../drivers/"= -mcpu=cortex-m7 -mfpu=fpv5-d16 -mfloat-abi=hard -mthumb -D__REDLIB__ -fstack-usage -specs=redlib.specs -MMD -MP -MF"drivers/fsl_clock.d" -MT"drivers/fsl_clock.o" -MT"drivers/fsl_clock.d" -o "drivers/fsl_clock.o" "../drivers/fsl_clock.c"
 
Finished building: ../source/semihost_hardfault.c
Building file: ../drivers/fsl_common.c
 
Invoking: MCU C Compiler
arm-none-eabi-gcc -std=gnu99 -D__REDLIB__ -DCPU_MIMXRT1052DVL6B -DCPU_MIMXRT1052DVL6B_cm7 -DSDK_DEBUGCONSOLE=1 -DXIP_EXTERNAL_FLASH=1 -DXIP_BOOT_HEADER_ENABLE=1 -DFLEXCAN_WAIT_TIMEOUT=1000 -DMCUXPRESSO_SDK -DCR_INTEGER_PRINTF -DPRINTF_FLOAT_ENABLE=0 -D__MCUXPRESSO -D__USE_CMSIS -DDEBUG -I"C:\Users\admin\OneDrive\Desktop\RAJASHEKHAR\VMS_HMI\DOZER_E_VERSION\Cluster_ECU_Dozer\McuXpresso\evkbimxrt1050_flexcan_loopback\source" -I"C:\Users\admin\OneDrive\Desktop\RAJASHEKHAR\VMS_HMI\DOZER_E_VERSION\Cluster_ECU_Dozer\McuXpresso\evkbimxrt1050_flexcan_loopback\utilities" -I"C:\Users\admin\OneDrive\Desktop\RAJASHEKHAR\VMS_HMI\DOZER_E_VERSION\Cluster_ECU_Dozer\McuXpresso\evkbimxrt1050_flexcan_loopback\drivers" -I"C:\Users\admin\OneDrive\Desktop\RAJASHEKHAR\VMS_HMI\DOZER_E_VERSION\Cluster_ECU_Dozer\McuXpresso\evkbimxrt1050_flexcan_loopback\device" -I"C:\Users\admin\OneDrive\Desktop\RAJASHEKHAR\VMS_HMI\DOZER_E_VERSION\Cluster_ECU_Dozer\McuXpresso\evkbimxrt1050_flexcan_loopback\component\uart" -I"C:\Users\admin\OneDrive\Desktop\RAJASHEKHAR\VMS_HMI\DOZER_E_VERSION\Cluster_ECU_Dozer\McuXpresso\evkbimxrt1050_flexcan_loopback\component\lists" -I"C:\Users\admin\OneDrive\Desktop\RAJASHEKHAR\VMS_HMI\DOZER_E_VERSION\Cluster_ECU_Dozer\McuXpresso\evkbimxrt1050_flexcan_loopback\xip" -I"C:\Users\admin\OneDrive\Desktop\RAJASHEKHAR\VMS_HMI\DOZER_E_VERSION\Cluster_ECU_Dozer\McuXpresso\evkbimxrt1050_flexcan_loopback\component\silicon_id" -I"C:\Users\admin\OneDrive\Desktop\RAJASHEKHAR\VMS_HMI\DOZER_E_VERSION\Cluster_ECU_Dozer\McuXpresso\evkbimxrt1050_flexcan_loopback\CMSIS" -I"C:\Users\admin\OneDrive\Desktop\RAJASHEKHAR\VMS_HMI\DOZER_E_VERSION\Cluster_ECU_Dozer\McuXpresso\evkbimxrt1050_flexcan_loopback\board" -I"C:\Users\admin\OneDrive\Desktop\RAJASHEKHAR\VMS_HMI\DOZER_E_VERSION\Cluster_ECU_Dozer\McuXpresso\evkbimxrt1050_flexcan_loopback\evkbimxrt1050\driver_examples\flexcan\loopback" -O0 -fno-common -g3 -c -ffunction-sections -fdata-sections -ffreestanding -fno-builtin -fmerge-constants -fmacro-prefix-map="../drivers/"= -mcpu=cortex-m7 -mfpu=fpv5-d16 -mfloat-abi=hard -mthumb -D__REDLIB__ -fstack-usage -specs=redlib.specs -MMD -MP -MF"drivers/fsl_common.d" -MT"drivers/fsl_common.o" -MT"drivers/fsl_common.d" -o "drivers/fsl_common.o" "../drivers/fsl_common.c"
Building file: ../drivers/fsl_common_arm.c
Invoking: MCU C Compiler
arm-none-eabi-gcc -std=gnu99 -D__REDLIB__ -DCPU_MIMXRT1052DVL6B -DCPU_MIMXRT1052DVL6B_cm7 -DSDK_DEBUGCONSOLE=1 -DXIP_EXTERNAL_FLASH=1 -DXIP_BOOT_HEADER_ENABLE=1 -DFLEXCAN_WAIT_TIMEOUT=1000 -DMCUXPRESSO_SDK -DCR_INTEGER_PRINTF -DPRINTF_FLOAT_ENABLE=0 -D__MCUXPRESSO -D__USE_CMSIS -DDEBUG -I"C:\Users\admin\OneDrive\Desktop\RAJASHEKHAR\VMS_HMI\DOZER_E_VERSION\Cluster_ECU_Dozer\McuXpresso\evkbimxrt1050_flexcan_loopback\source" -I"C:\Users\admin\OneDrive\Desktop\RAJASHEKHAR\VMS_HMI\DOZER_E_VERSION\Cluster_ECU_Dozer\McuXpresso\evkbimxrt1050_flexcan_loopback\utilities" -I"C:\Users\admin\OneDrive\Desktop\RAJASHEKHAR\VMS_HMI\DOZER_E_VERSION\Cluster_ECU_Dozer\McuXpresso\evkbimxrt1050_flexcan_loopback\drivers" -I"C:\Users\admin\OneDrive\Desktop\RAJASHEKHAR\VMS_HMI\DOZER_E_VERSION\Cluster_ECU_Dozer\McuXpresso\evkbimxrt1050_flexcan_loopback\device" -I"C:\Users\admin\OneDrive\Desktop\RAJASHEKHAR\VMS_HMI\DOZER_E_VERSION\Cluster_ECU_Dozer\McuXpresso\evkbimxrt1050_flexcan_loopback\component\uart" -I"C:\Users\admin\OneDrive\Desktop\RAJASHEKHAR\VMS_HMI\DOZER_E_VERSION\Cluster_ECU_Dozer\McuXpresso\evkbimxrt1050_flexcan_loopback\component\lists" -I"C:\Users\admin\OneDrive\Desktop\RAJASHEKHAR\VMS_HMI\DOZER_E_VERSION\Cluster_ECU_Dozer\McuXpresso\evkbimxrt1050_flexcan_loopback\xip" -I"C:\Users\admin\OneDrive\Desktop\RAJASHEKHAR\VMS_HMI\DOZER_E_VERSION\Cluster_ECU_Dozer\McuXpresso\evkbimxrt1050_flexcan_loopback\component\silicon_id" -I"C:\Users\admin\OneDrive\Desktop\RAJASHEKHAR\VMS_HMI\DOZER_E_VERSION\Cluster_ECU_Dozer\McuXpresso\evkbimxrt1050_flexcan_loopback\CMSIS" -I"C:\Users\admin\OneDrive\Desktop\RAJASHEKHAR\VMS_HMI\DOZER_E_VERSION\Cluster_ECU_Dozer\McuXpresso\evkbimxrt1050_flexcan_loopback\board" -I"C:\Users\admin\OneDrive\Desktop\RAJASHEKHAR\VMS_HMI\DOZER_E_VERSION\Cluster_ECU_Dozer\McuXpresso\evkbimxrt1050_flexcan_loopback\evkbimxrt1050\driver_examples\flexcan\loopback" -O0 -fno-common -g3 -c -ffunction-sections -fdata-sections -ffreestanding -fno-builtin -fmerge-constants -fmacro-prefix-map="../drivers/"= -mcpu=cortex-m7 -mfpu=fpv5-d16 -mfloat-abi=hard -mthumb -D__REDLIB__ -fstack-usage -specs=redlib.specs -MMD -MP -MF"drivers/fsl_common_arm.d" -MT"drivers/fsl_common_arm.o" -MT"drivers/fsl_common_arm.d" -o "drivers/fsl_common_arm.o" "../drivers/fsl_common_arm.c"
Building file: ../drivers/fsl_flexcan.c
Invoking: MCU C Compiler
arm-none-eabi-gcc -std=gnu99 -D__REDLIB__ -DCPU_MIMXRT1052DVL6B -DCPU_MIMXRT1052DVL6B_cm7 -DSDK_DEBUGCONSOLE=1 -DXIP_EXTERNAL_FLASH=1 -DXIP_BOOT_HEADER_ENABLE=1 -DFLEXCAN_WAIT_TIMEOUT=1000 -DMCUXPRESSO_SDK -DCR_INTEGER_PRINTF -DPRINTF_FLOAT_ENABLE=0 -D__MCUXPRESSO -D__USE_CMSIS -DDEBUG -I"C:\Users\admin\OneDrive\Desktop\RAJASHEKHAR\VMS_HMI\DOZER_E_VERSION\Cluster_ECU_Dozer\McuXpresso\evkbimxrt1050_flexcan_loopback\source" -I"C:\Users\admin\OneDrive\Desktop\RAJASHEKHAR\VMS_HMI\DOZER_E_VERSION\Cluster_ECU_Dozer\McuXpresso\evkbimxrt1050_flexcan_loopback\utilities" -I"C:\Users\admin\OneDrive\Desktop\RAJASHEKHAR\VMS_HMI\DOZER_E_VERSION\Cluster_ECU_Dozer\McuXpresso\evkbimxrt1050_flexcan_loopback\drivers" -I"C:\Users\admin\OneDrive\Desktop\RAJASHEKHAR\VMS_HMI\DOZER_E_VERSION\Cluster_ECU_Dozer\McuXpresso\evkbimxrt1050_flexcan_loopback\device" -I"C:\Users\admin\OneDrive\Desktop\RAJASHEKHAR\VMS_HMI\DOZER_E_VERSION\Cluster_ECU_Dozer\McuXpresso\evkbimxrt1050_flexcan_loopback\component\uart" -I"C:\Users\admin\OneDrive\Desktop\RAJASHEKHAR\VMS_HMI\DOZER_E_VERSION\Cluster_ECU_Dozer\McuXpresso\evkbimxrt1050_flexcan_loopback\component\lists" -I"C:\Users\admin\OneDrive\Desktop\RAJASHEKHAR\VMS_HMI\DOZER_E_VERSION\Cluster_ECU_Dozer\McuXpresso\evkbimxrt1050_flexcan_loopback\xip" -I"C:\Users\admin\OneDrive\Desktop\RAJASHEKHAR\VMS_HMI\DOZER_E_VERSION\Cluster_ECU_Dozer\McuXpresso\evkbimxrt1050_flexcan_loopback\component\silicon_id" -I"C:\Users\admin\OneDrive\Desktop\RAJASHEKHAR\VMS_HMI\DOZER_E_VERSION\Cluster_ECU_Dozer\McuXpresso\evkbimxrt1050_flexcan_loopback\CMSIS" -I"C:\Users\admin\OneDrive\Desktop\RAJASHEKHAR\VMS_HMI\DOZER_E_VERSION\Cluster_ECU_Dozer\McuXpresso\evkbimxrt1050_flexcan_loopback\board" -I"C:\Users\admin\OneDrive\Desktop\RAJASHEKHAR\VMS_HMI\DOZER_E_VERSION\Cluster_ECU_Dozer\McuXpresso\evkbimxrt1050_flexcan_loopback\evkbimxrt1050\driver_examples\flexcan\loopback" -O0 -fno-common -g3 -c -ffunction-sections -fdata-sections -ffreestanding -fno-builtin -fmerge-constants -fmacro-prefix-map="../drivers/"= -mcpu=cortex-m7 -mfpu=fpv5-d16 -mfloat-abi=hard -mthumb -D__REDLIB__ -fstack-usage -specs=redlib.specs -MMD -MP -MF"drivers/fsl_flexcan.d" -MT"drivers/fsl_flexcan.o" -MT"drivers/fsl_flexcan.d" -o "drivers/fsl_flexcan.o" "../drivers/fsl_flexcan.c"
Building file: ../drivers/fsl_gpio.c
Invoking: MCU C Compiler
arm-none-eabi-gcc -std=gnu99 -D__REDLIB__ -DCPU_MIMXRT1052DVL6B -DCPU_MIMXRT1052DVL6B_cm7 -DSDK_DEBUGCONSOLE=1 -DXIP_EXTERNAL_FLASH=1 -DXIP_BOOT_HEADER_ENABLE=1 -DFLEXCAN_WAIT_TIMEOUT=1000 -DMCUXPRESSO_SDK -DCR_INTEGER_PRINTF -DPRINTF_FLOAT_ENABLE=0 -D__MCUXPRESSO -D__USE_CMSIS -DDEBUG -I"C:\Users\admin\OneDrive\Desktop\RAJASHEKHAR\VMS_HMI\DOZER_E_VERSION\Cluster_ECU_Dozer\McuXpresso\evkbimxrt1050_flexcan_loopback\source" -I"C:\Users\admin\OneDrive\Desktop\RAJASHEKHAR\VMS_HMI\DOZER_E_VERSION\Cluster_ECU_Dozer\McuXpresso\evkbimxrt1050_flexcan_loopback\utilities" -I"C:\Users\admin\OneDrive\Desktop\RAJASHEKHAR\VMS_HMI\DOZER_E_VERSION\Cluster_ECU_Dozer\McuXpresso\evkbimxrt1050_flexcan_loopback\drivers" -I"C:\Users\admin\OneDrive\Desktop\RAJASHEKHAR\VMS_HMI\DOZER_E_VERSION\Cluster_ECU_Dozer\McuXpresso\evkbimxrt1050_flexcan_loopback\device" -I"C:\Users\admin\OneDrive\Desktop\RAJASHEKHAR\VMS_HMI\DOZER_E_VERSION\Cluster_ECU_Dozer\McuXpresso\evkbimxrt1050_flexcan_loopback\component\uart" -I"C:\Users\admin\OneDrive\Desktop\RAJASHEKHAR\VMS_HMI\DOZER_E_VERSION\Cluster_ECU_Dozer\McuXpresso\evkbimxrt1050_flexcan_loopback\component\lists" -I"C:\Users\admin\OneDrive\Desktop\RAJASHEKHAR\VMS_HMI\DOZER_E_VERSION\Cluster_ECU_Dozer\McuXpresso\evkbimxrt1050_flexcan_loopback\xip" -I"C:\Users\admin\OneDrive\Desktop\RAJASHEKHAR\VMS_HMI\DOZER_E_VERSION\Cluster_ECU_Dozer\McuXpresso\evkbimxrt1050_flexcan_loopback\component\silicon_id" -I"C:\Users\admin\OneDrive\Desktop\RAJASHEKHAR\VMS_HMI\DOZER_E_VERSION\Cluster_ECU_Dozer\McuXpresso\evkbimxrt1050_flexcan_loopback\CMSIS" -I"C:\Users\admin\OneDrive\Desktop\RAJASHEKHAR\VMS_HMI\DOZER_E_VERSION\Cluster_ECU_Dozer\McuXpresso\evkbimxrt1050_flexcan_loopback\board" -I"C:\Users\admin\OneDrive\Desktop\RAJASHEKHAR\VMS_HMI\DOZER_E_VERSION\Cluster_ECU_Dozer\McuXpresso\evkbimxrt1050_flexcan_loopback\evkbimxrt1050\driver_examples\flexcan\loopback" -O0 -fno-common -g3 -c -ffunction-sections -fdata-sections -ffreestanding -fno-builtin -fmerge-constants -fmacro-prefix-map="../drivers/"= -mcpu=cortex-m7 -mfpu=fpv5-d16 -mfloat-abi=hard -mthumb -D__REDLIB__ -fstack-usage -specs=redlib.specs -MMD -MP -MF"drivers/fsl_gpio.d" -MT"drivers/fsl_gpio.o" -MT"drivers/fsl_gpio.d" -o "drivers/fsl_gpio.o" "../drivers/fsl_gpio.c"
Finished building: ../drivers/fsl_clock.c
 
Finished building: ../drivers/fsl_common.c
Building file: ../drivers/fsl_lpuart.c
 
Finished building: ../drivers/fsl_common_arm.c
Invoking: MCU C Compiler
arm-none-eabi-gcc -std=gnu99 -D__REDLIB__ -DCPU_MIMXRT1052DVL6B -DCPU_MIMXRT1052DVL6B_cm7 -DSDK_DEBUGCONSOLE=1 -DXIP_EXTERNAL_FLASH=1 -DXIP_BOOT_HEADER_ENABLE=1 -DFLEXCAN_WAIT_TIMEOUT=1000 -DMCUXPRESSO_SDK -DCR_INTEGER_PRINTF -DPRINTF_FLOAT_ENABLE=0 -D__MCUXPRESSO -D__USE_CMSIS -DDEBUG -I"C:\Users\admin\OneDrive\Desktop\RAJASHEKHAR\VMS_HMI\DOZER_E_VERSION\Cluster_ECU_Dozer\McuXpresso\evkbimxrt1050_flexcan_loopback\source" -I"C:\Users\admin\OneDrive\Desktop\RAJASHEKHAR\VMS_HMI\DOZER_E_VERSION\Cluster_ECU_Dozer\McuXpresso\evkbimxrt1050_flexcan_loopback\utilities" -I"C:\Users\admin\OneDrive\Desktop\RAJASHEKHAR\VMS_HMI\DOZER_E_VERSION\Cluster_ECU_Dozer\McuXpresso\evkbimxrt1050_flexcan_loopback\drivers" -I"C:\Users\admin\OneDrive\Desktop\RAJASHEKHAR\VMS_HMI\DOZER_E_VERSION\Cluster_ECU_Dozer\McuXpresso\evkbimxrt1050_flexcan_loopback\device" -I"C:\Users\admin\OneDrive\Desktop\RAJASHEKHAR\VMS_HMI\DOZER_E_VERSION\Cluster_ECU_Dozer\McuXpresso\evkbimxrt1050_flexcan_loopback\component\uart" -I"C:\Users\admin\OneDrive\Desktop\RAJASHEKHAR\VMS_HMI\DOZER_E_VERSION\Cluster_ECU_Dozer\McuXpresso\evkbimxrt1050_flexcan_loopback\component\lists" -I"C:\Users\admin\OneDrive\Desktop\RAJASHEKHAR\VMS_HMI\DOZER_E_VERSION\Cluster_ECU_Dozer\McuXpresso\evkbimxrt1050_flexcan_loopback\xip" -I"C:\Users\admin\OneDrive\Desktop\RAJASHEKHAR\VMS_HMI\DOZER_E_VERSION\Cluster_ECU_Dozer\McuXpresso\evkbimxrt1050_flexcan_loopback\component\silicon_id" -I"C:\Users\admin\OneDrive\Desktop\RAJASHEKHAR\VMS_HMI\DOZER_E_VERSION\Cluster_ECU_Dozer\McuXpresso\evkbimxrt1050_flexcan_loopback\CMSIS" -I"C:\Users\admin\OneDrive\Desktop\RAJASHEKHAR\VMS_HMI\DOZER_E_VERSION\Cluster_ECU_Dozer\McuXpresso\evkbimxrt1050_flexcan_loopback\board" -I"C:\Users\admin\OneDrive\Desktop\RAJASHEKHAR\VMS_HMI\DOZER_E_VERSION\Cluster_ECU_Dozer\McuXpresso\evkbimxrt1050_flexcan_loopback\evkbimxrt1050\driver_examples\flexcan\loopback" -O0 -fno-common -g3 -c -ffunction-sections -fdata-sections -ffreestanding -fno-builtin -fmerge-constants -fmacro-prefix-map="../drivers/"= -mcpu=cortex-m7 -mfpu=fpv5-d16 -mfloat-abi=hard -mthumb -D__REDLIB__ -fstack-usage -specs=redlib.specs -MMD -MP -MF"drivers/fsl_lpuart.d" -MT"drivers/fsl_lpuart.o" -MT"drivers/fsl_lpuart.d" -o "drivers/fsl_lpuart.o" "../drivers/fsl_lpuart.c"
 
Building file: ../device/system_MIMXRT1052.c
Building file: ../component/uart/fsl_adapter_lpuart.c
Finished building: ../drivers/fsl_flexcan.c
Finished building: ../drivers/fsl_gpio.c
Invoking: MCU C Compiler
Invoking: MCU C Compiler
 
arm-none-eabi-gcc -std=gnu99 -D__REDLIB__ -DCPU_MIMXRT1052DVL6B -DCPU_MIMXRT1052DVL6B_cm7 -DSDK_DEBUGCONSOLE=1 -DXIP_EXTERNAL_FLASH=1 -DXIP_BOOT_HEADER_ENABLE=1 -DFLEXCAN_WAIT_TIMEOUT=1000 -DMCUXPRESSO_SDK -DCR_INTEGER_PRINTF -DPRINTF_FLOAT_ENABLE=0 -D__MCUXPRESSO -D__USE_CMSIS -DDEBUG -I"C:\Users\admin\OneDrive\Desktop\RAJASHEKHAR\VMS_HMI\DOZER_E_VERSION\Cluster_ECU_Dozer\McuXpresso\evkbimxrt1050_flexcan_loopback\source" -I"C:\Users\admin\OneDrive\Desktop\RAJASHEKHAR\VMS_HMI\DOZER_E_VERSION\Cluster_ECU_Dozer\McuXpresso\evkbimxrt1050_flexcan_loopback\utilities" -I"C:\Users\admin\OneDrive\Desktop\RAJASHEKHAR\VMS_HMI\DOZER_E_VERSION\Cluster_ECU_Dozer\McuXpresso\evkbimxrt1050_flexcan_loopback\drivers" -I"C:\Users\admin\OneDrive\Desktop\RAJASHEKHAR\VMS_HMI\DOZER_E_VERSION\Cluster_ECU_Dozer\McuXpresso\evkbimxrt1050_flexcan_loopback\device" -I"C:\Users\admin\OneDrive\Desktop\RAJASHEKHAR\VMS_HMI\DOZER_E_VERSION\Cluster_ECU_Dozer\McuXpresso\evkbimxrt1050_flexcan_loopback\component\uart" -I"C:\Users\admin\OneDrive\Desktop\RAJASHEKHAR\VMS_HMI\DOZER_E_VERSION\Cluster_ECU_Dozer\McuXpresso\evkbimxrt1050_flexcan_loopback\component\lists" -I"C:\Users\admin\OneDrive\Desktop\RAJASHEKHAR\VMS_HMI\DOZER_E_VERSION\Cluster_ECU_Dozer\McuXpresso\evkbimxrt1050_flexcan_loopback\xip" -I"C:\Users\admin\OneDrive\Desktop\RAJASHEKHAR\VMS_HMI\DOZER_E_VERSION\Cluster_ECU_Dozer\McuXpresso\evkbimxrt1050_flexcan_loopback\component\silicon_id" -I"C:\Users\admin\OneDrive\Desktop\RAJASHEKHAR\VMS_HMI\DOZER_E_VERSION\Cluster_ECU_Dozer\McuXpresso\evkbimxrt1050_flexcan_loopback\CMSIS" -I"C:\Users\admin\OneDrive\Desktop\RAJASHEKHAR\VMS_HMI\DOZER_E_VERSION\Cluster_ECU_Dozer\McuXpresso\evkbimxrt1050_flexcan_loopback\board" -I"C:\Users\admin\OneDrive\Desktop\RAJASHEKHAR\VMS_HMI\DOZER_E_VERSION\Cluster_ECU_Dozer\McuXpresso\evkbimxrt1050_flexcan_loopback\evkbimxrt1050\driver_examples\flexcan\loopback" -O0 -fno-common -g3 -c -ffunction-sections -fdata-sections -ffreestanding -fno-builtin -fmerge-constants -fmacro-prefix-map="../device/"= -mcpu=cortex-m7 -mfpu=fpv5-d16 -mfloat-abi=hard -mthumb -D__REDLIB__ -fstack-usage -specs=redlib.specs -MMD -MP -MF"device/system_MIMXRT1052.d" -MT"device/system_MIMXRT1052.o" -MT"device/system_MIMXRT1052.d" -o "device/system_MIMXRT1052.o" "../device/system_MIMXRT1052.c"
 
arm-none-eabi-gcc -std=gnu99 -D__REDLIB__ -DCPU_MIMXRT1052DVL6B -DCPU_MIMXRT1052DVL6B_cm7 -DSDK_DEBUGCONSOLE=1 -DXIP_EXTERNAL_FLASH=1 -DXIP_BOOT_HEADER_ENABLE=1 -DFLEXCAN_WAIT_TIMEOUT=1000 -DMCUXPRESSO_SDK -DCR_INTEGER_PRINTF -DPRINTF_FLOAT_ENABLE=0 -D__MCUXPRESSO -D__USE_CMSIS -DDEBUG -I"C:\Users\admin\OneDrive\Desktop\RAJASHEKHAR\VMS_HMI\DOZER_E_VERSION\Cluster_ECU_Dozer\McuXpresso\evkbimxrt1050_flexcan_loopback\source" -I"C:\Users\admin\OneDrive\Desktop\RAJASHEKHAR\VMS_HMI\DOZER_E_VERSION\Cluster_ECU_Dozer\McuXpresso\evkbimxrt1050_flexcan_loopback\utilities" -I"C:\Users\admin\OneDrive\Desktop\RAJASHEKHAR\VMS_HMI\DOZER_E_VERSION\Cluster_ECU_Dozer\McuXpresso\evkbimxrt1050_flexcan_loopback\drivers" -I"C:\Users\admin\OneDrive\Desktop\RAJASHEKHAR\VMS_HMI\DOZER_E_VERSION\Cluster_ECU_Dozer\McuXpresso\evkbimxrt1050_flexcan_loopback\device" -I"C:\Users\admin\OneDrive\Desktop\RAJASHEKHAR\VMS_HMI\DOZER_E_VERSION\Cluster_ECU_Dozer\McuXpresso\evkbimxrt1050_flexcan_loopback\component\uart" -I"C:\Users\admin\OneDrive\Desktop\RAJASHEKHAR\VMS_HMI\DOZER_E_VERSION\Cluster_ECU_Dozer\McuXpresso\evkbimxrt1050_flexcan_loopback\component\lists" -I"C:\Users\admin\OneDrive\Desktop\RAJASHEKHAR\VMS_HMI\DOZER_E_VERSION\Cluster_ECU_Dozer\McuXpresso\evkbimxrt1050_flexcan_loopback\xip" -I"C:\Users\admin\OneDrive\Desktop\RAJASHEKHAR\VMS_HMI\DOZER_E_VERSION\Cluster_ECU_Dozer\McuXpresso\evkbimxrt1050_flexcan_loopback\component\silicon_id" -I"C:\Users\admin\OneDrive\Desktop\RAJASHEKHAR\VMS_HMI\DOZER_E_VERSION\Cluster_ECU_Dozer\McuXpresso\evkbimxrt1050_flexcan_loopback\CMSIS" -I"C:\Users\admin\OneDrive\Desktop\RAJASHEKHAR\VMS_HMI\DOZER_E_VERSION\Cluster_ECU_Dozer\McuXpresso\evkbimxrt1050_flexcan_loopback\board" -I"C:\Users\admin\OneDrive\Desktop\RAJASHEKHAR\VMS_HMI\DOZER_E_VERSION\Cluster_ECU_Dozer\McuXpresso\evkbimxrt1050_flexcan_loopback\evkbimxrt1050\driver_examples\flexcan\loopback" -O0 -fno-common -g3 -c -ffunction-sections -fdata-sections -ffreestanding -fno-builtin -fmerge-constants -fmacro-prefix-map="../component/uart/"= -mcpu=cortex-m7 -mfpu=fpv5-d16 -mfloat-abi=hard -mthumb -D__REDLIB__ -fstack-usage -specs=redlib.specs -MMD -MP -MF"component/uart/fsl_adapter_lpuart.d" -MT"component/uart/fsl_adapter_lpuart.o" -MT"component/uart/fsl_adapter_lpuart.d" -o "component/uart/fsl_adapter_lpuart.o" "../component/uart/fsl_adapter_lpuart.c"
Building file: ../component/silicon_id/fsl_silicon_id.c
Building file: ../component/lists/fsl_component_generic_list.c
Finished building: ../drivers/fsl_lpuart.c
Invoking: MCU C Compiler
Invoking: MCU C Compiler
arm-none-eabi-gcc -std=gnu99 -D__REDLIB__ -DCPU_MIMXRT1052DVL6B -DCPU_MIMXRT1052DVL6B_cm7 -DSDK_DEBUGCONSOLE=1 -DXIP_EXTERNAL_FLASH=1 -DXIP_BOOT_HEADER_ENABLE=1 -DFLEXCAN_WAIT_TIMEOUT=1000 -DMCUXPRESSO_SDK -DCR_INTEGER_PRINTF -DPRINTF_FLOAT_ENABLE=0 -D__MCUXPRESSO -D__USE_CMSIS -DDEBUG -I"C:\Users\admin\OneDrive\Desktop\RAJASHEKHAR\VMS_HMI\DOZER_E_VERSION\Cluster_ECU_Dozer\McuXpresso\evkbimxrt1050_flexcan_loopback\source" -I"C:\Users\admin\OneDrive\Desktop\RAJASHEKHAR\VMS_HMI\DOZER_E_VERSION\Cluster_ECU_Dozer\McuXpresso\evkbimxrt1050_flexcan_loopback\utilities" -I"C:\Users\admin\OneDrive\Desktop\RAJASHEKHAR\VMS_HMI\DOZER_E_VERSION\Cluster_ECU_Dozer\McuXpresso\evkbimxrt1050_flexcan_loopback\drivers" -I"C:\Users\admin\OneDrive\Desktop\RAJASHEKHAR\VMS_HMI\DOZER_E_VERSION\Cluster_ECU_Dozer\McuXpresso\evkbimxrt1050_flexcan_loopback\device" -I"C:\Users\admin\OneDrive\Desktop\RAJASHEKHAR\VMS_HMI\DOZER_E_VERSION\Cluster_ECU_Dozer\McuXpresso\evkbimxrt1050_flexcan_loopback\component\uart" -I"C:\Users\admin\OneDrive\Desktop\RAJASHEKHAR\VMS_HMI\DOZER_E_VERSION\Cluster_ECU_Dozer\McuXpresso\evkbimxrt1050_flexcan_loopback\component\lists" -I"C:\Users\admin\OneDrive\Desktop\RAJASHEKHAR\VMS_HMI\DOZER_E_VERSION\Cluster_ECU_Dozer\McuXpresso\evkbimxrt1050_flexcan_loopback\xip" -I"C:\Users\admin\OneDrive\Desktop\RAJASHEKHAR\VMS_HMI\DOZER_E_VERSION\Cluster_ECU_Dozer\McuXpresso\evkbimxrt1050_flexcan_loopback\component\silicon_id" -I"C:\Users\admin\OneDrive\Desktop\RAJASHEKHAR\VMS_HMI\DOZER_E_VERSION\Cluster_ECU_Dozer\McuXpresso\evkbimxrt1050_flexcan_loopback\CMSIS" -I"C:\Users\admin\OneDrive\Desktop\RAJASHEKHAR\VMS_HMI\DOZER_E_VERSION\Cluster_ECU_Dozer\McuXpresso\evkbimxrt1050_flexcan_loopback\board" -I"C:\Users\admin\OneDrive\Desktop\RAJASHEKHAR\VMS_HMI\DOZER_E_VERSION\Cluster_ECU_Dozer\McuXpresso\evkbimxrt1050_flexcan_loopback\evkbimxrt1050\driver_examples\flexcan\loopback" -O0 -fno-common -g3 -c -ffunction-sections -fdata-sections -ffreestanding -fno-builtin -fmerge-constants -fmacro-prefix-map="../component/silicon_id/"= -mcpu=cortex-m7 -mfpu=fpv5-d16 -mfloat-abi=hard -mthumb -D__REDLIB__ -fstack-usage -specs=redlib.specs -MMD -MP -MF"component/silicon_id/fsl_silicon_id.d" -MT"component/silicon_id/fsl_silicon_id.o" -MT"component/silicon_id/fsl_silicon_id.d" -o "component/silicon_id/fsl_silicon_id.o" "../component/silicon_id/fsl_silicon_id.c"
 
arm-none-eabi-gcc -std=gnu99 -D__REDLIB__ -DCPU_MIMXRT1052DVL6B -DCPU_MIMXRT1052DVL6B_cm7 -DSDK_DEBUGCONSOLE=1 -DXIP_EXTERNAL_FLASH=1 -DXIP_BOOT_HEADER_ENABLE=1 -DFLEXCAN_WAIT_TIMEOUT=1000 -DMCUXPRESSO_SDK -DCR_INTEGER_PRINTF -DPRINTF_FLOAT_ENABLE=0 -D__MCUXPRESSO -D__USE_CMSIS -DDEBUG -I"C:\Users\admin\OneDrive\Desktop\RAJASHEKHAR\VMS_HMI\DOZER_E_VERSION\Cluster_ECU_Dozer\McuXpresso\evkbimxrt1050_flexcan_loopback\source" -I"C:\Users\admin\OneDrive\Desktop\RAJASHEKHAR\VMS_HMI\DOZER_E_VERSION\Cluster_ECU_Dozer\McuXpresso\evkbimxrt1050_flexcan_loopback\utilities" -I"C:\Users\admin\OneDrive\Desktop\RAJASHEKHAR\VMS_HMI\DOZER_E_VERSION\Cluster_ECU_Dozer\McuXpresso\evkbimxrt1050_flexcan_loopback\drivers" -I"C:\Users\admin\OneDrive\Desktop\RAJASHEKHAR\VMS_HMI\DOZER_E_VERSION\Cluster_ECU_Dozer\McuXpresso\evkbimxrt1050_flexcan_loopback\device" -I"C:\Users\admin\OneDrive\Desktop\RAJASHEKHAR\VMS_HMI\DOZER_E_VERSION\Cluster_ECU_Dozer\McuXpresso\evkbimxrt1050_flexcan_loopback\component\uart" -I"C:\Users\admin\OneDrive\Desktop\RAJASHEKHAR\VMS_HMI\DOZER_E_VERSION\Cluster_ECU_Dozer\McuXpresso\evkbimxrt1050_flexcan_loopback\component\lists" -I"C:\Users\admin\OneDrive\Desktop\RAJASHEKHAR\VMS_HMI\DOZER_E_VERSION\Cluster_ECU_Dozer\McuXpresso\evkbimxrt1050_flexcan_loopback\xip" -I"C:\Users\admin\OneDrive\Desktop\RAJASHEKHAR\VMS_HMI\DOZER_E_VERSION\Cluster_ECU_Dozer\McuXpresso\evkbimxrt1050_flexcan_loopback\component\silicon_id" -I"C:\Users\admin\OneDrive\Desktop\RAJASHEKHAR\VMS_HMI\DOZER_E_VERSION\Cluster_ECU_Dozer\McuXpresso\evkbimxrt1050_flexcan_loopback\CMSIS" -I"C:\Users\admin\OneDrive\Desktop\RAJASHEKHAR\VMS_HMI\DOZER_E_VERSION\Cluster_ECU_Dozer\McuXpresso\evkbimxrt1050_flexcan_loopback\board" -I"C:\Users\admin\OneDrive\Desktop\RAJASHEKHAR\VMS_HMI\DOZER_E_VERSION\Cluster_ECU_Dozer\McuXpresso\evkbimxrt1050_flexcan_loopback\evkbimxrt1050\driver_examples\flexcan\loopback" -O0 -fno-common -g3 -c -ffunction-sections -fdata-sections -ffreestanding -fno-builtin -fmerge-constants -fmacro-prefix-map="../component/lists/"= -mcpu=cortex-m7 -mfpu=fpv5-d16 -mfloat-abi=hard -mthumb -D__REDLIB__ -fstack-usage -specs=redlib.specs -MMD -MP -MF"component/lists/fsl_component_generic_list.d" -MT"component/lists/fsl_component_generic_list.o" -MT"component/lists/fsl_component_generic_list.d" -o "component/lists/fsl_component_generic_list.o" "../component/lists/fsl_component_generic_list.c"
Building file: ../board/board.c
Finished building: ../device/system_MIMXRT1052.c
Finished building: ../component/uart/fsl_adapter_lpuart.c
Invoking: MCU C Compiler
 
arm-none-eabi-gcc -std=gnu99 -D__REDLIB__ -DCPU_MIMXRT1052DVL6B -DCPU_MIMXRT1052DVL6B_cm7 -DSDK_DEBUGCONSOLE=1 -DXIP_EXTERNAL_FLASH=1 -DXIP_BOOT_HEADER_ENABLE=1 -DFLEXCAN_WAIT_TIMEOUT=1000 -DMCUXPRESSO_SDK -DCR_INTEGER_PRINTF -DPRINTF_FLOAT_ENABLE=0 -D__MCUXPRESSO -D__USE_CMSIS -DDEBUG -I"C:\Users\admin\OneDrive\Desktop\RAJASHEKHAR\VMS_HMI\DOZER_E_VERSION\Cluster_ECU_Dozer\McuXpresso\evkbimxrt1050_flexcan_loopback\source" -I"C:\Users\admin\OneDrive\Desktop\RAJASHEKHAR\VMS_HMI\DOZER_E_VERSION\Cluster_ECU_Dozer\McuXpresso\evkbimxrt1050_flexcan_loopback\utilities" -I"C:\Users\admin\OneDrive\Desktop\RAJASHEKHAR\VMS_HMI\DOZER_E_VERSION\Cluster_ECU_Dozer\McuXpresso\evkbimxrt1050_flexcan_loopback\drivers" -I"C:\Users\admin\OneDrive\Desktop\RAJASHEKHAR\VMS_HMI\DOZER_E_VERSION\Cluster_ECU_Dozer\McuXpresso\evkbimxrt1050_flexcan_loopback\device" -I"C:\Users\admin\OneDrive\Desktop\RAJASHEKHAR\VMS_HMI\DOZER_E_VERSION\Cluster_ECU_Dozer\McuXpresso\evkbimxrt1050_flexcan_loopback\component\uart" -I"C:\Users\admin\OneDrive\Desktop\RAJASHEKHAR\VMS_HMI\DOZER_E_VERSION\Cluster_ECU_Dozer\McuXpresso\evkbimxrt1050_flexcan_loopback\component\lists" -I"C:\Users\admin\OneDrive\Desktop\RAJASHEKHAR\VMS_HMI\DOZER_E_VERSION\Cluster_ECU_Dozer\McuXpresso\evkbimxrt1050_flexcan_loopback\xip" -I"C:\Users\admin\OneDrive\Desktop\RAJASHEKHAR\VMS_HMI\DOZER_E_VERSION\Cluster_ECU_Dozer\McuXpresso\evkbimxrt1050_flexcan_loopback\component\silicon_id" -I"C:\Users\admin\OneDrive\Desktop\RAJASHEKHAR\VMS_HMI\DOZER_E_VERSION\Cluster_ECU_Dozer\McuXpresso\evkbimxrt1050_flexcan_loopback\CMSIS" -I"C:\Users\admin\OneDrive\Desktop\RAJASHEKHAR\VMS_HMI\DOZER_E_VERSION\Cluster_ECU_Dozer\McuXpresso\evkbimxrt1050_flexcan_loopback\board" -I"C:\Users\admin\OneDrive\Desktop\RAJASHEKHAR\VMS_HMI\DOZER_E_VERSION\Cluster_ECU_Dozer\McuXpresso\evkbimxrt1050_flexcan_loopback\evkbimxrt1050\driver_examples\flexcan\loopback" -O0 -fno-common -g3 -c -ffunction-sections -fdata-sections -ffreestanding -fno-builtin -fmerge-constants -fmacro-prefix-map="../board/"= -mcpu=cortex-m7 -mfpu=fpv5-d16 -mfloat-abi=hard -mthumb -D__REDLIB__ -fstack-usage -specs=redlib.specs -MMD -MP -MF"board/board.d" -MT"board/board.o" -MT"board/board.d" -o "board/board.o" "../board/board.c"
 
Building file: ../board/clock_config.c
Building file: ../board/dcd.c
Finished building: ../component/silicon_id/fsl_silicon_id.c
Finished building: ../component/lists/fsl_component_generic_list.c
Invoking: MCU C Compiler
Invoking: MCU C Compiler
 
arm-none-eabi-gcc -std=gnu99 -D__REDLIB__ -DCPU_MIMXRT1052DVL6B -DCPU_MIMXRT1052DVL6B_cm7 -DSDK_DEBUGCONSOLE=1 -DXIP_EXTERNAL_FLASH=1 -DXIP_BOOT_HEADER_ENABLE=1 -DFLEXCAN_WAIT_TIMEOUT=1000 -DMCUXPRESSO_SDK -DCR_INTEGER_PRINTF -DPRINTF_FLOAT_ENABLE=0 -D__MCUXPRESSO -D__USE_CMSIS -DDEBUG -I"C:\Users\admin\OneDrive\Desktop\RAJASHEKHAR\VMS_HMI\DOZER_E_VERSION\Cluster_ECU_Dozer\McuXpresso\evkbimxrt1050_flexcan_loopback\source" -I"C:\Users\admin\OneDrive\Desktop\RAJASHEKHAR\VMS_HMI\DOZER_E_VERSION\Cluster_ECU_Dozer\McuXpresso\evkbimxrt1050_flexcan_loopback\utilities" -I"C:\Users\admin\OneDrive\Desktop\RAJASHEKHAR\VMS_HMI\DOZER_E_VERSION\Cluster_ECU_Dozer\McuXpresso\evkbimxrt1050_flexcan_loopback\drivers" -I"C:\Users\admin\OneDrive\Desktop\RAJASHEKHAR\VMS_HMI\DOZER_E_VERSION\Cluster_ECU_Dozer\McuXpresso\evkbimxrt1050_flexcan_loopback\device" -I"C:\Users\admin\OneDrive\Desktop\RAJASHEKHAR\VMS_HMI\DOZER_E_VERSION\Cluster_ECU_Dozer\McuXpresso\evkbimxrt1050_flexcan_loopback\component\uart" -I"C:\Users\admin\OneDrive\Desktop\RAJASHEKHAR\VMS_HMI\DOZER_E_VERSION\Cluster_ECU_Dozer\McuXpresso\evkbimxrt1050_flexcan_loopback\component\lists" -I"C:\Users\admin\OneDrive\Desktop\RAJASHEKHAR\VMS_HMI\DOZER_E_VERSION\Cluster_ECU_Dozer\McuXpresso\evkbimxrt1050_flexcan_loopback\xip" -I"C:\Users\admin\OneDrive\Desktop\RAJASHEKHAR\VMS_HMI\DOZER_E_VERSION\Cluster_ECU_Dozer\McuXpresso\evkbimxrt1050_flexcan_loopback\component\silicon_id" -I"C:\Users\admin\OneDrive\Desktop\RAJASHEKHAR\VMS_HMI\DOZER_E_VERSION\Cluster_ECU_Dozer\McuXpresso\evkbimxrt1050_flexcan_loopback\CMSIS" -I"C:\Users\admin\OneDrive\Desktop\RAJASHEKHAR\VMS_HMI\DOZER_E_VERSION\Cluster_ECU_Dozer\McuXpresso\evkbimxrt1050_flexcan_loopback\board" -I"C:\Users\admin\OneDrive\Desktop\RAJASHEKHAR\VMS_HMI\DOZER_E_VERSION\Cluster_ECU_Dozer\McuXpresso\evkbimxrt1050_flexcan_loopback\evkbimxrt1050\driver_examples\flexcan\loopback" -O0 -fno-common -g3 -c -ffunction-sections -fdata-sections -ffreestanding -fno-builtin -fmerge-constants -fmacro-prefix-map="../board/"= -mcpu=cortex-m7 -mfpu=fpv5-d16 -mfloat-abi=hard -mthumb -D__REDLIB__ -fstack-usage -specs=redlib.specs -MMD -MP -MF"board/clock_config.d" -MT"board/clock_config.o" -MT"board/clock_config.d" -o "board/clock_config.o" "../board/clock_config.c"
 
arm-none-eabi-gcc -std=gnu99 -D__REDLIB__ -DCPU_MIMXRT1052DVL6B -DCPU_MIMXRT1052DVL6B_cm7 -DSDK_DEBUGCONSOLE=1 -DXIP_EXTERNAL_FLASH=1 -DXIP_BOOT_HEADER_ENABLE=1 -DFLEXCAN_WAIT_TIMEOUT=1000 -DMCUXPRESSO_SDK -DCR_INTEGER_PRINTF -DPRINTF_FLOAT_ENABLE=0 -D__MCUXPRESSO -D__USE_CMSIS -DDEBUG -I"C:\Users\admin\OneDrive\Desktop\RAJASHEKHAR\VMS_HMI\DOZER_E_VERSION\Cluster_ECU_Dozer\McuXpresso\evkbimxrt1050_flexcan_loopback\source" -I"C:\Users\admin\OneDrive\Desktop\RAJASHEKHAR\VMS_HMI\DOZER_E_VERSION\Cluster_ECU_Dozer\McuXpresso\evkbimxrt1050_flexcan_loopback\utilities" -I"C:\Users\admin\OneDrive\Desktop\RAJASHEKHAR\VMS_HMI\DOZER_E_VERSION\Cluster_ECU_Dozer\McuXpresso\evkbimxrt1050_flexcan_loopback\drivers" -I"C:\Users\admin\OneDrive\Desktop\RAJASHEKHAR\VMS_HMI\DOZER_E_VERSION\Cluster_ECU_Dozer\McuXpresso\evkbimxrt1050_flexcan_loopback\device" -I"C:\Users\admin\OneDrive\Desktop\RAJASHEKHAR\VMS_HMI\DOZER_E_VERSION\Cluster_ECU_Dozer\McuXpresso\evkbimxrt1050_flexcan_loopback\component\uart" -I"C:\Users\admin\OneDrive\Desktop\RAJASHEKHAR\VMS_HMI\DOZER_E_VERSION\Cluster_ECU_Dozer\McuXpresso\evkbimxrt1050_flexcan_loopback\component\lists" -I"C:\Users\admin\OneDrive\Desktop\RAJASHEKHAR\VMS_HMI\DOZER_E_VERSION\Cluster_ECU_Dozer\McuXpresso\evkbimxrt1050_flexcan_loopback\xip" -I"C:\Users\admin\OneDrive\Desktop\RAJASHEKHAR\VMS_HMI\DOZER_E_VERSION\Cluster_ECU_Dozer\McuXpresso\evkbimxrt1050_flexcan_loopback\component\silicon_id" -I"C:\Users\admin\OneDrive\Desktop\RAJASHEKHAR\VMS_HMI\DOZER_E_VERSION\Cluster_ECU_Dozer\McuXpresso\evkbimxrt1050_flexcan_loopback\CMSIS" -I"C:\Users\admin\OneDrive\Desktop\RAJASHEKHAR\VMS_HMI\DOZER_E_VERSION\Cluster_ECU_Dozer\McuXpresso\evkbimxrt1050_flexcan_loopback\board" -I"C:\Users\admin\OneDrive\Desktop\RAJASHEKHAR\VMS_HMI\DOZER_E_VERSION\Cluster_ECU_Dozer\McuXpresso\evkbimxrt1050_flexcan_loopback\evkbimxrt1050\driver_examples\flexcan\loopback" -O0 -fno-common -g3 -c -ffunction-sections -fdata-sections -ffreestanding -fno-builtin -fmerge-constants -fmacro-prefix-map="../board/"= -mcpu=cortex-m7 -mfpu=fpv5-d16 -mfloat-abi=hard -mthumb -D__REDLIB__ -fstack-usage -specs=redlib.specs -MMD -MP -MF"board/dcd.d" -MT"board/dcd.o" -MT"board/dcd.d" -o "board/dcd.o" "../board/dcd.c"
Building file: ../board/pin_mux.c
Finished building: ../board/board.c
Invoking: MCU C Compiler
 
arm-none-eabi-gcc -std=gnu99 -D__REDLIB__ -DCPU_MIMXRT1052DVL6B -DCPU_MIMXRT1052DVL6B_cm7 -DSDK_DEBUGCONSOLE=1 -DXIP_EXTERNAL_FLASH=1 -DXIP_BOOT_HEADER_ENABLE=1 -DFLEXCAN_WAIT_TIMEOUT=1000 -DMCUXPRESSO_SDK -DCR_INTEGER_PRINTF -DPRINTF_FLOAT_ENABLE=0 -D__MCUXPRESSO -D__USE_CMSIS -DDEBUG -I"C:\Users\admin\OneDrive\Desktop\RAJASHEKHAR\VMS_HMI\DOZER_E_VERSION\Cluster_ECU_Dozer\McuXpresso\evkbimxrt1050_flexcan_loopback\source" -I"C:\Users\admin\OneDrive\Desktop\RAJASHEKHAR\VMS_HMI\DOZER_E_VERSION\Cluster_ECU_Dozer\McuXpresso\evkbimxrt1050_flexcan_loopback\utilities" -I"C:\Users\admin\OneDrive\Desktop\RAJASHEKHAR\VMS_HMI\DOZER_E_VERSION\Cluster_ECU_Dozer\McuXpresso\evkbimxrt1050_flexcan_loopback\drivers" -I"C:\Users\admin\OneDrive\Desktop\RAJASHEKHAR\VMS_HMI\DOZER_E_VERSION\Cluster_ECU_Dozer\McuXpresso\evkbimxrt1050_flexcan_loopback\device" -I"C:\Users\admin\OneDrive\Desktop\RAJASHEKHAR\VMS_HMI\DOZER_E_VERSION\Cluster_ECU_Dozer\McuXpresso\evkbimxrt1050_flexcan_loopback\component\uart" -I"C:\Users\admin\OneDrive\Desktop\RAJASHEKHAR\VMS_HMI\DOZER_E_VERSION\Cluster_ECU_Dozer\McuXpresso\evkbimxrt1050_flexcan_loopback\component\lists" -I"C:\Users\admin\OneDrive\Desktop\RAJASHEKHAR\VMS_HMI\DOZER_E_VERSION\Cluster_ECU_Dozer\McuXpresso\evkbimxrt1050_flexcan_loopback\xip" -I"C:\Users\admin\OneDrive\Desktop\RAJASHEKHAR\VMS_HMI\DOZER_E_VERSION\Cluster_ECU_Dozer\McuXpresso\evkbimxrt1050_flexcan_loopback\component\silicon_id" -I"C:\Users\admin\OneDrive\Desktop\RAJASHEKHAR\VMS_HMI\DOZER_E_VERSION\Cluster_ECU_Dozer\McuXpresso\evkbimxrt1050_flexcan_loopback\CMSIS" -I"C:\Users\admin\OneDrive\Desktop\RAJASHEKHAR\VMS_HMI\DOZER_E_VERSION\Cluster_ECU_Dozer\McuXpresso\evkbimxrt1050_flexcan_loopback\board" -I"C:\Users\admin\OneDrive\Desktop\RAJASHEKHAR\VMS_HMI\DOZER_E_VERSION\Cluster_ECU_Dozer\McuXpresso\evkbimxrt1050_flexcan_loopback\evkbimxrt1050\driver_examples\flexcan\loopback" -O0 -fno-common -g3 -c -ffunction-sections -fdata-sections -ffreestanding -fno-builtin -fmerge-constants -fmacro-prefix-map="../board/"= -mcpu=cortex-m7 -mfpu=fpv5-d16 -mfloat-abi=hard -mthumb -D__REDLIB__ -fstack-usage -specs=redlib.specs -MMD -MP -MF"board/pin_mux.d" -MT"board/pin_mux.o" -MT"board/pin_mux.d" -o "board/pin_mux.o" "../board/pin_mux.c"
Finished building: ../board/dcd.c
 
Finished building: ../board/clock_config.c
 
Finished building: ../board/pin_mux.c
 
Building target: evkbimxrt1050_flexcan_loopback.axf
Invoking: MCU Linker
arm-none-eabi-gcc -nostdlib -Xlinker -Map="evkbimxrt1050_flexcan_loopback.map" -Xlinker --gc-sections -Xlinker -print-memory-usage -Xlinker --sort-section=alignment -Xlinker --cref -mcpu=cortex-m7 -mfpu=fpv5-d16 -mfloat-abi=hard -mthumb -T evkbimxrt1050_flexcan_loopback_Debug.ld -o "evkbimxrt1050_flexcan_loopback.axf" ./xip/evkbimxrt1050_flexspi_nor_config.o ./xip/fsl_flexspi_nor_boot.o  ./utilities/fsl_assert.o ./utilities/fsl_debug_console.o  ./startup/startup_mimxrt1052.o  ./source/flexcan_loopback.o ./source/semihost_hardfault.o  ./drivers/fsl_clock.o ./drivers/fsl_common.o ./drivers/fsl_common_arm.o ./drivers/fsl_flexcan.o ./drivers/fsl_gpio.o ./drivers/fsl_lpuart.o  ./device/system_MIMXRT1052.o  ./component/uart/fsl_adapter_lpuart.o  ./component/silicon_id/fsl_silicon_id.o  ./component/lists/fsl_component_generic_list.o  ./board/board.o ./board/clock_config.o ./board/dcd.o ./board/pin_mux.o   
Memory region         Used Size  Region Size  %age Used
     BOARD_FLASH:       33164 B        64 MB      0.05%
        SRAM_DTC:        8500 B       128 KB      6.48%
        SRAM_ITC:          0 GB       128 KB      0.00%
         SRAM_OC:          0 GB       256 KB      0.00%
     BOARD_SDRAM:          0 GB        30 MB      0.00%
   NCACHE_REGION:          0 GB         2 MB      0.00%
Finished building target: evkbimxrt1050_flexcan_loopback.axf
 
Performing post-build steps
arm-none-eabi-size "evkbimxrt1050_flexcan_loopback.axf"; # arm-none-eabi-objcopy -v -O binary "evkbimxrt1050_flexcan_loopback.axf" "evkbimxrt1050_flexcan_loopback.bin" ; # checksum -p MIMXRT1052xxxxB -d "evkbimxrt1050_flexcan_loopback.bin";
   text	   data	    bss	    dec	    hex	filename
  33160	      4	   8496	  41660	   a2bc	evkbimxrt1050_flexcan_loopback.axf
 

15:26:34 Build Finished. 0 errors, 0 warnings. (took 7s.855ms)

