15:15:51 **** Incremental Build of configuration Debug for project evkbimxrt1050_fsl_romapi ****
make -r -j16 all 
make[1]: Nothing to be done for 'main-build'.
Performing post-build steps
arm-none-eabi-size "evkbimxrt1050_fsl_romapi.axf"; # arm-none-eabi-objcopy -v -O binary "evkbimxrt1050_fsl_romapi.axf" "evkbimxrt1050_fsl_romapi.bin" ; # checksum -p MIMXRT1052xxxxB -d "evkbimxrt1050_fsl_romapi.bin";
   text	   data	    bss	    dec	    hex	filename
  71688	     20	  24268	  95976	  176e8	evkbimxrt1050_fsl_romapi.axf
 

15:15:52 Build Finished. 0 errors, 0 warnings. (took 386ms)

