17:21:25 **** Incremental Build of configuration Debug for project evkbimxrt1050_fsl_romapi ****
make -r -j16 all 
make[1]: Nothing to be done for 'main-build'.
Performing post-build steps
arm-none-eabi-size "evkbimxrt1050_fsl_romapi.axf"; # arm-none-eabi-objcopy -v -O binary "evkbimxrt1050_fsl_romapi.axf" "evkbimxrt1050_fsl_romapi.bin" ; # checksum -p MIMXRT1052xxxxB -d "evkbimxrt1050_fsl_romapi.bin";
   text	   data	    bss	    dec	    hex	filename
  74124	     20	  24268	  98412	  1806c	evkbimxrt1050_fsl_romapi.axf
 

17:21:26 Build Finished. 0 errors, 0 warnings. (took 830ms)

