18:42:14 **** Incremental Build of configuration Debug for project evkbimxrt1050_fsl_romapi ****
make -r -j16 all 
Building file: ../source/flexspi_romapi.c
Invoking: MCU C Compiler
arm-none-eabi-gcc -std=gnu99 -D__REDLIB__ -DCPU_MIMXRT1052DVL6B -DCPU_MIMXRT1052DVL6B_cm7 -DSDK_DEBUGCONSOLE=1 -DXIP_EXTERNAL_FLASH=1 -DXIP_BOOT_HEADER_ENABLE=1 -DUSB_STACK_BM -DPRINTF_ADVANCED_ENABLE=1 -DFSL_OSA_BM_TASK_ENABLE=0 -DFSL_OSA_BM_TIMER_CONFIG=0 -DFSL_SDK_ENABLE_DRIVER_CACHE_CONTROL=1 -DSD_ENABLED -DMCUXPRESSO_SDK -DCR_INTEGER_PRINTF -DPRINTF_FLOAT_ENABLE=0 -DXIP_BOOT_HEADER_DCD_ENABLE=1 -DSKIP_SYSCLK_INIT -DDATA_SECTION_IS_CACHEABLE=1 -DAPPWIZARD -D__MCUXPRESSO -D__USE_CMSIS -DDEBUG -I"D:\IMXRT1050EVKB_Bootloader\BD155_P_V1_0_0\McuXpresso\evkbimxrt1050_fsl_romapi\source" -I"D:\IMXRT1050EVKB_Bootloader\BD155_P_V1_0_0\McuXpresso\evkbimxrt1050_fsl_romapi\fatfs\source\fsl_ram_disk" -I"D:\IMXRT1050EVKB_Bootloader\BD155_P_V1_0_0\McuXpresso\evkbimxrt1050_fsl_romapi\usb\host" -I"D:\IMXRT1050EVKB_Bootloader\BD155_P_V1_0_0\McuXpresso\evkbimxrt1050_fsl_romapi\usb\include" -I"D:\IMXRT1050EVKB_Bootloader\BD155_P_V1_0_0\McuXpresso\evkbimxrt1050_fsl_romapi\usb\phy" -I"D:\IMXRT1050EVKB_Bootloader\BD155_P_V1_0_0\McuXpresso\evkbimxrt1050_fsl_romapi\drivers" -I"D:\IMXRT1050EVKB_Bootloader\BD155_P_V1_0_0\McuXpresso\evkbimxrt1050_fsl_romapi\utilities" -I"D:\IMXRT1050EVKB_Bootloader\BD155_P_V1_0_0\McuXpresso\evkbimxrt1050_fsl_romapi\usb\host\class" -I"D:\IMXRT1050EVKB_Bootloader\BD155_P_V1_0_0\McuXpresso\evkbimxrt1050_fsl_romapi\fatfs\source" -I"D:\IMXRT1050EVKB_Bootloader\BD155_P_V1_0_0\McuXpresso\evkbimxrt1050_fsl_romapi\fatfs\source\fsl_usb_disk" -I"D:\IMXRT1050EVKB_Bootloader\BD155_P_V1_0_0\McuXpresso\evkbimxrt1050_fsl_romapi\device" -I"D:\IMXRT1050EVKB_Bootloader\BD155_P_V1_0_0\McuXpresso\evkbimxrt1050_fsl_romapi\xip" -I"D:\IMXRT1050EVKB_Bootloader\BD155_P_V1_0_0\McuXpresso\evkbimxrt1050_fsl_romapi\component\uart" -I"D:\IMXRT1050EVKB_Bootloader\BD155_P_V1_0_0\McuXpresso\evkbimxrt1050_fsl_romapi\component\lists" -I"D:\IMXRT1050EVKB_Bootloader\BD155_P_V1_0_0\McuXpresso\evkbimxrt1050_fsl_romapi\component\osa" -I"D:\IMXRT1050EVKB_Bootloader\BD155_P_V1_0_0\McuXpresso\evkbimxrt1050_fsl_romapi\component\silicon_id" -I"D:\IMXRT1050EVKB_Bootloader\BD155_P_V1_0_0\McuXpresso\evkbimxrt1050_fsl_romapi\CMSIS" -I"D:\IMXRT1050EVKB_Bootloader\BD155_P_V1_0_0\McuXpresso\evkbimxrt1050_fsl_romapi\board" -I"D:\IMXRT1050EVKB_Bootloader\BD155_P_V1_0_0\McuXpresso\evkbimxrt1050_fsl_romapi\evkbimxrt1050\driver_examples\fsl_romapi" -O0 -fno-common -g3 -c -ffunction-sections -fdata-sections -ffreestanding -fno-builtin -fmerge-constants -fmacro-prefix-map="../source/"= -mcpu=cortex-m7 -mfpu=fpv5-d16 -mfloat-abi=hard -mthumb -D__REDLIB__ -fstack-usage -specs=redlib.specs -MMD -MP -MF"source/flexspi_romapi.d" -MT"source/flexspi_romapi.o" -MT"source/flexspi_romapi.d" -o "source/flexspi_romapi.o" "../source/flexspi_romapi.c"
Finished building: ../source/flexspi_romapi.c
 
Building target: evkbimxrt1050_fsl_romapi.axf
Invoking: MCU Linker
arm-none-eabi-gcc -nostdlib -Xlinker -Map="evkbimxrt1050_fsl_romapi.map" -Xlinker --gc-sections -Xlinker -print-memory-usage -Xlinker --sort-section=alignment -Xlinker --cref -mcpu=cortex-m7 -mfpu=fpv5-d16 -mfloat-abi=hard -mthumb -T evkbimxrt1050_fsl_romapi_Debug.ld -o "evkbimxrt1050_fsl_romapi.axf" ./xip/evkbimxrt1050_flexspi_nor_config.o ./xip/fsl_flexspi_nor_boot.o  ./utilities/fsl_assert.o ./utilities/fsl_debug_console.o  ./usb/phy/usb_phy.o  ./usb/host/class/usb_host_hub.o ./usb/host/class/usb_host_hub_app.o ./usb/host/class/usb_host_msd.o ./usb/host/class/usb_host_msd_ufi.o  ./usb/host/usb_host_devices.o ./usb/host/usb_host_ehci.o ./usb/host/usb_host_framework.o ./usb/host/usb_host_hci.o  ./startup/startup_mimxrt1052.o  ./source/flexspi_romapi.o ./source/flexspi_romapi_ops.o ./source/host_msd_fatfs.o ./source/semihost_hardfault.o  ./fatfs/source/fsl_usb_disk/fsl_usb_disk_bm.o  ./fatfs/source/fsl_ram_disk/fsl_ram_disk.o  ./fatfs/source/diskio.o ./fatfs/source/ff.o ./fatfs/source/ffsystem.o ./fatfs/source/ffunicode.o  ./drivers/fsl_cache.o ./drivers/fsl_clock.o ./drivers/fsl_common.o ./drivers/fsl_common_arm.o ./drivers/fsl_gpio.o ./drivers/fsl_lpuart.o ./drivers/fsl_romapi.o  ./device/system_MIMXRT1052.o  ./component/uart/fsl_adapter_lpuart.o  ./component/silicon_id/fsl_silicon_id.o  ./component/osa/fsl_os_abstraction_bm.o  ./component/lists/fsl_component_generic_list.o  ./board/board.o ./board/clock_config.o ./board/dcd.o ./board/pin_mux.o   
Memory region         Used Size  Region Size  %age Used
     BOARD_FLASH:       74288 B        64 MB      0.11%
   NCACHE_REGION:       28876 B         2 MB      1.38%
        SRAM_ITC:          0 GB       128 KB      0.00%
     BOARD_SDRAM:          0 GB        30 MB      0.00%
        SRAM_DTC:          0 GB       128 KB      0.00%
         SRAM_OC:          0 GB       256 KB      0.00%
Finished building target: evkbimxrt1050_fsl_romapi.axf
 
Performing post-build steps
arm-none-eabi-size "evkbimxrt1050_fsl_romapi.axf"; # arm-none-eabi-objcopy -v -O binary "evkbimxrt1050_fsl_romapi.axf" "evkbimxrt1050_fsl_romapi.bin" ; # checksum -p MIMXRT1052xxxxB -d "evkbimxrt1050_fsl_romapi.bin";
   text	   data	    bss	    dec	    hex	filename
  74268	     20	  24780	  99068	  182fc	evkbimxrt1050_fsl_romapi.axf
 
18:42:41 **** Incremental Build of configuration Debug for project evkbimxrt1050_fsl_romapi ****
make -r -j16 all 
Building file: ../source/flexspi_romapi.c
Invoking: MCU C Compiler
arm-none-eabi-gcc -std=gnu99 -D__REDLIB__ -DCPU_MIMXRT1052DVL6B -DCPU_MIMXRT1052DVL6B_cm7 -DSDK_DEBUGCONSOLE=1 -DXIP_EXTERNAL_FLASH=1 -DXIP_BOOT_HEADER_ENABLE=1 -DUSB_STACK_BM -DPRINTF_ADVANCED_ENABLE=1 -DFSL_OSA_BM_TASK_ENABLE=0 -DFSL_OSA_BM_TIMER_CONFIG=0 -DFSL_SDK_ENABLE_DRIVER_CACHE_CONTROL=1 -DSD_ENABLED -DMCUXPRESSO_SDK -DCR_INTEGER_PRINTF -DPRINTF_FLOAT_ENABLE=0 -DXIP_BOOT_HEADER_DCD_ENABLE=1 -DSKIP_SYSCLK_INIT -DDATA_SECTION_IS_CACHEABLE=1 -DAPPWIZARD -D__MCUXPRESSO -D__USE_CMSIS -DDEBUG -I"D:\IMXRT1050EVKB_Bootloader\BD155_P_V1_0_0\McuXpresso\evkbimxrt1050_fsl_romapi\source" -I"D:\IMXRT1050EVKB_Bootloader\BD155_P_V1_0_0\McuXpresso\evkbimxrt1050_fsl_romapi\fatfs\source\fsl_ram_disk" -I"D:\IMXRT1050EVKB_Bootloader\BD155_P_V1_0_0\McuXpresso\evkbimxrt1050_fsl_romapi\usb\host" -I"D:\IMXRT1050EVKB_Bootloader\BD155_P_V1_0_0\McuXpresso\evkbimxrt1050_fsl_romapi\usb\include" -I"D:\IMXRT1050EVKB_Bootloader\BD155_P_V1_0_0\McuXpresso\evkbimxrt1050_fsl_romapi\usb\phy" -I"D:\IMXRT1050EVKB_Bootloader\BD155_P_V1_0_0\McuXpresso\evkbimxrt1050_fsl_romapi\drivers" -I"D:\IMXRT1050EVKB_Bootloader\BD155_P_V1_0_0\McuXpresso\evkbimxrt1050_fsl_romapi\utilities" -I"D:\IMXRT1050EVKB_Bootloader\BD155_P_V1_0_0\McuXpresso\evkbimxrt1050_fsl_romapi\usb\host\class" -I"D:\IMXRT1050EVKB_Bootloader\BD155_P_V1_0_0\McuXpresso\evkbimxrt1050_fsl_romapi\fatfs\source" -I"D:\IMXRT1050EVKB_Bootloader\BD155_P_V1_0_0\McuXpresso\evkbimxrt1050_fsl_romapi\fatfs\source\fsl_usb_disk" -I"D:\IMXRT1050EVKB_Bootloader\BD155_P_V1_0_0\McuXpresso\evkbimxrt1050_fsl_romapi\device" -I"D:\IMXRT1050EVKB_Bootloader\BD155_P_V1_0_0\McuXpresso\evkbimxrt1050_fsl_romapi\xip" -I"D:\IMXRT1050EVKB_Bootloader\BD155_P_V1_0_0\McuXpresso\evkbimxrt1050_fsl_romapi\component\uart" -I"D:\IMXRT1050EVKB_Bootloader\BD155_P_V1_0_0\McuXpresso\evkbimxrt1050_fsl_romapi\component\lists" -I"D:\IMXRT1050EVKB_Bootloader\BD155_P_V1_0_0\McuXpresso\evkbimxrt1050_fsl_romapi\component\osa" -I"D:\IMXRT1050EVKB_Bootloader\BD155_P_V1_0_0\McuXpresso\evkbimxrt1050_fsl_romapi\component\silicon_id" -I"D:\IMXRT1050EVKB_Bootloader\BD155_P_V1_0_0\McuXpresso\evkbimxrt1050_fsl_romapi\CMSIS" -I"D:\IMXRT1050EVKB_Bootloader\BD155_P_V1_0_0\McuXpresso\evkbimxrt1050_fsl_romapi\board" -I"D:\IMXRT1050EVKB_Bootloader\BD155_P_V1_0_0\McuXpresso\evkbimxrt1050_fsl_romapi\evkbimxrt1050\driver_examples\fsl_romapi" -O0 -fno-common -g3 -c -ffunction-sections -fdata-sections -ffreestanding -fno-builtin -fmerge-constants -fmacro-prefix-map="../source/"= -mcpu=cortex-m7 -mfpu=fpv5-d16 -mfloat-abi=hard -mthumb -D__REDLIB__ -fstack-usage -specs=redlib.specs -MMD -MP -MF"source/flexspi_romapi.d" -MT"source/flexspi_romapi.o" -MT"source/flexspi_romapi.d" -o "source/flexspi_romapi.o" "../source/flexspi_romapi.c"
Finished building: ../source/flexspi_romapi.c
 
Building target: evkbimxrt1050_fsl_romapi.axf
Invoking: MCU Linker
arm-none-eabi-gcc -nostdlib -Xlinker -Map="evkbimxrt1050_fsl_romapi.map" -Xlinker --gc-sections -Xlinker -print-memory-usage -Xlinker --sort-section=alignment -Xlinker --cref -mcpu=cortex-m7 -mfpu=fpv5-d16 -mfloat-abi=hard -mthumb -T evkbimxrt1050_fsl_romapi_Debug.ld -o "evkbimxrt1050_fsl_romapi.axf" ./xip/evkbimxrt1050_flexspi_nor_config.o ./xip/fsl_flexspi_nor_boot.o  ./utilities/fsl_assert.o ./utilities/fsl_debug_console.o  ./usb/phy/usb_phy.o  ./usb/host/class/usb_host_hub.o ./usb/host/class/usb_host_hub_app.o ./usb/host/class/usb_host_msd.o ./usb/host/class/usb_host_msd_ufi.o  ./usb/host/usb_host_devices.o ./usb/host/usb_host_ehci.o ./usb/host/usb_host_framework.o ./usb/host/usb_host_hci.o  ./startup/startup_mimxrt1052.o  ./source/flexspi_romapi.o ./source/flexspi_romapi_ops.o ./source/host_msd_fatfs.o ./source/semihost_hardfault.o  ./fatfs/source/fsl_usb_disk/fsl_usb_disk_bm.o  ./fatfs/source/fsl_ram_disk/fsl_ram_disk.o  ./fatfs/source/diskio.o ./fatfs/source/ff.o ./fatfs/source/ffsystem.o ./fatfs/source/ffunicode.o  ./drivers/fsl_cache.o ./drivers/fsl_clock.o ./drivers/fsl_common.o ./drivers/fsl_common_arm.o ./drivers/fsl_gpio.o ./drivers/fsl_lpuart.o ./drivers/fsl_romapi.o  ./device/system_MIMXRT1052.o  ./component/uart/fsl_adapter_lpuart.o  ./component/silicon_id/fsl_silicon_id.o  ./component/osa/fsl_os_abstraction_bm.o  ./component/lists/fsl_component_generic_list.o  ./board/board.o ./board/clock_config.o ./board/dcd.o ./board/pin_mux.o   
Memory region         Used Size  Region Size  %age Used
     BOARD_FLASH:       74288 B        64 MB      0.11%
   NCACHE_REGION:       28876 B         2 MB      1.38%
        SRAM_ITC:          0 GB       128 KB      0.00%
     BOARD_SDRAM:          0 GB        30 MB      0.00%
        SRAM_DTC:          0 GB       128 KB      0.00%
         SRAM_OC:          0 GB       256 KB      0.00%
Finished building target: evkbimxrt1050_fsl_romapi.axf
 
Performing post-build steps
arm-none-eabi-size "evkbimxrt1050_fsl_romapi.axf"; # arm-none-eabi-objcopy -v -O binary "evkbimxrt1050_fsl_romapi.axf" "evkbimxrt1050_fsl_romapi.bin" ; # checksum -p MIMXRT1052xxxxB -d "evkbimxrt1050_fsl_romapi.bin";
   text	   data	    bss	    dec	    hex	filename
  74268	     20	  24780	  99068	  182fc	evkbimxrt1050_fsl_romapi.axf
 
18:44:40 **** Clean-only build of configuration Debug for project evkbimxrt1050_fsl_romapi ****
make -r -j16 clean 
rm -rf ./xip/evkbimxrt1050_flexspi_nor_config.d ./xip/evkbimxrt1050_flexspi_nor_config.o ./xip/fsl_flexspi_nor_boot.d ./xip/fsl_flexspi_nor_boot.o
rm -rf ./utilities/fsl_assert.d ./utilities/fsl_assert.o ./utilities/fsl_debug_console.d ./utilities/fsl_debug_console.o
rm -rf ./usb/phy/usb_phy.d ./usb/phy/usb_phy.o
rm -rf ./usb/host/class/usb_host_hub.d ./usb/host/class/usb_host_hub.o ./usb/host/class/usb_host_hub_app.d ./usb/host/class/usb_host_hub_app.o ./usb/host/class/usb_host_msd.d ./usb/host/class/usb_host_msd.o ./usb/host/class/usb_host_msd_ufi.d ./usb/host/class/usb_host_msd_ufi.o
rm -rf ./usb/host/usb_host_devices.d ./usb/host/usb_host_devices.o ./usb/host/usb_host_ehci.d ./usb/host/usb_host_ehci.o ./usb/host/usb_host_framework.d ./usb/host/usb_host_framework.o ./usb/host/usb_host_hci.d ./usb/host/usb_host_hci.o
rm -rf ./startup/startup_mimxrt1052.d ./startup/startup_mimxrt1052.o
rm -rf ./source/flexspi_romapi.d ./source/flexspi_romapi.o ./source/flexspi_romapi_ops.d ./source/flexspi_romapi_ops.o ./source/host_msd_fatfs.d ./source/host_msd_fatfs.o ./source/semihost_hardfault.d ./source/semihost_hardfault.o
rm -rf ./fatfs/source/fsl_usb_disk/fsl_usb_disk_bm.d ./fatfs/source/fsl_usb_disk/fsl_usb_disk_bm.o
rm -rf ./fatfs/source/fsl_ram_disk/fsl_ram_disk.d ./fatfs/source/fsl_ram_disk/fsl_ram_disk.o
rm -rf ./fatfs/source/diskio.d ./fatfs/source/diskio.o ./fatfs/source/ff.d ./fatfs/source/ff.o ./fatfs/source/ffsystem.d ./fatfs/source/ffsystem.o ./fatfs/source/ffunicode.d ./fatfs/source/ffunicode.o
rm -rf ./drivers/fsl_cache.d ./drivers/fsl_cache.o ./drivers/fsl_clock.d ./drivers/fsl_clock.o ./drivers/fsl_common.d ./drivers/fsl_common.o ./drivers/fsl_common_arm.d ./drivers/fsl_common_arm.o ./drivers/fsl_gpio.d ./drivers/fsl_gpio.o ./drivers/fsl_lpuart.d ./drivers/fsl_lpuart.o ./drivers/fsl_romapi.d ./drivers/fsl_romapi.o
rm -rf ./device/system_MIMXRT1052.d ./device/system_MIMXRT1052.o
rm -rf ./component/uart/fsl_adapter_lpuart.d ./component/uart/fsl_adapter_lpuart.o
rm -rf ./component/silicon_id/fsl_silicon_id.d ./component/silicon_id/fsl_silicon_id.o
rm -rf ./component/osa/fsl_os_abstraction_bm.d ./component/osa/fsl_os_abstraction_bm.o
rm -rf ./component/lists/fsl_component_generic_list.d ./component/lists/fsl_component_generic_list.o
rm -rf ./board/board.d ./board/board.o ./board/clock_config.d ./board/clock_config.o ./board/dcd.d ./board/dcd.o ./board/pin_mux.d ./board/pin_mux.o
rm -rf evkbimxrt1050_fsl_romapi.axf
 
18:44:41 **** Incremental Build of configuration Debug for project evkbimxrt1050_fsl_romapi ****
make -r -j16 all 
Building file: ../xip/evkbimxrt1050_flexspi_nor_config.c
Building file: ../xip/fsl_flexspi_nor_boot.c
Building file: ../utilities/fsl_assert.c
Invoking: MCU C Compiler
Invoking: MCU C Compiler
arm-none-eabi-gcc -std=gnu99 -D__REDLIB__ -DCPU_MIMXRT1052DVL6B -DCPU_MIMXRT1052DVL6B_cm7 -DSDK_DEBUGCONSOLE=1 -DXIP_EXTERNAL_FLASH=1 -DXIP_BOOT_HEADER_ENABLE=1 -DUSB_STACK_BM -DPRINTF_ADVANCED_ENABLE=1 -DFSL_OSA_BM_TASK_ENABLE=0 -DFSL_OSA_BM_TIMER_CONFIG=0 -DFSL_SDK_ENABLE_DRIVER_CACHE_CONTROL=1 -DSD_ENABLED -DMCUXPRESSO_SDK -DCR_INTEGER_PRINTF -DPRINTF_FLOAT_ENABLE=0 -DXIP_BOOT_HEADER_DCD_ENABLE=1 -DSKIP_SYSCLK_INIT -DDATA_SECTION_IS_CACHEABLE=1 -DAPPWIZARD -D__MCUXPRESSO -D__USE_CMSIS -DDEBUG -I"D:\IMXRT1050EVKB_Bootloader\BD155_P_V1_0_0\McuXpresso\evkbimxrt1050_fsl_romapi\source" -I"D:\IMXRT1050EVKB_Bootloader\BD155_P_V1_0_0\McuXpresso\evkbimxrt1050_fsl_romapi\fatfs\source\fsl_ram_disk" -I"D:\IMXRT1050EVKB_Bootloader\BD155_P_V1_0_0\McuXpresso\evkbimxrt1050_fsl_romapi\usb\host" -I"D:\IMXRT1050EVKB_Bootloader\BD155_P_V1_0_0\McuXpresso\evkbimxrt1050_fsl_romapi\usb\include" -I"D:\IMXRT1050EVKB_Bootloader\BD155_P_V1_0_0\McuXpresso\evkbimxrt1050_fsl_romapi\usb\phy" -I"D:\IMXRT1050EVKB_Bootloader\BD155_P_V1_0_0\McuXpresso\evkbimxrt1050_fsl_romapi\drivers" -I"D:\IMXRT1050EVKB_Bootloader\BD155_P_V1_0_0\McuXpresso\evkbimxrt1050_fsl_romapi\utilities" -I"D:\IMXRT1050EVKB_Bootloader\BD155_P_V1_0_0\McuXpresso\evkbimxrt1050_fsl_romapi\usb\host\class" -I"D:\IMXRT1050EVKB_Bootloader\BD155_P_V1_0_0\McuXpresso\evkbimxrt1050_fsl_romapi\fatfs\source" -I"D:\IMXRT1050EVKB_Bootloader\BD155_P_V1_0_0\McuXpresso\evkbimxrt1050_fsl_romapi\fatfs\source\fsl_usb_disk" -I"D:\IMXRT1050EVKB_Bootloader\BD155_P_V1_0_0\McuXpresso\evkbimxrt1050_fsl_romapi\device" -I"D:\IMXRT1050EVKB_Bootloader\BD155_P_V1_0_0\McuXpresso\evkbimxrt1050_fsl_romapi\xip" -I"D:\IMXRT1050EVKB_Bootloader\BD155_P_V1_0_0\McuXpresso\evkbimxrt1050_fsl_romapi\component\uart" -I"D:\IMXRT1050EVKB_Bootloader\BD155_P_V1_0_0\McuXpresso\evkbimxrt1050_fsl_romapi\component\lists" -I"D:\IMXRT1050EVKB_Bootloader\BD155_P_V1_0_0\McuXpresso\evkbimxrt1050_fsl_romapi\component\osa" -I"D:\IMXRT1050EVKB_Bootloader\BD155_P_V1_0_0\McuXpresso\evkbimxrt1050_fsl_romapi\component\silicon_id" -I"D:\IMXRT1050EVKB_Bootloader\BD155_P_V1_0_0\McuXpresso\evkbimxrt1050_fsl_romapi\CMSIS" -I"D:\IMXRT1050EVKB_Bootloader\BD155_P_V1_0_0\McuXpresso\evkbimxrt1050_fsl_romapi\board" -I"D:\IMXRT1050EVKB_Bootloader\BD155_P_V1_0_0\McuXpresso\evkbimxrt1050_fsl_romapi\evkbimxrt1050\driver_examples\fsl_romapi" -O0 -fno-common -g3 -c -ffunction-sections -fdata-sections -ffreestanding -fno-builtin -fmerge-constants -fmacro-prefix-map="../xip/"= -mcpu=cortex-m7 -mfpu=fpv5-d16 -mfloat-abi=hard -mthumb -D__REDLIB__ -fstack-usage -specs=redlib.specs -MMD -MP -MF"xip/evkbimxrt1050_flexspi_nor_config.d" -MT"xip/evkbimxrt1050_flexspi_nor_config.o" -MT"xip/evkbimxrt1050_flexspi_nor_config.d" -o "xip/evkbimxrt1050_flexspi_nor_config.o" "../xip/evkbimxrt1050_flexspi_nor_config.c"
Invoking: MCU C Compiler
arm-none-eabi-gcc -std=gnu99 -D__REDLIB__ -DCPU_MIMXRT1052DVL6B -DCPU_MIMXRT1052DVL6B_cm7 -DSDK_DEBUGCONSOLE=1 -DXIP_EXTERNAL_FLASH=1 -DXIP_BOOT_HEADER_ENABLE=1 -DUSB_STACK_BM -DPRINTF_ADVANCED_ENABLE=1 -DFSL_OSA_BM_TASK_ENABLE=0 -DFSL_OSA_BM_TIMER_CONFIG=0 -DFSL_SDK_ENABLE_DRIVER_CACHE_CONTROL=1 -DSD_ENABLED -DMCUXPRESSO_SDK -DCR_INTEGER_PRINTF -DPRINTF_FLOAT_ENABLE=0 -DXIP_BOOT_HEADER_DCD_ENABLE=1 -DSKIP_SYSCLK_INIT -DDATA_SECTION_IS_CACHEABLE=1 -DAPPWIZARD -D__MCUXPRESSO -D__USE_CMSIS -DDEBUG -I"D:\IMXRT1050EVKB_Bootloader\BD155_P_V1_0_0\McuXpresso\evkbimxrt1050_fsl_romapi\source" -I"D:\IMXRT1050EVKB_Bootloader\BD155_P_V1_0_0\McuXpresso\evkbimxrt1050_fsl_romapi\fatfs\source\fsl_ram_disk" -I"D:\IMXRT1050EVKB_Bootloader\BD155_P_V1_0_0\McuXpresso\evkbimxrt1050_fsl_romapi\usb\host" -I"D:\IMXRT1050EVKB_Bootloader\BD155_P_V1_0_0\McuXpresso\evkbimxrt1050_fsl_romapi\usb\include" -I"D:\IMXRT1050EVKB_Bootloader\BD155_P_V1_0_0\McuXpresso\evkbimxrt1050_fsl_romapi\usb\phy" -I"D:\IMXRT1050EVKB_Bootloader\BD155_P_V1_0_0\McuXpresso\evkbimxrt1050_fsl_romapi\drivers" -I"D:\IMXRT1050EVKB_Bootloader\BD155_P_V1_0_0\McuXpresso\evkbimxrt1050_fsl_romapi\utilities" -I"D:\IMXRT1050EVKB_Bootloader\BD155_P_V1_0_0\McuXpresso\evkbimxrt1050_fsl_romapi\usb\host\class" -I"D:\IMXRT1050EVKB_Bootloader\BD155_P_V1_0_0\McuXpresso\evkbimxrt1050_fsl_romapi\fatfs\source" -I"D:\IMXRT1050EVKB_Bootloader\BD155_P_V1_0_0\McuXpresso\evkbimxrt1050_fsl_romapi\fatfs\source\fsl_usb_disk" -I"D:\IMXRT1050EVKB_Bootloader\BD155_P_V1_0_0\McuXpresso\evkbimxrt1050_fsl_romapi\device" -I"D:\IMXRT1050EVKB_Bootloader\BD155_P_V1_0_0\McuXpresso\evkbimxrt1050_fsl_romapi\xip" -I"D:\IMXRT1050EVKB_Bootloader\BD155_P_V1_0_0\McuXpresso\evkbimxrt1050_fsl_romapi\component\uart" -I"D:\IMXRT1050EVKB_Bootloader\BD155_P_V1_0_0\McuXpresso\evkbimxrt1050_fsl_romapi\component\lists" -I"D:\IMXRT1050EVKB_Bootloader\BD155_P_V1_0_0\McuXpresso\evkbimxrt1050_fsl_romapi\component\osa" -I"D:\IMXRT1050EVKB_Bootloader\BD155_P_V1_0_0\McuXpresso\evkbimxrt1050_fsl_romapi\component\silicon_id" -I"D:\IMXRT1050EVKB_Bootloader\BD155_P_V1_0_0\McuXpresso\evkbimxrt1050_fsl_romapi\CMSIS" -I"D:\IMXRT1050EVKB_Bootloader\BD155_P_V1_0_0\McuXpresso\evkbimxrt1050_fsl_romapi\board" -I"D:\IMXRT1050EVKB_Bootloader\BD155_P_V1_0_0\McuXpresso\evkbimxrt1050_fsl_romapi\evkbimxrt1050\driver_examples\fsl_romapi" -O0 -fno-common -g3 -c -ffunction-sections -fdata-sections -ffreestanding -fno-builtin -fmerge-constants -fmacro-prefix-map="../xip/"= -mcpu=cortex-m7 -mfpu=fpv5-d16 -mfloat-abi=hard -mthumb -D__REDLIB__ -fstack-usage -specs=redlib.specs -MMD -MP -MF"xip/fsl_flexspi_nor_boot.d" -MT"xip/fsl_flexspi_nor_boot.o" -MT"xip/fsl_flexspi_nor_boot.d" -o "xip/fsl_flexspi_nor_boot.o" "../xip/fsl_flexspi_nor_boot.c"
arm-none-eabi-gcc -std=gnu99 -D__REDLIB__ -DCPU_MIMXRT1052DVL6B -DCPU_MIMXRT1052DVL6B_cm7 -DSDK_DEBUGCONSOLE=1 -DXIP_EXTERNAL_FLASH=1 -DXIP_BOOT_HEADER_ENABLE=1 -DUSB_STACK_BM -DPRINTF_ADVANCED_ENABLE=1 -DFSL_OSA_BM_TASK_ENABLE=0 -DFSL_OSA_BM_TIMER_CONFIG=0 -DFSL_SDK_ENABLE_DRIVER_CACHE_CONTROL=1 -DSD_ENABLED -DMCUXPRESSO_SDK -DCR_INTEGER_PRINTF -DPRINTF_FLOAT_ENABLE=0 -DXIP_BOOT_HEADER_DCD_ENABLE=1 -DSKIP_SYSCLK_INIT -DDATA_SECTION_IS_CACHEABLE=1 -DAPPWIZARD -D__MCUXPRESSO -D__USE_CMSIS -DDEBUG -I"D:\IMXRT1050EVKB_Bootloader\BD155_P_V1_0_0\McuXpresso\evkbimxrt1050_fsl_romapi\source" -I"D:\IMXRT1050EVKB_Bootloader\BD155_P_V1_0_0\McuXpresso\evkbimxrt1050_fsl_romapi\fatfs\source\fsl_ram_disk" -I"D:\IMXRT1050EVKB_Bootloader\BD155_P_V1_0_0\McuXpresso\evkbimxrt1050_fsl_romapi\usb\host" -I"D:\IMXRT1050EVKB_Bootloader\BD155_P_V1_0_0\McuXpresso\evkbimxrt1050_fsl_romapi\usb\include" -I"D:\IMXRT1050EVKB_Bootloader\BD155_P_V1_0_0\McuXpresso\evkbimxrt1050_fsl_romapi\usb\phy" -I"D:\IMXRT1050EVKB_Bootloader\BD155_P_V1_0_0\McuXpresso\evkbimxrt1050_fsl_romapi\drivers" -I"D:\IMXRT1050EVKB_Bootloader\BD155_P_V1_0_0\McuXpresso\evkbimxrt1050_fsl_romapi\utilities" -I"D:\IMXRT1050EVKB_Bootloader\BD155_P_V1_0_0\McuXpresso\evkbimxrt1050_fsl_romapi\usb\host\class" -I"D:\IMXRT1050EVKB_Bootloader\BD155_P_V1_0_0\McuXpresso\evkbimxrt1050_fsl_romapi\fatfs\source" -I"D:\IMXRT1050EVKB_Bootloader\BD155_P_V1_0_0\McuXpresso\evkbimxrt1050_fsl_romapi\fatfs\source\fsl_usb_disk" -I"D:\IMXRT1050EVKB_Bootloader\BD155_P_V1_0_0\McuXpresso\evkbimxrt1050_fsl_romapi\device" -I"D:\IMXRT1050EVKB_Bootloader\BD155_P_V1_0_0\McuXpresso\evkbimxrt1050_fsl_romapi\xip" -I"D:\IMXRT1050EVKB_Bootloader\BD155_P_V1_0_0\McuXpresso\evkbimxrt1050_fsl_romapi\component\uart" -I"D:\IMXRT1050EVKB_Bootloader\BD155_P_V1_0_0\McuXpresso\evkbimxrt1050_fsl_romapi\component\lists" -I"D:\IMXRT1050EVKB_Bootloader\BD155_P_V1_0_0\McuXpresso\evkbimxrt1050_fsl_romapi\component\osa" -I"D:\IMXRT1050EVKB_Bootloader\BD155_P_V1_0_0\McuXpresso\evkbimxrt1050_fsl_romapi\component\silicon_id" -I"D:\IMXRT1050EVKB_Bootloader\BD155_P_V1_0_0\McuXpresso\evkbimxrt1050_fsl_romapi\CMSIS" -I"D:\IMXRT1050EVKB_Bootloader\BD155_P_V1_0_0\McuXpresso\evkbimxrt1050_fsl_romapi\board" -I"D:\IMXRT1050EVKB_Bootloader\BD155_P_V1_0_0\McuXpresso\evkbimxrt1050_fsl_romapi\evkbimxrt1050\driver_examples\fsl_romapi" -O0 -fno-common -g3 -c -ffunction-sections -fdata-sections -ffreestanding -fno-builtin -fmerge-constants -fmacro-prefix-map="../utilities/"= -mcpu=cortex-m7 -mfpu=fpv5-d16 -mfloat-abi=hard -mthumb -D__REDLIB__ -fstack-usage -specs=redlib.specs -MMD -MP -MF"utilities/fsl_assert.d" -MT"utilities/fsl_assert.o" -MT"utilities/fsl_assert.d" -o "utilities/fsl_assert.o" "../utilities/fsl_assert.c"
Building file: ../utilities/fsl_debug_console.c
Building file: ../usb/phy/usb_phy.c
Invoking: MCU C Compiler
arm-none-eabi-gcc -std=gnu99 -D__REDLIB__ -DCPU_MIMXRT1052DVL6B -DCPU_MIMXRT1052DVL6B_cm7 -DSDK_DEBUGCONSOLE=1 -DXIP_EXTERNAL_FLASH=1 -DXIP_BOOT_HEADER_ENABLE=1 -DUSB_STACK_BM -DPRINTF_ADVANCED_ENABLE=1 -DFSL_OSA_BM_TASK_ENABLE=0 -DFSL_OSA_BM_TIMER_CONFIG=0 -DFSL_SDK_ENABLE_DRIVER_CACHE_CONTROL=1 -DSD_ENABLED -DMCUXPRESSO_SDK -DCR_INTEGER_PRINTF -DPRINTF_FLOAT_ENABLE=0 -DXIP_BOOT_HEADER_DCD_ENABLE=1 -DSKIP_SYSCLK_INIT -DDATA_SECTION_IS_CACHEABLE=1 -DAPPWIZARD -D__MCUXPRESSO -D__USE_CMSIS -DDEBUG -I"D:\IMXRT1050EVKB_Bootloader\BD155_P_V1_0_0\McuXpresso\evkbimxrt1050_fsl_romapi\source" -I"D:\IMXRT1050EVKB_Bootloader\BD155_P_V1_0_0\McuXpresso\evkbimxrt1050_fsl_romapi\fatfs\source\fsl_ram_disk" -I"D:\IMXRT1050EVKB_Bootloader\BD155_P_V1_0_0\McuXpresso\evkbimxrt1050_fsl_romapi\usb\host" -I"D:\IMXRT1050EVKB_Bootloader\BD155_P_V1_0_0\McuXpresso\evkbimxrt1050_fsl_romapi\usb\include" -I"D:\IMXRT1050EVKB_Bootloader\BD155_P_V1_0_0\McuXpresso\evkbimxrt1050_fsl_romapi\usb\phy" -I"D:\IMXRT1050EVKB_Bootloader\BD155_P_V1_0_0\McuXpresso\evkbimxrt1050_fsl_romapi\drivers" -I"D:\IMXRT1050EVKB_Bootloader\BD155_P_V1_0_0\McuXpresso\evkbimxrt1050_fsl_romapi\utilities" -I"D:\IMXRT1050EVKB_Bootloader\BD155_P_V1_0_0\McuXpresso\evkbimxrt1050_fsl_romapi\usb\host\class" -I"D:\IMXRT1050EVKB_Bootloader\BD155_P_V1_0_0\McuXpresso\evkbimxrt1050_fsl_romapi\fatfs\source" -I"D:\IMXRT1050EVKB_Bootloader\BD155_P_V1_0_0\McuXpresso\evkbimxrt1050_fsl_romapi\fatfs\source\fsl_usb_disk" -I"D:\IMXRT1050EVKB_Bootloader\BD155_P_V1_0_0\McuXpresso\evkbimxrt1050_fsl_romapi\device" -I"D:\IMXRT1050EVKB_Bootloader\BD155_P_V1_0_0\McuXpresso\evkbimxrt1050_fsl_romapi\xip" -I"D:\IMXRT1050EVKB_Bootloader\BD155_P_V1_0_0\McuXpresso\evkbimxrt1050_fsl_romapi\component\uart" -I"D:\IMXRT1050EVKB_Bootloader\BD155_P_V1_0_0\McuXpresso\evkbimxrt1050_fsl_romapi\component\lists" -I"D:\IMXRT1050EVKB_Bootloader\BD155_P_V1_0_0\McuXpresso\evkbimxrt1050_fsl_romapi\component\osa" -I"D:\IMXRT1050EVKB_Bootloader\BD155_P_V1_0_0\McuXpresso\evkbimxrt1050_fsl_romapi\component\silicon_id" -I"D:\IMXRT1050EVKB_Bootloader\BD155_P_V1_0_0\McuXpresso\evkbimxrt1050_fsl_romapi\CMSIS" -I"D:\IMXRT1050EVKB_Bootloader\BD155_P_V1_0_0\McuXpresso\evkbimxrt1050_fsl_romapi\board" -I"D:\IMXRT1050EVKB_Bootloader\BD155_P_V1_0_0\McuXpresso\evkbimxrt1050_fsl_romapi\evkbimxrt1050\driver_examples\fsl_romapi" -O0 -fno-common -g3 -c -ffunction-sections -fdata-sections -ffreestanding -fno-builtin -fmerge-constants -fmacro-prefix-map="../utilities/"= -mcpu=cortex-m7 -mfpu=fpv5-d16 -mfloat-abi=hard -mthumb -D__REDLIB__ -fstack-usage -specs=redlib.specs -MMD -MP -MF"utilities/fsl_debug_console.d" -MT"utilities/fsl_debug_console.o" -MT"utilities/fsl_debug_console.d" -o "utilities/fsl_debug_console.o" "../utilities/fsl_debug_console.c"
Invoking: MCU C Compiler
arm-none-eabi-gcc -std=gnu99 -D__REDLIB__ -DCPU_MIMXRT1052DVL6B -DCPU_MIMXRT1052DVL6B_cm7 -DSDK_DEBUGCONSOLE=1 -DXIP_EXTERNAL_FLASH=1 -DXIP_BOOT_HEADER_ENABLE=1 -DUSB_STACK_BM -DPRINTF_ADVANCED_ENABLE=1 -DFSL_OSA_BM_TASK_ENABLE=0 -DFSL_OSA_BM_TIMER_CONFIG=0 -DFSL_SDK_ENABLE_DRIVER_CACHE_CONTROL=1 -DSD_ENABLED -DMCUXPRESSO_SDK -DCR_INTEGER_PRINTF -DPRINTF_FLOAT_ENABLE=0 -DXIP_BOOT_HEADER_DCD_ENABLE=1 -DSKIP_SYSCLK_INIT -DDATA_SECTION_IS_CACHEABLE=1 -DAPPWIZARD -D__MCUXPRESSO -D__USE_CMSIS -DDEBUG -I"D:\IMXRT1050EVKB_Bootloader\BD155_P_V1_0_0\McuXpresso\evkbimxrt1050_fsl_romapi\source" -I"D:\IMXRT1050EVKB_Bootloader\BD155_P_V1_0_0\McuXpresso\evkbimxrt1050_fsl_romapi\fatfs\source\fsl_ram_disk" -I"D:\IMXRT1050EVKB_Bootloader\BD155_P_V1_0_0\McuXpresso\evkbimxrt1050_fsl_romapi\usb\host" -I"D:\IMXRT1050EVKB_Bootloader\BD155_P_V1_0_0\McuXpresso\evkbimxrt1050_fsl_romapi\usb\include" -I"D:\IMXRT1050EVKB_Bootloader\BD155_P_V1_0_0\McuXpresso\evkbimxrt1050_fsl_romapi\usb\phy" -I"D:\IMXRT1050EVKB_Bootloader\BD155_P_V1_0_0\McuXpresso\evkbimxrt1050_fsl_romapi\drivers" -I"D:\IMXRT1050EVKB_Bootloader\BD155_P_V1_0_0\McuXpresso\evkbimxrt1050_fsl_romapi\utilities" -I"D:\IMXRT1050EVKB_Bootloader\BD155_P_V1_0_0\McuXpresso\evkbimxrt1050_fsl_romapi\usb\host\class" -I"D:\IMXRT1050EVKB_Bootloader\BD155_P_V1_0_0\McuXpresso\evkbimxrt1050_fsl_romapi\fatfs\source" -I"D:\IMXRT1050EVKB_Bootloader\BD155_P_V1_0_0\McuXpresso\evkbimxrt1050_fsl_romapi\fatfs\source\fsl_usb_disk" -I"D:\IMXRT1050EVKB_Bootloader\BD155_P_V1_0_0\McuXpresso\evkbimxrt1050_fsl_romapi\device" -I"D:\IMXRT1050EVKB_Bootloader\BD155_P_V1_0_0\McuXpresso\evkbimxrt1050_fsl_romapi\xip" -I"D:\IMXRT1050EVKB_Bootloader\BD155_P_V1_0_0\McuXpresso\evkbimxrt1050_fsl_romapi\component\uart" -I"D:\IMXRT1050EVKB_Bootloader\BD155_P_V1_0_0\McuXpresso\evkbimxrt1050_fsl_romapi\component\lists" -I"D:\IMXRT1050EVKB_Bootloader\BD155_P_V1_0_0\McuXpresso\evkbimxrt1050_fsl_romapi\component\osa" -I"D:\IMXRT1050EVKB_Bootloader\BD155_P_V1_0_0\McuXpresso\evkbimxrt1050_fsl_romapi\component\silicon_id" -I"D:\IMXRT1050EVKB_Bootloader\BD155_P_V1_0_0\McuXpresso\evkbimxrt1050_fsl_romapi\CMSIS" -I"D:\IMXRT1050EVKB_Bootloader\BD155_P_V1_0_0\McuXpresso\evkbimxrt1050_fsl_romapi\board" -I"D:\IMXRT1050EVKB_Bootloader\BD155_P_V1_0_0\McuXpresso\evkbimxrt1050_fsl_romapi\evkbimxrt1050\driver_examples\fsl_romapi" -O0 -fno-common -g3 -c -ffunction-sections -fdata-sections -ffreestanding -fno-builtin -fmerge-constants -fmacro-prefix-map="../usb/phy/"= -mcpu=cortex-m7 -mfpu=fpv5-d16 -mfloat-abi=hard -mthumb -D__REDLIB__ -fstack-usage -specs=redlib.specs -MMD -MP -MF"usb/phy/usb_phy.d" -MT"usb/phy/usb_phy.o" -MT"usb/phy/usb_phy.d" -o "usb/phy/usb_phy.o" "../usb/phy/usb_phy.c"
Building file: ../usb/host/class/usb_host_hub.c
Building file: ../usb/host/class/usb_host_hub_app.c
Invoking: MCU C Compiler
Building file: ../usb/host/class/usb_host_msd.c
arm-none-eabi-gcc -std=gnu99 -D__REDLIB__ -DCPU_MIMXRT1052DVL6B -DCPU_MIMXRT1052DVL6B_cm7 -DSDK_DEBUGCONSOLE=1 -DXIP_EXTERNAL_FLASH=1 -DXIP_BOOT_HEADER_ENABLE=1 -DUSB_STACK_BM -DPRINTF_ADVANCED_ENABLE=1 -DFSL_OSA_BM_TASK_ENABLE=0 -DFSL_OSA_BM_TIMER_CONFIG=0 -DFSL_SDK_ENABLE_DRIVER_CACHE_CONTROL=1 -DSD_ENABLED -DMCUXPRESSO_SDK -DCR_INTEGER_PRINTF -DPRINTF_FLOAT_ENABLE=0 -DXIP_BOOT_HEADER_DCD_ENABLE=1 -DSKIP_SYSCLK_INIT -DDATA_SECTION_IS_CACHEABLE=1 -DAPPWIZARD -D__MCUXPRESSO -D__USE_CMSIS -DDEBUG -I"D:\IMXRT1050EVKB_Bootloader\BD155_P_V1_0_0\McuXpresso\evkbimxrt1050_fsl_romapi\source" -I"D:\IMXRT1050EVKB_Bootloader\BD155_P_V1_0_0\McuXpresso\evkbimxrt1050_fsl_romapi\fatfs\source\fsl_ram_disk" -I"D:\IMXRT1050EVKB_Bootloader\BD155_P_V1_0_0\McuXpresso\evkbimxrt1050_fsl_romapi\usb\host" -I"D:\IMXRT1050EVKB_Bootloader\BD155_P_V1_0_0\McuXpresso\evkbimxrt1050_fsl_romapi\usb\include" -I"D:\IMXRT1050EVKB_Bootloader\BD155_P_V1_0_0\McuXpresso\evkbimxrt1050_fsl_romapi\usb\phy" -I"D:\IMXRT1050EVKB_Bootloader\BD155_P_V1_0_0\McuXpresso\evkbimxrt1050_fsl_romapi\drivers" -I"D:\IMXRT1050EVKB_Bootloader\BD155_P_V1_0_0\McuXpresso\evkbimxrt1050_fsl_romapi\utilities" -I"D:\IMXRT1050EVKB_Bootloader\BD155_P_V1_0_0\McuXpresso\evkbimxrt1050_fsl_romapi\usb\host\class" -I"D:\IMXRT1050EVKB_Bootloader\BD155_P_V1_0_0\McuXpresso\evkbimxrt1050_fsl_romapi\fatfs\source" -I"D:\IMXRT1050EVKB_Bootloader\BD155_P_V1_0_0\McuXpresso\evkbimxrt1050_fsl_romapi\fatfs\source\fsl_usb_disk" -I"D:\IMXRT1050EVKB_Bootloader\BD155_P_V1_0_0\McuXpresso\evkbimxrt1050_fsl_romapi\device" -I"D:\IMXRT1050EVKB_Bootloader\BD155_P_V1_0_0\McuXpresso\evkbimxrt1050_fsl_romapi\xip" -I"D:\IMXRT1050EVKB_Bootloader\BD155_P_V1_0_0\McuXpresso\evkbimxrt1050_fsl_romapi\component\uart" -I"D:\IMXRT1050EVKB_Bootloader\BD155_P_V1_0_0\McuXpresso\evkbimxrt1050_fsl_romapi\component\lists" -I"D:\IMXRT1050EVKB_Bootloader\BD155_P_V1_0_0\McuXpresso\evkbimxrt1050_fsl_romapi\component\osa" -I"D:\IMXRT1050EVKB_Bootloader\BD155_P_V1_0_0\McuXpresso\evkbimxrt1050_fsl_romapi\component\silicon_id" -I"D:\IMXRT1050EVKB_Bootloader\BD155_P_V1_0_0\McuXpresso\evkbimxrt1050_fsl_romapi\CMSIS" -I"D:\IMXRT1050EVKB_Bootloader\BD155_P_V1_0_0\McuXpresso\evkbimxrt1050_fsl_romapi\board" -I"D:\IMXRT1050EVKB_Bootloader\BD155_P_V1_0_0\McuXpresso\evkbimxrt1050_fsl_romapi\evkbimxrt1050\driver_examples\fsl_romapi" -O0 -fno-common -g3 -c -ffunction-sections -fdata-sections -ffreestanding -fno-builtin -fmerge-constants -fmacro-prefix-map="../usb/host/class/"= -mcpu=cortex-m7 -mfpu=fpv5-d16 -mfloat-abi=hard -mthumb -D__REDLIB__ -fstack-usage -specs=redlib.specs -MMD -MP -MF"usb/host/class/usb_host_hub.d" -MT"usb/host/class/usb_host_hub.o" -MT"usb/host/class/usb_host_hub.d" -o "usb/host/class/usb_host_hub.o" "../usb/host/class/usb_host_hub.c"
Invoking: MCU C Compiler
arm-none-eabi-gcc -std=gnu99 -D__REDLIB__ -DCPU_MIMXRT1052DVL6B -DCPU_MIMXRT1052DVL6B_cm7 -DSDK_DEBUGCONSOLE=1 -DXIP_EXTERNAL_FLASH=1 -DXIP_BOOT_HEADER_ENABLE=1 -DUSB_STACK_BM -DPRINTF_ADVANCED_ENABLE=1 -DFSL_OSA_BM_TASK_ENABLE=0 -DFSL_OSA_BM_TIMER_CONFIG=0 -DFSL_SDK_ENABLE_DRIVER_CACHE_CONTROL=1 -DSD_ENABLED -DMCUXPRESSO_SDK -DCR_INTEGER_PRINTF -DPRINTF_FLOAT_ENABLE=0 -DXIP_BOOT_HEADER_DCD_ENABLE=1 -DSKIP_SYSCLK_INIT -DDATA_SECTION_IS_CACHEABLE=1 -DAPPWIZARD -D__MCUXPRESSO -D__USE_CMSIS -DDEBUG -I"D:\IMXRT1050EVKB_Bootloader\BD155_P_V1_0_0\McuXpresso\evkbimxrt1050_fsl_romapi\source" -I"D:\IMXRT1050EVKB_Bootloader\BD155_P_V1_0_0\McuXpresso\evkbimxrt1050_fsl_romapi\fatfs\source\fsl_ram_disk" -I"D:\IMXRT1050EVKB_Bootloader\BD155_P_V1_0_0\McuXpresso\evkbimxrt1050_fsl_romapi\usb\host" -I"D:\IMXRT1050EVKB_Bootloader\BD155_P_V1_0_0\McuXpresso\evkbimxrt1050_fsl_romapi\usb\include" -I"D:\IMXRT1050EVKB_Bootloader\BD155_P_V1_0_0\McuXpresso\evkbimxrt1050_fsl_romapi\usb\phy" -I"D:\IMXRT1050EVKB_Bootloader\BD155_P_V1_0_0\McuXpresso\evkbimxrt1050_fsl_romapi\drivers" -I"D:\IMXRT1050EVKB_Bootloader\BD155_P_V1_0_0\McuXpresso\evkbimxrt1050_fsl_romapi\utilities" -I"D:\IMXRT1050EVKB_Bootloader\BD155_P_V1_0_0\McuXpresso\evkbimxrt1050_fsl_romapi\usb\host\class" -I"D:\IMXRT1050EVKB_Bootloader\BD155_P_V1_0_0\McuXpresso\evkbimxrt1050_fsl_romapi\fatfs\source" -I"D:\IMXRT1050EVKB_Bootloader\BD155_P_V1_0_0\McuXpresso\evkbimxrt1050_fsl_romapi\fatfs\source\fsl_usb_disk" -I"D:\IMXRT1050EVKB_Bootloader\BD155_P_V1_0_0\McuXpresso\evkbimxrt1050_fsl_romapi\device" -I"D:\IMXRT1050EVKB_Bootloader\BD155_P_V1_0_0\McuXpresso\evkbimxrt1050_fsl_romapi\xip" -I"D:\IMXRT1050EVKB_Bootloader\BD155_P_V1_0_0\McuXpresso\evkbimxrt1050_fsl_romapi\component\uart" -I"D:\IMXRT1050EVKB_Bootloader\BD155_P_V1_0_0\McuXpresso\evkbimxrt1050_fsl_romapi\component\lists" -I"D:\IMXRT1050EVKB_Bootloader\BD155_P_V1_0_0\McuXpresso\evkbimxrt1050_fsl_romapi\component\osa" -I"D:\IMXRT1050EVKB_Bootloader\BD155_P_V1_0_0\McuXpresso\evkbimxrt1050_fsl_romapi\component\silicon_id" -I"D:\IMXRT1050EVKB_Bootloader\BD155_P_V1_0_0\McuXpresso\evkbimxrt1050_fsl_romapi\CMSIS" -I"D:\IMXRT1050EVKB_Bootloader\BD155_P_V1_0_0\McuXpresso\evkbimxrt1050_fsl_romapi\board" -I"D:\IMXRT1050EVKB_Bootloader\BD155_P_V1_0_0\McuXpresso\evkbimxrt1050_fsl_romapi\evkbimxrt1050\driver_examples\fsl_romapi" -O0 -fno-common -g3 -c -ffunction-sections -fdata-sections -ffreestanding -fno-builtin -fmerge-constants -fmacro-prefix-map="../usb/host/class/"= -mcpu=cortex-m7 -mfpu=fpv5-d16 -mfloat-abi=hard -mthumb -D__REDLIB__ -fstack-usage -specs=redlib.specs -MMD -MP -MF"usb/host/class/usb_host_hub_app.d" -MT"usb/host/class/usb_host_hub_app.o" -MT"usb/host/class/usb_host_hub_app.d" -o "usb/host/class/usb_host_hub_app.o" "../usb/host/class/usb_host_hub_app.c"
Invoking: MCU C Compiler
arm-none-eabi-gcc -std=gnu99 -D__REDLIB__ -DCPU_MIMXRT1052DVL6B -DCPU_MIMXRT1052DVL6B_cm7 -DSDK_DEBUGCONSOLE=1 -DXIP_EXTERNAL_FLASH=1 -DXIP_BOOT_HEADER_ENABLE=1 -DUSB_STACK_BM -DPRINTF_ADVANCED_ENABLE=1 -DFSL_OSA_BM_TASK_ENABLE=0 -DFSL_OSA_BM_TIMER_CONFIG=0 -DFSL_SDK_ENABLE_DRIVER_CACHE_CONTROL=1 -DSD_ENABLED -DMCUXPRESSO_SDK -DCR_INTEGER_PRINTF -DPRINTF_FLOAT_ENABLE=0 -DXIP_BOOT_HEADER_DCD_ENABLE=1 -DSKIP_SYSCLK_INIT -DDATA_SECTION_IS_CACHEABLE=1 -DAPPWIZARD -D__MCUXPRESSO -D__USE_CMSIS -DDEBUG -I"D:\IMXRT1050EVKB_Bootloader\BD155_P_V1_0_0\McuXpresso\evkbimxrt1050_fsl_romapi\source" -I"D:\IMXRT1050EVKB_Bootloader\BD155_P_V1_0_0\McuXpresso\evkbimxrt1050_fsl_romapi\fatfs\source\fsl_ram_disk" -I"D:\IMXRT1050EVKB_Bootloader\BD155_P_V1_0_0\McuXpresso\evkbimxrt1050_fsl_romapi\usb\host" -I"D:\IMXRT1050EVKB_Bootloader\BD155_P_V1_0_0\McuXpresso\evkbimxrt1050_fsl_romapi\usb\include" -I"D:\IMXRT1050EVKB_Bootloader\BD155_P_V1_0_0\McuXpresso\evkbimxrt1050_fsl_romapi\usb\phy" -I"D:\IMXRT1050EVKB_Bootloader\BD155_P_V1_0_0\McuXpresso\evkbimxrt1050_fsl_romapi\drivers" -I"D:\IMXRT1050EVKB_Bootloader\BD155_P_V1_0_0\McuXpresso\evkbimxrt1050_fsl_romapi\utilities" -I"D:\IMXRT1050EVKB_Bootloader\BD155_P_V1_0_0\McuXpresso\evkbimxrt1050_fsl_romapi\usb\host\class" -I"D:\IMXRT1050EVKB_Bootloader\BD155_P_V1_0_0\McuXpresso\evkbimxrt1050_fsl_romapi\fatfs\source" -I"D:\IMXRT1050EVKB_Bootloader\BD155_P_V1_0_0\McuXpresso\evkbimxrt1050_fsl_romapi\fatfs\source\fsl_usb_disk" -I"D:\IMXRT1050EVKB_Bootloader\BD155_P_V1_0_0\McuXpresso\evkbimxrt1050_fsl_romapi\device" -I"D:\IMXRT1050EVKB_Bootloader\BD155_P_V1_0_0\McuXpresso\evkbimxrt1050_fsl_romapi\xip" -I"D:\IMXRT1050EVKB_Bootloader\BD155_P_V1_0_0\McuXpresso\evkbimxrt1050_fsl_romapi\component\uart" -I"D:\IMXRT1050EVKB_Bootloader\BD155_P_V1_0_0\McuXpresso\evkbimxrt1050_fsl_romapi\component\lists" -I"D:\IMXRT1050EVKB_Bootloader\BD155_P_V1_0_0\McuXpresso\evkbimxrt1050_fsl_romapi\component\osa" -I"D:\IMXRT1050EVKB_Bootloader\BD155_P_V1_0_0\McuXpresso\evkbimxrt1050_fsl_romapi\component\silicon_id" -I"D:\IMXRT1050EVKB_Bootloader\BD155_P_V1_0_0\McuXpresso\evkbimxrt1050_fsl_romapi\CMSIS" -I"D:\IMXRT1050EVKB_Bootloader\BD155_P_V1_0_0\McuXpresso\evkbimxrt1050_fsl_romapi\board" -I"D:\IMXRT1050EVKB_Bootloader\BD155_P_V1_0_0\McuXpresso\evkbimxrt1050_fsl_romapi\evkbimxrt1050\driver_examples\fsl_romapi" -O0 -fno-common -g3 -c -ffunction-sections -fdata-sections -ffreestanding -fno-builtin -fmerge-constants -fmacro-prefix-map="../usb/host/class/"= -mcpu=cortex-m7 -mfpu=fpv5-d16 -mfloat-abi=hard -mthumb -D__REDLIB__ -fstack-usage -specs=redlib.specs -MMD -MP -MF"usb/host/class/usb_host_msd.d" -MT"usb/host/class/usb_host_msd.o" -MT"usb/host/class/usb_host_msd.d" -o "usb/host/class/usb_host_msd.o" "../usb/host/class/usb_host_msd.c"
Building file: ../usb/host/class/usb_host_msd_ufi.c
Building file: ../usb/host/usb_host_devices.c
Invoking: MCU C Compiler
Finished building: ../xip/fsl_flexspi_nor_boot.c
Finished building: ../xip/evkbimxrt1050_flexspi_nor_config.c
Finished building: ../utilities/fsl_assert.c
arm-none-eabi-gcc -std=gnu99 -D__REDLIB__ -DCPU_MIMXRT1052DVL6B -DCPU_MIMXRT1052DVL6B_cm7 -DSDK_DEBUGCONSOLE=1 -DXIP_EXTERNAL_FLASH=1 -DXIP_BOOT_HEADER_ENABLE=1 -DUSB_STACK_BM -DPRINTF_ADVANCED_ENABLE=1 -DFSL_OSA_BM_TASK_ENABLE=0 -DFSL_OSA_BM_TIMER_CONFIG=0 -DFSL_SDK_ENABLE_DRIVER_CACHE_CONTROL=1 -DSD_ENABLED -DMCUXPRESSO_SDK -DCR_INTEGER_PRINTF -DPRINTF_FLOAT_ENABLE=0 -DXIP_BOOT_HEADER_DCD_ENABLE=1 -DSKIP_SYSCLK_INIT -DDATA_SECTION_IS_CACHEABLE=1 -DAPPWIZARD -D__MCUXPRESSO -D__USE_CMSIS -DDEBUG -I"D:\IMXRT1050EVKB_Bootloader\BD155_P_V1_0_0\McuXpresso\evkbimxrt1050_fsl_romapi\source" -I"D:\IMXRT1050EVKB_Bootloader\BD155_P_V1_0_0\McuXpresso\evkbimxrt1050_fsl_romapi\fatfs\source\fsl_ram_disk" -I"D:\IMXRT1050EVKB_Bootloader\BD155_P_V1_0_0\McuXpresso\evkbimxrt1050_fsl_romapi\usb\host" -I"D:\IMXRT1050EVKB_Bootloader\BD155_P_V1_0_0\McuXpresso\evkbimxrt1050_fsl_romapi\usb\include" -I"D:\IMXRT1050EVKB_Bootloader\BD155_P_V1_0_0\McuXpresso\evkbimxrt1050_fsl_romapi\usb\phy" -I"D:\IMXRT1050EVKB_Bootloader\BD155_P_V1_0_0\McuXpresso\evkbimxrt1050_fsl_romapi\drivers" -I"D:\IMXRT1050EVKB_Bootloader\BD155_P_V1_0_0\McuXpresso\evkbimxrt1050_fsl_romapi\utilities" -I"D:\IMXRT1050EVKB_Bootloader\BD155_P_V1_0_0\McuXpresso\evkbimxrt1050_fsl_romapi\usb\host\class" -I"D:\IMXRT1050EVKB_Bootloader\BD155_P_V1_0_0\McuXpresso\evkbimxrt1050_fsl_romapi\fatfs\source" -I"D:\IMXRT1050EVKB_Bootloader\BD155_P_V1_0_0\McuXpresso\evkbimxrt1050_fsl_romapi\fatfs\source\fsl_usb_disk" -I"D:\IMXRT1050EVKB_Bootloader\BD155_P_V1_0_0\McuXpresso\evkbimxrt1050_fsl_romapi\device" -I"D:\IMXRT1050EVKB_Bootloader\BD155_P_V1_0_0\McuXpresso\evkbimxrt1050_fsl_romapi\xip" -I"D:\IMXRT1050EVKB_Bootloader\BD155_P_V1_0_0\McuXpresso\evkbimxrt1050_fsl_romapi\component\uart" -I"D:\IMXRT1050EVKB_Bootloader\BD155_P_V1_0_0\McuXpresso\evkbimxrt1050_fsl_romapi\component\lists" -I"D:\IMXRT1050EVKB_Bootloader\BD155_P_V1_0_0\McuXpresso\evkbimxrt1050_fsl_romapi\component\osa" -I"D:\IMXRT1050EVKB_Bootloader\BD155_P_V1_0_0\McuXpresso\evkbimxrt1050_fsl_romapi\component\silicon_id" -I"D:\IMXRT1050EVKB_Bootloader\BD155_P_V1_0_0\McuXpresso\evkbimxrt1050_fsl_romapi\CMSIS" -I"D:\IMXRT1050EVKB_Bootloader\BD155_P_V1_0_0\McuXpresso\evkbimxrt1050_fsl_romapi\board" -I"D:\IMXRT1050EVKB_Bootloader\BD155_P_V1_0_0\McuXpresso\evkbimxrt1050_fsl_romapi\evkbimxrt1050\driver_examples\fsl_romapi" -O0 -fno-common -g3 -c -ffunction-sections -fdata-sections -ffreestanding -fno-builtin -fmerge-constants -fmacro-prefix-map="../usb/host/class/"= -mcpu=cortex-m7 -mfpu=fpv5-d16 -mfloat-abi=hard -mthumb -D__REDLIB__ -fstack-usage -specs=redlib.specs -MMD -MP -MF"usb/host/class/usb_host_msd_ufi.d" -MT"usb/host/class/usb_host_msd_ufi.o" -MT"usb/host/class/usb_host_msd_ufi.d" -o "usb/host/class/usb_host_msd_ufi.o" "../usb/host/class/usb_host_msd_ufi.c"
Invoking: MCU C Compiler
 
 
 
arm-none-eabi-gcc -std=gnu99 -D__REDLIB__ -DCPU_MIMXRT1052DVL6B -DCPU_MIMXRT1052DVL6B_cm7 -DSDK_DEBUGCONSOLE=1 -DXIP_EXTERNAL_FLASH=1 -DXIP_BOOT_HEADER_ENABLE=1 -DUSB_STACK_BM -DPRINTF_ADVANCED_ENABLE=1 -DFSL_OSA_BM_TASK_ENABLE=0 -DFSL_OSA_BM_TIMER_CONFIG=0 -DFSL_SDK_ENABLE_DRIVER_CACHE_CONTROL=1 -DSD_ENABLED -DMCUXPRESSO_SDK -DCR_INTEGER_PRINTF -DPRINTF_FLOAT_ENABLE=0 -DXIP_BOOT_HEADER_DCD_ENABLE=1 -DSKIP_SYSCLK_INIT -DDATA_SECTION_IS_CACHEABLE=1 -DAPPWIZARD -D__MCUXPRESSO -D__USE_CMSIS -DDEBUG -I"D:\IMXRT1050EVKB_Bootloader\BD155_P_V1_0_0\McuXpresso\evkbimxrt1050_fsl_romapi\source" -I"D:\IMXRT1050EVKB_Bootloader\BD155_P_V1_0_0\McuXpresso\evkbimxrt1050_fsl_romapi\fatfs\source\fsl_ram_disk" -I"D:\IMXRT1050EVKB_Bootloader\BD155_P_V1_0_0\McuXpresso\evkbimxrt1050_fsl_romapi\usb\host" -I"D:\IMXRT1050EVKB_Bootloader\BD155_P_V1_0_0\McuXpresso\evkbimxrt1050_fsl_romapi\usb\include" -I"D:\IMXRT1050EVKB_Bootloader\BD155_P_V1_0_0\McuXpresso\evkbimxrt1050_fsl_romapi\usb\phy" -I"D:\IMXRT1050EVKB_Bootloader\BD155_P_V1_0_0\McuXpresso\evkbimxrt1050_fsl_romapi\drivers" -I"D:\IMXRT1050EVKB_Bootloader\BD155_P_V1_0_0\McuXpresso\evkbimxrt1050_fsl_romapi\utilities" -I"D:\IMXRT1050EVKB_Bootloader\BD155_P_V1_0_0\McuXpresso\evkbimxrt1050_fsl_romapi\usb\host\class" -I"D:\IMXRT1050EVKB_Bootloader\BD155_P_V1_0_0\McuXpresso\evkbimxrt1050_fsl_romapi\fatfs\source" -I"D:\IMXRT1050EVKB_Bootloader\BD155_P_V1_0_0\McuXpresso\evkbimxrt1050_fsl_romapi\fatfs\source\fsl_usb_disk" -I"D:\IMXRT1050EVKB_Bootloader\BD155_P_V1_0_0\McuXpresso\evkbimxrt1050_fsl_romapi\device" -I"D:\IMXRT1050EVKB_Bootloader\BD155_P_V1_0_0\McuXpresso\evkbimxrt1050_fsl_romapi\xip" -I"D:\IMXRT1050EVKB_Bootloader\BD155_P_V1_0_0\McuXpresso\evkbimxrt1050_fsl_romapi\component\uart" -I"D:\IMXRT1050EVKB_Bootloader\BD155_P_V1_0_0\McuXpresso\evkbimxrt1050_fsl_romapi\component\lists" -I"D:\IMXRT1050EVKB_Bootloader\BD155_P_V1_0_0\McuXpresso\evkbimxrt1050_fsl_romapi\component\osa" -I"D:\IMXRT1050EVKB_Bootloader\BD155_P_V1_0_0\McuXpresso\evkbimxrt1050_fsl_romapi\component\silicon_id" -I"D:\IMXRT1050EVKB_Bootloader\BD155_P_V1_0_0\McuXpresso\evkbimxrt1050_fsl_romapi\CMSIS" -I"D:\IMXRT1050EVKB_Bootloader\BD155_P_V1_0_0\McuXpresso\evkbimxrt1050_fsl_romapi\board" -I"D:\IMXRT1050EVKB_Bootloader\BD155_P_V1_0_0\McuXpresso\evkbimxrt1050_fsl_romapi\evkbimxrt1050\driver_examples\fsl_romapi" -O0 -fno-common -g3 -c -ffunction-sections -fdata-sections -ffreestanding -fno-builtin -fmerge-constants -fmacro-prefix-map="../usb/host/"= -mcpu=cortex-m7 -mfpu=fpv5-d16 -mfloat-abi=hard -mthumb -D__REDLIB__ -fstack-usage -specs=redlib.specs -MMD -MP -MF"usb/host/usb_host_devices.d" -MT"usb/host/usb_host_devices.o" -MT"usb/host/usb_host_devices.d" -o "usb/host/usb_host_devices.o" "../usb/host/usb_host_devices.c"
Finished building: ../usb/phy/usb_phy.c
Finished building: ../utilities/fsl_debug_console.c
 
 
Building file: ../usb/host/usb_host_ehci.c
Building file: ../usb/host/usb_host_framework.c
Building file: ../usb/host/usb_host_hci.c
Finished building: ../usb/host/class/usb_host_hub.c
Finished building: ../usb/host/class/usb_host_hub_app.c
Finished building: ../usb/host/class/usb_host_msd.c
Invoking: MCU C Compiler
Invoking: MCU C Compiler
Invoking: MCU C Compiler
 
 
 
arm-none-eabi-gcc -std=gnu99 -D__REDLIB__ -DCPU_MIMXRT1052DVL6B -DCPU_MIMXRT1052DVL6B_cm7 -DSDK_DEBUGCONSOLE=1 -DXIP_EXTERNAL_FLASH=1 -DXIP_BOOT_HEADER_ENABLE=1 -DUSB_STACK_BM -DPRINTF_ADVANCED_ENABLE=1 -DFSL_OSA_BM_TASK_ENABLE=0 -DFSL_OSA_BM_TIMER_CONFIG=0 -DFSL_SDK_ENABLE_DRIVER_CACHE_CONTROL=1 -DSD_ENABLED -DMCUXPRESSO_SDK -DCR_INTEGER_PRINTF -DPRINTF_FLOAT_ENABLE=0 -DXIP_BOOT_HEADER_DCD_ENABLE=1 -DSKIP_SYSCLK_INIT -DDATA_SECTION_IS_CACHEABLE=1 -DAPPWIZARD -D__MCUXPRESSO -D__USE_CMSIS -DDEBUG -I"D:\IMXRT1050EVKB_Bootloader\BD155_P_V1_0_0\McuXpresso\evkbimxrt1050_fsl_romapi\source" -I"D:\IMXRT1050EVKB_Bootloader\BD155_P_V1_0_0\McuXpresso\evkbimxrt1050_fsl_romapi\fatfs\source\fsl_ram_disk" -I"D:\IMXRT1050EVKB_Bootloader\BD155_P_V1_0_0\McuXpresso\evkbimxrt1050_fsl_romapi\usb\host" -I"D:\IMXRT1050EVKB_Bootloader\BD155_P_V1_0_0\McuXpresso\evkbimxrt1050_fsl_romapi\usb\include" -I"D:\IMXRT1050EVKB_Bootloader\BD155_P_V1_0_0\McuXpresso\evkbimxrt1050_fsl_romapi\usb\phy" -I"D:\IMXRT1050EVKB_Bootloader\BD155_P_V1_0_0\McuXpresso\evkbimxrt1050_fsl_romapi\drivers" -I"D:\IMXRT1050EVKB_Bootloader\BD155_P_V1_0_0\McuXpresso\evkbimxrt1050_fsl_romapi\utilities" -I"D:\IMXRT1050EVKB_Bootloader\BD155_P_V1_0_0\McuXpresso\evkbimxrt1050_fsl_romapi\usb\host\class" -I"D:\IMXRT1050EVKB_Bootloader\BD155_P_V1_0_0\McuXpresso\evkbimxrt1050_fsl_romapi\fatfs\source" -I"D:\IMXRT1050EVKB_Bootloader\BD155_P_V1_0_0\McuXpresso\evkbimxrt1050_fsl_romapi\fatfs\source\fsl_usb_disk" -I"D:\IMXRT1050EVKB_Bootloader\BD155_P_V1_0_0\McuXpresso\evkbimxrt1050_fsl_romapi\device" -I"D:\IMXRT1050EVKB_Bootloader\BD155_P_V1_0_0\McuXpresso\evkbimxrt1050_fsl_romapi\xip" -I"D:\IMXRT1050EVKB_Bootloader\BD155_P_V1_0_0\McuXpresso\evkbimxrt1050_fsl_romapi\component\uart" -I"D:\IMXRT1050EVKB_Bootloader\BD155_P_V1_0_0\McuXpresso\evkbimxrt1050_fsl_romapi\component\lists" -I"D:\IMXRT1050EVKB_Bootloader\BD155_P_V1_0_0\McuXpresso\evkbimxrt1050_fsl_romapi\component\osa" -I"D:\IMXRT1050EVKB_Bootloader\BD155_P_V1_0_0\McuXpresso\evkbimxrt1050_fsl_romapi\component\silicon_id" -I"D:\IMXRT1050EVKB_Bootloader\BD155_P_V1_0_0\McuXpresso\evkbimxrt1050_fsl_romapi\CMSIS" -I"D:\IMXRT1050EVKB_Bootloader\BD155_P_V1_0_0\McuXpresso\evkbimxrt1050_fsl_romapi\board" -I"D:\IMXRT1050EVKB_Bootloader\BD155_P_V1_0_0\McuXpresso\evkbimxrt1050_fsl_romapi\evkbimxrt1050\driver_examples\fsl_romapi" -O0 -fno-common -g3 -c -ffunction-sections -fdata-sections -ffreestanding -fno-builtin -fmerge-constants -fmacro-prefix-map="../usb/host/"= -mcpu=cortex-m7 -mfpu=fpv5-d16 -mfloat-abi=hard -mthumb -D__REDLIB__ -fstack-usage -specs=redlib.specs -MMD -MP -MF"usb/host/usb_host_ehci.d" -MT"usb/host/usb_host_ehci.o" -MT"usb/host/usb_host_ehci.d" -o "usb/host/usb_host_ehci.o" "../usb/host/usb_host_ehci.c"
Finished building: ../usb/host/class/usb_host_msd_ufi.c
arm-none-eabi-gcc -std=gnu99 -D__REDLIB__ -DCPU_MIMXRT1052DVL6B -DCPU_MIMXRT1052DVL6B_cm7 -DSDK_DEBUGCONSOLE=1 -DXIP_EXTERNAL_FLASH=1 -DXIP_BOOT_HEADER_ENABLE=1 -DUSB_STACK_BM -DPRINTF_ADVANCED_ENABLE=1 -DFSL_OSA_BM_TASK_ENABLE=0 -DFSL_OSA_BM_TIMER_CONFIG=0 -DFSL_SDK_ENABLE_DRIVER_CACHE_CONTROL=1 -DSD_ENABLED -DMCUXPRESSO_SDK -DCR_INTEGER_PRINTF -DPRINTF_FLOAT_ENABLE=0 -DXIP_BOOT_HEADER_DCD_ENABLE=1 -DSKIP_SYSCLK_INIT -DDATA_SECTION_IS_CACHEABLE=1 -DAPPWIZARD -D__MCUXPRESSO -D__USE_CMSIS -DDEBUG -I"D:\IMXRT1050EVKB_Bootloader\BD155_P_V1_0_0\McuXpresso\evkbimxrt1050_fsl_romapi\source" -I"D:\IMXRT1050EVKB_Bootloader\BD155_P_V1_0_0\McuXpresso\evkbimxrt1050_fsl_romapi\fatfs\source\fsl_ram_disk" -I"D:\IMXRT1050EVKB_Bootloader\BD155_P_V1_0_0\McuXpresso\evkbimxrt1050_fsl_romapi\usb\host" -I"D:\IMXRT1050EVKB_Bootloader\BD155_P_V1_0_0\McuXpresso\evkbimxrt1050_fsl_romapi\usb\include" -I"D:\IMXRT1050EVKB_Bootloader\BD155_P_V1_0_0\McuXpresso\evkbimxrt1050_fsl_romapi\usb\phy" -I"D:\IMXRT1050EVKB_Bootloader\BD155_P_V1_0_0\McuXpresso\evkbimxrt1050_fsl_romapi\drivers" -I"D:\IMXRT1050EVKB_Bootloader\BD155_P_V1_0_0\McuXpresso\evkbimxrt1050_fsl_romapi\utilities" -I"D:\IMXRT1050EVKB_Bootloader\BD155_P_V1_0_0\McuXpresso\evkbimxrt1050_fsl_romapi\usb\host\class" -I"D:\IMXRT1050EVKB_Bootloader\BD155_P_V1_0_0\McuXpresso\evkbimxrt1050_fsl_romapi\fatfs\source" -I"D:\IMXRT1050EVKB_Bootloader\BD155_P_V1_0_0\McuXpresso\evkbimxrt1050_fsl_romapi\fatfs\source\fsl_usb_disk" -I"D:\IMXRT1050EVKB_Bootloader\BD155_P_V1_0_0\McuXpresso\evkbimxrt1050_fsl_romapi\device" -I"D:\IMXRT1050EVKB_Bootloader\BD155_P_V1_0_0\McuXpresso\evkbimxrt1050_fsl_romapi\xip" -I"D:\IMXRT1050EVKB_Bootloader\BD155_P_V1_0_0\McuXpresso\evkbimxrt1050_fsl_romapi\component\uart" -I"D:\IMXRT1050EVKB_Bootloader\BD155_P_V1_0_0\McuXpresso\evkbimxrt1050_fsl_romapi\component\lists" -I"D:\IMXRT1050EVKB_Bootloader\BD155_P_V1_0_0\McuXpresso\evkbimxrt1050_fsl_romapi\component\osa" -I"D:\IMXRT1050EVKB_Bootloader\BD155_P_V1_0_0\McuXpresso\evkbimxrt1050_fsl_romapi\component\silicon_id" -I"D:\IMXRT1050EVKB_Bootloader\BD155_P_V1_0_0\McuXpresso\evkbimxrt1050_fsl_romapi\CMSIS" -I"D:\IMXRT1050EVKB_Bootloader\BD155_P_V1_0_0\McuXpresso\evkbimxrt1050_fsl_romapi\board" -I"D:\IMXRT1050EVKB_Bootloader\BD155_P_V1_0_0\McuXpresso\evkbimxrt1050_fsl_romapi\evkbimxrt1050\driver_examples\fsl_romapi" -O0 -fno-common -g3 -c -ffunction-sections -fdata-sections -ffreestanding -fno-builtin -fmerge-constants -fmacro-prefix-map="../usb/host/"= -mcpu=cortex-m7 -mfpu=fpv5-d16 -mfloat-abi=hard -mthumb -D__REDLIB__ -fstack-usage -specs=redlib.specs -MMD -MP -MF"usb/host/usb_host_framework.d" -MT"usb/host/usb_host_framework.o" -MT"usb/host/usb_host_framework.d" -o "usb/host/usb_host_framework.o" "../usb/host/usb_host_framework.c"
arm-none-eabi-gcc -std=gnu99 -D__REDLIB__ -DCPU_MIMXRT1052DVL6B -DCPU_MIMXRT1052DVL6B_cm7 -DSDK_DEBUGCONSOLE=1 -DXIP_EXTERNAL_FLASH=1 -DXIP_BOOT_HEADER_ENABLE=1 -DUSB_STACK_BM -DPRINTF_ADVANCED_ENABLE=1 -DFSL_OSA_BM_TASK_ENABLE=0 -DFSL_OSA_BM_TIMER_CONFIG=0 -DFSL_SDK_ENABLE_DRIVER_CACHE_CONTROL=1 -DSD_ENABLED -DMCUXPRESSO_SDK -DCR_INTEGER_PRINTF -DPRINTF_FLOAT_ENABLE=0 -DXIP_BOOT_HEADER_DCD_ENABLE=1 -DSKIP_SYSCLK_INIT -DDATA_SECTION_IS_CACHEABLE=1 -DAPPWIZARD -D__MCUXPRESSO -D__USE_CMSIS -DDEBUG -I"D:\IMXRT1050EVKB_Bootloader\BD155_P_V1_0_0\McuXpresso\evkbimxrt1050_fsl_romapi\source" -I"D:\IMXRT1050EVKB_Bootloader\BD155_P_V1_0_0\McuXpresso\evkbimxrt1050_fsl_romapi\fatfs\source\fsl_ram_disk" -I"D:\IMXRT1050EVKB_Bootloader\BD155_P_V1_0_0\McuXpresso\evkbimxrt1050_fsl_romapi\usb\host" -I"D:\IMXRT1050EVKB_Bootloader\BD155_P_V1_0_0\McuXpresso\evkbimxrt1050_fsl_romapi\usb\include" -I"D:\IMXRT1050EVKB_Bootloader\BD155_P_V1_0_0\McuXpresso\evkbimxrt1050_fsl_romapi\usb\phy" -I"D:\IMXRT1050EVKB_Bootloader\BD155_P_V1_0_0\McuXpresso\evkbimxrt1050_fsl_romapi\drivers" -I"D:\IMXRT1050EVKB_Bootloader\BD155_P_V1_0_0\McuXpresso\evkbimxrt1050_fsl_romapi\utilities" -I"D:\IMXRT1050EVKB_Bootloader\BD155_P_V1_0_0\McuXpresso\evkbimxrt1050_fsl_romapi\usb\host\class" -I"D:\IMXRT1050EVKB_Bootloader\BD155_P_V1_0_0\McuXpresso\evkbimxrt1050_fsl_romapi\fatfs\source" -I"D:\IMXRT1050EVKB_Bootloader\BD155_P_V1_0_0\McuXpresso\evkbimxrt1050_fsl_romapi\fatfs\source\fsl_usb_disk" -I"D:\IMXRT1050EVKB_Bootloader\BD155_P_V1_0_0\McuXpresso\evkbimxrt1050_fsl_romapi\device" -I"D:\IMXRT1050EVKB_Bootloader\BD155_P_V1_0_0\McuXpresso\evkbimxrt1050_fsl_romapi\xip" -I"D:\IMXRT1050EVKB_Bootloader\BD155_P_V1_0_0\McuXpresso\evkbimxrt1050_fsl_romapi\component\uart" -I"D:\IMXRT1050EVKB_Bootloader\BD155_P_V1_0_0\McuXpresso\evkbimxrt1050_fsl_romapi\component\lists" -I"D:\IMXRT1050EVKB_Bootloader\BD155_P_V1_0_0\McuXpresso\evkbimxrt1050_fsl_romapi\component\osa" -I"D:\IMXRT1050EVKB_Bootloader\BD155_P_V1_0_0\McuXpresso\evkbimxrt1050_fsl_romapi\component\silicon_id" -I"D:\IMXRT1050EVKB_Bootloader\BD155_P_V1_0_0\McuXpresso\evkbimxrt1050_fsl_romapi\CMSIS" -I"D:\IMXRT1050EVKB_Bootloader\BD155_P_V1_0_0\McuXpresso\evkbimxrt1050_fsl_romapi\board" -I"D:\IMXRT1050EVKB_Bootloader\BD155_P_V1_0_0\McuXpresso\evkbimxrt1050_fsl_romapi\evkbimxrt1050\driver_examples\fsl_romapi" -O0 -fno-common -g3 -c -ffunction-sections -fdata-sections -ffreestanding -fno-builtin -fmerge-constants -fmacro-prefix-map="../usb/host/"= -mcpu=cortex-m7 -mfpu=fpv5-d16 -mfloat-abi=hard -mthumb -D__REDLIB__ -fstack-usage -specs=redlib.specs -MMD -MP -MF"usb/host/usb_host_hci.d" -MT"usb/host/usb_host_hci.o" -MT"usb/host/usb_host_hci.d" -o "usb/host/usb_host_hci.o" "../usb/host/usb_host_hci.c"
 
Building file: ../startup/startup_mimxrt1052.c
Finished building: ../usb/host/usb_host_devices.c
Invoking: MCU C Compiler
arm-none-eabi-gcc -std=gnu99 -D__REDLIB__ -DCPU_MIMXRT1052DVL6B -DCPU_MIMXRT1052DVL6B_cm7 -DSDK_DEBUGCONSOLE=1 -DXIP_EXTERNAL_FLASH=1 -DXIP_BOOT_HEADER_ENABLE=1 -DUSB_STACK_BM -DPRINTF_ADVANCED_ENABLE=1 -DFSL_OSA_BM_TASK_ENABLE=0 -DFSL_OSA_BM_TIMER_CONFIG=0 -DFSL_SDK_ENABLE_DRIVER_CACHE_CONTROL=1 -DSD_ENABLED -DMCUXPRESSO_SDK -DCR_INTEGER_PRINTF -DPRINTF_FLOAT_ENABLE=0 -DXIP_BOOT_HEADER_DCD_ENABLE=1 -DSKIP_SYSCLK_INIT -DDATA_SECTION_IS_CACHEABLE=1 -DAPPWIZARD -D__MCUXPRESSO -D__USE_CMSIS -DDEBUG -I"D:\IMXRT1050EVKB_Bootloader\BD155_P_V1_0_0\McuXpresso\evkbimxrt1050_fsl_romapi\source" -I"D:\IMXRT1050EVKB_Bootloader\BD155_P_V1_0_0\McuXpresso\evkbimxrt1050_fsl_romapi\fatfs\source\fsl_ram_disk" -I"D:\IMXRT1050EVKB_Bootloader\BD155_P_V1_0_0\McuXpresso\evkbimxrt1050_fsl_romapi\usb\host" -I"D:\IMXRT1050EVKB_Bootloader\BD155_P_V1_0_0\McuXpresso\evkbimxrt1050_fsl_romapi\usb\include" -I"D:\IMXRT1050EVKB_Bootloader\BD155_P_V1_0_0\McuXpresso\evkbimxrt1050_fsl_romapi\usb\phy" -I"D:\IMXRT1050EVKB_Bootloader\BD155_P_V1_0_0\McuXpresso\evkbimxrt1050_fsl_romapi\drivers" -I"D:\IMXRT1050EVKB_Bootloader\BD155_P_V1_0_0\McuXpresso\evkbimxrt1050_fsl_romapi\utilities" -I"D:\IMXRT1050EVKB_Bootloader\BD155_P_V1_0_0\McuXpresso\evkbimxrt1050_fsl_romapi\usb\host\class" -I"D:\IMXRT1050EVKB_Bootloader\BD155_P_V1_0_0\McuXpresso\evkbimxrt1050_fsl_romapi\fatfs\source" -I"D:\IMXRT1050EVKB_Bootloader\BD155_P_V1_0_0\McuXpresso\evkbimxrt1050_fsl_romapi\fatfs\source\fsl_usb_disk" -I"D:\IMXRT1050EVKB_Bootloader\BD155_P_V1_0_0\McuXpresso\evkbimxrt1050_fsl_romapi\device" -I"D:\IMXRT1050EVKB_Bootloader\BD155_P_V1_0_0\McuXpresso\evkbimxrt1050_fsl_romapi\xip" -I"D:\IMXRT1050EVKB_Bootloader\BD155_P_V1_0_0\McuXpresso\evkbimxrt1050_fsl_romapi\component\uart" -I"D:\IMXRT1050EVKB_Bootloader\BD155_P_V1_0_0\McuXpresso\evkbimxrt1050_fsl_romapi\component\lists" -I"D:\IMXRT1050EVKB_Bootloader\BD155_P_V1_0_0\McuXpresso\evkbimxrt1050_fsl_romapi\component\osa" -I"D:\IMXRT1050EVKB_Bootloader\BD155_P_V1_0_0\McuXpresso\evkbimxrt1050_fsl_romapi\component\silicon_id" -I"D:\IMXRT1050EVKB_Bootloader\BD155_P_V1_0_0\McuXpresso\evkbimxrt1050_fsl_romapi\CMSIS" -I"D:\IMXRT1050EVKB_Bootloader\BD155_P_V1_0_0\McuXpresso\evkbimxrt1050_fsl_romapi\board" -I"D:\IMXRT1050EVKB_Bootloader\BD155_P_V1_0_0\McuXpresso\evkbimxrt1050_fsl_romapi\evkbimxrt1050\driver_examples\fsl_romapi" -O0 -fno-common -g3 -c -ffunction-sections -fdata-sections -ffreestanding -fno-builtin -fmerge-constants -fmacro-prefix-map="../startup/"= -mcpu=cortex-m7 -mfpu=fpv5-d16 -mfloat-abi=hard -mthumb -D__REDLIB__ -fstack-usage -specs=redlib.specs -MMD -MP -MF"startup/startup_mimxrt1052.d" -MT"startup/startup_mimxrt1052.o" -MT"startup/startup_mimxrt1052.d" -o "startup/startup_mimxrt1052.o" "../startup/startup_mimxrt1052.c"
 
Building file: ../source/flexspi_romapi.c
Building file: ../source/flexspi_romapi_ops.c
Invoking: MCU C Compiler
arm-none-eabi-gcc -std=gnu99 -D__REDLIB__ -DCPU_MIMXRT1052DVL6B -DCPU_MIMXRT1052DVL6B_cm7 -DSDK_DEBUGCONSOLE=1 -DXIP_EXTERNAL_FLASH=1 -DXIP_BOOT_HEADER_ENABLE=1 -DUSB_STACK_BM -DPRINTF_ADVANCED_ENABLE=1 -DFSL_OSA_BM_TASK_ENABLE=0 -DFSL_OSA_BM_TIMER_CONFIG=0 -DFSL_SDK_ENABLE_DRIVER_CACHE_CONTROL=1 -DSD_ENABLED -DMCUXPRESSO_SDK -DCR_INTEGER_PRINTF -DPRINTF_FLOAT_ENABLE=0 -DXIP_BOOT_HEADER_DCD_ENABLE=1 -DSKIP_SYSCLK_INIT -DDATA_SECTION_IS_CACHEABLE=1 -DAPPWIZARD -D__MCUXPRESSO -D__USE_CMSIS -DDEBUG -I"D:\IMXRT1050EVKB_Bootloader\BD155_P_V1_0_0\McuXpresso\evkbimxrt1050_fsl_romapi\source" -I"D:\IMXRT1050EVKB_Bootloader\BD155_P_V1_0_0\McuXpresso\evkbimxrt1050_fsl_romapi\fatfs\source\fsl_ram_disk" -I"D:\IMXRT1050EVKB_Bootloader\BD155_P_V1_0_0\McuXpresso\evkbimxrt1050_fsl_romapi\usb\host" -I"D:\IMXRT1050EVKB_Bootloader\BD155_P_V1_0_0\McuXpresso\evkbimxrt1050_fsl_romapi\usb\include" -I"D:\IMXRT1050EVKB_Bootloader\BD155_P_V1_0_0\McuXpresso\evkbimxrt1050_fsl_romapi\usb\phy" -I"D:\IMXRT1050EVKB_Bootloader\BD155_P_V1_0_0\McuXpresso\evkbimxrt1050_fsl_romapi\drivers" -I"D:\IMXRT1050EVKB_Bootloader\BD155_P_V1_0_0\McuXpresso\evkbimxrt1050_fsl_romapi\utilities" -I"D:\IMXRT1050EVKB_Bootloader\BD155_P_V1_0_0\McuXpresso\evkbimxrt1050_fsl_romapi\usb\host\class" -I"D:\IMXRT1050EVKB_Bootloader\BD155_P_V1_0_0\McuXpresso\evkbimxrt1050_fsl_romapi\fatfs\source" -I"D:\IMXRT1050EVKB_Bootloader\BD155_P_V1_0_0\McuXpresso\evkbimxrt1050_fsl_romapi\fatfs\source\fsl_usb_disk" -I"D:\IMXRT1050EVKB_Bootloader\BD155_P_V1_0_0\McuXpresso\evkbimxrt1050_fsl_romapi\device" -I"D:\IMXRT1050EVKB_Bootloader\BD155_P_V1_0_0\McuXpresso\evkbimxrt1050_fsl_romapi\xip" -I"D:\IMXRT1050EVKB_Bootloader\BD155_P_V1_0_0\McuXpresso\evkbimxrt1050_fsl_romapi\component\uart" -I"D:\IMXRT1050EVKB_Bootloader\BD155_P_V1_0_0\McuXpresso\evkbimxrt1050_fsl_romapi\component\lists" -I"D:\IMXRT1050EVKB_Bootloader\BD155_P_V1_0_0\McuXpresso\evkbimxrt1050_fsl_romapi\component\osa" -I"D:\IMXRT1050EVKB_Bootloader\BD155_P_V1_0_0\McuXpresso\evkbimxrt1050_fsl_romapi\component\silicon_id" -I"D:\IMXRT1050EVKB_Bootloader\BD155_P_V1_0_0\McuXpresso\evkbimxrt1050_fsl_romapi\CMSIS" -I"D:\IMXRT1050EVKB_Bootloader\BD155_P_V1_0_0\McuXpresso\evkbimxrt1050_fsl_romapi\board" -I"D:\IMXRT1050EVKB_Bootloader\BD155_P_V1_0_0\McuXpresso\evkbimxrt1050_fsl_romapi\evkbimxrt1050\driver_examples\fsl_romapi" -O0 -fno-common -g3 -c -ffunction-sections -fdata-sections -ffreestanding -fno-builtin -fmerge-constants -fmacro-prefix-map="../source/"= -mcpu=cortex-m7 -mfpu=fpv5-d16 -mfloat-abi=hard -mthumb -D__REDLIB__ -fstack-usage -specs=redlib.specs -MMD -MP -MF"source/flexspi_romapi.d" -MT"source/flexspi_romapi.o" -MT"source/flexspi_romapi.d" -o "source/flexspi_romapi.o" "../source/flexspi_romapi.c"
Invoking: MCU C Compiler
arm-none-eabi-gcc -std=gnu99 -D__REDLIB__ -DCPU_MIMXRT1052DVL6B -DCPU_MIMXRT1052DVL6B_cm7 -DSDK_DEBUGCONSOLE=1 -DXIP_EXTERNAL_FLASH=1 -DXIP_BOOT_HEADER_ENABLE=1 -DUSB_STACK_BM -DPRINTF_ADVANCED_ENABLE=1 -DFSL_OSA_BM_TASK_ENABLE=0 -DFSL_OSA_BM_TIMER_CONFIG=0 -DFSL_SDK_ENABLE_DRIVER_CACHE_CONTROL=1 -DSD_ENABLED -DMCUXPRESSO_SDK -DCR_INTEGER_PRINTF -DPRINTF_FLOAT_ENABLE=0 -DXIP_BOOT_HEADER_DCD_ENABLE=1 -DSKIP_SYSCLK_INIT -DDATA_SECTION_IS_CACHEABLE=1 -DAPPWIZARD -D__MCUXPRESSO -D__USE_CMSIS -DDEBUG -I"D:\IMXRT1050EVKB_Bootloader\BD155_P_V1_0_0\McuXpresso\evkbimxrt1050_fsl_romapi\source" -I"D:\IMXRT1050EVKB_Bootloader\BD155_P_V1_0_0\McuXpresso\evkbimxrt1050_fsl_romapi\fatfs\source\fsl_ram_disk" -I"D:\IMXRT1050EVKB_Bootloader\BD155_P_V1_0_0\McuXpresso\evkbimxrt1050_fsl_romapi\usb\host" -I"D:\IMXRT1050EVKB_Bootloader\BD155_P_V1_0_0\McuXpresso\evkbimxrt1050_fsl_romapi\usb\include" -I"D:\IMXRT1050EVKB_Bootloader\BD155_P_V1_0_0\McuXpresso\evkbimxrt1050_fsl_romapi\usb\phy" -I"D:\IMXRT1050EVKB_Bootloader\BD155_P_V1_0_0\McuXpresso\evkbimxrt1050_fsl_romapi\drivers" -I"D:\IMXRT1050EVKB_Bootloader\BD155_P_V1_0_0\McuXpresso\evkbimxrt1050_fsl_romapi\utilities" -I"D:\IMXRT1050EVKB_Bootloader\BD155_P_V1_0_0\McuXpresso\evkbimxrt1050_fsl_romapi\usb\host\class" -I"D:\IMXRT1050EVKB_Bootloader\BD155_P_V1_0_0\McuXpresso\evkbimxrt1050_fsl_romapi\fatfs\source" -I"D:\IMXRT1050EVKB_Bootloader\BD155_P_V1_0_0\McuXpresso\evkbimxrt1050_fsl_romapi\fatfs\source\fsl_usb_disk" -I"D:\IMXRT1050EVKB_Bootloader\BD155_P_V1_0_0\McuXpresso\evkbimxrt1050_fsl_romapi\device" -I"D:\IMXRT1050EVKB_Bootloader\BD155_P_V1_0_0\McuXpresso\evkbimxrt1050_fsl_romapi\xip" -I"D:\IMXRT1050EVKB_Bootloader\BD155_P_V1_0_0\McuXpresso\evkbimxrt1050_fsl_romapi\component\uart" -I"D:\IMXRT1050EVKB_Bootloader\BD155_P_V1_0_0\McuXpresso\evkbimxrt1050_fsl_romapi\component\lists" -I"D:\IMXRT1050EVKB_Bootloader\BD155_P_V1_0_0\McuXpresso\evkbimxrt1050_fsl_romapi\component\osa" -I"D:\IMXRT1050EVKB_Bootloader\BD155_P_V1_0_0\McuXpresso\evkbimxrt1050_fsl_romapi\component\silicon_id" -I"D:\IMXRT1050EVKB_Bootloader\BD155_P_V1_0_0\McuXpresso\evkbimxrt1050_fsl_romapi\CMSIS" -I"D:\IMXRT1050EVKB_Bootloader\BD155_P_V1_0_0\McuXpresso\evkbimxrt1050_fsl_romapi\board" -I"D:\IMXRT1050EVKB_Bootloader\BD155_P_V1_0_0\McuXpresso\evkbimxrt1050_fsl_romapi\evkbimxrt1050\driver_examples\fsl_romapi" -O0 -fno-common -g3 -c -ffunction-sections -fdata-sections -ffreestanding -fno-builtin -fmerge-constants -fmacro-prefix-map="../source/"= -mcpu=cortex-m7 -mfpu=fpv5-d16 -mfloat-abi=hard -mthumb -D__REDLIB__ -fstack-usage -specs=redlib.specs -MMD -MP -MF"source/flexspi_romapi_ops.d" -MT"source/flexspi_romapi_ops.o" -MT"source/flexspi_romapi_ops.d" -o "source/flexspi_romapi_ops.o" "../source/flexspi_romapi_ops.c"
Building file: ../source/host_msd_fatfs.c
Building file: ../source/semihost_hardfault.c
Invoking: MCU C Compiler
Invoking: MCU C Compiler
arm-none-eabi-gcc -std=gnu99 -D__REDLIB__ -DCPU_MIMXRT1052DVL6B -DCPU_MIMXRT1052DVL6B_cm7 -DSDK_DEBUGCONSOLE=1 -DXIP_EXTERNAL_FLASH=1 -DXIP_BOOT_HEADER_ENABLE=1 -DUSB_STACK_BM -DPRINTF_ADVANCED_ENABLE=1 -DFSL_OSA_BM_TASK_ENABLE=0 -DFSL_OSA_BM_TIMER_CONFIG=0 -DFSL_SDK_ENABLE_DRIVER_CACHE_CONTROL=1 -DSD_ENABLED -DMCUXPRESSO_SDK -DCR_INTEGER_PRINTF -DPRINTF_FLOAT_ENABLE=0 -DXIP_BOOT_HEADER_DCD_ENABLE=1 -DSKIP_SYSCLK_INIT -DDATA_SECTION_IS_CACHEABLE=1 -DAPPWIZARD -D__MCUXPRESSO -D__USE_CMSIS -DDEBUG -I"D:\IMXRT1050EVKB_Bootloader\BD155_P_V1_0_0\McuXpresso\evkbimxrt1050_fsl_romapi\source" -I"D:\IMXRT1050EVKB_Bootloader\BD155_P_V1_0_0\McuXpresso\evkbimxrt1050_fsl_romapi\fatfs\source\fsl_ram_disk" -I"D:\IMXRT1050EVKB_Bootloader\BD155_P_V1_0_0\McuXpresso\evkbimxrt1050_fsl_romapi\usb\host" -I"D:\IMXRT1050EVKB_Bootloader\BD155_P_V1_0_0\McuXpresso\evkbimxrt1050_fsl_romapi\usb\include" -I"D:\IMXRT1050EVKB_Bootloader\BD155_P_V1_0_0\McuXpresso\evkbimxrt1050_fsl_romapi\usb\phy" -I"D:\IMXRT1050EVKB_Bootloader\BD155_P_V1_0_0\McuXpresso\evkbimxrt1050_fsl_romapi\drivers" -I"D:\IMXRT1050EVKB_Bootloader\BD155_P_V1_0_0\McuXpresso\evkbimxrt1050_fsl_romapi\utilities" -I"D:\IMXRT1050EVKB_Bootloader\BD155_P_V1_0_0\McuXpresso\evkbimxrt1050_fsl_romapi\usb\host\class" -I"D:\IMXRT1050EVKB_Bootloader\BD155_P_V1_0_0\McuXpresso\evkbimxrt1050_fsl_romapi\fatfs\source" -I"D:\IMXRT1050EVKB_Bootloader\BD155_P_V1_0_0\McuXpresso\evkbimxrt1050_fsl_romapi\fatfs\source\fsl_usb_disk" -I"D:\IMXRT1050EVKB_Bootloader\BD155_P_V1_0_0\McuXpresso\evkbimxrt1050_fsl_romapi\device" -I"D:\IMXRT1050EVKB_Bootloader\BD155_P_V1_0_0\McuXpresso\evkbimxrt1050_fsl_romapi\xip" -I"D:\IMXRT1050EVKB_Bootloader\BD155_P_V1_0_0\McuXpresso\evkbimxrt1050_fsl_romapi\component\uart" -I"D:\IMXRT1050EVKB_Bootloader\BD155_P_V1_0_0\McuXpresso\evkbimxrt1050_fsl_romapi\component\lists" -I"D:\IMXRT1050EVKB_Bootloader\BD155_P_V1_0_0\McuXpresso\evkbimxrt1050_fsl_romapi\component\osa" -I"D:\IMXRT1050EVKB_Bootloader\BD155_P_V1_0_0\McuXpresso\evkbimxrt1050_fsl_romapi\component\silicon_id" -I"D:\IMXRT1050EVKB_Bootloader\BD155_P_V1_0_0\McuXpresso\evkbimxrt1050_fsl_romapi\CMSIS" -I"D:\IMXRT1050EVKB_Bootloader\BD155_P_V1_0_0\McuXpresso\evkbimxrt1050_fsl_romapi\board" -I"D:\IMXRT1050EVKB_Bootloader\BD155_P_V1_0_0\McuXpresso\evkbimxrt1050_fsl_romapi\evkbimxrt1050\driver_examples\fsl_romapi" -O0 -fno-common -g3 -c -ffunction-sections -fdata-sections -ffreestanding -fno-builtin -fmerge-constants -fmacro-prefix-map="../source/"= -mcpu=cortex-m7 -mfpu=fpv5-d16 -mfloat-abi=hard -mthumb -D__REDLIB__ -fstack-usage -specs=redlib.specs -MMD -MP -MF"source/host_msd_fatfs.d" -MT"source/host_msd_fatfs.o" -MT"source/host_msd_fatfs.d" -o "source/host_msd_fatfs.o" "../source/host_msd_fatfs.c"
Finished building: ../usb/host/usb_host_framework.c
Finished building: ../startup/startup_mimxrt1052.c
Finished building: ../usb/host/usb_host_hci.c
arm-none-eabi-gcc -std=gnu99 -D__REDLIB__ -DCPU_MIMXRT1052DVL6B -DCPU_MIMXRT1052DVL6B_cm7 -DSDK_DEBUGCONSOLE=1 -DXIP_EXTERNAL_FLASH=1 -DXIP_BOOT_HEADER_ENABLE=1 -DUSB_STACK_BM -DPRINTF_ADVANCED_ENABLE=1 -DFSL_OSA_BM_TASK_ENABLE=0 -DFSL_OSA_BM_TIMER_CONFIG=0 -DFSL_SDK_ENABLE_DRIVER_CACHE_CONTROL=1 -DSD_ENABLED -DMCUXPRESSO_SDK -DCR_INTEGER_PRINTF -DPRINTF_FLOAT_ENABLE=0 -DXIP_BOOT_HEADER_DCD_ENABLE=1 -DSKIP_SYSCLK_INIT -DDATA_SECTION_IS_CACHEABLE=1 -DAPPWIZARD -D__MCUXPRESSO -D__USE_CMSIS -DDEBUG -I"D:\IMXRT1050EVKB_Bootloader\BD155_P_V1_0_0\McuXpresso\evkbimxrt1050_fsl_romapi\source" -I"D:\IMXRT1050EVKB_Bootloader\BD155_P_V1_0_0\McuXpresso\evkbimxrt1050_fsl_romapi\fatfs\source\fsl_ram_disk" -I"D:\IMXRT1050EVKB_Bootloader\BD155_P_V1_0_0\McuXpresso\evkbimxrt1050_fsl_romapi\usb\host" -I"D:\IMXRT1050EVKB_Bootloader\BD155_P_V1_0_0\McuXpresso\evkbimxrt1050_fsl_romapi\usb\include" -I"D:\IMXRT1050EVKB_Bootloader\BD155_P_V1_0_0\McuXpresso\evkbimxrt1050_fsl_romapi\usb\phy" -I"D:\IMXRT1050EVKB_Bootloader\BD155_P_V1_0_0\McuXpresso\evkbimxrt1050_fsl_romapi\drivers" -I"D:\IMXRT1050EVKB_Bootloader\BD155_P_V1_0_0\McuXpresso\evkbimxrt1050_fsl_romapi\utilities" -I"D:\IMXRT1050EVKB_Bootloader\BD155_P_V1_0_0\McuXpresso\evkbimxrt1050_fsl_romapi\usb\host\class" -I"D:\IMXRT1050EVKB_Bootloader\BD155_P_V1_0_0\McuXpresso\evkbimxrt1050_fsl_romapi\fatfs\source" -I"D:\IMXRT1050EVKB_Bootloader\BD155_P_V1_0_0\McuXpresso\evkbimxrt1050_fsl_romapi\fatfs\source\fsl_usb_disk" -I"D:\IMXRT1050EVKB_Bootloader\BD155_P_V1_0_0\McuXpresso\evkbimxrt1050_fsl_romapi\device" -I"D:\IMXRT1050EVKB_Bootloader\BD155_P_V1_0_0\McuXpresso\evkbimxrt1050_fsl_romapi\xip" -I"D:\IMXRT1050EVKB_Bootloader\BD155_P_V1_0_0\McuXpresso\evkbimxrt1050_fsl_romapi\component\uart" -I"D:\IMXRT1050EVKB_Bootloader\BD155_P_V1_0_0\McuXpresso\evkbimxrt1050_fsl_romapi\component\lists" -I"D:\IMXRT1050EVKB_Bootloader\BD155_P_V1_0_0\McuXpresso\evkbimxrt1050_fsl_romapi\component\osa" -I"D:\IMXRT1050EVKB_Bootloader\BD155_P_V1_0_0\McuXpresso\evkbimxrt1050_fsl_romapi\component\silicon_id" -I"D:\IMXRT1050EVKB_Bootloader\BD155_P_V1_0_0\McuXpresso\evkbimxrt1050_fsl_romapi\CMSIS" -I"D:\IMXRT1050EVKB_Bootloader\BD155_P_V1_0_0\McuXpresso\evkbimxrt1050_fsl_romapi\board" -I"D:\IMXRT1050EVKB_Bootloader\BD155_P_V1_0_0\McuXpresso\evkbimxrt1050_fsl_romapi\evkbimxrt1050\driver_examples\fsl_romapi" -O0 -fno-common -g3 -c -ffunction-sections -fdata-sections -ffreestanding -fno-builtin -fmerge-constants -fmacro-prefix-map="../source/"= -mcpu=cortex-m7 -mfpu=fpv5-d16 -mfloat-abi=hard -mthumb -D__REDLIB__ -fstack-usage -specs=redlib.specs -MMD -MP -MF"source/semihost_hardfault.d" -MT"source/semihost_hardfault.o" -MT"source/semihost_hardfault.d" -o "source/semihost_hardfault.o" "../source/semihost_hardfault.c"
Finished building: ../usb/host/usb_host_ehci.c
 
 
 
 
Building file: ../fatfs/source/fsl_usb_disk/fsl_usb_disk_bm.c
Building file: ../fatfs/source/fsl_ram_disk/fsl_ram_disk.c
Finished building: ../source/flexspi_romapi_ops.c
Finished building: ../source/semihost_hardfault.c
Invoking: MCU C Compiler
Finished building: ../source/flexspi_romapi.c
Invoking: MCU C Compiler
 
arm-none-eabi-gcc -std=gnu99 -D__REDLIB__ -DCPU_MIMXRT1052DVL6B -DCPU_MIMXRT1052DVL6B_cm7 -DSDK_DEBUGCONSOLE=1 -DXIP_EXTERNAL_FLASH=1 -DXIP_BOOT_HEADER_ENABLE=1 -DUSB_STACK_BM -DPRINTF_ADVANCED_ENABLE=1 -DFSL_OSA_BM_TASK_ENABLE=0 -DFSL_OSA_BM_TIMER_CONFIG=0 -DFSL_SDK_ENABLE_DRIVER_CACHE_CONTROL=1 -DSD_ENABLED -DMCUXPRESSO_SDK -DCR_INTEGER_PRINTF -DPRINTF_FLOAT_ENABLE=0 -DXIP_BOOT_HEADER_DCD_ENABLE=1 -DSKIP_SYSCLK_INIT -DDATA_SECTION_IS_CACHEABLE=1 -DAPPWIZARD -D__MCUXPRESSO -D__USE_CMSIS -DDEBUG -I"D:\IMXRT1050EVKB_Bootloader\BD155_P_V1_0_0\McuXpresso\evkbimxrt1050_fsl_romapi\source" -I"D:\IMXRT1050EVKB_Bootloader\BD155_P_V1_0_0\McuXpresso\evkbimxrt1050_fsl_romapi\fatfs\source\fsl_ram_disk" -I"D:\IMXRT1050EVKB_Bootloader\BD155_P_V1_0_0\McuXpresso\evkbimxrt1050_fsl_romapi\usb\host" -I"D:\IMXRT1050EVKB_Bootloader\BD155_P_V1_0_0\McuXpresso\evkbimxrt1050_fsl_romapi\usb\include" -I"D:\IMXRT1050EVKB_Bootloader\BD155_P_V1_0_0\McuXpresso\evkbimxrt1050_fsl_romapi\usb\phy" -I"D:\IMXRT1050EVKB_Bootloader\BD155_P_V1_0_0\McuXpresso\evkbimxrt1050_fsl_romapi\drivers" -I"D:\IMXRT1050EVKB_Bootloader\BD155_P_V1_0_0\McuXpresso\evkbimxrt1050_fsl_romapi\utilities" -I"D:\IMXRT1050EVKB_Bootloader\BD155_P_V1_0_0\McuXpresso\evkbimxrt1050_fsl_romapi\usb\host\class" -I"D:\IMXRT1050EVKB_Bootloader\BD155_P_V1_0_0\McuXpresso\evkbimxrt1050_fsl_romapi\fatfs\source" -I"D:\IMXRT1050EVKB_Bootloader\BD155_P_V1_0_0\McuXpresso\evkbimxrt1050_fsl_romapi\fatfs\source\fsl_usb_disk" -I"D:\IMXRT1050EVKB_Bootloader\BD155_P_V1_0_0\McuXpresso\evkbimxrt1050_fsl_romapi\device" -I"D:\IMXRT1050EVKB_Bootloader\BD155_P_V1_0_0\McuXpresso\evkbimxrt1050_fsl_romapi\xip" -I"D:\IMXRT1050EVKB_Bootloader\BD155_P_V1_0_0\McuXpresso\evkbimxrt1050_fsl_romapi\component\uart" -I"D:\IMXRT1050EVKB_Bootloader\BD155_P_V1_0_0\McuXpresso\evkbimxrt1050_fsl_romapi\component\lists" -I"D:\IMXRT1050EVKB_Bootloader\BD155_P_V1_0_0\McuXpresso\evkbimxrt1050_fsl_romapi\component\osa" -I"D:\IMXRT1050EVKB_Bootloader\BD155_P_V1_0_0\McuXpresso\evkbimxrt1050_fsl_romapi\component\silicon_id" -I"D:\IMXRT1050EVKB_Bootloader\BD155_P_V1_0_0\McuXpresso\evkbimxrt1050_fsl_romapi\CMSIS" -I"D:\IMXRT1050EVKB_Bootloader\BD155_P_V1_0_0\McuXpresso\evkbimxrt1050_fsl_romapi\board" -I"D:\IMXRT1050EVKB_Bootloader\BD155_P_V1_0_0\McuXpresso\evkbimxrt1050_fsl_romapi\evkbimxrt1050\driver_examples\fsl_romapi" -O0 -fno-common -g3 -c -ffunction-sections -fdata-sections -ffreestanding -fno-builtin -fmerge-constants -fmacro-prefix-map="../fatfs/source/fsl_usb_disk/"= -mcpu=cortex-m7 -mfpu=fpv5-d16 -mfloat-abi=hard -mthumb -D__REDLIB__ -fstack-usage -specs=redlib.specs -MMD -MP -MF"fatfs/source/fsl_usb_disk/fsl_usb_disk_bm.d" -MT"fatfs/source/fsl_usb_disk/fsl_usb_disk_bm.o" -MT"fatfs/source/fsl_usb_disk/fsl_usb_disk_bm.d" -o "fatfs/source/fsl_usb_disk/fsl_usb_disk_bm.o" "../fatfs/source/fsl_usb_disk/fsl_usb_disk_bm.c"
 
Finished building: ../source/host_msd_fatfs.c
arm-none-eabi-gcc -std=gnu99 -D__REDLIB__ -DCPU_MIMXRT1052DVL6B -DCPU_MIMXRT1052DVL6B_cm7 -DSDK_DEBUGCONSOLE=1 -DXIP_EXTERNAL_FLASH=1 -DXIP_BOOT_HEADER_ENABLE=1 -DUSB_STACK_BM -DPRINTF_ADVANCED_ENABLE=1 -DFSL_OSA_BM_TASK_ENABLE=0 -DFSL_OSA_BM_TIMER_CONFIG=0 -DFSL_SDK_ENABLE_DRIVER_CACHE_CONTROL=1 -DSD_ENABLED -DMCUXPRESSO_SDK -DCR_INTEGER_PRINTF -DPRINTF_FLOAT_ENABLE=0 -DXIP_BOOT_HEADER_DCD_ENABLE=1 -DSKIP_SYSCLK_INIT -DDATA_SECTION_IS_CACHEABLE=1 -DAPPWIZARD -D__MCUXPRESSO -D__USE_CMSIS -DDEBUG -I"D:\IMXRT1050EVKB_Bootloader\BD155_P_V1_0_0\McuXpresso\evkbimxrt1050_fsl_romapi\source" -I"D:\IMXRT1050EVKB_Bootloader\BD155_P_V1_0_0\McuXpresso\evkbimxrt1050_fsl_romapi\fatfs\source\fsl_ram_disk" -I"D:\IMXRT1050EVKB_Bootloader\BD155_P_V1_0_0\McuXpresso\evkbimxrt1050_fsl_romapi\usb\host" -I"D:\IMXRT1050EVKB_Bootloader\BD155_P_V1_0_0\McuXpresso\evkbimxrt1050_fsl_romapi\usb\include" -I"D:\IMXRT1050EVKB_Bootloader\BD155_P_V1_0_0\McuXpresso\evkbimxrt1050_fsl_romapi\usb\phy" -I"D:\IMXRT1050EVKB_Bootloader\BD155_P_V1_0_0\McuXpresso\evkbimxrt1050_fsl_romapi\drivers" -I"D:\IMXRT1050EVKB_Bootloader\BD155_P_V1_0_0\McuXpresso\evkbimxrt1050_fsl_romapi\utilities" -I"D:\IMXRT1050EVKB_Bootloader\BD155_P_V1_0_0\McuXpresso\evkbimxrt1050_fsl_romapi\usb\host\class" -I"D:\IMXRT1050EVKB_Bootloader\BD155_P_V1_0_0\McuXpresso\evkbimxrt1050_fsl_romapi\fatfs\source" -I"D:\IMXRT1050EVKB_Bootloader\BD155_P_V1_0_0\McuXpresso\evkbimxrt1050_fsl_romapi\fatfs\source\fsl_usb_disk" -I"D:\IMXRT1050EVKB_Bootloader\BD155_P_V1_0_0\McuXpresso\evkbimxrt1050_fsl_romapi\device" -I"D:\IMXRT1050EVKB_Bootloader\BD155_P_V1_0_0\McuXpresso\evkbimxrt1050_fsl_romapi\xip" -I"D:\IMXRT1050EVKB_Bootloader\BD155_P_V1_0_0\McuXpresso\evkbimxrt1050_fsl_romapi\component\uart" -I"D:\IMXRT1050EVKB_Bootloader\BD155_P_V1_0_0\McuXpresso\evkbimxrt1050_fsl_romapi\component\lists" -I"D:\IMXRT1050EVKB_Bootloader\BD155_P_V1_0_0\McuXpresso\evkbimxrt1050_fsl_romapi\component\osa" -I"D:\IMXRT1050EVKB_Bootloader\BD155_P_V1_0_0\McuXpresso\evkbimxrt1050_fsl_romapi\component\silicon_id" -I"D:\IMXRT1050EVKB_Bootloader\BD155_P_V1_0_0\McuXpresso\evkbimxrt1050_fsl_romapi\CMSIS" -I"D:\IMXRT1050EVKB_Bootloader\BD155_P_V1_0_0\McuXpresso\evkbimxrt1050_fsl_romapi\board" -I"D:\IMXRT1050EVKB_Bootloader\BD155_P_V1_0_0\McuXpresso\evkbimxrt1050_fsl_romapi\evkbimxrt1050\driver_examples\fsl_romapi" -O0 -fno-common -g3 -c -ffunction-sections -fdata-sections -ffreestanding -fno-builtin -fmerge-constants -fmacro-prefix-map="../fatfs/source/fsl_ram_disk/"= -mcpu=cortex-m7 -mfpu=fpv5-d16 -mfloat-abi=hard -mthumb -D__REDLIB__ -fstack-usage -specs=redlib.specs -MMD -MP -MF"fatfs/source/fsl_ram_disk/fsl_ram_disk.d" -MT"fatfs/source/fsl_ram_disk/fsl_ram_disk.o" -MT"fatfs/source/fsl_ram_disk/fsl_ram_disk.d" -o "fatfs/source/fsl_ram_disk/fsl_ram_disk.o" "../fatfs/source/fsl_ram_disk/fsl_ram_disk.c"
 
 
Building file: ../fatfs/source/diskio.c
Building file: ../fatfs/source/ff.c
Invoking: MCU C Compiler
Invoking: MCU C Compiler
arm-none-eabi-gcc -std=gnu99 -D__REDLIB__ -DCPU_MIMXRT1052DVL6B -DCPU_MIMXRT1052DVL6B_cm7 -DSDK_DEBUGCONSOLE=1 -DXIP_EXTERNAL_FLASH=1 -DXIP_BOOT_HEADER_ENABLE=1 -DUSB_STACK_BM -DPRINTF_ADVANCED_ENABLE=1 -DFSL_OSA_BM_TASK_ENABLE=0 -DFSL_OSA_BM_TIMER_CONFIG=0 -DFSL_SDK_ENABLE_DRIVER_CACHE_CONTROL=1 -DSD_ENABLED -DMCUXPRESSO_SDK -DCR_INTEGER_PRINTF -DPRINTF_FLOAT_ENABLE=0 -DXIP_BOOT_HEADER_DCD_ENABLE=1 -DSKIP_SYSCLK_INIT -DDATA_SECTION_IS_CACHEABLE=1 -DAPPWIZARD -D__MCUXPRESSO -D__USE_CMSIS -DDEBUG -I"D:\IMXRT1050EVKB_Bootloader\BD155_P_V1_0_0\McuXpresso\evkbimxrt1050_fsl_romapi\source" -I"D:\IMXRT1050EVKB_Bootloader\BD155_P_V1_0_0\McuXpresso\evkbimxrt1050_fsl_romapi\fatfs\source\fsl_ram_disk" -I"D:\IMXRT1050EVKB_Bootloader\BD155_P_V1_0_0\McuXpresso\evkbimxrt1050_fsl_romapi\usb\host" -I"D:\IMXRT1050EVKB_Bootloader\BD155_P_V1_0_0\McuXpresso\evkbimxrt1050_fsl_romapi\usb\include" -I"D:\IMXRT1050EVKB_Bootloader\BD155_P_V1_0_0\McuXpresso\evkbimxrt1050_fsl_romapi\usb\phy" -I"D:\IMXRT1050EVKB_Bootloader\BD155_P_V1_0_0\McuXpresso\evkbimxrt1050_fsl_romapi\drivers" -I"D:\IMXRT1050EVKB_Bootloader\BD155_P_V1_0_0\McuXpresso\evkbimxrt1050_fsl_romapi\utilities" -I"D:\IMXRT1050EVKB_Bootloader\BD155_P_V1_0_0\McuXpresso\evkbimxrt1050_fsl_romapi\usb\host\class" -I"D:\IMXRT1050EVKB_Bootloader\BD155_P_V1_0_0\McuXpresso\evkbimxrt1050_fsl_romapi\fatfs\source" -I"D:\IMXRT1050EVKB_Bootloader\BD155_P_V1_0_0\McuXpresso\evkbimxrt1050_fsl_romapi\fatfs\source\fsl_usb_disk" -I"D:\IMXRT1050EVKB_Bootloader\BD155_P_V1_0_0\McuXpresso\evkbimxrt1050_fsl_romapi\device" -I"D:\IMXRT1050EVKB_Bootloader\BD155_P_V1_0_0\McuXpresso\evkbimxrt1050_fsl_romapi\xip" -I"D:\IMXRT1050EVKB_Bootloader\BD155_P_V1_0_0\McuXpresso\evkbimxrt1050_fsl_romapi\component\uart" -I"D:\IMXRT1050EVKB_Bootloader\BD155_P_V1_0_0\McuXpresso\evkbimxrt1050_fsl_romapi\component\lists" -I"D:\IMXRT1050EVKB_Bootloader\BD155_P_V1_0_0\McuXpresso\evkbimxrt1050_fsl_romapi\component\osa" -I"D:\IMXRT1050EVKB_Bootloader\BD155_P_V1_0_0\McuXpresso\evkbimxrt1050_fsl_romapi\component\silicon_id" -I"D:\IMXRT1050EVKB_Bootloader\BD155_P_V1_0_0\McuXpresso\evkbimxrt1050_fsl_romapi\CMSIS" -I"D:\IMXRT1050EVKB_Bootloader\BD155_P_V1_0_0\McuXpresso\evkbimxrt1050_fsl_romapi\board" -I"D:\IMXRT1050EVKB_Bootloader\BD155_P_V1_0_0\McuXpresso\evkbimxrt1050_fsl_romapi\evkbimxrt1050\driver_examples\fsl_romapi" -O0 -fno-common -g3 -c -ffunction-sections -fdata-sections -ffreestanding -fno-builtin -fmerge-constants -fmacro-prefix-map="../fatfs/source/"= -mcpu=cortex-m7 -mfpu=fpv5-d16 -mfloat-abi=hard -mthumb -D__REDLIB__ -fstack-usage -specs=redlib.specs -MMD -MP -MF"fatfs/source/diskio.d" -MT"fatfs/source/diskio.o" -MT"fatfs/source/diskio.d" -o "fatfs/source/diskio.o" "../fatfs/source/diskio.c"
Building file: ../fatfs/source/ffsystem.c
arm-none-eabi-gcc -std=gnu99 -D__REDLIB__ -DCPU_MIMXRT1052DVL6B -DCPU_MIMXRT1052DVL6B_cm7 -DSDK_DEBUGCONSOLE=1 -DXIP_EXTERNAL_FLASH=1 -DXIP_BOOT_HEADER_ENABLE=1 -DUSB_STACK_BM -DPRINTF_ADVANCED_ENABLE=1 -DFSL_OSA_BM_TASK_ENABLE=0 -DFSL_OSA_BM_TIMER_CONFIG=0 -DFSL_SDK_ENABLE_DRIVER_CACHE_CONTROL=1 -DSD_ENABLED -DMCUXPRESSO_SDK -DCR_INTEGER_PRINTF -DPRINTF_FLOAT_ENABLE=0 -DXIP_BOOT_HEADER_DCD_ENABLE=1 -DSKIP_SYSCLK_INIT -DDATA_SECTION_IS_CACHEABLE=1 -DAPPWIZARD -D__MCUXPRESSO -D__USE_CMSIS -DDEBUG -I"D:\IMXRT1050EVKB_Bootloader\BD155_P_V1_0_0\McuXpresso\evkbimxrt1050_fsl_romapi\source" -I"D:\IMXRT1050EVKB_Bootloader\BD155_P_V1_0_0\McuXpresso\evkbimxrt1050_fsl_romapi\fatfs\source\fsl_ram_disk" -I"D:\IMXRT1050EVKB_Bootloader\BD155_P_V1_0_0\McuXpresso\evkbimxrt1050_fsl_romapi\usb\host" -I"D:\IMXRT1050EVKB_Bootloader\BD155_P_V1_0_0\McuXpresso\evkbimxrt1050_fsl_romapi\usb\include" -I"D:\IMXRT1050EVKB_Bootloader\BD155_P_V1_0_0\McuXpresso\evkbimxrt1050_fsl_romapi\usb\phy" -I"D:\IMXRT1050EVKB_Bootloader\BD155_P_V1_0_0\McuXpresso\evkbimxrt1050_fsl_romapi\drivers" -I"D:\IMXRT1050EVKB_Bootloader\BD155_P_V1_0_0\McuXpresso\evkbimxrt1050_fsl_romapi\utilities" -I"D:\IMXRT1050EVKB_Bootloader\BD155_P_V1_0_0\McuXpresso\evkbimxrt1050_fsl_romapi\usb\host\class" -I"D:\IMXRT1050EVKB_Bootloader\BD155_P_V1_0_0\McuXpresso\evkbimxrt1050_fsl_romapi\fatfs\source" -I"D:\IMXRT1050EVKB_Bootloader\BD155_P_V1_0_0\McuXpresso\evkbimxrt1050_fsl_romapi\fatfs\source\fsl_usb_disk" -I"D:\IMXRT1050EVKB_Bootloader\BD155_P_V1_0_0\McuXpresso\evkbimxrt1050_fsl_romapi\device" -I"D:\IMXRT1050EVKB_Bootloader\BD155_P_V1_0_0\McuXpresso\evkbimxrt1050_fsl_romapi\xip" -I"D:\IMXRT1050EVKB_Bootloader\BD155_P_V1_0_0\McuXpresso\evkbimxrt1050_fsl_romapi\component\uart" -I"D:\IMXRT1050EVKB_Bootloader\BD155_P_V1_0_0\McuXpresso\evkbimxrt1050_fsl_romapi\component\lists" -I"D:\IMXRT1050EVKB_Bootloader\BD155_P_V1_0_0\McuXpresso\evkbimxrt1050_fsl_romapi\component\osa" -I"D:\IMXRT1050EVKB_Bootloader\BD155_P_V1_0_0\McuXpresso\evkbimxrt1050_fsl_romapi\component\silicon_id" -I"D:\IMXRT1050EVKB_Bootloader\BD155_P_V1_0_0\McuXpresso\evkbimxrt1050_fsl_romapi\CMSIS" -I"D:\IMXRT1050EVKB_Bootloader\BD155_P_V1_0_0\McuXpresso\evkbimxrt1050_fsl_romapi\board" -I"D:\IMXRT1050EVKB_Bootloader\BD155_P_V1_0_0\McuXpresso\evkbimxrt1050_fsl_romapi\evkbimxrt1050\driver_examples\fsl_romapi" -O0 -fno-common -g3 -c -ffunction-sections -fdata-sections -ffreestanding -fno-builtin -fmerge-constants -fmacro-prefix-map="../fatfs/source/"= -mcpu=cortex-m7 -mfpu=fpv5-d16 -mfloat-abi=hard -mthumb -D__REDLIB__ -fstack-usage -specs=redlib.specs -MMD -MP -MF"fatfs/source/ff.d" -MT"fatfs/source/ff.o" -MT"fatfs/source/ff.d" -o "fatfs/source/ff.o" "../fatfs/source/ff.c"
Finished building: ../fatfs/source/fsl_ram_disk/fsl_ram_disk.c
Invoking: MCU C Compiler
arm-none-eabi-gcc -std=gnu99 -D__REDLIB__ -DCPU_MIMXRT1052DVL6B -DCPU_MIMXRT1052DVL6B_cm7 -DSDK_DEBUGCONSOLE=1 -DXIP_EXTERNAL_FLASH=1 -DXIP_BOOT_HEADER_ENABLE=1 -DUSB_STACK_BM -DPRINTF_ADVANCED_ENABLE=1 -DFSL_OSA_BM_TASK_ENABLE=0 -DFSL_OSA_BM_TIMER_CONFIG=0 -DFSL_SDK_ENABLE_DRIVER_CACHE_CONTROL=1 -DSD_ENABLED -DMCUXPRESSO_SDK -DCR_INTEGER_PRINTF -DPRINTF_FLOAT_ENABLE=0 -DXIP_BOOT_HEADER_DCD_ENABLE=1 -DSKIP_SYSCLK_INIT -DDATA_SECTION_IS_CACHEABLE=1 -DAPPWIZARD -D__MCUXPRESSO -D__USE_CMSIS -DDEBUG -I"D:\IMXRT1050EVKB_Bootloader\BD155_P_V1_0_0\McuXpresso\evkbimxrt1050_fsl_romapi\source" -I"D:\IMXRT1050EVKB_Bootloader\BD155_P_V1_0_0\McuXpresso\evkbimxrt1050_fsl_romapi\fatfs\source\fsl_ram_disk" -I"D:\IMXRT1050EVKB_Bootloader\BD155_P_V1_0_0\McuXpresso\evkbimxrt1050_fsl_romapi\usb\host" -I"D:\IMXRT1050EVKB_Bootloader\BD155_P_V1_0_0\McuXpresso\evkbimxrt1050_fsl_romapi\usb\include" -I"D:\IMXRT1050EVKB_Bootloader\BD155_P_V1_0_0\McuXpresso\evkbimxrt1050_fsl_romapi\usb\phy" -I"D:\IMXRT1050EVKB_Bootloader\BD155_P_V1_0_0\McuXpresso\evkbimxrt1050_fsl_romapi\drivers" -I"D:\IMXRT1050EVKB_Bootloader\BD155_P_V1_0_0\McuXpresso\evkbimxrt1050_fsl_romapi\utilities" -I"D:\IMXRT1050EVKB_Bootloader\BD155_P_V1_0_0\McuXpresso\evkbimxrt1050_fsl_romapi\usb\host\class" -I"D:\IMXRT1050EVKB_Bootloader\BD155_P_V1_0_0\McuXpresso\evkbimxrt1050_fsl_romapi\fatfs\source" -I"D:\IMXRT1050EVKB_Bootloader\BD155_P_V1_0_0\McuXpresso\evkbimxrt1050_fsl_romapi\fatfs\source\fsl_usb_disk" -I"D:\IMXRT1050EVKB_Bootloader\BD155_P_V1_0_0\McuXpresso\evkbimxrt1050_fsl_romapi\device" -I"D:\IMXRT1050EVKB_Bootloader\BD155_P_V1_0_0\McuXpresso\evkbimxrt1050_fsl_romapi\xip" -I"D:\IMXRT1050EVKB_Bootloader\BD155_P_V1_0_0\McuXpresso\evkbimxrt1050_fsl_romapi\component\uart" -I"D:\IMXRT1050EVKB_Bootloader\BD155_P_V1_0_0\McuXpresso\evkbimxrt1050_fsl_romapi\component\lists" -I"D:\IMXRT1050EVKB_Bootloader\BD155_P_V1_0_0\McuXpresso\evkbimxrt1050_fsl_romapi\component\osa" -I"D:\IMXRT1050EVKB_Bootloader\BD155_P_V1_0_0\McuXpresso\evkbimxrt1050_fsl_romapi\component\silicon_id" -I"D:\IMXRT1050EVKB_Bootloader\BD155_P_V1_0_0\McuXpresso\evkbimxrt1050_fsl_romapi\CMSIS" -I"D:\IMXRT1050EVKB_Bootloader\BD155_P_V1_0_0\McuXpresso\evkbimxrt1050_fsl_romapi\board" -I"D:\IMXRT1050EVKB_Bootloader\BD155_P_V1_0_0\McuXpresso\evkbimxrt1050_fsl_romapi\evkbimxrt1050\driver_examples\fsl_romapi" -O0 -fno-common -g3 -c -ffunction-sections -fdata-sections -ffreestanding -fno-builtin -fmerge-constants -fmacro-prefix-map="../fatfs/source/"= -mcpu=cortex-m7 -mfpu=fpv5-d16 -mfloat-abi=hard -mthumb -D__REDLIB__ -fstack-usage -specs=redlib.specs -MMD -MP -MF"fatfs/source/ffsystem.d" -MT"fatfs/source/ffsystem.o" -MT"fatfs/source/ffsystem.d" -o "fatfs/source/ffsystem.o" "../fatfs/source/ffsystem.c"
 
Building file: ../fatfs/source/ffunicode.c
Building file: ../drivers/fsl_cache.c
Invoking: MCU C Compiler
Invoking: MCU C Compiler
[...]
Finished building: ../component/uart/fsl_adapter_lpuart.c
arm-none-eabi-gcc -std=gnu99 -D__REDLIB__ -DCPU_MIMXRT1052DVL6B -DCPU_MIMXRT1052DVL6B_cm7 -DSDK_DEBUGCONSOLE=1 -DXIP_EXTERNAL_FLASH=1 -DXIP_BOOT_HEADER_ENABLE=1 -DUSB_STACK_BM -DPRINTF_ADVANCED_ENABLE=1 -DFSL_OSA_BM_TASK_ENABLE=0 -DFSL_OSA_BM_TIMER_CONFIG=0 -DFSL_SDK_ENABLE_DRIVER_CACHE_CONTROL=1 -DSD_ENABLED -DMCUXPRESSO_SDK -DCR_INTEGER_PRINTF -DPRINTF_FLOAT_ENABLE=0 -DXIP_BOOT_HEADER_DCD_ENABLE=1 -DSKIP_SYSCLK_INIT -DDATA_SECTION_IS_CACHEABLE=1 -DAPPWIZARD -D__MCUXPRESSO -D__USE_CMSIS -DDEBUG -I"D:\IMXRT1050EVKB_Bootloader\BD155_P_V1_0_0\McuXpresso\evkbimxrt1050_fsl_romapi\source" -I"D:\IMXRT1050EVKB_Bootloader\BD155_P_V1_0_0\McuXpresso\evkbimxrt1050_fsl_romapi\fatfs\source\fsl_ram_disk" -I"D:\IMXRT1050EVKB_Bootloader\BD155_P_V1_0_0\McuXpresso\evkbimxrt1050_fsl_romapi\usb\host" -I"D:\IMXRT1050EVKB_Bootloader\BD155_P_V1_0_0\McuXpresso\evkbimxrt1050_fsl_romapi\usb\include" -I"D:\IMXRT1050EVKB_Bootloader\BD155_P_V1_0_0\McuXpresso\evkbimxrt1050_fsl_romapi\usb\phy" -I"D:\IMXRT1050EVKB_Bootloader\BD155_P_V1_0_0\McuXpresso\evkbimxrt1050_fsl_romapi\drivers" -I"D:\IMXRT1050EVKB_Bootloader\BD155_P_V1_0_0\McuXpresso\evkbimxrt1050_fsl_romapi\utilities" -I"D:\IMXRT1050EVKB_Bootloader\BD155_P_V1_0_0\McuXpresso\evkbimxrt1050_fsl_romapi\usb\host\class" -I"D:\IMXRT1050EVKB_Bootloader\BD155_P_V1_0_0\McuXpresso\evkbimxrt1050_fsl_romapi\fatfs\source" -I"D:\IMXRT1050EVKB_Bootloader\BD155_P_V1_0_0\McuXpresso\evkbimxrt1050_fsl_romapi\fatfs\source\fsl_usb_disk" -I"D:\IMXRT1050EVKB_Bootloader\BD155_P_V1_0_0\McuXpresso\evkbimxrt1050_fsl_romapi\device" -I"D:\IMXRT1050EVKB_Bootloader\BD155_P_V1_0_0\McuXpresso\evkbimxrt1050_fsl_romapi\xip" -I"D:\IMXRT1050EVKB_Bootloader\BD155_P_V1_0_0\McuXpresso\evkbimxrt1050_fsl_romapi\component\uart" -I"D:\IMXRT1050EVKB_Bootloader\BD155_P_V1_0_0\McuXpresso\evkbimxrt1050_fsl_romapi\component\lists" -I"D:\IMXRT1050EVKB_Bootloader\BD155_P_V1_0_0\McuXpresso\evkbimxrt1050_fsl_romapi\component\osa" -I"D:\IMXRT1050EVKB_Bootloader\BD155_P_V1_0_0\McuXpresso\evkbimxrt1050_fsl_romapi\component\silicon_id" -I"D:\IMXRT1050EVKB_Bootloader\BD155_P_V1_0_0\McuXpresso\evkbimxrt1050_fsl_romapi\CMSIS" -I"D:\IMXRT1050EVKB_Bootloader\BD155_P_V1_0_0\McuXpresso\evkbimxrt1050_fsl_romapi\board" -I"D:\IMXRT1050EVKB_Bootloader\BD155_P_V1_0_0\McuXpresso\evkbimxrt1050_fsl_romapi\evkbimxrt1050\driver_examples\fsl_romapi" -O0 -fno-common -g3 -c -ffunction-sections -fdata-sections -ffreestanding -fno-builtin -fmerge-constants -fmacro-prefix-map="../board/"= -mcpu=cortex-m7 -mfpu=fpv5-d16 -mfloat-abi=hard -mthumb -D__REDLIB__ -fstack-usage -specs=redlib.specs -MMD -MP -MF"board/board.d" -MT"board/board.o" -MT"board/board.d" -o "board/board.o" "../board/board.c"
 
Finished building: ../component/silicon_id/fsl_silicon_id.c
Building file: ../board/clock_config.c
 
Invoking: MCU C Compiler
arm-none-eabi-gcc -std=gnu99 -D__REDLIB__ -DCPU_MIMXRT1052DVL6B -DCPU_MIMXRT1052DVL6B_cm7 -DSDK_DEBUGCONSOLE=1 -DXIP_EXTERNAL_FLASH=1 -DXIP_BOOT_HEADER_ENABLE=1 -DUSB_STACK_BM -DPRINTF_ADVANCED_ENABLE=1 -DFSL_OSA_BM_TASK_ENABLE=0 -DFSL_OSA_BM_TIMER_CONFIG=0 -DFSL_SDK_ENABLE_DRIVER_CACHE_CONTROL=1 -DSD_ENABLED -DMCUXPRESSO_SDK -DCR_INTEGER_PRINTF -DPRINTF_FLOAT_ENABLE=0 -DXIP_BOOT_HEADER_DCD_ENABLE=1 -DSKIP_SYSCLK_INIT -DDATA_SECTION_IS_CACHEABLE=1 -DAPPWIZARD -D__MCUXPRESSO -D__USE_CMSIS -DDEBUG -I"D:\IMXRT1050EVKB_Bootloader\BD155_P_V1_0_0\McuXpresso\evkbimxrt1050_fsl_romapi\source" -I"D:\IMXRT1050EVKB_Bootloader\BD155_P_V1_0_0\McuXpresso\evkbimxrt1050_fsl_romapi\fatfs\source\fsl_ram_disk" -I"D:\IMXRT1050EVKB_Bootloader\BD155_P_V1_0_0\McuXpresso\evkbimxrt1050_fsl_romapi\usb\host" -I"D:\IMXRT1050EVKB_Bootloader\BD155_P_V1_0_0\McuXpresso\evkbimxrt1050_fsl_romapi\usb\include" -I"D:\IMXRT1050EVKB_Bootloader\BD155_P_V1_0_0\McuXpresso\evkbimxrt1050_fsl_romapi\usb\phy" -I"D:\IMXRT1050EVKB_Bootloader\BD155_P_V1_0_0\McuXpresso\evkbimxrt1050_fsl_romapi\drivers" -I"D:\IMXRT1050EVKB_Bootloader\BD155_P_V1_0_0\McuXpresso\evkbimxrt1050_fsl_romapi\utilities" -I"D:\IMXRT1050EVKB_Bootloader\BD155_P_V1_0_0\McuXpresso\evkbimxrt1050_fsl_romapi\usb\host\class" -I"D:\IMXRT1050EVKB_Bootloader\BD155_P_V1_0_0\McuXpresso\evkbimxrt1050_fsl_romapi\fatfs\source" -I"D:\IMXRT1050EVKB_Bootloader\BD155_P_V1_0_0\McuXpresso\evkbimxrt1050_fsl_romapi\fatfs\source\fsl_usb_disk" -I"D:\IMXRT1050EVKB_Bootloader\BD155_P_V1_0_0\McuXpresso\evkbimxrt1050_fsl_romapi\device" -I"D:\IMXRT1050EVKB_Bootloader\BD155_P_V1_0_0\McuXpresso\evkbimxrt1050_fsl_romapi\xip" -I"D:\IMXRT1050EVKB_Bootloader\BD155_P_V1_0_0\McuXpresso\evkbimxrt1050_fsl_romapi\component\uart" -I"D:\IMXRT1050EVKB_Bootloader\BD155_P_V1_0_0\McuXpresso\evkbimxrt1050_fsl_romapi\component\lists" -I"D:\IMXRT1050EVKB_Bootloader\BD155_P_V1_0_0\McuXpresso\evkbimxrt1050_fsl_romapi\component\osa" -I"D:\IMXRT1050EVKB_Bootloader\BD155_P_V1_0_0\McuXpresso\evkbimxrt1050_fsl_romapi\component\silicon_id" -I"D:\IMXRT1050EVKB_Bootloader\BD155_P_V1_0_0\McuXpresso\evkbimxrt1050_fsl_romapi\CMSIS" -I"D:\IMXRT1050EVKB_Bootloader\BD155_P_V1_0_0\McuXpresso\evkbimxrt1050_fsl_romapi\board" -I"D:\IMXRT1050EVKB_Bootloader\BD155_P_V1_0_0\McuXpresso\evkbimxrt1050_fsl_romapi\evkbimxrt1050\driver_examples\fsl_romapi" -O0 -fno-common -g3 -c -ffunction-sections -fdata-sections -ffreestanding -fno-builtin -fmerge-constants -fmacro-prefix-map="../board/"= -mcpu=cortex-m7 -mfpu=fpv5-d16 -mfloat-abi=hard -mthumb -D__REDLIB__ -fstack-usage -specs=redlib.specs -MMD -MP -MF"board/clock_config.d" -MT"board/clock_config.o" -MT"board/clock_config.d" -o "board/clock_config.o" "../board/clock_config.c"
Building file: ../board/dcd.c
Invoking: MCU C Compiler
arm-none-eabi-gcc -std=gnu99 -D__REDLIB__ -DCPU_MIMXRT1052DVL6B -DCPU_MIMXRT1052DVL6B_cm7 -DSDK_DEBUGCONSOLE=1 -DXIP_EXTERNAL_FLASH=1 -DXIP_BOOT_HEADER_ENABLE=1 -DUSB_STACK_BM -DPRINTF_ADVANCED_ENABLE=1 -DFSL_OSA_BM_TASK_ENABLE=0 -DFSL_OSA_BM_TIMER_CONFIG=0 -DFSL_SDK_ENABLE_DRIVER_CACHE_CONTROL=1 -DSD_ENABLED -DMCUXPRESSO_SDK -DCR_INTEGER_PRINTF -DPRINTF_FLOAT_ENABLE=0 -DXIP_BOOT_HEADER_DCD_ENABLE=1 -DSKIP_SYSCLK_INIT -DDATA_SECTION_IS_CACHEABLE=1 -DAPPWIZARD -D__MCUXPRESSO -D__USE_CMSIS -DDEBUG -I"D:\IMXRT1050EVKB_Bootloader\BD155_P_V1_0_0\McuXpresso\evkbimxrt1050_fsl_romapi\source" -I"D:\IMXRT1050EVKB_Bootloader\BD155_P_V1_0_0\McuXpresso\evkbimxrt1050_fsl_romapi\fatfs\source\fsl_ram_disk" -I"D:\IMXRT1050EVKB_Bootloader\BD155_P_V1_0_0\McuXpresso\evkbimxrt1050_fsl_romapi\usb\host" -I"D:\IMXRT1050EVKB_Bootloader\BD155_P_V1_0_0\McuXpresso\evkbimxrt1050_fsl_romapi\usb\include" -I"D:\IMXRT1050EVKB_Bootloader\BD155_P_V1_0_0\McuXpresso\evkbimxrt1050_fsl_romapi\usb\phy" -I"D:\IMXRT1050EVKB_Bootloader\BD155_P_V1_0_0\McuXpresso\evkbimxrt1050_fsl_romapi\drivers" -I"D:\IMXRT1050EVKB_Bootloader\BD155_P_V1_0_0\McuXpresso\evkbimxrt1050_fsl_romapi\utilities" -I"D:\IMXRT1050EVKB_Bootloader\BD155_P_V1_0_0\McuXpresso\evkbimxrt1050_fsl_romapi\usb\host\class" -I"D:\IMXRT1050EVKB_Bootloader\BD155_P_V1_0_0\McuXpresso\evkbimxrt1050_fsl_romapi\fatfs\source" -I"D:\IMXRT1050EVKB_Bootloader\BD155_P_V1_0_0\McuXpresso\evkbimxrt1050_fsl_romapi\fatfs\source\fsl_usb_disk" -I"D:\IMXRT1050EVKB_Bootloader\BD155_P_V1_0_0\McuXpresso\evkbimxrt1050_fsl_romapi\device" -I"D:\IMXRT1050EVKB_Bootloader\BD155_P_V1_0_0\McuXpresso\evkbimxrt1050_fsl_romapi\xip" -I"D:\IMXRT1050EVKB_Bootloader\BD155_P_V1_0_0\McuXpresso\evkbimxrt1050_fsl_romapi\component\uart" -I"D:\IMXRT1050EVKB_Bootloader\BD155_P_V1_0_0\McuXpresso\evkbimxrt1050_fsl_romapi\component\lists" -I"D:\IMXRT1050EVKB_Bootloader\BD155_P_V1_0_0\McuXpresso\evkbimxrt1050_fsl_romapi\component\osa" -I"D:\IMXRT1050EVKB_Bootloader\BD155_P_V1_0_0\McuXpresso\evkbimxrt1050_fsl_romapi\component\silicon_id" -I"D:\IMXRT1050EVKB_Bootloader\BD155_P_V1_0_0\McuXpresso\evkbimxrt1050_fsl_romapi\CMSIS" -I"D:\IMXRT1050EVKB_Bootloader\BD155_P_V1_0_0\McuXpresso\evkbimxrt1050_fsl_romapi\board" -I"D:\IMXRT1050EVKB_Bootloader\BD155_P_V1_0_0\McuXpresso\evkbimxrt1050_fsl_romapi\evkbimxrt1050\driver_examples\fsl_romapi" -O0 -fno-common -g3 -c -ffunction-sections -fdata-sections -ffreestanding -fno-builtin -fmerge-constants -fmacro-prefix-map="../board/"= -mcpu=cortex-m7 -mfpu=fpv5-d16 -mfloat-abi=hard -mthumb -D__REDLIB__ -fstack-usage -specs=redlib.specs -MMD -MP -MF"board/dcd.d" -MT"board/dcd.o" -MT"board/dcd.d" -o "board/dcd.o" "../board/dcd.c"
Building file: ../board/pin_mux.c
Finished building: ../component/osa/fsl_os_abstraction_bm.c
Invoking: MCU C Compiler
arm-none-eabi-gcc -std=gnu99 -D__REDLIB__ -DCPU_MIMXRT1052DVL6B -DCPU_MIMXRT1052DVL6B_cm7 -DSDK_DEBUGCONSOLE=1 -DXIP_EXTERNAL_FLASH=1 -DXIP_BOOT_HEADER_ENABLE=1 -DUSB_STACK_BM -DPRINTF_ADVANCED_ENABLE=1 -DFSL_OSA_BM_TASK_ENABLE=0 -DFSL_OSA_BM_TIMER_CONFIG=0 -DFSL_SDK_ENABLE_DRIVER_CACHE_CONTROL=1 -DSD_ENABLED -DMCUXPRESSO_SDK -DCR_INTEGER_PRINTF -DPRINTF_FLOAT_ENABLE=0 -DXIP_BOOT_HEADER_DCD_ENABLE=1 -DSKIP_SYSCLK_INIT -DDATA_SECTION_IS_CACHEABLE=1 -DAPPWIZARD -D__MCUXPRESSO -D__USE_CMSIS -DDEBUG -I"D:\IMXRT1050EVKB_Bootloader\BD155_P_V1_0_0\McuXpresso\evkbimxrt1050_fsl_romapi\source" -I"D:\IMXRT1050EVKB_Bootloader\BD155_P_V1_0_0\McuXpresso\evkbimxrt1050_fsl_romapi\fatfs\source\fsl_ram_disk" -I"D:\IMXRT1050EVKB_Bootloader\BD155_P_V1_0_0\McuXpresso\evkbimxrt1050_fsl_romapi\usb\host" -I"D:\IMXRT1050EVKB_Bootloader\BD155_P_V1_0_0\McuXpresso\evkbimxrt1050_fsl_romapi\usb\include" -I"D:\IMXRT1050EVKB_Bootloader\BD155_P_V1_0_0\McuXpresso\evkbimxrt1050_fsl_romapi\usb\phy" -I"D:\IMXRT1050EVKB_Bootloader\BD155_P_V1_0_0\McuXpresso\evkbimxrt1050_fsl_romapi\drivers" -I"D:\IMXRT1050EVKB_Bootloader\BD155_P_V1_0_0\McuXpresso\evkbimxrt1050_fsl_romapi\utilities" -I"D:\IMXRT1050EVKB_Bootloader\BD155_P_V1_0_0\McuXpresso\evkbimxrt1050_fsl_romapi\usb\host\class" -I"D:\IMXRT1050EVKB_Bootloader\BD155_P_V1_0_0\McuXpresso\evkbimxrt1050_fsl_romapi\fatfs\source" -I"D:\IMXRT1050EVKB_Bootloader\BD155_P_V1_0_0\McuXpresso\evkbimxrt1050_fsl_romapi\fatfs\source\fsl_usb_disk" -I"D:\IMXRT1050EVKB_Bootloader\BD155_P_V1_0_0\McuXpresso\evkbimxrt1050_fsl_romapi\device" -I"D:\IMXRT1050EVKB_Bootloader\BD155_P_V1_0_0\McuXpresso\evkbimxrt1050_fsl_romapi\xip" -I"D:\IMXRT1050EVKB_Bootloader\BD155_P_V1_0_0\McuXpresso\evkbimxrt1050_fsl_romapi\component\uart" -I"D:\IMXRT1050EVKB_Bootloader\BD155_P_V1_0_0\McuXpresso\evkbimxrt1050_fsl_romapi\component\lists" -I"D:\IMXRT1050EVKB_Bootloader\BD155_P_V1_0_0\McuXpresso\evkbimxrt1050_fsl_romapi\component\osa" -I"D:\IMXRT1050EVKB_Bootloader\BD155_P_V1_0_0\McuXpresso\evkbimxrt1050_fsl_romapi\component\silicon_id" -I"D:\IMXRT1050EVKB_Bootloader\BD155_P_V1_0_0\McuXpresso\evkbimxrt1050_fsl_romapi\CMSIS" -I"D:\IMXRT1050EVKB_Bootloader\BD155_P_V1_0_0\McuXpresso\evkbimxrt1050_fsl_romapi\board" -I"D:\IMXRT1050EVKB_Bootloader\BD155_P_V1_0_0\McuXpresso\evkbimxrt1050_fsl_romapi\evkbimxrt1050\driver_examples\fsl_romapi" -O0 -fno-common -g3 -c -ffunction-sections -fdata-sections -ffreestanding -fno-builtin -fmerge-constants -fmacro-prefix-map="../board/"= -mcpu=cortex-m7 -mfpu=fpv5-d16 -mfloat-abi=hard -mthumb -D__REDLIB__ -fstack-usage -specs=redlib.specs -MMD -MP -MF"board/pin_mux.d" -MT"board/pin_mux.o" -MT"board/pin_mux.d" -o "board/pin_mux.o" "../board/pin_mux.c"
 
Finished building: ../board/dcd.c
Finished building: ../component/lists/fsl_component_generic_list.c
Finished building: ../board/board.c
 
 
 
Finished building: ../board/clock_config.c
 
Finished building: ../board/pin_mux.c
 
Building target: evkbimxrt1050_fsl_romapi.axf
Invoking: MCU Linker
arm-none-eabi-gcc -nostdlib -Xlinker -Map="evkbimxrt1050_fsl_romapi.map" -Xlinker --gc-sections -Xlinker -print-memory-usage -Xlinker --sort-section=alignment -Xlinker --cref -mcpu=cortex-m7 -mfpu=fpv5-d16 -mfloat-abi=hard -mthumb -T evkbimxrt1050_fsl_romapi_Debug.ld -o "evkbimxrt1050_fsl_romapi.axf" ./xip/evkbimxrt1050_flexspi_nor_config.o ./xip/fsl_flexspi_nor_boot.o  ./utilities/fsl_assert.o ./utilities/fsl_debug_console.o  ./usb/phy/usb_phy.o  ./usb/host/class/usb_host_hub.o ./usb/host/class/usb_host_hub_app.o ./usb/host/class/usb_host_msd.o ./usb/host/class/usb_host_msd_ufi.o  ./usb/host/usb_host_devices.o ./usb/host/usb_host_ehci.o ./usb/host/usb_host_framework.o ./usb/host/usb_host_hci.o  ./startup/startup_mimxrt1052.o  ./source/flexspi_romapi.o ./source/flexspi_romapi_ops.o ./source/host_msd_fatfs.o ./source/semihost_hardfault.o  ./fatfs/source/fsl_usb_disk/fsl_usb_disk_bm.o  ./fatfs/source/fsl_ram_disk/fsl_ram_disk.o  ./fatfs/source/diskio.o ./fatfs/source/ff.o ./fatfs/source/ffsystem.o ./fatfs/source/ffunicode.o  ./drivers/fsl_cache.o ./drivers/fsl_clock.o ./drivers/fsl_common.o ./drivers/fsl_common_arm.o ./drivers/fsl_gpio.o ./drivers/fsl_lpuart.o ./drivers/fsl_romapi.o  ./device/system_MIMXRT1052.o  ./component/uart/fsl_adapter_lpuart.o  ./component/silicon_id/fsl_silicon_id.o  ./component/osa/fsl_os_abstraction_bm.o  ./component/lists/fsl_component_generic_list.o  ./board/board.o ./board/clock_config.o ./board/dcd.o ./board/pin_mux.o   
Memory region         Used Size  Region Size  %age Used
     BOARD_FLASH:          0 GB        64 MB      0.00%
   NCACHE_REGION:       94412 B         2 MB      4.50%
        SRAM_ITC:          0 GB       128 KB      0.00%
     BOARD_SDRAM:          0 GB        30 MB      0.00%
        SRAM_DTC:          0 GB       128 KB      0.00%
         SRAM_OC:          0 GB       256 KB      0.00%
Finished building target: evkbimxrt1050_fsl_romapi.axf
 
Performing post-build steps
arm-none-eabi-size "evkbimxrt1050_fsl_romapi.axf"; # arm-none-eabi-objcopy -v -O binary "evkbimxrt1050_fsl_romapi.axf" "evkbimxrt1050_fsl_romapi.bin" ; # checksum -p MIMXRT1052xxxxB -d "evkbimxrt1050_fsl_romapi.bin";
   text	   data	    bss	    dec	    hex	filename
  66064	     20	  24780	  90864	  162f0	evkbimxrt1050_fsl_romapi.axf
 
18:45:46 **** Incremental Build of configuration Debug for project evkbimxrt1050_fsl_romapi ****
make -r -j16 all 
Building file: ../source/flexspi_romapi.c
Invoking: MCU C Compiler
arm-none-eabi-gcc -std=gnu99 -D__REDLIB__ -DCPU_MIMXRT1052DVL6B -DCPU_MIMXRT1052DVL6B_cm7 -DSDK_DEBUGCONSOLE=1 -DXIP_EXTERNAL_FLASH=1 -DXIP_BOOT_HEADER_ENABLE=1 -DUSB_STACK_BM -DPRINTF_ADVANCED_ENABLE=1 -DFSL_OSA_BM_TASK_ENABLE=0 -DFSL_OSA_BM_TIMER_CONFIG=0 -DFSL_SDK_ENABLE_DRIVER_CACHE_CONTROL=1 -DSD_ENABLED -DMCUXPRESSO_SDK -DCR_INTEGER_PRINTF -DPRINTF_FLOAT_ENABLE=0 -DXIP_BOOT_HEADER_DCD_ENABLE=1 -DSKIP_SYSCLK_INIT -DDATA_SECTION_IS_CACHEABLE=1 -DAPPWIZARD -D__MCUXPRESSO -D__USE_CMSIS -DDEBUG -I"D:\IMXRT1050EVKB_Bootloader\BD155_P_V1_0_0\McuXpresso\evkbimxrt1050_fsl_romapi\source" -I"D:\IMXRT1050EVKB_Bootloader\BD155_P_V1_0_0\McuXpresso\evkbimxrt1050_fsl_romapi\fatfs\source\fsl_ram_disk" -I"D:\IMXRT1050EVKB_Bootloader\BD155_P_V1_0_0\McuXpresso\evkbimxrt1050_fsl_romapi\usb\host" -I"D:\IMXRT1050EVKB_Bootloader\BD155_P_V1_0_0\McuXpresso\evkbimxrt1050_fsl_romapi\usb\include" -I"D:\IMXRT1050EVKB_Bootloader\BD155_P_V1_0_0\McuXpresso\evkbimxrt1050_fsl_romapi\usb\phy" -I"D:\IMXRT1050EVKB_Bootloader\BD155_P_V1_0_0\McuXpresso\evkbimxrt1050_fsl_romapi\drivers" -I"D:\IMXRT1050EVKB_Bootloader\BD155_P_V1_0_0\McuXpresso\evkbimxrt1050_fsl_romapi\utilities" -I"D:\IMXRT1050EVKB_Bootloader\BD155_P_V1_0_0\McuXpresso\evkbimxrt1050_fsl_romapi\usb\host\class" -I"D:\IMXRT1050EVKB_Bootloader\BD155_P_V1_0_0\McuXpresso\evkbimxrt1050_fsl_romapi\fatfs\source" -I"D:\IMXRT1050EVKB_Bootloader\BD155_P_V1_0_0\McuXpresso\evkbimxrt1050_fsl_romapi\fatfs\source\fsl_usb_disk" -I"D:\IMXRT1050EVKB_Bootloader\BD155_P_V1_0_0\McuXpresso\evkbimxrt1050_fsl_romapi\device" -I"D:\IMXRT1050EVKB_Bootloader\BD155_P_V1_0_0\McuXpresso\evkbimxrt1050_fsl_romapi\xip" -I"D:\IMXRT1050EVKB_Bootloader\BD155_P_V1_0_0\McuXpresso\evkbimxrt1050_fsl_romapi\component\uart" -I"D:\IMXRT1050EVKB_Bootloader\BD155_P_V1_0_0\McuXpresso\evkbimxrt1050_fsl_romapi\component\lists" -I"D:\IMXRT1050EVKB_Bootloader\BD155_P_V1_0_0\McuXpresso\evkbimxrt1050_fsl_romapi\component\osa" -I"D:\IMXRT1050EVKB_Bootloader\BD155_P_V1_0_0\McuXpresso\evkbimxrt1050_fsl_romapi\component\silicon_id" -I"D:\IMXRT1050EVKB_Bootloader\BD155_P_V1_0_0\McuXpresso\evkbimxrt1050_fsl_romapi\CMSIS" -I"D:\IMXRT1050EVKB_Bootloader\BD155_P_V1_0_0\McuXpresso\evkbimxrt1050_fsl_romapi\board" -I"D:\IMXRT1050EVKB_Bootloader\BD155_P_V1_0_0\McuXpresso\evkbimxrt1050_fsl_romapi\evkbimxrt1050\driver_examples\fsl_romapi" -O0 -fno-common -g3 -c -ffunction-sections -fdata-sections -ffreestanding -fno-builtin -fmerge-constants -fmacro-prefix-map="../source/"= -mcpu=cortex-m7 -mfpu=fpv5-d16 -mfloat-abi=hard -mthumb -D__REDLIB__ -fstack-usage -specs=redlib.specs -MMD -MP -MF"source/flexspi_romapi.d" -MT"source/flexspi_romapi.o" -MT"source/flexspi_romapi.d" -o "source/flexspi_romapi.o" "../source/flexspi_romapi.c"
Finished building: ../source/flexspi_romapi.c
 
Building target: evkbimxrt1050_fsl_romapi.axf
Invoking: MCU Linker
arm-none-eabi-gcc -nostdlib -Xlinker -Map="evkbimxrt1050_fsl_romapi.map" -Xlinker --gc-sections -Xlinker -print-memory-usage -Xlinker --sort-section=alignment -Xlinker --cref -mcpu=cortex-m7 -mfpu=fpv5-d16 -mfloat-abi=hard -mthumb -T evkbimxrt1050_fsl_romapi_Debug.ld -o "evkbimxrt1050_fsl_romapi.axf" ./xip/evkbimxrt1050_flexspi_nor_config.o ./xip/fsl_flexspi_nor_boot.o  ./utilities/fsl_assert.o ./utilities/fsl_debug_console.o  ./usb/phy/usb_phy.o  ./usb/host/class/usb_host_hub.o ./usb/host/class/usb_host_hub_app.o ./usb/host/class/usb_host_msd.o ./usb/host/class/usb_host_msd_ufi.o  ./usb/host/usb_host_devices.o ./usb/host/usb_host_ehci.o ./usb/host/usb_host_framework.o ./usb/host/usb_host_hci.o  ./startup/startup_mimxrt1052.o  ./source/flexspi_romapi.o ./source/flexspi_romapi_ops.o ./source/host_msd_fatfs.o ./source/semihost_hardfault.o  ./fatfs/source/fsl_usb_disk/fsl_usb_disk_bm.o  ./fatfs/source/fsl_ram_disk/fsl_ram_disk.o  ./fatfs/source/diskio.o ./fatfs/source/ff.o ./fatfs/source/ffsystem.o ./fatfs/source/ffunicode.o  ./drivers/fsl_cache.o ./drivers/fsl_clock.o ./drivers/fsl_common.o ./drivers/fsl_common_arm.o ./drivers/fsl_gpio.o ./drivers/fsl_lpuart.o ./drivers/fsl_romapi.o  ./device/system_MIMXRT1052.o  ./component/uart/fsl_adapter_lpuart.o  ./component/silicon_id/fsl_silicon_id.o  ./component/osa/fsl_os_abstraction_bm.o  ./component/lists/fsl_component_generic_list.o  ./board/board.o ./board/clock_config.o ./board/dcd.o ./board/pin_mux.o   
Memory region         Used Size  Region Size  %age Used
     BOARD_FLASH:          0 GB        64 MB      0.00%
   NCACHE_REGION:       94412 B         2 MB      4.50%
        SRAM_ITC:          0 GB       128 KB      0.00%
     BOARD_SDRAM:          0 GB        30 MB      0.00%
        SRAM_DTC:          0 GB       128 KB      0.00%
         SRAM_OC:          0 GB       256 KB      0.00%
Finished building target: evkbimxrt1050_fsl_romapi.axf
 
Performing post-build steps
arm-none-eabi-size "evkbimxrt1050_fsl_romapi.axf"; # arm-none-eabi-objcopy -v -O binary "evkbimxrt1050_fsl_romapi.axf" "evkbimxrt1050_fsl_romapi.bin" ; # checksum -p MIMXRT1052xxxxB -d "evkbimxrt1050_fsl_romapi.bin";
   text	   data	    bss	    dec	    hex	filename
  66064	     20	  24780	  90864	  162f0	evkbimxrt1050_fsl_romapi.axf
 
18:46:55 **** Incremental Build of configuration Debug for project evkbimxrt1050_fsl_romapi ****
make -r -j16 all 
make[1]: Nothing to be done for 'main-build'.
Performing post-build steps
arm-none-eabi-size "evkbimxrt1050_fsl_romapi.axf"; # arm-none-eabi-objcopy -v -O binary "evkbimxrt1050_fsl_romapi.axf" "evkbimxrt1050_fsl_romapi.bin" ; # checksum -p MIMXRT1052xxxxB -d "evkbimxrt1050_fsl_romapi.bin";
   text	   data	    bss	    dec	    hex	filename
  66064	     20	  24780	  90864	  162f0	evkbimxrt1050_fsl_romapi.axf
 
