17:40:06 **** Incremental Build of configuration Debug for project VMS_Display_V0 ****
make -r -j16 all 
Building file: ../source/Files_Application/sourceMain.c
Invoking: MCU C Compiler
arm-none-eabi-gcc -std=gnu99 -D__REDLIB__ -DCPU_MIMXRT1052DVL6B -DCPU_MIMXRT1052DVL6B_cm7 -D_DEBUG=1 -DSDK_DEBUGCONSOLE=1 -DXIP_EXTERNAL_FLASH=1 -DXIP_BOOT_HEADER_ENABLE=1 -DUSB_STACK_BM -DPRINTF_ADVANCED_ENABLE=1 -DFSL_OSA_BM_TASK_ENABLE=0 -DFSL_OSA_BM_TIMER_CONFIG=0 -DFSL_SDK_ENABLE_DRIVER_CACHE_CONTROL=1 -DSD_ENABLED -DMCUXPRESSO_SDK -DCR_INTEGER_PRINTF -DPRINTF_FLOAT_ENABLE=0 -DXIP_BOOT_HEADER_DCD_ENABLE=1 -DSKIP_SYSCLK_INIT -DDATA_SECTION_IS_CACHEABLE=1 -DAPPWIZARD -D__MCUXPRESSO -D__USE_CMSIS -DDEBUG -I"D:\IMXRT1050EVKB_Bootloader\BD155_P_V1_0_0\McuXpresso\VMS_Display_V0\board" -I"D:\IMXRT1050EVKB_Bootloader\BD155_P_V1_0_0\McuXpresso\VMS_Display_V0\source" -I"D:\IMXRT1050EVKB_Bootloader\BD155_P_V1_0_0\McuXpresso\VMS_Display_V0\fatfs\source\fsl_ram_disk" -I"D:\IMXRT1050EVKB_Bootloader\BD155_P_V1_0_0\McuXpresso\VMS_Display_V0\usb\host" -I"D:\IMXRT1050EVKB_Bootloader\BD155_P_V1_0_0\McuXpresso\VMS_Display_V0\usb\include" -I"D:\IMXRT1050EVKB_Bootloader\BD155_P_V1_0_0\McuXpresso\VMS_Display_V0\usb\phy" -I"D:\IMXRT1050EVKB_Bootloader\BD155_P_V1_0_0\McuXpresso\VMS_Display_V0\drivers" -I"D:\IMXRT1050EVKB_Bootloader\BD155_P_V1_0_0\McuXpresso\VMS_Display_V0\touchpanel" -I"D:\IMXRT1050EVKB_Bootloader\BD155_P_V1_0_0\McuXpresso\VMS_Display_V0\utilities" -I"D:\IMXRT1050EVKB_Bootloader\BD155_P_V1_0_0\McuXpresso\VMS_Display_V0\usb\host\class" -I"D:\IMXRT1050EVKB_Bootloader\BD155_P_V1_0_0\McuXpresso\VMS_Display_V0\fatfs\source" -I"D:\IMXRT1050EVKB_Bootloader\BD155_P_V1_0_0\McuXpresso\VMS_Display_V0\fatfs\source\fsl_sd_disk" -I"D:\IMXRT1050EVKB_Bootloader\BD155_P_V1_0_0\McuXpresso\VMS_Display_V0\sdmmc\inc" -I"D:\IMXRT1050EVKB_Bootloader\BD155_P_V1_0_0\McuXpresso\VMS_Display_V0\sdmmc\host" -I"D:\IMXRT1050EVKB_Bootloader\BD155_P_V1_0_0\McuXpresso\VMS_Display_V0\sdmmc\osa" -I"D:\IMXRT1050EVKB_Bootloader\BD155_P_V1_0_0\McuXpresso\VMS_Display_V0\sdmmc\sd" -I"D:\IMXRT1050EVKB_Bootloader\BD155_P_V1_0_0\McuXpresso\VMS_Display_V0\fatfs\source\fsl_usb_disk" -I"D:\IMXRT1050EVKB_Bootloader\BD155_P_V1_0_0\McuXpresso\VMS_Display_V0\emwin\emWin_header" -I"D:\IMXRT1050EVKB_Bootloader\BD155_P_V1_0_0\McuXpresso\VMS_Display_V0\emwin\emWin_Config" -I"D:\IMXRT1050EVKB_Bootloader\BD155_P_V1_0_0\McuXpresso\VMS_Display_V0\device" -I"D:\IMXRT1050EVKB_Bootloader\BD155_P_V1_0_0\McuXpresso\VMS_Display_V0\component\uart" -I"D:\IMXRT1050EVKB_Bootloader\BD155_P_V1_0_0\McuXpresso\VMS_Display_V0\component\lists" -I"D:\IMXRT1050EVKB_Bootloader\BD155_P_V1_0_0\McuXpresso\VMS_Display_V0\xip" -I"D:\IMXRT1050EVKB_Bootloader\BD155_P_V1_0_0\McuXpresso\VMS_Display_V0\component\osa" -I"D:\IMXRT1050EVKB_Bootloader\BD155_P_V1_0_0\McuXpresso\VMS_Display_V0\CMSIS" -O0 -fno-common -g3 -c -ffunction-sections -fdata-sections -ffreestanding -fno-builtin -fmerge-constants -fmacro-prefix-map="../source/Files_Application/"= -mcpu=cortex-m7 -mthumb -D__REDLIB__ -fstack-usage -specs=redlib.specs -MMD -MP -MF"source/Files_Application/sourceMain.d" -MT"source/Files_Application/sourceMain.o" -MT"source/Files_Application/sourceMain.d" -o "source/Files_Application/sourceMain.o" "../source/Files_Application/sourceMain.c"
../source/Files_Application/sourceMain.c: In function 'app_finalize':
../source/Files_Application/sourceMain.c:255:5: warning: implicit declaration of function 'ReadFromPendrive' [-Wimplicit-function-declaration]
  255 |     ReadFromPendrive();
      |     ^~~~~~~~~~~~~~~~
../source/Files_Application/sourceMain.c: At top level:
../source/Files_Application/sourceMain.c:486:7: warning: conflicting types for 'ReadFromPendrive'
  486 |  void ReadFromPendrive(void)
      |       ^~~~~~~~~~~~~~~~
../source/Files_Application/sourceMain.c:255:5: note: previous implicit declaration of 'ReadFromPendrive' was here
  255 |     ReadFromPendrive();
      |     ^~~~~~~~~~~~~~~~
../source/Files_Application/sourceMain.c: In function 'ReadFromPendrive':
../source/Files_Application/sourceMain.c:763:3: warning: implicit declaration of function 'jump_to_hyperflash_location' [-Wimplicit-function-declaration]
  763 |   jump_to_hyperflash_location();
      |   ^~~~~~~~~~~~~~~~~~~~~~~~~~~
../source/Files_Application/sourceMain.c: At top level:
../source/Files_Application/sourceMain.c:1680:6: warning: conflicting types for 'jump_to_hyperflash_location'
 1680 | void jump_to_hyperflash_location() {
      |      ^~~~~~~~~~~~~~~~~~~~~~~~~~~
../source/Files_Application/sourceMain.c:763:3: note: previous implicit declaration of 'jump_to_hyperflash_location' was here
  763 |   jump_to_hyperflash_location();
      |   ^~~~~~~~~~~~~~~~~~~~~~~~~~~
Finished building: ../source/Files_Application/sourceMain.c
 
Building target: VMS_Display_V0.axf
Invoking: MCU Linker
arm-none-eabi-gcc -nostdlib -L"D:\IMXRT1050EVKB_Bootloader\BD155_P_V1_0_0\McuXpresso\VMS_Display_V0\emwin\emWin_library\MCUXpresso" -Xlinker -Map="VMS_Display_V0.map" -Xlinker --gc-sections -Xlinker -print-memory-usage -Xlinker --sort-section=alignment -Xlinker --cref -mcpu=cortex-m7 -mthumb -T VMS_Display_V0_Debug.ld -o "VMS_Display_V0.axf" ./xip/evkbimxrt1050_flexspi_nor_config.o ./xip/fsl_flexspi_nor_boot.o  ./utilities/fsl_assert.o ./utilities/fsl_debug_console.o  ./usb/phy/usb_phy.o  ./usb/host/class/usb_host_hub.o ./usb/host/class/usb_host_hub_app.o ./usb/host/class/usb_host_msd.o ./usb/host/class/usb_host_msd_ufi.o  ./usb/host/usb_host_devices.o ./usb/host/usb_host_ehci.o ./usb/host/usb_host_framework.o ./usb/host/usb_host_hci.o  ./touchpanel/fsl_ft5406_rt.o  ./startup/startup_mimxrt1052.o  ./source/Files_Peripheral/sourceEcan.o ./source/Files_Peripheral/sourceKeypadGpio.o ./source/Files_Peripheral/sourceSystemClockConfig.o ./source/Files_Peripheral/sourceTimer0.o  ./source/Files_Driver/sourceJ1939.o ./source/Files_Driver/sourceKeypad.o ./source/Files_Driver/sourceSystemSetup.o ./source/Files_Driver/sourceTimerAInterval.o  ./source/Files_Application/USB_UserApp_Stack/usb_user_app.o  ./source/Files_Application/KeypadStack/sourceKeypadStack.o  ./source/Files_Application/J1939Stack/sourceJ1939Dm1.o ./source/Files_Application/J1939Stack/sourceJ1939Stack.o  ./source/Files_Application/Memory.o ./source/Files_Application/semihost_hardfault.o ./source/Files_Application/sourceApplication.o ./source/Files_Application/sourceMain.o ./source/Files_Application/sourceScreenDisplay.o  ./source/host_msd_fatfs.o  ./sdmmc/src/fsl_sd.o ./sdmmc/src/fsl_sdmmc_common.o  ./sdmmc/osa/fsl_sdmmc_osa.o  ./sdmmc/host/fsl_sdmmc_host.o  ./fatfs/source/fsl_usb_disk/fsl_usb_disk_bm.o  ./fatfs/source/fsl_sd_disk/fsl_sd_disk.o  ./fatfs/source/fsl_ram_disk/fsl_ram_disk.o  ./fatfs/source/diskio.o ./fatfs/source/ff.o ./fatfs/source/ffsystem.o ./fatfs/source/ffunicode.o  ./drivers/fsl_adc.o ./drivers/fsl_cache.o ./drivers/fsl_clock.o ./drivers/fsl_common.o ./drivers/fsl_common_arm.o ./drivers/fsl_elcdif.o ./drivers/fsl_flexcan.o ./drivers/fsl_gpio.o ./drivers/fsl_gpt.o ./drivers/fsl_lpi2c.o ./drivers/fsl_lpuart.o ./drivers/fsl_pwm.o ./drivers/fsl_pxp.o ./drivers/fsl_qtmr.o ./drivers/fsl_romapi.o ./drivers/fsl_usdhc.o ./drivers/fsl_xbara.o  ./device/system_MIMXRT1052.o  ./component/uart/fsl_adapter_lpuart.o  ./component/osa/fsl_os_abstraction_bm.o  ./component/lists/fsl_component_generic_list.o  ./board/board.o ./board/clock_config.o ./board/dcd.o ./board/emwin_support.o ./board/pin_mux.o ./board/sdmmc_config.o  ./AppWizard/Source/Generated/APPWConf.o ./AppWizard/Source/Generated/ID_SCREEN_BD155.o ./AppWizard/Source/Generated/ID_SCREEN_BOOT.o ./AppWizard/Source/Generated/ID_SCREEN_CHANGEPASSWORD.o ./AppWizard/Source/Generated/ID_SCREEN_DATA_LOGGING.o ./AppWizard/Source/Generated/ID_SCREEN_DIAGNOSTIC.o ./AppWizard/Source/Generated/ID_SCREEN_DIAGNOSTICS_2.o ./AppWizard/Source/Generated/ID_SCREEN_DIAGNOSTIC_POPUP.o ./AppWizard/Source/Generated/ID_SCREEN_DM1.o ./AppWizard/Source/Generated/ID_SCREEN_ENGFUELRATE_POPUP.o ./AppWizard/Source/Generated/ID_SCREEN_ENGHRS_EDIT.o ./AppWizard/Source/Generated/ID_SCREEN_ENGHRS_POPUP.o ./AppWizard/Source/Generated/ID_SCREEN_FAULT_LOGGING.o ./AppWizard/Source/Generated/ID_SCREEN_IDENTIFICATION.o ./AppWizard/Source/Generated/ID_SCREEN_INTENSITY.o ./AppWizard/Source/Generated/ID_SCREEN_INVALID_PASSWORD.o ./AppWizard/Source/Generated/ID_SCREEN_KEYPAD.o ./AppWizard/Source/Generated/ID_SCREEN_MAIN2_DAY.o ./AppWizard/Source/Generated/ID_SCREEN_MAIN2_NIGHT.o ./AppWizard/Source/Generated/ID_SCREEN_MAINMENU.o ./AppWizard/Source/Generated/ID_SCREEN_MAIN_DAY.o ./AppWizard/Source/Generated/ID_SCREEN_MAIN_NIGHT.o ./AppWizard/Source/Generated/ID_SCREEN_NAVIPOPUP.o ./AppWizard/Source/Generated/ID_SCREEN_PASSWORD.o ./AppWizard/Source/Generated/ID_SCREEN_PENDRIVE_DETECT_POPUP.o ./AppWizard/Source/Generated/ID_SCREEN_RAWVALUE_ANALOG.o ./AppWizard/Source/Generated/ID_SCREEN_RAWVALUE_IO.o ./AppWizard/Source/Generated/ID_SCREEN_RAW_CAN_DATA.o ./AppWizard/Source/Generated/ID_SCREEN_RTC.o ./AppWizard/Source/Generated/ID_SCREEN_SDCARD_DETECT.o ./AppWizard/Source/Generated/ID_SCREEN_SERVICE_REMINDER.o ./AppWizard/Source/Generated/ID_SCREEN_SHFTWSCLKSETTING.o ./AppWizard/Source/Generated/ID_SCREEN_SHFTWSWRKINGHRS_LOG.o ./AppWizard/Source/Generated/ID_SCREEN_SWCS_ERROR.o ./AppWizard/Source/Generated/ID_SCREEN_SYSTEM_SETTINGS.o ./AppWizard/Source/Generated/ID_SCREEN_SYSTEM_SETUP_DATA.o ./AppWizard/Source/Generated/ID_SCREEN_USER_SETTINGS.o ./AppWizard/Source/Generated/ID_SCREEN_UTILITIES.o ./AppWizard/Source/Generated/ID_SCREEN_WARNING_POPUP.o ./AppWizard/Source/Generated/Resource.o  ./AppWizard/Source/CustomCode/Application.o ./AppWizard/Source/CustomCode/ID_SCREEN_BD155_Slots.o ./AppWizard/Source/CustomCode/ID_SCREEN_BOOT_Slots.o ./AppWizard/Source/CustomCode/ID_SCREEN_CHANGEPASSWORD_Slots.o ./AppWizard/Source/CustomCode/ID_SCREEN_DATA_LOGGING_Slots.o ./AppWizard/Source/CustomCode/ID_SCREEN_DIAGNOSTICS_2_Slots.o ./AppWizard/Source/CustomCode/ID_SCREEN_DIAGNOSTIC_POPUP_Slots.o ./AppWizard/Source/CustomCode/ID_SCREEN_DIAGNOSTIC_Slots.o ./AppWizard/Source/CustomCode/ID_SCREEN_DM1_Slots.o ./AppWizard/Source/CustomCode/ID_SCREEN_ENGFUELRATE_POPUP_Slots.o ./AppWizard/Source/CustomCode/ID_SCREEN_ENGHRS_EDIT_Slots.o ./AppWizard/Source/CustomCode/ID_SCREEN_ENGHRS_POPUP_Slots.o ./AppWizard/Source/CustomCode/ID_SCREEN_FAULT_LOGGING_Slots.o ./AppWizard/Source/CustomCode/ID_SCREEN_IDENTIFICATION_Slots.o ./AppWizard/Source/CustomCode/ID_SCREEN_INTENSITY_Slots.o ./AppWizard/Source/CustomCode/ID_SCREEN_INVALID_PASSWORD_Slots.o ./AppWizard/Source/CustomCode/ID_SCREEN_KEYPAD_Slots.o ./AppWizard/Source/CustomCode/ID_SCREEN_MAIN2_DAY_Slots.o ./AppWizard/Source/CustomCode/ID_SCREEN_MAIN2_NIGHT_Slots.o ./AppWizard/Source/CustomCode/ID_SCREEN_MAINMENU_Slots.o ./AppWizard/Source/CustomCode/ID_SCREEN_MAIN_DAY_Slots.o ./AppWizard/Source/CustomCode/ID_SCREEN_MAIN_NIGHT_Slots.o ./AppWizard/Source/CustomCode/ID_SCREEN_NAVIPOPUP_Slots.o ./AppWizard/Source/CustomCode/ID_SCREEN_PASSWORD_Slots.o ./AppWizard/Source/CustomCode/ID_SCREEN_PENDRIVE_DETECT_POPUP_Slots.o ./AppWizard/Source/CustomCode/ID_SCREEN_RAWVALUE_ANALOG_Slots.o ./AppWizard/Source/CustomCode/ID_SCREEN_RAWVALUE_IO_Slots.o ./AppWizard/Source/CustomCode/ID_SCREEN_RAW_CAN_DATA_Slots.o ./AppWizard/Source/CustomCode/ID_SCREEN_RTC_Slots.o ./AppWizard/Source/CustomCode/ID_SCREEN_SDCARD_DETECT_Slots.o ./AppWizard/Source/CustomCode/ID_SCREEN_SERVICE_REMINDER_Slots.o ./AppWizard/Source/CustomCode/ID_SCREEN_SHFTWSCLKSETTING_Slots.o ./AppWizard/Source/CustomCode/ID_SCREEN_SHFTWSWRKINGHRS_LOG_Slots.o ./AppWizard/Source/CustomCode/ID_SCREEN_SWCS_ERROR_Slots.o ./AppWizard/Source/CustomCode/ID_SCREEN_SYSTEM_SETTINGS_Slots.o ./AppWizard/Source/CustomCode/ID_SCREEN_SYSTEM_SETUP_DATA_Slots.o ./AppWizard/Source/CustomCode/ID_SCREEN_USER_SETTINGS_Slots.o ./AppWizard/Source/CustomCode/ID_SCREEN_UTILITIES_Slots.o ./AppWizard/Source/CustomCode/ID_SCREEN_WARNING_POPUP_Slots.o  ./AppWizard/Source/APPW_MainTask.o  ./AppWizard/Resource/Text/APPW_Language_0.o ./AppWizard/Resource/Text/APPW_Pattern.o  ./AppWizard/Resource/Image/AIRFILTCLOG_GREY.o ./AppWizard/Resource/Image/AIRFILTCLOG_WHITE.o ./AppWizard/Resource/Image/BD_155_3.o ./AppWizard/Resource/Image/BEML300x111.o ./AppWizard/Resource/Image/BLANK52X52.o ./AppWizard/Resource/Image/BLOCK_632X33.o ./AppWizard/Resource/Image/BLOCK_632X33_TRANSPARENT.o ./AppWizard/Resource/Image/BRIGHTNESS_CONTROL_1.o ./AppWizard/Resource/Image/BlackGrey91x480Left.o ./AppWizard/Resource/Image/BlackGrey91x480Right.o ./AppWizard/Resource/Image/Blue_wallpaper.o ./AppWizard/Resource/Image/CHECKTRANS52X52.o ./AppWizard/Resource/Image/Cover_Brightness.o ./AppWizard/Resource/Image/DAY_SCREEN_1.o ./AppWizard/Resource/Image/DAY_SCREEN_2.o ./AppWizard/Resource/Image/DTable6.o ./AppWizard/Resource/Image/DayNight.o ./AppWizard/Resource/Image/Diagnostic.o ./AppWizard/Resource/Image/DigitalRaw.o ./AppWizard/Resource/Image/Down_arrow_Yellow_72x90.o ./AppWizard/Resource/Image/Down_arrow_blue_72x90.o ./AppWizard/Resource/Image/ECL_GREY.o ./AppWizard/Resource/Image/ECL_WHITE.o ./AppWizard/Resource/Image/ECT_DAY.o ./AppWizard/Resource/Image/ECT_GREY.o ./AppWizard/Resource/Image/ECT_NIGHT.o ./AppWizard/Resource/Image/ECT_RED_DAY.o ./AppWizard/Resource/Image/ECT_RED_NIGHT.o ./AppWizard/Resource/Image/ECT_WHITE.o ./AppWizard/Resource/Image/EOFC_GREY.o ./AppWizard/Resource/Image/EOFC_WHITE.o ./AppWizard/Resource/Image/EOP_DAY.o ./AppWizard/Resource/Image/EOP_GREY.o ./AppWizard/Resource/Image/EOP_NIGHT.o ./AppWizard/Resource/Image/EOP_RED_DAY.o ./AppWizard/Resource/Image/EOP_RED_NIGHT.o ./AppWizard/Resource/Image/EOP_WHITE.o ./AppWizard/Resource/Image/EOT_DAY.o ./AppWizard/Resource/Image/EOT_GREY.o ./AppWizard/Resource/Image/EOT_NIGHT.o ./AppWizard/Resource/Image/EOT_RED_DAY.o ./AppWizard/Resource/Image/EOT_RED_NIGHT.o ./AppWizard/Resource/Image/EOT_WHITE.o ./AppWizard/Resource/Image/Error_ind1.o ./AppWizard/Resource/Image/Error_red.o ./AppWizard/Resource/Image/FUEL_DAY.o ./AppWizard/Resource/Image/FUEL_GREY.o ./AppWizard/Resource/Image/FUEL_NIGHT.o ./AppWizard/Resource/Image/FUEL_RED_DAY.o ./AppWizard/Resource/Image/FUEL_RED_NIGHT.o ./AppWizard/Resource/Image/FUEL_WHITE.o ./AppWizard/Resource/Image/G1_52X52.o ./AppWizard/Resource/Image/G2_52X52.o ./AppWizard/Resource/Image/G3_52X52.o ./AppWizard/Resource/Image/G4_52X52.o ./AppWizard/Resource/Image/G5_52X52.o ./AppWizard/Resource/Image/G6_52X52.o ./AppWizard/Resource/Image/G7_52X52.o ./AppWizard/Resource/Image/G8_52X52.o ./AppWizard/Resource/Image/G9_52X52.o ./AppWizard/Resource/Image/Get_faults_symbol.o ./AppWizard/Resource/Image/Grey_Green790x130T10.o ./AppWizard/Resource/Image/Grey_Red790x130T10.o ./AppWizard/Resource/Image/GuageDisplay.o ./AppWizard/Resource/Image/HOL_GREY.o ./AppWizard/Resource/Image/HOL_WHITE.o ./AppWizard/Resource/Image/Home_transparent.o ./AppWizard/Resource/Image/IDNOTSET.o ./AppWizard/Resource/Image/Invalid_Password.o ./AppWizard/Resource/Image/Keypad_Page.o ./AppWizard/Resource/Image/Left.o ./AppWizard/Resource/Image/Minus.o ./AppWizard/Resource/Image/NIGHT_BRIGHTNESS.o ./AppWizard/Resource/Image/NIGHT_SCREEN_1.o ./AppWizard/Resource/Image/NIGHT_SCREEN_2.o ./AppWizard/Resource/Image/N_52X52.o ./AppWizard/Resource/Image/Needle80x15.o ./AppWizard/Resource/Image/Needle_135_25.o ./AppWizard/Resource/Image/Needle_Night135x25.o ./AppWizard/Resource/Image/Needle_Night80x15.o ./AppWizard/Resource/Image/OVRSPD1.o ./AppWizard/Resource/Image/OVRSPD2.o ./AppWizard/Resource/Image/PasswordLock.o ./AppWizard/Resource/Image/Password_Unlock75x75.o ./AppWizard/Resource/Image/Password_screen.o ./AppWizard/Resource/Image/Plus.o ./AppWizard/Resource/Image/R1_52X52.o ./AppWizard/Resource/Image/R2_52X52.o ./AppWizard/Resource/Image/RPM_DAY.o ./AppWizard/Resource/Image/RPM_NIGHT.o ./AppWizard/Resource/Image/RPM_RED_DAY.o ./AppWizard/Resource/Image/RPM_RED_NIGHT.o ./AppWizard/Resource/Image/R_52X52.o ./AppWizard/Resource/Image/Raw_can_data55x57.o ./AppWizard/Resource/Image/Reset_symbol_72x90.o ./AppWizard/Resource/Image/Restore_defaults_symbol.o ./AppWizard/Resource/Image/Rows_and_Columns_image.o ./AppWizard/Resource/Image/SCREEN2_COVER.o ./AppWizard/Resource/Image/SEATBELT_GREY.o ./AppWizard/Resource/Image/SEATBELT_WHITE.o ./AppWizard/Resource/Image/Serviceremainder55x50.o ./AppWizard/Resource/Image/Sqr_456x36.o ./AppWizard/Resource/Image/Sqr_White_413x37.o ./AppWizard/Resource/Image/Sqr_yellow_421x45.o ./AppWizard/Resource/Image/Sqr_yellow_transparent_421x45.o ./AppWizard/Resource/Image/Sqrgreqbckd200x80.o ./AppWizard/Resource/Image/Squreblack.o ./AppWizard/Resource/Image/SystemSetting.o ./AppWizard/Resource/Image/TOFC_GBG.o ./AppWizard/Resource/Image/TOFC_RWR.o ./AppWizard/Resource/Image/TOP_DAY.o ./AppWizard/Resource/Image/TOP_GREY.o ./AppWizard/Resource/Image/TOP_NIGHT.o ./AppWizard/Resource/Image/TOP_RED_DAY.o ./AppWizard/Resource/Image/TOP_RED_NIGHT.o ./AppWizard/Resource/Image/TOP_WHITE.o ./AppWizard/Resource/Image/TOT_DAY.o ./AppWizard/Resource/Image/TOT_GREY.o ./AppWizard/Resource/Image/TOT_NIGHT.o ./AppWizard/Resource/Image/TOT_RED_DAY.o ./AppWizard/Resource/Image/TOT_RED_NIGHT.o ./AppWizard/Resource/Image/TOT_WHITE.o ./AppWizard/Resource/Image/TROUBLE_SHOOTING.o ./AppWizard/Resource/Image/UP_arrow_Yellow_72x90.o ./AppWizard/Resource/Image/Up_arrow_blue_72x90.o ./AppWizard/Resource/Image/UserSetting.o ./AppWizard/Resource/Image/Utilities.o ./AppWizard/Resource/Image/ast.o ./AppWizard/Resource/Image/change_password.o ./AppWizard/Resource/Image/cursor_block_32x6.o ./AppWizard/Resource/Image/datalogging_55X55.o ./AppWizard/Resource/Image/edit2_50x49.o ./AppWizard/Resource/Image/edit_symbol.o ./AppWizard/Resource/Image/fault_logging_55x59.o ./AppWizard/Resource/Image/hide.o ./AppWizard/Resource/Image/min_max_logging_40x50.o ./AppWizard/Resource/Image/off_symbol_72x90.o ./AppWizard/Resource/Image/pendrive_35x90.o ./AppWizard/Resource/Image/recall.o ./AppWizard/Resource/Image/right1.o ./AppWizard/Resource/Image/save_icon.o ./AppWizard/Resource/Image/sd_card_60x60.o ./AppWizard/Resource/Image/sqr_456X136.o ./AppWizard/Resource/Image/sqrbckd.o ./AppWizard/Resource/Image/systemSetup55x60.o ./AppWizard/Resource/Image/vin_Cin50x46.o  ./AppWizard/Resource/Font/BasicSquare7Solid_16_Bold_EXT_AA4.o ./AppWizard/Resource/Font/BasicSquare7Solid_18_Bold_EXT_AA4.o ./AppWizard/Resource/Font/BasicSquare7Solid_20_Normal_EXT_AA4.o ./AppWizard/Resource/Font/BasicSquare7Solid_24_Normal_EXT_AA4.o ./AppWizard/Resource/Font/BasicSquare7Solid_30_Normal_EXT_AA4.o ./AppWizard/Resource/Font/Calibri_20_Bold_EXT_AA4.o ./AppWizard/Resource/Font/Calibri_20_Normal_EXT_AA4.o ./AppWizard/Resource/Font/Calibri_22_Bold_EXT_AA4.o ./AppWizard/Resource/Font/Calibri_24_Bold_EXT_AA4.o ./AppWizard/Resource/Font/Calibri_28_Bold_EXT_AA4.o ./AppWizard/Resource/Font/Calibri_30_Bold_EXT_AA4.o ./AppWizard/Resource/Font/Calibri_40_Bold_EXT_AA4.o  ./AppWizard/APPW_X_NoFS.o   -lemWin_M7
Memory region         Used Size  Region Size  %age Used
     BOARD_FLASH:      240228 B        64 MB      0.36%
     BOARD_SDRAM:    15442312 B        30 MB     49.09%
   NCACHE_REGION:          0 GB         2 MB      0.00%
        SRAM_DTC:       20100 B       128 KB     15.34%
        SRAM_ITC:          0 GB       128 KB      0.00%
         SRAM_OC:          0 GB       256 KB      0.00%
Finished building target: VMS_Display_V0.axf
 
Performing post-build steps
arm-none-eabi-size "VMS_Display_V0.axf"; # arm-none-eabi-objcopy -v -O binary "VMS_Display_V0.axf" "VMS_Display_V0.bin" ; # checksum -p MIMXRT1052xxxxB -d "VMS_Display_V0.bin";
   text	   data	    bss	    dec	    hex	filename
 240016	    212	15462196	15702424	 ef9998	VMS_Display_V0.axf
 
17:40:46 **** Incremental Build of configuration Debug for project VMS_Display_V0 ****
make -r -j16 all 
Building file: ../source/Files_Application/sourceMain.c
Invoking: MCU C Compiler
arm-none-eabi-gcc -std=gnu99 -D__REDLIB__ -DCPU_MIMXRT1052DVL6B -DCPU_MIMXRT1052DVL6B_cm7 -D_DEBUG=1 -DSDK_DEBUGCONSOLE=1 -DXIP_EXTERNAL_FLASH=1 -DXIP_BOOT_HEADER_ENABLE=1 -DUSB_STACK_BM -DPRINTF_ADVANCED_ENABLE=1 -DFSL_OSA_BM_TASK_ENABLE=0 -DFSL_OSA_BM_TIMER_CONFIG=0 -DFSL_SDK_ENABLE_DRIVER_CACHE_CONTROL=1 -DSD_ENABLED -DMCUXPRESSO_SDK -DCR_INTEGER_PRINTF -DPRINTF_FLOAT_ENABLE=0 -DXIP_BOOT_HEADER_DCD_ENABLE=1 -DSKIP_SYSCLK_INIT -DDATA_SECTION_IS_CACHEABLE=1 -DAPPWIZARD -D__MCUXPRESSO -D__USE_CMSIS -DDEBUG -I"D:\IMXRT1050EVKB_Bootloader\BD155_P_V1_0_0\McuXpresso\VMS_Display_V0\board" -I"D:\IMXRT1050EVKB_Bootloader\BD155_P_V1_0_0\McuXpresso\VMS_Display_V0\source" -I"D:\IMXRT1050EVKB_Bootloader\BD155_P_V1_0_0\McuXpresso\VMS_Display_V0\fatfs\source\fsl_ram_disk" -I"D:\IMXRT1050EVKB_Bootloader\BD155_P_V1_0_0\McuXpresso\VMS_Display_V0\usb\host" -I"D:\IMXRT1050EVKB_Bootloader\BD155_P_V1_0_0\McuXpresso\VMS_Display_V0\usb\include" -I"D:\IMXRT1050EVKB_Bootloader\BD155_P_V1_0_0\McuXpresso\VMS_Display_V0\usb\phy" -I"D:\IMXRT1050EVKB_Bootloader\BD155_P_V1_0_0\McuXpresso\VMS_Display_V0\drivers" -I"D:\IMXRT1050EVKB_Bootloader\BD155_P_V1_0_0\McuXpresso\VMS_Display_V0\touchpanel" -I"D:\IMXRT1050EVKB_Bootloader\BD155_P_V1_0_0\McuXpresso\VMS_Display_V0\utilities" -I"D:\IMXRT1050EVKB_Bootloader\BD155_P_V1_0_0\McuXpresso\VMS_Display_V0\usb\host\class" -I"D:\IMXRT1050EVKB_Bootloader\BD155_P_V1_0_0\McuXpresso\VMS_Display_V0\fatfs\source" -I"D:\IMXRT1050EVKB_Bootloader\BD155_P_V1_0_0\McuXpresso\VMS_Display_V0\fatfs\source\fsl_sd_disk" -I"D:\IMXRT1050EVKB_Bootloader\BD155_P_V1_0_0\McuXpresso\VMS_Display_V0\sdmmc\inc" -I"D:\IMXRT1050EVKB_Bootloader\BD155_P_V1_0_0\McuXpresso\VMS_Display_V0\sdmmc\host" -I"D:\IMXRT1050EVKB_Bootloader\BD155_P_V1_0_0\McuXpresso\VMS_Display_V0\sdmmc\osa" -I"D:\IMXRT1050EVKB_Bootloader\BD155_P_V1_0_0\McuXpresso\VMS_Display_V0\sdmmc\sd" -I"D:\IMXRT1050EVKB_Bootloader\BD155_P_V1_0_0\McuXpresso\VMS_Display_V0\fatfs\source\fsl_usb_disk" -I"D:\IMXRT1050EVKB_Bootloader\BD155_P_V1_0_0\McuXpresso\VMS_Display_V0\emwin\emWin_header" -I"D:\IMXRT1050EVKB_Bootloader\BD155_P_V1_0_0\McuXpresso\VMS_Display_V0\emwin\emWin_Config" -I"D:\IMXRT1050EVKB_Bootloader\BD155_P_V1_0_0\McuXpresso\VMS_Display_V0\device" -I"D:\IMXRT1050EVKB_Bootloader\BD155_P_V1_0_0\McuXpresso\VMS_Display_V0\component\uart" -I"D:\IMXRT1050EVKB_Bootloader\BD155_P_V1_0_0\McuXpresso\VMS_Display_V0\component\lists" -I"D:\IMXRT1050EVKB_Bootloader\BD155_P_V1_0_0\McuXpresso\VMS_Display_V0\xip" -I"D:\IMXRT1050EVKB_Bootloader\BD155_P_V1_0_0\McuXpresso\VMS_Display_V0\component\osa" -I"D:\IMXRT1050EVKB_Bootloader\BD155_P_V1_0_0\McuXpresso\VMS_Display_V0\CMSIS" -O0 -fno-common -g3 -c -ffunction-sections -fdata-sections -ffreestanding -fno-builtin -fmerge-constants -fmacro-prefix-map="../source/Files_Application/"= -mcpu=cortex-m7 -mthumb -D__REDLIB__ -fstack-usage -specs=redlib.specs -MMD -MP -MF"source/Files_Application/sourceMain.d" -MT"source/Files_Application/sourceMain.o" -MT"source/Files_Application/sourceMain.d" -o "source/Files_Application/sourceMain.o" "../source/Files_Application/sourceMain.c"
../source/Files_Application/sourceMain.c: In function 'app_finalize':
../source/Files_Application/sourceMain.c:255:5: warning: implicit declaration of function 'ReadFromPendrive' [-Wimplicit-function-declaration]
  255 |     ReadFromPendrive();
      |     ^~~~~~~~~~~~~~~~
../source/Files_Application/sourceMain.c: At top level:
../source/Files_Application/sourceMain.c:486:7: warning: conflicting types for 'ReadFromPendrive'
  486 |  void ReadFromPendrive(void)
      |       ^~~~~~~~~~~~~~~~
../source/Files_Application/sourceMain.c:255:5: note: previous implicit declaration of 'ReadFromPendrive' was here
  255 |     ReadFromPendrive();
      |     ^~~~~~~~~~~~~~~~
../source/Files_Application/sourceMain.c: In function 'ReadFromPendrive':
../source/Files_Application/sourceMain.c:763:3: warning: implicit declaration of function 'jump_to_hyperflash_location' [-Wimplicit-function-declaration]
  763 |   jump_to_hyperflash_location();
      |   ^~~~~~~~~~~~~~~~~~~~~~~~~~~
../source/Files_Application/sourceMain.c: At top level:
../source/Files_Application/sourceMain.c:1680:6: warning: conflicting types for 'jump_to_hyperflash_location'
 1680 | void jump_to_hyperflash_location() {
      |      ^~~~~~~~~~~~~~~~~~~~~~~~~~~
../source/Files_Application/sourceMain.c:763:3: note: previous implicit declaration of 'jump_to_hyperflash_location' was here
  763 |   jump_to_hyperflash_location();
      |   ^~~~~~~~~~~~~~~~~~~~~~~~~~~
Finished building: ../source/Files_Application/sourceMain.c
 
Building target: VMS_Display_V0.axf
Invoking: MCU Linker
arm-none-eabi-gcc -nostdlib -L"D:\IMXRT1050EVKB_Bootloader\BD155_P_V1_0_0\McuXpresso\VMS_Display_V0\emwin\emWin_library\MCUXpresso" -Xlinker -Map="VMS_Display_V0.map" -Xlinker --gc-sections -Xlinker -print-memory-usage -Xlinker --sort-section=alignment -Xlinker --cref -mcpu=cortex-m7 -mthumb -T VMS_Display_V0_Debug.ld -o "VMS_Display_V0.axf" ./xip/evkbimxrt1050_flexspi_nor_config.o ./xip/fsl_flexspi_nor_boot.o  ./utilities/fsl_assert.o ./utilities/fsl_debug_console.o  ./usb/phy/usb_phy.o  ./usb/host/class/usb_host_hub.o ./usb/host/class/usb_host_hub_app.o ./usb/host/class/usb_host_msd.o ./usb/host/class/usb_host_msd_ufi.o  ./usb/host/usb_host_devices.o ./usb/host/usb_host_ehci.o ./usb/host/usb_host_framework.o ./usb/host/usb_host_hci.o  ./touchpanel/fsl_ft5406_rt.o  ./startup/startup_mimxrt1052.o  ./source/Files_Peripheral/sourceEcan.o ./source/Files_Peripheral/sourceKeypadGpio.o ./source/Files_Peripheral/sourceSystemClockConfig.o ./source/Files_Peripheral/sourceTimer0.o  ./source/Files_Driver/sourceJ1939.o ./source/Files_Driver/sourceKeypad.o ./source/Files_Driver/sourceSystemSetup.o ./source/Files_Driver/sourceTimerAInterval.o  ./source/Files_Application/USB_UserApp_Stack/usb_user_app.o  ./source/Files_Application/KeypadStack/sourceKeypadStack.o  ./source/Files_Application/J1939Stack/sourceJ1939Dm1.o ./source/Files_Application/J1939Stack/sourceJ1939Stack.o  ./source/Files_Application/Memory.o ./source/Files_Application/semihost_hardfault.o ./source/Files_Application/sourceApplication.o ./source/Files_Application/sourceMain.o ./source/Files_Application/sourceScreenDisplay.o  ./source/host_msd_fatfs.o  ./sdmmc/src/fsl_sd.o ./sdmmc/src/fsl_sdmmc_common.o  ./sdmmc/osa/fsl_sdmmc_osa.o  ./sdmmc/host/fsl_sdmmc_host.o  ./fatfs/source/fsl_usb_disk/fsl_usb_disk_bm.o  ./fatfs/source/fsl_sd_disk/fsl_sd_disk.o  ./fatfs/source/fsl_ram_disk/fsl_ram_disk.o  ./fatfs/source/diskio.o ./fatfs/source/ff.o ./fatfs/source/ffsystem.o ./fatfs/source/ffunicode.o  ./drivers/fsl_adc.o ./drivers/fsl_cache.o ./drivers/fsl_clock.o ./drivers/fsl_common.o ./drivers/fsl_common_arm.o ./drivers/fsl_elcdif.o ./drivers/fsl_flexcan.o ./drivers/fsl_gpio.o ./drivers/fsl_gpt.o ./drivers/fsl_lpi2c.o ./drivers/fsl_lpuart.o ./drivers/fsl_pwm.o ./drivers/fsl_pxp.o ./drivers/fsl_qtmr.o ./drivers/fsl_romapi.o ./drivers/fsl_usdhc.o ./drivers/fsl_xbara.o  ./device/system_MIMXRT1052.o  ./component/uart/fsl_adapter_lpuart.o  ./component/osa/fsl_os_abstraction_bm.o  ./component/lists/fsl_component_generic_list.o  ./board/board.o ./board/clock_config.o ./board/dcd.o ./board/emwin_support.o ./board/pin_mux.o ./board/sdmmc_config.o  ./AppWizard/Source/Generated/APPWConf.o ./AppWizard/Source/Generated/ID_SCREEN_BD155.o ./AppWizard/Source/Generated/ID_SCREEN_BOOT.o ./AppWizard/Source/Generated/ID_SCREEN_CHANGEPASSWORD.o ./AppWizard/Source/Generated/ID_SCREEN_DATA_LOGGING.o ./AppWizard/Source/Generated/ID_SCREEN_DIAGNOSTIC.o ./AppWizard/Source/Generated/ID_SCREEN_DIAGNOSTICS_2.o ./AppWizard/Source/Generated/ID_SCREEN_DIAGNOSTIC_POPUP.o ./AppWizard/Source/Generated/ID_SCREEN_DM1.o ./AppWizard/Source/Generated/ID_SCREEN_ENGFUELRATE_POPUP.o ./AppWizard/Source/Generated/ID_SCREEN_ENGHRS_EDIT.o ./AppWizard/Source/Generated/ID_SCREEN_ENGHRS_POPUP.o ./AppWizard/Source/Generated/ID_SCREEN_FAULT_LOGGING.o ./AppWizard/Source/Generated/ID_SCREEN_IDENTIFICATION.o ./AppWizard/Source/Generated/ID_SCREEN_INTENSITY.o ./AppWizard/Source/Generated/ID_SCREEN_INVALID_PASSWORD.o ./AppWizard/Source/Generated/ID_SCREEN_KEYPAD.o ./AppWizard/Source/Generated/ID_SCREEN_MAIN2_DAY.o ./AppWizard/Source/Generated/ID_SCREEN_MAIN2_NIGHT.o ./AppWizard/Source/Generated/ID_SCREEN_MAINMENU.o ./AppWizard/Source/Generated/ID_SCREEN_MAIN_DAY.o ./AppWizard/Source/Generated/ID_SCREEN_MAIN_NIGHT.o ./AppWizard/Source/Generated/ID_SCREEN_NAVIPOPUP.o ./AppWizard/Source/Generated/ID_SCREEN_PASSWORD.o ./AppWizard/Source/Generated/ID_SCREEN_PENDRIVE_DETECT_POPUP.o ./AppWizard/Source/Generated/ID_SCREEN_RAWVALUE_ANALOG.o ./AppWizard/Source/Generated/ID_SCREEN_RAWVALUE_IO.o ./AppWizard/Source/Generated/ID_SCREEN_RAW_CAN_DATA.o ./AppWizard/Source/Generated/ID_SCREEN_RTC.o ./AppWizard/Source/Generated/ID_SCREEN_SDCARD_DETECT.o ./AppWizard/Source/Generated/ID_SCREEN_SERVICE_REMINDER.o ./AppWizard/Source/Generated/ID_SCREEN_SHFTWSCLKSETTING.o ./AppWizard/Source/Generated/ID_SCREEN_SHFTWSWRKINGHRS_LOG.o ./AppWizard/Source/Generated/ID_SCREEN_SWCS_ERROR.o ./AppWizard/Source/Generated/ID_SCREEN_SYSTEM_SETTINGS.o ./AppWizard/Source/Generated/ID_SCREEN_SYSTEM_SETUP_DATA.o ./AppWizard/Source/Generated/ID_SCREEN_USER_SETTINGS.o ./AppWizard/Source/Generated/ID_SCREEN_UTILITIES.o ./AppWizard/Source/Generated/ID_SCREEN_WARNING_POPUP.o ./AppWizard/Source/Generated/Resource.o  ./AppWizard/Source/CustomCode/Application.o ./AppWizard/Source/CustomCode/ID_SCREEN_BD155_Slots.o ./AppWizard/Source/CustomCode/ID_SCREEN_BOOT_Slots.o ./AppWizard/Source/CustomCode/ID_SCREEN_CHANGEPASSWORD_Slots.o ./AppWizard/Source/CustomCode/ID_SCREEN_DATA_LOGGING_Slots.o ./AppWizard/Source/CustomCode/ID_SCREEN_DIAGNOSTICS_2_Slots.o ./AppWizard/Source/CustomCode/ID_SCREEN_DIAGNOSTIC_POPUP_Slots.o ./AppWizard/Source/CustomCode/ID_SCREEN_DIAGNOSTIC_Slots.o ./AppWizard/Source/CustomCode/ID_SCREEN_DM1_Slots.o ./AppWizard/Source/CustomCode/ID_SCREEN_ENGFUELRATE_POPUP_Slots.o ./AppWizard/Source/CustomCode/ID_SCREEN_ENGHRS_EDIT_Slots.o ./AppWizard/Source/CustomCode/ID_SCREEN_ENGHRS_POPUP_Slots.o ./AppWizard/Source/CustomCode/ID_SCREEN_FAULT_LOGGING_Slots.o ./AppWizard/Source/CustomCode/ID_SCREEN_IDENTIFICATION_Slots.o ./AppWizard/Source/CustomCode/ID_SCREEN_INTENSITY_Slots.o ./AppWizard/Source/CustomCode/ID_SCREEN_INVALID_PASSWORD_Slots.o ./AppWizard/Source/CustomCode/ID_SCREEN_KEYPAD_Slots.o ./AppWizard/Source/CustomCode/ID_SCREEN_MAIN2_DAY_Slots.o ./AppWizard/Source/CustomCode/ID_SCREEN_MAIN2_NIGHT_Slots.o ./AppWizard/Source/CustomCode/ID_SCREEN_MAINMENU_Slots.o ./AppWizard/Source/CustomCode/ID_SCREEN_MAIN_DAY_Slots.o ./AppWizard/Source/CustomCode/ID_SCREEN_MAIN_NIGHT_Slots.o ./AppWizard/Source/CustomCode/ID_SCREEN_NAVIPOPUP_Slots.o ./AppWizard/Source/CustomCode/ID_SCREEN_PASSWORD_Slots.o ./AppWizard/Source/CustomCode/ID_SCREEN_PENDRIVE_DETECT_POPUP_Slots.o ./AppWizard/Source/CustomCode/ID_SCREEN_RAWVALUE_ANALOG_Slots.o ./AppWizard/Source/CustomCode/ID_SCREEN_RAWVALUE_IO_Slots.o ./AppWizard/Source/CustomCode/ID_SCREEN_RAW_CAN_DATA_Slots.o ./AppWizard/Source/CustomCode/ID_SCREEN_RTC_Slots.o ./AppWizard/Source/CustomCode/ID_SCREEN_SDCARD_DETECT_Slots.o ./AppWizard/Source/CustomCode/ID_SCREEN_SERVICE_REMINDER_Slots.o ./AppWizard/Source/CustomCode/ID_SCREEN_SHFTWSCLKSETTING_Slots.o ./AppWizard/Source/CustomCode/ID_SCREEN_SHFTWSWRKINGHRS_LOG_Slots.o ./AppWizard/Source/CustomCode/ID_SCREEN_SWCS_ERROR_Slots.o ./AppWizard/Source/CustomCode/ID_SCREEN_SYSTEM_SETTINGS_Slots.o ./AppWizard/Source/CustomCode/ID_SCREEN_SYSTEM_SETUP_DATA_Slots.o ./AppWizard/Source/CustomCode/ID_SCREEN_USER_SETTINGS_Slots.o ./AppWizard/Source/CustomCode/ID_SCREEN_UTILITIES_Slots.o ./AppWizard/Source/CustomCode/ID_SCREEN_WARNING_POPUP_Slots.o  ./AppWizard/Source/APPW_MainTask.o  ./AppWizard/Resource/Text/APPW_Language_0.o ./AppWizard/Resource/Text/APPW_Pattern.o  ./AppWizard/Resource/Image/AIRFILTCLOG_GREY.o ./AppWizard/Resource/Image/AIRFILTCLOG_WHITE.o ./AppWizard/Resource/Image/BD_155_3.o ./AppWizard/Resource/Image/BEML300x111.o ./AppWizard/Resource/Image/BLANK52X52.o ./AppWizard/Resource/Image/BLOCK_632X33.o ./AppWizard/Resource/Image/BLOCK_632X33_TRANSPARENT.o ./AppWizard/Resource/Image/BRIGHTNESS_CONTROL_1.o ./AppWizard/Resource/Image/BlackGrey91x480Left.o ./AppWizard/Resource/Image/BlackGrey91x480Right.o ./AppWizard/Resource/Image/Blue_wallpaper.o ./AppWizard/Resource/Image/CHECKTRANS52X52.o ./AppWizard/Resource/Image/Cover_Brightness.o ./AppWizard/Resource/Image/DAY_SCREEN_1.o ./AppWizard/Resource/Image/DAY_SCREEN_2.o ./AppWizard/Resource/Image/DTable6.o ./AppWizard/Resource/Image/DayNight.o ./AppWizard/Resource/Image/Diagnostic.o ./AppWizard/Resource/Image/DigitalRaw.o ./AppWizard/Resource/Image/Down_arrow_Yellow_72x90.o ./AppWizard/Resource/Image/Down_arrow_blue_72x90.o ./AppWizard/Resource/Image/ECL_GREY.o ./AppWizard/Resource/Image/ECL_WHITE.o ./AppWizard/Resource/Image/ECT_DAY.o ./AppWizard/Resource/Image/ECT_GREY.o ./AppWizard/Resource/Image/ECT_NIGHT.o ./AppWizard/Resource/Image/ECT_RED_DAY.o ./AppWizard/Resource/Image/ECT_RED_NIGHT.o ./AppWizard/Resource/Image/ECT_WHITE.o ./AppWizard/Resource/Image/EOFC_GREY.o ./AppWizard/Resource/Image/EOFC_WHITE.o ./AppWizard/Resource/Image/EOP_DAY.o ./AppWizard/Resource/Image/EOP_GREY.o ./AppWizard/Resource/Image/EOP_NIGHT.o ./AppWizard/Resource/Image/EOP_RED_DAY.o ./AppWizard/Resource/Image/EOP_RED_NIGHT.o ./AppWizard/Resource/Image/EOP_WHITE.o ./AppWizard/Resource/Image/EOT_DAY.o ./AppWizard/Resource/Image/EOT_GREY.o ./AppWizard/Resource/Image/EOT_NIGHT.o ./AppWizard/Resource/Image/EOT_RED_DAY.o ./AppWizard/Resource/Image/EOT_RED_NIGHT.o ./AppWizard/Resource/Image/EOT_WHITE.o ./AppWizard/Resource/Image/Error_ind1.o ./AppWizard/Resource/Image/Error_red.o ./AppWizard/Resource/Image/FUEL_DAY.o ./AppWizard/Resource/Image/FUEL_GREY.o ./AppWizard/Resource/Image/FUEL_NIGHT.o ./AppWizard/Resource/Image/FUEL_RED_DAY.o ./AppWizard/Resource/Image/FUEL_RED_NIGHT.o ./AppWizard/Resource/Image/FUEL_WHITE.o ./AppWizard/Resource/Image/G1_52X52.o ./AppWizard/Resource/Image/G2_52X52.o ./AppWizard/Resource/Image/G3_52X52.o ./AppWizard/Resource/Image/G4_52X52.o ./AppWizard/Resource/Image/G5_52X52.o ./AppWizard/Resource/Image/G6_52X52.o ./AppWizard/Resource/Image/G7_52X52.o ./AppWizard/Resource/Image/G8_52X52.o ./AppWizard/Resource/Image/G9_52X52.o ./AppWizard/Resource/Image/Get_faults_symbol.o ./AppWizard/Resource/Image/Grey_Green790x130T10.o ./AppWizard/Resource/Image/Grey_Red790x130T10.o ./AppWizard/Resource/Image/GuageDisplay.o ./AppWizard/Resource/Image/HOL_GREY.o ./AppWizard/Resource/Image/HOL_WHITE.o ./AppWizard/Resource/Image/Home_transparent.o ./AppWizard/Resource/Image/IDNOTSET.o ./AppWizard/Resource/Image/Invalid_Password.o ./AppWizard/Resource/Image/Keypad_Page.o ./AppWizard/Resource/Image/Left.o ./AppWizard/Resource/Image/Minus.o ./AppWizard/Resource/Image/NIGHT_BRIGHTNESS.o ./AppWizard/Resource/Image/NIGHT_SCREEN_1.o ./AppWizard/Resource/Image/NIGHT_SCREEN_2.o ./AppWizard/Resource/Image/N_52X52.o ./AppWizard/Resource/Image/Needle80x15.o ./AppWizard/Resource/Image/Needle_135_25.o ./AppWizard/Resource/Image/Needle_Night135x25.o ./AppWizard/Resource/Image/Needle_Night80x15.o ./AppWizard/Resource/Image/OVRSPD1.o ./AppWizard/Resource/Image/OVRSPD2.o ./AppWizard/Resource/Image/PasswordLock.o ./AppWizard/Resource/Image/Password_Unlock75x75.o ./AppWizard/Resource/Image/Password_screen.o ./AppWizard/Resource/Image/Plus.o ./AppWizard/Resource/Image/R1_52X52.o ./AppWizard/Resource/Image/R2_52X52.o ./AppWizard/Resource/Image/RPM_DAY.o ./AppWizard/Resource/Image/RPM_NIGHT.o ./AppWizard/Resource/Image/RPM_RED_DAY.o ./AppWizard/Resource/Image/RPM_RED_NIGHT.o ./AppWizard/Resource/Image/R_52X52.o ./AppWizard/Resource/Image/Raw_can_data55x57.o ./AppWizard/Resource/Image/Reset_symbol_72x90.o ./AppWizard/Resource/Image/Restore_defaults_symbol.o ./AppWizard/Resource/Image/Rows_and_Columns_image.o ./AppWizard/Resource/Image/SCREEN2_COVER.o ./AppWizard/Resource/Image/SEATBELT_GREY.o ./AppWizard/Resource/Image/SEATBELT_WHITE.o ./AppWizard/Resource/Image/Serviceremainder55x50.o ./AppWizard/Resource/Image/Sqr_456x36.o ./AppWizard/Resource/Image/Sqr_White_413x37.o ./AppWizard/Resource/Image/Sqr_yellow_421x45.o ./AppWizard/Resource/Image/Sqr_yellow_transparent_421x45.o ./AppWizard/Resource/Image/Sqrgreqbckd200x80.o ./AppWizard/Resource/Image/Squreblack.o ./AppWizard/Resource/Image/SystemSetting.o ./AppWizard/Resource/Image/TOFC_GBG.o ./AppWizard/Resource/Image/TOFC_RWR.o ./AppWizard/Resource/Image/TOP_DAY.o ./AppWizard/Resource/Image/TOP_GREY.o ./AppWizard/Resource/Image/TOP_NIGHT.o ./AppWizard/Resource/Image/TOP_RED_DAY.o ./AppWizard/Resource/Image/TOP_RED_NIGHT.o ./AppWizard/Resource/Image/TOP_WHITE.o ./AppWizard/Resource/Image/TOT_DAY.o ./AppWizard/Resource/Image/TOT_GREY.o ./AppWizard/Resource/Image/TOT_NIGHT.o ./AppWizard/Resource/Image/TOT_RED_DAY.o ./AppWizard/Resource/Image/TOT_RED_NIGHT.o ./AppWizard/Resource/Image/TOT_WHITE.o ./AppWizard/Resource/Image/TROUBLE_SHOOTING.o ./AppWizard/Resource/Image/UP_arrow_Yellow_72x90.o ./AppWizard/Resource/Image/Up_arrow_blue_72x90.o ./AppWizard/Resource/Image/UserSetting.o ./AppWizard/Resource/Image/Utilities.o ./AppWizard/Resource/Image/ast.o ./AppWizard/Resource/Image/change_password.o ./AppWizard/Resource/Image/cursor_block_32x6.o ./AppWizard/Resource/Image/datalogging_55X55.o ./AppWizard/Resource/Image/edit2_50x49.o ./AppWizard/Resource/Image/edit_symbol.o ./AppWizard/Resource/Image/fault_logging_55x59.o ./AppWizard/Resource/Image/hide.o ./AppWizard/Resource/Image/min_max_logging_40x50.o ./AppWizard/Resource/Image/off_symbol_72x90.o ./AppWizard/Resource/Image/pendrive_35x90.o ./AppWizard/Resource/Image/recall.o ./AppWizard/Resource/Image/right1.o ./AppWizard/Resource/Image/save_icon.o ./AppWizard/Resource/Image/sd_card_60x60.o ./AppWizard/Resource/Image/sqr_456X136.o ./AppWizard/Resource/Image/sqrbckd.o ./AppWizard/Resource/Image/systemSetup55x60.o ./AppWizard/Resource/Image/vin_Cin50x46.o  ./AppWizard/Resource/Font/BasicSquare7Solid_16_Bold_EXT_AA4.o ./AppWizard/Resource/Font/BasicSquare7Solid_18_Bold_EXT_AA4.o ./AppWizard/Resource/Font/BasicSquare7Solid_20_Normal_EXT_AA4.o ./AppWizard/Resource/Font/BasicSquare7Solid_24_Normal_EXT_AA4.o ./AppWizard/Resource/Font/BasicSquare7Solid_30_Normal_EXT_AA4.o ./AppWizard/Resource/Font/Calibri_20_Bold_EXT_AA4.o ./AppWizard/Resource/Font/Calibri_20_Normal_EXT_AA4.o ./AppWizard/Resource/Font/Calibri_22_Bold_EXT_AA4.o ./AppWizard/Resource/Font/Calibri_24_Bold_EXT_AA4.o ./AppWizard/Resource/Font/Calibri_28_Bold_EXT_AA4.o ./AppWizard/Resource/Font/Calibri_30_Bold_EXT_AA4.o ./AppWizard/Resource/Font/Calibri_40_Bold_EXT_AA4.o  ./AppWizard/APPW_X_NoFS.o   -lemWin_M7
Memory region         Used Size  Region Size  %age Used
     BOARD_FLASH:      240228 B        64 MB      0.36%
     BOARD_SDRAM:    15442312 B        30 MB     49.09%
   NCACHE_REGION:          0 GB         2 MB      0.00%
        SRAM_DTC:       20100 B       128 KB     15.34%
        SRAM_ITC:          0 GB       128 KB      0.00%
         SRAM_OC:          0 GB       256 KB      0.00%
Finished building target: VMS_Display_V0.axf
 
Performing post-build steps
arm-none-eabi-size "VMS_Display_V0.axf"; # arm-none-eabi-objcopy -v -O binary "VMS_Display_V0.axf" "VMS_Display_V0.bin" ; # checksum -p MIMXRT1052xxxxB -d "VMS_Display_V0.bin";
   text	   data	    bss	    dec	    hex	filename
 240016	    212	15462196	15702424	 ef9998	VMS_Display_V0.axf
 
18:00:32 **** Incremental Build of configuration Debug for project VMS_Display_V0 ****
make -r -j16 all 
Building file: ../source/Files_Application/sourceMain.c
Invoking: MCU C Compiler
arm-none-eabi-gcc -std=gnu99 -D__REDLIB__ -DCPU_MIMXRT1052DVL6B -DCPU_MIMXRT1052DVL6B_cm7 -D_DEBUG=1 -DSDK_DEBUGCONSOLE=1 -DXIP_EXTERNAL_FLASH=1 -DXIP_BOOT_HEADER_ENABLE=1 -DUSB_STACK_BM -DPRINTF_ADVANCED_ENABLE=1 -DFSL_OSA_BM_TASK_ENABLE=0 -DFSL_OSA_BM_TIMER_CONFIG=0 -DFSL_SDK_ENABLE_DRIVER_CACHE_CONTROL=1 -DSD_ENABLED -DMCUXPRESSO_SDK -DCR_INTEGER_PRINTF -DPRINTF_FLOAT_ENABLE=0 -DXIP_BOOT_HEADER_DCD_ENABLE=1 -DSKIP_SYSCLK_INIT -DDATA_SECTION_IS_CACHEABLE=1 -DAPPWIZARD -D__MCUXPRESSO -D__USE_CMSIS -DDEBUG -I"D:\IMXRT1050EVKB_Bootloader\BD155_P_V1_0_0\McuXpresso\VMS_Display_V0\board" -I"D:\IMXRT1050EVKB_Bootloader\BD155_P_V1_0_0\McuXpresso\VMS_Display_V0\source" -I"D:\IMXRT1050EVKB_Bootloader\BD155_P_V1_0_0\McuXpresso\VMS_Display_V0\fatfs\source\fsl_ram_disk" -I"D:\IMXRT1050EVKB_Bootloader\BD155_P_V1_0_0\McuXpresso\VMS_Display_V0\usb\host" -I"D:\IMXRT1050EVKB_Bootloader\BD155_P_V1_0_0\McuXpresso\VMS_Display_V0\usb\include" -I"D:\IMXRT1050EVKB_Bootloader\BD155_P_V1_0_0\McuXpresso\VMS_Display_V0\usb\phy" -I"D:\IMXRT1050EVKB_Bootloader\BD155_P_V1_0_0\McuXpresso\VMS_Display_V0\drivers" -I"D:\IMXRT1050EVKB_Bootloader\BD155_P_V1_0_0\McuXpresso\VMS_Display_V0\touchpanel" -I"D:\IMXRT1050EVKB_Bootloader\BD155_P_V1_0_0\McuXpresso\VMS_Display_V0\utilities" -I"D:\IMXRT1050EVKB_Bootloader\BD155_P_V1_0_0\McuXpresso\VMS_Display_V0\usb\host\class" -I"D:\IMXRT1050EVKB_Bootloader\BD155_P_V1_0_0\McuXpresso\VMS_Display_V0\fatfs\source" -I"D:\IMXRT1050EVKB_Bootloader\BD155_P_V1_0_0\McuXpresso\VMS_Display_V0\fatfs\source\fsl_sd_disk" -I"D:\IMXRT1050EVKB_Bootloader\BD155_P_V1_0_0\McuXpresso\VMS_Display_V0\sdmmc\inc" -I"D:\IMXRT1050EVKB_Bootloader\BD155_P_V1_0_0\McuXpresso\VMS_Display_V0\sdmmc\host" -I"D:\IMXRT1050EVKB_Bootloader\BD155_P_V1_0_0\McuXpresso\VMS_Display_V0\sdmmc\osa" -I"D:\IMXRT1050EVKB_Bootloader\BD155_P_V1_0_0\McuXpresso\VMS_Display_V0\sdmmc\sd" -I"D:\IMXRT1050EVKB_Bootloader\BD155_P_V1_0_0\McuXpresso\VMS_Display_V0\fatfs\source\fsl_usb_disk" -I"D:\IMXRT1050EVKB_Bootloader\BD155_P_V1_0_0\McuXpresso\VMS_Display_V0\emwin\emWin_header" -I"D:\IMXRT1050EVKB_Bootloader\BD155_P_V1_0_0\McuXpresso\VMS_Display_V0\emwin\emWin_Config" -I"D:\IMXRT1050EVKB_Bootloader\BD155_P_V1_0_0\McuXpresso\VMS_Display_V0\device" -I"D:\IMXRT1050EVKB_Bootloader\BD155_P_V1_0_0\McuXpresso\VMS_Display_V0\component\uart" -I"D:\IMXRT1050EVKB_Bootloader\BD155_P_V1_0_0\McuXpresso\VMS_Display_V0\component\lists" -I"D:\IMXRT1050EVKB_Bootloader\BD155_P_V1_0_0\McuXpresso\VMS_Display_V0\xip" -I"D:\IMXRT1050EVKB_Bootloader\BD155_P_V1_0_0\McuXpresso\VMS_Display_V0\component\osa" -I"D:\IMXRT1050EVKB_Bootloader\BD155_P_V1_0_0\McuXpresso\VMS_Display_V0\CMSIS" -O0 -fno-common -g3 -c -ffunction-sections -fdata-sections -ffreestanding -fno-builtin -fmerge-constants -fmacro-prefix-map="../source/Files_Application/"= -mcpu=cortex-m7 -mthumb -D__REDLIB__ -fstack-usage -specs=redlib.specs -MMD -MP -MF"source/Files_Application/sourceMain.d" -MT"source/Files_Application/sourceMain.o" -MT"source/Files_Application/sourceMain.d" -o "source/Files_Application/sourceMain.o" "../source/Files_Application/sourceMain.c"
../source/Files_Application/sourceMain.c: In function 'app_finalize':
../source/Files_Application/sourceMain.c:255:5: warning: implicit declaration of function 'ReadFromPendrive' [-Wimplicit-function-declaration]
  255 |     ReadFromPendrive();
      |     ^~~~~~~~~~~~~~~~
../source/Files_Application/sourceMain.c: At top level:
../source/Files_Application/sourceMain.c:486:7: warning: conflicting types for 'ReadFromPendrive'
  486 |  void ReadFromPendrive(void)
      |       ^~~~~~~~~~~~~~~~
../source/Files_Application/sourceMain.c:255:5: note: previous implicit declaration of 'ReadFromPendrive' was here
  255 |     ReadFromPendrive();
      |     ^~~~~~~~~~~~~~~~
../source/Files_Application/sourceMain.c: In function 'ReadFromPendrive':
../source/Files_Application/sourceMain.c:763:3: warning: implicit declaration of function 'jump_to_hyperflash_location' [-Wimplicit-function-declaration]
  763 |   jump_to_hyperflash_location();
      |   ^~~~~~~~~~~~~~~~~~~~~~~~~~~
../source/Files_Application/sourceMain.c: At top level:
../source/Files_Application/sourceMain.c:1679:6: warning: conflicting types for 'jump_to_hyperflash_location'
 1679 | void jump_to_hyperflash_location() {
      |      ^~~~~~~~~~~~~~~~~~~~~~~~~~~
../source/Files_Application/sourceMain.c:763:3: note: previous implicit declaration of 'jump_to_hyperflash_location' was here
  763 |   jump_to_hyperflash_location();
      |   ^~~~~~~~~~~~~~~~~~~~~~~~~~~
Finished building: ../source/Files_Application/sourceMain.c
 
Building target: VMS_Display_V0.axf
Invoking: MCU Linker
arm-none-eabi-gcc -nostdlib -L"D:\IMXRT1050EVKB_Bootloader\BD155_P_V1_0_0\McuXpresso\VMS_Display_V0\emwin\emWin_library\MCUXpresso" -Xlinker -Map="VMS_Display_V0.map" -Xlinker --gc-sections -Xlinker -print-memory-usage -Xlinker --sort-section=alignment -Xlinker --cref -mcpu=cortex-m7 -mthumb -T VMS_Display_V0_Debug.ld -o "VMS_Display_V0.axf" ./xip/evkbimxrt1050_flexspi_nor_config.o ./xip/fsl_flexspi_nor_boot.o  ./utilities/fsl_assert.o ./utilities/fsl_debug_console.o  ./usb/phy/usb_phy.o  ./usb/host/class/usb_host_hub.o ./usb/host/class/usb_host_hub_app.o ./usb/host/class/usb_host_msd.o ./usb/host/class/usb_host_msd_ufi.o  ./usb/host/usb_host_devices.o ./usb/host/usb_host_ehci.o ./usb/host/usb_host_framework.o ./usb/host/usb_host_hci.o  ./touchpanel/fsl_ft5406_rt.o  ./startup/startup_mimxrt1052.o  ./source/Files_Peripheral/sourceEcan.o ./source/Files_Peripheral/sourceKeypadGpio.o ./source/Files_Peripheral/sourceSystemClockConfig.o ./source/Files_Peripheral/sourceTimer0.o  ./source/Files_Driver/sourceJ1939.o ./source/Files_Driver/sourceKeypad.o ./source/Files_Driver/sourceSystemSetup.o ./source/Files_Driver/sourceTimerAInterval.o  ./source/Files_Application/USB_UserApp_Stack/usb_user_app.o  ./source/Files_Application/KeypadStack/sourceKeypadStack.o  ./source/Files_Application/J1939Stack/sourceJ1939Dm1.o ./source/Files_Application/J1939Stack/sourceJ1939Stack.o  ./source/Files_Application/Memory.o ./source/Files_Application/semihost_hardfault.o ./source/Files_Application/sourceApplication.o ./source/Files_Application/sourceMain.o ./source/Files_Application/sourceScreenDisplay.o  ./source/host_msd_fatfs.o  ./sdmmc/src/fsl_sd.o ./sdmmc/src/fsl_sdmmc_common.o  ./sdmmc/osa/fsl_sdmmc_osa.o  ./sdmmc/host/fsl_sdmmc_host.o  ./fatfs/source/fsl_usb_disk/fsl_usb_disk_bm.o  ./fatfs/source/fsl_sd_disk/fsl_sd_disk.o  ./fatfs/source/fsl_ram_disk/fsl_ram_disk.o  ./fatfs/source/diskio.o ./fatfs/source/ff.o ./fatfs/source/ffsystem.o ./fatfs/source/ffunicode.o  ./drivers/fsl_adc.o ./drivers/fsl_cache.o ./drivers/fsl_clock.o ./drivers/fsl_common.o ./drivers/fsl_common_arm.o ./drivers/fsl_elcdif.o ./drivers/fsl_flexcan.o ./drivers/fsl_gpio.o ./drivers/fsl_gpt.o ./drivers/fsl_lpi2c.o ./drivers/fsl_lpuart.o ./drivers/fsl_pwm.o ./drivers/fsl_pxp.o ./drivers/fsl_qtmr.o ./drivers/fsl_romapi.o ./drivers/fsl_usdhc.o ./drivers/fsl_xbara.o  ./device/system_MIMXRT1052.o  ./component/uart/fsl_adapter_lpuart.o  ./component/osa/fsl_os_abstraction_bm.o  ./component/lists/fsl_component_generic_list.o  ./board/board.o ./board/clock_config.o ./board/dcd.o ./board/emwin_support.o ./board/pin_mux.o ./board/sdmmc_config.o  ./AppWizard/Source/Generated/APPWConf.o ./AppWizard/Source/Generated/ID_SCREEN_BD155.o ./AppWizard/Source/Generated/ID_SCREEN_BOOT.o ./AppWizard/Source/Generated/ID_SCREEN_CHANGEPASSWORD.o ./AppWizard/Source/Generated/ID_SCREEN_DATA_LOGGING.o ./AppWizard/Source/Generated/ID_SCREEN_DIAGNOSTIC.o ./AppWizard/Source/Generated/ID_SCREEN_DIAGNOSTICS_2.o ./AppWizard/Source/Generated/ID_SCREEN_DIAGNOSTIC_POPUP.o ./AppWizard/Source/Generated/ID_SCREEN_DM1.o ./AppWizard/Source/Generated/ID_SCREEN_ENGFUELRATE_POPUP.o ./AppWizard/Source/Generated/ID_SCREEN_ENGHRS_EDIT.o ./AppWizard/Source/Generated/ID_SCREEN_ENGHRS_POPUP.o ./AppWizard/Source/Generated/ID_SCREEN_FAULT_LOGGING.o ./AppWizard/Source/Generated/ID_SCREEN_IDENTIFICATION.o ./AppWizard/Source/Generated/ID_SCREEN_INTENSITY.o ./AppWizard/Source/Generated/ID_SCREEN_INVALID_PASSWORD.o ./AppWizard/Source/Generated/ID_SCREEN_KEYPAD.o ./AppWizard/Source/Generated/ID_SCREEN_MAIN2_DAY.o ./AppWizard/Source/Generated/ID_SCREEN_MAIN2_NIGHT.o ./AppWizard/Source/Generated/ID_SCREEN_MAINMENU.o ./AppWizard/Source/Generated/ID_SCREEN_MAIN_DAY.o ./AppWizard/Source/Generated/ID_SCREEN_MAIN_NIGHT.o ./AppWizard/Source/Generated/ID_SCREEN_NAVIPOPUP.o ./AppWizard/Source/Generated/ID_SCREEN_PASSWORD.o ./AppWizard/Source/Generated/ID_SCREEN_PENDRIVE_DETECT_POPUP.o ./AppWizard/Source/Generated/ID_SCREEN_RAWVALUE_ANALOG.o ./AppWizard/Source/Generated/ID_SCREEN_RAWVALUE_IO.o ./AppWizard/Source/Generated/ID_SCREEN_RAW_CAN_DATA.o ./AppWizard/Source/Generated/ID_SCREEN_RTC.o ./AppWizard/Source/Generated/ID_SCREEN_SDCARD_DETECT.o ./AppWizard/Source/Generated/ID_SCREEN_SERVICE_REMINDER.o ./AppWizard/Source/Generated/ID_SCREEN_SHFTWSCLKSETTING.o ./AppWizard/Source/Generated/ID_SCREEN_SHFTWSWRKINGHRS_LOG.o ./AppWizard/Source/Generated/ID_SCREEN_SWCS_ERROR.o ./AppWizard/Source/Generated/ID_SCREEN_SYSTEM_SETTINGS.o ./AppWizard/Source/Generated/ID_SCREEN_SYSTEM_SETUP_DATA.o ./AppWizard/Source/Generated/ID_SCREEN_USER_SETTINGS.o ./AppWizard/Source/Generated/ID_SCREEN_UTILITIES.o ./AppWizard/Source/Generated/ID_SCREEN_WARNING_POPUP.o ./AppWizard/Source/Generated/Resource.o  ./AppWizard/Source/CustomCode/Application.o ./AppWizard/Source/CustomCode/ID_SCREEN_BD155_Slots.o ./AppWizard/Source/CustomCode/ID_SCREEN_BOOT_Slots.o ./AppWizard/Source/CustomCode/ID_SCREEN_CHANGEPASSWORD_Slots.o ./AppWizard/Source/CustomCode/ID_SCREEN_DATA_LOGGING_Slots.o ./AppWizard/Source/CustomCode/ID_SCREEN_DIAGNOSTICS_2_Slots.o ./AppWizard/Source/CustomCode/ID_SCREEN_DIAGNOSTIC_POPUP_Slots.o ./AppWizard/Source/CustomCode/ID_SCREEN_DIAGNOSTIC_Slots.o ./AppWizard/Source/CustomCode/ID_SCREEN_DM1_Slots.o ./AppWizard/Source/CustomCode/ID_SCREEN_ENGFUELRATE_POPUP_Slots.o ./AppWizard/Source/CustomCode/ID_SCREEN_ENGHRS_EDIT_Slots.o ./AppWizard/Source/CustomCode/ID_SCREEN_ENGHRS_POPUP_Slots.o ./AppWizard/Source/CustomCode/ID_SCREEN_FAULT_LOGGING_Slots.o ./AppWizard/Source/CustomCode/ID_SCREEN_IDENTIFICATION_Slots.o ./AppWizard/Source/CustomCode/ID_SCREEN_INTENSITY_Slots.o ./AppWizard/Source/CustomCode/ID_SCREEN_INVALID_PASSWORD_Slots.o ./AppWizard/Source/CustomCode/ID_SCREEN_KEYPAD_Slots.o ./AppWizard/Source/CustomCode/ID_SCREEN_MAIN2_DAY_Slots.o ./AppWizard/Source/CustomCode/ID_SCREEN_MAIN2_NIGHT_Slots.o ./AppWizard/Source/CustomCode/ID_SCREEN_MAINMENU_Slots.o ./AppWizard/Source/CustomCode/ID_SCREEN_MAIN_DAY_Slots.o ./AppWizard/Source/CustomCode/ID_SCREEN_MAIN_NIGHT_Slots.o ./AppWizard/Source/CustomCode/ID_SCREEN_NAVIPOPUP_Slots.o ./AppWizard/Source/CustomCode/ID_SCREEN_PASSWORD_Slots.o ./AppWizard/Source/CustomCode/ID_SCREEN_PENDRIVE_DETECT_POPUP_Slots.o ./AppWizard/Source/CustomCode/ID_SCREEN_RAWVALUE_ANALOG_Slots.o ./AppWizard/Source/CustomCode/ID_SCREEN_RAWVALUE_IO_Slots.o ./AppWizard/Source/CustomCode/ID_SCREEN_RAW_CAN_DATA_Slots.o ./AppWizard/Source/CustomCode/ID_SCREEN_RTC_Slots.o ./AppWizard/Source/CustomCode/ID_SCREEN_SDCARD_DETECT_Slots.o ./AppWizard/Source/CustomCode/ID_SCREEN_SERVICE_REMINDER_Slots.o ./AppWizard/Source/CustomCode/ID_SCREEN_SHFTWSCLKSETTING_Slots.o ./AppWizard/Source/CustomCode/ID_SCREEN_SHFTWSWRKINGHRS_LOG_Slots.o ./AppWizard/Source/CustomCode/ID_SCREEN_SWCS_ERROR_Slots.o ./AppWizard/Source/CustomCode/ID_SCREEN_SYSTEM_SETTINGS_Slots.o ./AppWizard/Source/CustomCode/ID_SCREEN_SYSTEM_SETUP_DATA_Slots.o ./AppWizard/Source/CustomCode/ID_SCREEN_USER_SETTINGS_Slots.o ./AppWizard/Source/CustomCode/ID_SCREEN_UTILITIES_Slots.o ./AppWizard/Source/CustomCode/ID_SCREEN_WARNING_POPUP_Slots.o  ./AppWizard/Source/APPW_MainTask.o  ./AppWizard/Resource/Text/APPW_Language_0.o ./AppWizard/Resource/Text/APPW_Pattern.o  ./AppWizard/Resource/Image/AIRFILTCLOG_GREY.o ./AppWizard/Resource/Image/AIRFILTCLOG_WHITE.o ./AppWizard/Resource/Image/BD_155_3.o ./AppWizard/Resource/Image/BEML300x111.o ./AppWizard/Resource/Image/BLANK52X52.o ./AppWizard/Resource/Image/BLOCK_632X33.o ./AppWizard/Resource/Image/BLOCK_632X33_TRANSPARENT.o ./AppWizard/Resource/Image/BRIGHTNESS_CONTROL_1.o ./AppWizard/Resource/Image/BlackGrey91x480Left.o ./AppWizard/Resource/Image/BlackGrey91x480Right.o ./AppWizard/Resource/Image/Blue_wallpaper.o ./AppWizard/Resource/Image/CHECKTRANS52X52.o ./AppWizard/Resource/Image/Cover_Brightness.o ./AppWizard/Resource/Image/DAY_SCREEN_1.o ./AppWizard/Resource/Image/DAY_SCREEN_2.o ./AppWizard/Resource/Image/DTable6.o ./AppWizard/Resource/Image/DayNight.o ./AppWizard/Resource/Image/Diagnostic.o ./AppWizard/Resource/Image/DigitalRaw.o ./AppWizard/Resource/Image/Down_arrow_Yellow_72x90.o ./AppWizard/Resource/Image/Down_arrow_blue_72x90.o ./AppWizard/Resource/Image/ECL_GREY.o ./AppWizard/Resource/Image/ECL_WHITE.o ./AppWizard/Resource/Image/ECT_DAY.o ./AppWizard/Resource/Image/ECT_GREY.o ./AppWizard/Resource/Image/ECT_NIGHT.o ./AppWizard/Resource/Image/ECT_RED_DAY.o ./AppWizard/Resource/Image/ECT_RED_NIGHT.o ./AppWizard/Resource/Image/ECT_WHITE.o ./AppWizard/Resource/Image/EOFC_GREY.o ./AppWizard/Resource/Image/EOFC_WHITE.o ./AppWizard/Resource/Image/EOP_DAY.o ./AppWizard/Resource/Image/EOP_GREY.o ./AppWizard/Resource/Image/EOP_NIGHT.o ./AppWizard/Resource/Image/EOP_RED_DAY.o ./AppWizard/Resource/Image/EOP_RED_NIGHT.o ./AppWizard/Resource/Image/EOP_WHITE.o ./AppWizard/Resource/Image/EOT_DAY.o ./AppWizard/Resource/Image/EOT_GREY.o ./AppWizard/Resource/Image/EOT_NIGHT.o ./AppWizard/Resource/Image/EOT_RED_DAY.o ./AppWizard/Resource/Image/EOT_RED_NIGHT.o ./AppWizard/Resource/Image/EOT_WHITE.o ./AppWizard/Resource/Image/Error_ind1.o ./AppWizard/Resource/Image/Error_red.o ./AppWizard/Resource/Image/FUEL_DAY.o ./AppWizard/Resource/Image/FUEL_GREY.o ./AppWizard/Resource/Image/FUEL_NIGHT.o ./AppWizard/Resource/Image/FUEL_RED_DAY.o ./AppWizard/Resource/Image/FUEL_RED_NIGHT.o ./AppWizard/Resource/Image/FUEL_WHITE.o ./AppWizard/Resource/Image/G1_52X52.o ./AppWizard/Resource/Image/G2_52X52.o ./AppWizard/Resource/Image/G3_52X52.o ./AppWizard/Resource/Image/G4_52X52.o ./AppWizard/Resource/Image/G5_52X52.o ./AppWizard/Resource/Image/G6_52X52.o ./AppWizard/Resource/Image/G7_52X52.o ./AppWizard/Resource/Image/G8_52X52.o ./AppWizard/Resource/Image/G9_52X52.o ./AppWizard/Resource/Image/Get_faults_symbol.o ./AppWizard/Resource/Image/Grey_Green790x130T10.o ./AppWizard/Resource/Image/Grey_Red790x130T10.o ./AppWizard/Resource/Image/GuageDisplay.o ./AppWizard/Resource/Image/HOL_GREY.o ./AppWizard/Resource/Image/HOL_WHITE.o ./AppWizard/Resource/Image/Home_transparent.o ./AppWizard/Resource/Image/IDNOTSET.o ./AppWizard/Resource/Image/Invalid_Password.o ./AppWizard/Resource/Image/Keypad_Page.o ./AppWizard/Resource/Image/Left.o ./AppWizard/Resource/Image/Minus.o ./AppWizard/Resource/Image/NIGHT_BRIGHTNESS.o ./AppWizard/Resource/Image/NIGHT_SCREEN_1.o ./AppWizard/Resource/Image/NIGHT_SCREEN_2.o ./AppWizard/Resource/Image/N_52X52.o ./AppWizard/Resource/Image/Needle80x15.o ./AppWizard/Resource/Image/Needle_135_25.o ./AppWizard/Resource/Image/Needle_Night135x25.o ./AppWizard/Resource/Image/Needle_Night80x15.o ./AppWizard/Resource/Image/OVRSPD1.o ./AppWizard/Resource/Image/OVRSPD2.o ./AppWizard/Resource/Image/PasswordLock.o ./AppWizard/Resource/Image/Password_Unlock75x75.o ./AppWizard/Resource/Image/Password_screen.o ./AppWizard/Resource/Image/Plus.o ./AppWizard/Resource/Image/R1_52X52.o ./AppWizard/Resource/Image/R2_52X52.o ./AppWizard/Resource/Image/RPM_DAY.o ./AppWizard/Resource/Image/RPM_NIGHT.o ./AppWizard/Resource/Image/RPM_RED_DAY.o ./AppWizard/Resource/Image/RPM_RED_NIGHT.o ./AppWizard/Resource/Image/R_52X52.o ./AppWizard/Resource/Image/Raw_can_data55x57.o ./AppWizard/Resource/Image/Reset_symbol_72x90.o ./AppWizard/Resource/Image/Restore_defaults_symbol.o ./AppWizard/Resource/Image/Rows_and_Columns_image.o ./AppWizard/Resource/Image/SCREEN2_COVER.o ./AppWizard/Resource/Image/SEATBELT_GREY.o ./AppWizard/Resource/Image/SEATBELT_WHITE.o ./AppWizard/Resource/Image/Serviceremainder55x50.o ./AppWizard/Resource/Image/Sqr_456x36.o ./AppWizard/Resource/Image/Sqr_White_413x37.o ./AppWizard/Resource/Image/Sqr_yellow_421x45.o ./AppWizard/Resource/Image/Sqr_yellow_transparent_421x45.o ./AppWizard/Resource/Image/Sqrgreqbckd200x80.o ./AppWizard/Resource/Image/Squreblack.o ./AppWizard/Resource/Image/SystemSetting.o ./AppWizard/Resource/Image/TOFC_GBG.o ./AppWizard/Resource/Image/TOFC_RWR.o ./AppWizard/Resource/Image/TOP_DAY.o ./AppWizard/Resource/Image/TOP_GREY.o ./AppWizard/Resource/Image/TOP_NIGHT.o ./AppWizard/Resource/Image/TOP_RED_DAY.o ./AppWizard/Resource/Image/TOP_RED_NIGHT.o ./AppWizard/Resource/Image/TOP_WHITE.o ./AppWizard/Resource/Image/TOT_DAY.o ./AppWizard/Resource/Image/TOT_GREY.o ./AppWizard/Resource/Image/TOT_NIGHT.o ./AppWizard/Resource/Image/TOT_RED_DAY.o ./AppWizard/Resource/Image/TOT_RED_NIGHT.o ./AppWizard/Resource/Image/TOT_WHITE.o ./AppWizard/Resource/Image/TROUBLE_SHOOTING.o ./AppWizard/Resource/Image/UP_arrow_Yellow_72x90.o ./AppWizard/Resource/Image/Up_arrow_blue_72x90.o ./AppWizard/Resource/Image/UserSetting.o ./AppWizard/Resource/Image/Utilities.o ./AppWizard/Resource/Image/ast.o ./AppWizard/Resource/Image/change_password.o ./AppWizard/Resource/Image/cursor_block_32x6.o ./AppWizard/Resource/Image/datalogging_55X55.o ./AppWizard/Resource/Image/edit2_50x49.o ./AppWizard/Resource/Image/edit_symbol.o ./AppWizard/Resource/Image/fault_logging_55x59.o ./AppWizard/Resource/Image/hide.o ./AppWizard/Resource/Image/min_max_logging_40x50.o ./AppWizard/Resource/Image/off_symbol_72x90.o ./AppWizard/Resource/Image/pendrive_35x90.o ./AppWizard/Resource/Image/recall.o ./AppWizard/Resource/Image/right1.o ./AppWizard/Resource/Image/save_icon.o ./AppWizard/Resource/Image/sd_card_60x60.o ./AppWizard/Resource/Image/sqr_456X136.o ./AppWizard/Resource/Image/sqrbckd.o ./AppWizard/Resource/Image/systemSetup55x60.o ./AppWizard/Resource/Image/vin_Cin50x46.o  ./AppWizard/Resource/Font/BasicSquare7Solid_16_Bold_EXT_AA4.o ./AppWizard/Resource/Font/BasicSquare7Solid_18_Bold_EXT_AA4.o ./AppWizard/Resource/Font/BasicSquare7Solid_20_Normal_EXT_AA4.o ./AppWizard/Resource/Font/BasicSquare7Solid_24_Normal_EXT_AA4.o ./AppWizard/Resource/Font/BasicSquare7Solid_30_Normal_EXT_AA4.o ./AppWizard/Resource/Font/Calibri_20_Bold_EXT_AA4.o ./AppWizard/Resource/Font/Calibri_20_Normal_EXT_AA4.o ./AppWizard/Resource/Font/Calibri_22_Bold_EXT_AA4.o ./AppWizard/Resource/Font/Calibri_24_Bold_EXT_AA4.o ./AppWizard/Resource/Font/Calibri_28_Bold_EXT_AA4.o ./AppWizard/Resource/Font/Calibri_30_Bold_EXT_AA4.o ./AppWizard/Resource/Font/Calibri_40_Bold_EXT_AA4.o  ./AppWizard/APPW_X_NoFS.o   -lemWin_M7
Memory region         Used Size  Region Size  %age Used
     BOARD_FLASH:      240228 B        64 MB      0.36%
     BOARD_SDRAM:    15442312 B        30 MB     49.09%
   NCACHE_REGION:          0 GB         2 MB      0.00%
        SRAM_DTC:       20100 B       128 KB     15.34%
        SRAM_ITC:          0 GB       128 KB      0.00%
         SRAM_OC:          0 GB       256 KB      0.00%
Finished building target: VMS_Display_V0.axf
 
Performing post-build steps
arm-none-eabi-size "VMS_Display_V0.axf"; # arm-none-eabi-objcopy -v -O binary "VMS_Display_V0.axf" "VMS_Display_V0.bin" ; # checksum -p MIMXRT1052xxxxB -d "VMS_Display_V0.bin";
   text	   data	    bss	    dec	    hex	filename
 240016	    212	15462196	15702424	 ef9998	VMS_Display_V0.axf
 
18:16:58 **** Incremental Build of configuration Debug for project VMS_Display_V0 ****
make -r -j16 all 
Building file: ../source/Files_Application/sourceMain.c
Invoking: MCU C Compiler
arm-none-eabi-gcc -std=gnu99 -D__REDLIB__ -DCPU_MIMXRT1052DVL6B -DCPU_MIMXRT1052DVL6B_cm7 -D_DEBUG=1 -DSDK_DEBUGCONSOLE=1 -DXIP_EXTERNAL_FLASH=1 -DXIP_BOOT_HEADER_ENABLE=1 -DUSB_STACK_BM -DPRINTF_ADVANCED_ENABLE=1 -DFSL_OSA_BM_TASK_ENABLE=0 -DFSL_OSA_BM_TIMER_CONFIG=0 -DFSL_SDK_ENABLE_DRIVER_CACHE_CONTROL=1 -DSD_ENABLED -DMCUXPRESSO_SDK -DCR_INTEGER_PRINTF -DPRINTF_FLOAT_ENABLE=0 -DXIP_BOOT_HEADER_DCD_ENABLE=1 -DSKIP_SYSCLK_INIT -DDATA_SECTION_IS_CACHEABLE=1 -DAPPWIZARD -D__MCUXPRESSO -D__USE_CMSIS -DDEBUG -I"D:\IMXRT1050EVKB_Bootloader\BD155_P_V1_0_0\McuXpresso\VMS_Display_V0\board" -I"D:\IMXRT1050EVKB_Bootloader\BD155_P_V1_0_0\McuXpresso\VMS_Display_V0\source" -I"D:\IMXRT1050EVKB_Bootloader\BD155_P_V1_0_0\McuXpresso\VMS_Display_V0\fatfs\source\fsl_ram_disk" -I"D:\IMXRT1050EVKB_Bootloader\BD155_P_V1_0_0\McuXpresso\VMS_Display_V0\usb\host" -I"D:\IMXRT1050EVKB_Bootloader\BD155_P_V1_0_0\McuXpresso\VMS_Display_V0\usb\include" -I"D:\IMXRT1050EVKB_Bootloader\BD155_P_V1_0_0\McuXpresso\VMS_Display_V0\usb\phy" -I"D:\IMXRT1050EVKB_Bootloader\BD155_P_V1_0_0\McuXpresso\VMS_Display_V0\drivers" -I"D:\IMXRT1050EVKB_Bootloader\BD155_P_V1_0_0\McuXpresso\VMS_Display_V0\touchpanel" -I"D:\IMXRT1050EVKB_Bootloader\BD155_P_V1_0_0\McuXpresso\VMS_Display_V0\utilities" -I"D:\IMXRT1050EVKB_Bootloader\BD155_P_V1_0_0\McuXpresso\VMS_Display_V0\usb\host\class" -I"D:\IMXRT1050EVKB_Bootloader\BD155_P_V1_0_0\McuXpresso\VMS_Display_V0\fatfs\source" -I"D:\IMXRT1050EVKB_Bootloader\BD155_P_V1_0_0\McuXpresso\VMS_Display_V0\fatfs\source\fsl_sd_disk" -I"D:\IMXRT1050EVKB_Bootloader\BD155_P_V1_0_0\McuXpresso\VMS_Display_V0\sdmmc\inc" -I"D:\IMXRT1050EVKB_Bootloader\BD155_P_V1_0_0\McuXpresso\VMS_Display_V0\sdmmc\host" -I"D:\IMXRT1050EVKB_Bootloader\BD155_P_V1_0_0\McuXpresso\VMS_Display_V0\sdmmc\osa" -I"D:\IMXRT1050EVKB_Bootloader\BD155_P_V1_0_0\McuXpresso\VMS_Display_V0\sdmmc\sd" -I"D:\IMXRT1050EVKB_Bootloader\BD155_P_V1_0_0\McuXpresso\VMS_Display_V0\fatfs\source\fsl_usb_disk" -I"D:\IMXRT1050EVKB_Bootloader\BD155_P_V1_0_0\McuXpresso\VMS_Display_V0\emwin\emWin_header" -I"D:\IMXRT1050EVKB_Bootloader\BD155_P_V1_0_0\McuXpresso\VMS_Display_V0\emwin\emWin_Config" -I"D:\IMXRT1050EVKB_Bootloader\BD155_P_V1_0_0\McuXpresso\VMS_Display_V0\device" -I"D:\IMXRT1050EVKB_Bootloader\BD155_P_V1_0_0\McuXpresso\VMS_Display_V0\component\uart" -I"D:\IMXRT1050EVKB_Bootloader\BD155_P_V1_0_0\McuXpresso\VMS_Display_V0\component\lists" -I"D:\IMXRT1050EVKB_Bootloader\BD155_P_V1_0_0\McuXpresso\VMS_Display_V0\xip" -I"D:\IMXRT1050EVKB_Bootloader\BD155_P_V1_0_0\McuXpresso\VMS_Display_V0\component\osa" -I"D:\IMXRT1050EVKB_Bootloader\BD155_P_V1_0_0\McuXpresso\VMS_Display_V0\CMSIS" -O0 -fno-common -g3 -c -ffunction-sections -fdata-sections -ffreestanding -fno-builtin -fmerge-constants -fmacro-prefix-map="../source/Files_Application/"= -mcpu=cortex-m7 -mthumb -D__REDLIB__ -fstack-usage -specs=redlib.specs -MMD -MP -MF"source/Files_Application/sourceMain.d" -MT"source/Files_Application/sourceMain.o" -MT"source/Files_Application/sourceMain.d" -o "source/Files_Application/sourceMain.o" "../source/Files_Application/sourceMain.c"
../source/Files_Application/sourceMain.c: In function 'app_finalize':
../source/Files_Application/sourceMain.c:255:5: warning: implicit declaration of function 'ReadFromPendrive' [-Wimplicit-function-declaration]
  255 |     ReadFromPendrive();
      |     ^~~~~~~~~~~~~~~~
../source/Files_Application/sourceMain.c: At top level:
../source/Files_Application/sourceMain.c:486:7: warning: conflicting types for 'ReadFromPendrive'
  486 |  void ReadFromPendrive(void)
      |       ^~~~~~~~~~~~~~~~
../source/Files_Application/sourceMain.c:255:5: note: previous implicit declaration of 'ReadFromPendrive' was here
  255 |     ReadFromPendrive();
      |     ^~~~~~~~~~~~~~~~
../source/Files_Application/sourceMain.c: In function 'ReadFromPendrive':
../source/Files_Application/sourceMain.c:763:3: warning: implicit declaration of function 'jump_to_hyperflash_location' [-Wimplicit-function-declaration]
  763 |   jump_to_hyperflash_location();
      |   ^~~~~~~~~~~~~~~~~~~~~~~~~~~
../source/Files_Application/sourceMain.c: At top level:
../source/Files_Application/sourceMain.c:1680:6: warning: conflicting types for 'jump_to_hyperflash_location'
 1680 | void jump_to_hyperflash_location() {
      |      ^~~~~~~~~~~~~~~~~~~~~~~~~~~
../source/Files_Application/sourceMain.c:763:3: note: previous implicit declaration of 'jump_to_hyperflash_location' was here
  763 |   jump_to_hyperflash_location();
      |   ^~~~~~~~~~~~~~~~~~~~~~~~~~~
Finished building: ../source/Files_Application/sourceMain.c
 
Building target: VMS_Display_V0.axf
Invoking: MCU Linker
arm-none-eabi-gcc -nostdlib -L"D:\IMXRT1050EVKB_Bootloader\BD155_P_V1_0_0\McuXpresso\VMS_Display_V0\emwin\emWin_library\MCUXpresso" -Xlinker -Map="VMS_Display_V0.map" -Xlinker --gc-sections -Xlinker -print-memory-usage -Xlinker --sort-section=alignment -Xlinker --cref -mcpu=cortex-m7 -mthumb -T VMS_Display_V0_Debug.ld -o "VMS_Display_V0.axf" ./xip/evkbimxrt1050_flexspi_nor_config.o ./xip/fsl_flexspi_nor_boot.o  ./utilities/fsl_assert.o ./utilities/fsl_debug_console.o  ./usb/phy/usb_phy.o  ./usb/host/class/usb_host_hub.o ./usb/host/class/usb_host_hub_app.o ./usb/host/class/usb_host_msd.o ./usb/host/class/usb_host_msd_ufi.o  ./usb/host/usb_host_devices.o ./usb/host/usb_host_ehci.o ./usb/host/usb_host_framework.o ./usb/host/usb_host_hci.o  ./touchpanel/fsl_ft5406_rt.o  ./startup/startup_mimxrt1052.o  ./source/Files_Peripheral/sourceEcan.o ./source/Files_Peripheral/sourceKeypadGpio.o ./source/Files_Peripheral/sourceSystemClockConfig.o ./source/Files_Peripheral/sourceTimer0.o  ./source/Files_Driver/sourceJ1939.o ./source/Files_Driver/sourceKeypad.o ./source/Files_Driver/sourceSystemSetup.o ./source/Files_Driver/sourceTimerAInterval.o  ./source/Files_Application/USB_UserApp_Stack/usb_user_app.o  ./source/Files_Application/KeypadStack/sourceKeypadStack.o  ./source/Files_Application/J1939Stack/sourceJ1939Dm1.o ./source/Files_Application/J1939Stack/sourceJ1939Stack.o  ./source/Files_Application/Memory.o ./source/Files_Application/semihost_hardfault.o ./source/Files_Application/sourceApplication.o ./source/Files_Application/sourceMain.o ./source/Files_Application/sourceScreenDisplay.o  ./source/host_msd_fatfs.o  ./sdmmc/src/fsl_sd.o ./sdmmc/src/fsl_sdmmc_common.o  ./sdmmc/osa/fsl_sdmmc_osa.o  ./sdmmc/host/fsl_sdmmc_host.o  ./fatfs/source/fsl_usb_disk/fsl_usb_disk_bm.o  ./fatfs/source/fsl_sd_disk/fsl_sd_disk.o  ./fatfs/source/fsl_ram_disk/fsl_ram_disk.o  ./fatfs/source/diskio.o ./fatfs/source/ff.o ./fatfs/source/ffsystem.o ./fatfs/source/ffunicode.o  ./drivers/fsl_adc.o ./drivers/fsl_cache.o ./drivers/fsl_clock.o ./drivers/fsl_common.o ./drivers/fsl_common_arm.o ./drivers/fsl_elcdif.o ./drivers/fsl_flexcan.o ./drivers/fsl_gpio.o ./drivers/fsl_gpt.o ./drivers/fsl_lpi2c.o ./drivers/fsl_lpuart.o ./drivers/fsl_pwm.o ./drivers/fsl_pxp.o ./drivers/fsl_qtmr.o ./drivers/fsl_romapi.o ./drivers/fsl_usdhc.o ./drivers/fsl_xbara.o  ./device/system_MIMXRT1052.o  ./component/uart/fsl_adapter_lpuart.o  ./component/osa/fsl_os_abstraction_bm.o  ./component/lists/fsl_component_generic_list.o  ./board/board.o ./board/clock_config.o ./board/dcd.o ./board/emwin_support.o ./board/pin_mux.o ./board/sdmmc_config.o  ./AppWizard/Source/Generated/APPWConf.o ./AppWizard/Source/Generated/ID_SCREEN_BD155.o ./AppWizard/Source/Generated/ID_SCREEN_BOOT.o ./AppWizard/Source/Generated/ID_SCREEN_CHANGEPASSWORD.o ./AppWizard/Source/Generated/ID_SCREEN_DATA_LOGGING.o ./AppWizard/Source/Generated/ID_SCREEN_DIAGNOSTIC.o ./AppWizard/Source/Generated/ID_SCREEN_DIAGNOSTICS_2.o ./AppWizard/Source/Generated/ID_SCREEN_DIAGNOSTIC_POPUP.o ./AppWizard/Source/Generated/ID_SCREEN_DM1.o ./AppWizard/Source/Generated/ID_SCREEN_ENGFUELRATE_POPUP.o ./AppWizard/Source/Generated/ID_SCREEN_ENGHRS_EDIT.o ./AppWizard/Source/Generated/ID_SCREEN_ENGHRS_POPUP.o ./AppWizard/Source/Generated/ID_SCREEN_FAULT_LOGGING.o ./AppWizard/Source/Generated/ID_SCREEN_IDENTIFICATION.o ./AppWizard/Source/Generated/ID_SCREEN_INTENSITY.o ./AppWizard/Source/Generated/ID_SCREEN_INVALID_PASSWORD.o ./AppWizard/Source/Generated/ID_SCREEN_KEYPAD.o ./AppWizard/Source/Generated/ID_SCREEN_MAIN2_DAY.o ./AppWizard/Source/Generated/ID_SCREEN_MAIN2_NIGHT.o ./AppWizard/Source/Generated/ID_SCREEN_MAINMENU.o ./AppWizard/Source/Generated/ID_SCREEN_MAIN_DAY.o ./AppWizard/Source/Generated/ID_SCREEN_MAIN_NIGHT.o ./AppWizard/Source/Generated/ID_SCREEN_NAVIPOPUP.o ./AppWizard/Source/Generated/ID_SCREEN_PASSWORD.o ./AppWizard/Source/Generated/ID_SCREEN_PENDRIVE_DETECT_POPUP.o ./AppWizard/Source/Generated/ID_SCREEN_RAWVALUE_ANALOG.o ./AppWizard/Source/Generated/ID_SCREEN_RAWVALUE_IO.o ./AppWizard/Source/Generated/ID_SCREEN_RAW_CAN_DATA.o ./AppWizard/Source/Generated/ID_SCREEN_RTC.o ./AppWizard/Source/Generated/ID_SCREEN_SDCARD_DETECT.o ./AppWizard/Source/Generated/ID_SCREEN_SERVICE_REMINDER.o ./AppWizard/Source/Generated/ID_SCREEN_SHFTWSCLKSETTING.o ./AppWizard/Source/Generated/ID_SCREEN_SHFTWSWRKINGHRS_LOG.o ./AppWizard/Source/Generated/ID_SCREEN_SWCS_ERROR.o ./AppWizard/Source/Generated/ID_SCREEN_SYSTEM_SETTINGS.o ./AppWizard/Source/Generated/ID_SCREEN_SYSTEM_SETUP_DATA.o ./AppWizard/Source/Generated/ID_SCREEN_USER_SETTINGS.o ./AppWizard/Source/Generated/ID_SCREEN_UTILITIES.o ./AppWizard/Source/Generated/ID_SCREEN_WARNING_POPUP.o ./AppWizard/Source/Generated/Resource.o  ./AppWizard/Source/CustomCode/Application.o ./AppWizard/Source/CustomCode/ID_SCREEN_BD155_Slots.o ./AppWizard/Source/CustomCode/ID_SCREEN_BOOT_Slots.o ./AppWizard/Source/CustomCode/ID_SCREEN_CHANGEPASSWORD_Slots.o ./AppWizard/Source/CustomCode/ID_SCREEN_DATA_LOGGING_Slots.o ./AppWizard/Source/CustomCode/ID_SCREEN_DIAGNOSTICS_2_Slots.o ./AppWizard/Source/CustomCode/ID_SCREEN_DIAGNOSTIC_POPUP_Slots.o ./AppWizard/Source/CustomCode/ID_SCREEN_DIAGNOSTIC_Slots.o ./AppWizard/Source/CustomCode/ID_SCREEN_DM1_Slots.o ./AppWizard/Source/CustomCode/ID_SCREEN_ENGFUELRATE_POPUP_Slots.o ./AppWizard/Source/CustomCode/ID_SCREEN_ENGHRS_EDIT_Slots.o ./AppWizard/Source/CustomCode/ID_SCREEN_ENGHRS_POPUP_Slots.o ./AppWizard/Source/CustomCode/ID_SCREEN_FAULT_LOGGING_Slots.o ./AppWizard/Source/CustomCode/ID_SCREEN_IDENTIFICATION_Slots.o ./AppWizard/Source/CustomCode/ID_SCREEN_INTENSITY_Slots.o ./AppWizard/Source/CustomCode/ID_SCREEN_INVALID_PASSWORD_Slots.o ./AppWizard/Source/CustomCode/ID_SCREEN_KEYPAD_Slots.o ./AppWizard/Source/CustomCode/ID_SCREEN_MAIN2_DAY_Slots.o ./AppWizard/Source/CustomCode/ID_SCREEN_MAIN2_NIGHT_Slots.o ./AppWizard/Source/CustomCode/ID_SCREEN_MAINMENU_Slots.o ./AppWizard/Source/CustomCode/ID_SCREEN_MAIN_DAY_Slots.o ./AppWizard/Source/CustomCode/ID_SCREEN_MAIN_NIGHT_Slots.o ./AppWizard/Source/CustomCode/ID_SCREEN_NAVIPOPUP_Slots.o ./AppWizard/Source/CustomCode/ID_SCREEN_PASSWORD_Slots.o ./AppWizard/Source/CustomCode/ID_SCREEN_PENDRIVE_DETECT_POPUP_Slots.o ./AppWizard/Source/CustomCode/ID_SCREEN_RAWVALUE_ANALOG_Slots.o ./AppWizard/Source/CustomCode/ID_SCREEN_RAWVALUE_IO_Slots.o ./AppWizard/Source/CustomCode/ID_SCREEN_RAW_CAN_DATA_Slots.o ./AppWizard/Source/CustomCode/ID_SCREEN_RTC_Slots.o ./AppWizard/Source/CustomCode/ID_SCREEN_SDCARD_DETECT_Slots.o ./AppWizard/Source/CustomCode/ID_SCREEN_SERVICE_REMINDER_Slots.o ./AppWizard/Source/CustomCode/ID_SCREEN_SHFTWSCLKSETTING_Slots.o ./AppWizard/Source/CustomCode/ID_SCREEN_SHFTWSWRKINGHRS_LOG_Slots.o ./AppWizard/Source/CustomCode/ID_SCREEN_SWCS_ERROR_Slots.o ./AppWizard/Source/CustomCode/ID_SCREEN_SYSTEM_SETTINGS_Slots.o ./AppWizard/Source/CustomCode/ID_SCREEN_SYSTEM_SETUP_DATA_Slots.o ./AppWizard/Source/CustomCode/ID_SCREEN_USER_SETTINGS_Slots.o ./AppWizard/Source/CustomCode/ID_SCREEN_UTILITIES_Slots.o ./AppWizard/Source/CustomCode/ID_SCREEN_WARNING_POPUP_Slots.o  ./AppWizard/Source/APPW_MainTask.o  ./AppWizard/Resource/Text/APPW_Language_0.o ./AppWizard/Resource/Text/APPW_Pattern.o  ./AppWizard/Resource/Image/AIRFILTCLOG_GREY.o ./AppWizard/Resource/Image/AIRFILTCLOG_WHITE.o ./AppWizard/Resource/Image/BD_155_3.o ./AppWizard/Resource/Image/BEML300x111.o ./AppWizard/Resource/Image/BLANK52X52.o ./AppWizard/Resource/Image/BLOCK_632X33.o ./AppWizard/Resource/Image/BLOCK_632X33_TRANSPARENT.o ./AppWizard/Resource/Image/BRIGHTNESS_CONTROL_1.o ./AppWizard/Resource/Image/BlackGrey91x480Left.o ./AppWizard/Resource/Image/BlackGrey91x480Right.o ./AppWizard/Resource/Image/Blue_wallpaper.o ./AppWizard/Resource/Image/CHECKTRANS52X52.o ./AppWizard/Resource/Image/Cover_Brightness.o ./AppWizard/Resource/Image/DAY_SCREEN_1.o ./AppWizard/Resource/Image/DAY_SCREEN_2.o ./AppWizard/Resource/Image/DTable6.o ./AppWizard/Resource/Image/DayNight.o ./AppWizard/Resource/Image/Diagnostic.o ./AppWizard/Resource/Image/DigitalRaw.o ./AppWizard/Resource/Image/Down_arrow_Yellow_72x90.o ./AppWizard/Resource/Image/Down_arrow_blue_72x90.o ./AppWizard/Resource/Image/ECL_GREY.o ./AppWizard/Resource/Image/ECL_WHITE.o ./AppWizard/Resource/Image/ECT_DAY.o ./AppWizard/Resource/Image/ECT_GREY.o ./AppWizard/Resource/Image/ECT_NIGHT.o ./AppWizard/Resource/Image/ECT_RED_DAY.o ./AppWizard/Resource/Image/ECT_RED_NIGHT.o ./AppWizard/Resource/Image/ECT_WHITE.o ./AppWizard/Resource/Image/EOFC_GREY.o ./AppWizard/Resource/Image/EOFC_WHITE.o ./AppWizard/Resource/Image/EOP_DAY.o ./AppWizard/Resource/Image/EOP_GREY.o ./AppWizard/Resource/Image/EOP_NIGHT.o ./AppWizard/Resource/Image/EOP_RED_DAY.o ./AppWizard/Resource/Image/EOP_RED_NIGHT.o ./AppWizard/Resource/Image/EOP_WHITE.o ./AppWizard/Resource/Image/EOT_DAY.o ./AppWizard/Resource/Image/EOT_GREY.o ./AppWizard/Resource/Image/EOT_NIGHT.o ./AppWizard/Resource/Image/EOT_RED_DAY.o ./AppWizard/Resource/Image/EOT_RED_NIGHT.o ./AppWizard/Resource/Image/EOT_WHITE.o ./AppWizard/Resource/Image/Error_ind1.o ./AppWizard/Resource/Image/Error_red.o ./AppWizard/Resource/Image/FUEL_DAY.o ./AppWizard/Resource/Image/FUEL_GREY.o ./AppWizard/Resource/Image/FUEL_NIGHT.o ./AppWizard/Resource/Image/FUEL_RED_DAY.o ./AppWizard/Resource/Image/FUEL_RED_NIGHT.o ./AppWizard/Resource/Image/FUEL_WHITE.o ./AppWizard/Resource/Image/G1_52X52.o ./AppWizard/Resource/Image/G2_52X52.o ./AppWizard/Resource/Image/G3_52X52.o ./AppWizard/Resource/Image/G4_52X52.o ./AppWizard/Resource/Image/G5_52X52.o ./AppWizard/Resource/Image/G6_52X52.o ./AppWizard/Resource/Image/G7_52X52.o ./AppWizard/Resource/Image/G8_52X52.o ./AppWizard/Resource/Image/G9_52X52.o ./AppWizard/Resource/Image/Get_faults_symbol.o ./AppWizard/Resource/Image/Grey_Green790x130T10.o ./AppWizard/Resource/Image/Grey_Red790x130T10.o ./AppWizard/Resource/Image/GuageDisplay.o ./AppWizard/Resource/Image/HOL_GREY.o ./AppWizard/Resource/Image/HOL_WHITE.o ./AppWizard/Resource/Image/Home_transparent.o ./AppWizard/Resource/Image/IDNOTSET.o ./AppWizard/Resource/Image/Invalid_Password.o ./AppWizard/Resource/Image/Keypad_Page.o ./AppWizard/Resource/Image/Left.o ./AppWizard/Resource/Image/Minus.o ./AppWizard/Resource/Image/NIGHT_BRIGHTNESS.o ./AppWizard/Resource/Image/NIGHT_SCREEN_1.o ./AppWizard/Resource/Image/NIGHT_SCREEN_2.o ./AppWizard/Resource/Image/N_52X52.o ./AppWizard/Resource/Image/Needle80x15.o ./AppWizard/Resource/Image/Needle_135_25.o ./AppWizard/Resource/Image/Needle_Night135x25.o ./AppWizard/Resource/Image/Needle_Night80x15.o ./AppWizard/Resource/Image/OVRSPD1.o ./AppWizard/Resource/Image/OVRSPD2.o ./AppWizard/Resource/Image/PasswordLock.o ./AppWizard/Resource/Image/Password_Unlock75x75.o ./AppWizard/Resource/Image/Password_screen.o ./AppWizard/Resource/Image/Plus.o ./AppWizard/Resource/Image/R1_52X52.o ./AppWizard/Resource/Image/R2_52X52.o ./AppWizard/Resource/Image/RPM_DAY.o ./AppWizard/Resource/Image/RPM_NIGHT.o ./AppWizard/Resource/Image/RPM_RED_DAY.o ./AppWizard/Resource/Image/RPM_RED_NIGHT.o ./AppWizard/Resource/Image/R_52X52.o ./AppWizard/Resource/Image/Raw_can_data55x57.o ./AppWizard/Resource/Image/Reset_symbol_72x90.o ./AppWizard/Resource/Image/Restore_defaults_symbol.o ./AppWizard/Resource/Image/Rows_and_Columns_image.o ./AppWizard/Resource/Image/SCREEN2_COVER.o ./AppWizard/Resource/Image/SEATBELT_GREY.o ./AppWizard/Resource/Image/SEATBELT_WHITE.o ./AppWizard/Resource/Image/Serviceremainder55x50.o ./AppWizard/Resource/Image/Sqr_456x36.o ./AppWizard/Resource/Image/Sqr_White_413x37.o ./AppWizard/Resource/Image/Sqr_yellow_421x45.o ./AppWizard/Resource/Image/Sqr_yellow_transparent_421x45.o ./AppWizard/Resource/Image/Sqrgreqbckd200x80.o ./AppWizard/Resource/Image/Squreblack.o ./AppWizard/Resource/Image/SystemSetting.o ./AppWizard/Resource/Image/TOFC_GBG.o ./AppWizard/Resource/Image/TOFC_RWR.o ./AppWizard/Resource/Image/TOP_DAY.o ./AppWizard/Resource/Image/TOP_GREY.o ./AppWizard/Resource/Image/TOP_NIGHT.o ./AppWizard/Resource/Image/TOP_RED_DAY.o ./AppWizard/Resource/Image/TOP_RED_NIGHT.o ./AppWizard/Resource/Image/TOP_WHITE.o ./AppWizard/Resource/Image/TOT_DAY.o ./AppWizard/Resource/Image/TOT_GREY.o ./AppWizard/Resource/Image/TOT_NIGHT.o ./AppWizard/Resource/Image/TOT_RED_DAY.o ./AppWizard/Resource/Image/TOT_RED_NIGHT.o ./AppWizard/Resource/Image/TOT_WHITE.o ./AppWizard/Resource/Image/TROUBLE_SHOOTING.o ./AppWizard/Resource/Image/UP_arrow_Yellow_72x90.o ./AppWizard/Resource/Image/Up_arrow_blue_72x90.o ./AppWizard/Resource/Image/UserSetting.o ./AppWizard/Resource/Image/Utilities.o ./AppWizard/Resource/Image/ast.o ./AppWizard/Resource/Image/change_password.o ./AppWizard/Resource/Image/cursor_block_32x6.o ./AppWizard/Resource/Image/datalogging_55X55.o ./AppWizard/Resource/Image/edit2_50x49.o ./AppWizard/Resource/Image/edit_symbol.o ./AppWizard/Resource/Image/fault_logging_55x59.o ./AppWizard/Resource/Image/hide.o ./AppWizard/Resource/Image/min_max_logging_40x50.o ./AppWizard/Resource/Image/off_symbol_72x90.o ./AppWizard/Resource/Image/pendrive_35x90.o ./AppWizard/Resource/Image/recall.o ./AppWizard/Resource/Image/right1.o ./AppWizard/Resource/Image/save_icon.o ./AppWizard/Resource/Image/sd_card_60x60.o ./AppWizard/Resource/Image/sqr_456X136.o ./AppWizard/Resource/Image/sqrbckd.o ./AppWizard/Resource/Image/systemSetup55x60.o ./AppWizard/Resource/Image/vin_Cin50x46.o  ./AppWizard/Resource/Font/BasicSquare7Solid_16_Bold_EXT_AA4.o ./AppWizard/Resource/Font/BasicSquare7Solid_18_Bold_EXT_AA4.o ./AppWizard/Resource/Font/BasicSquare7Solid_20_Normal_EXT_AA4.o ./AppWizard/Resource/Font/BasicSquare7Solid_24_Normal_EXT_AA4.o ./AppWizard/Resource/Font/BasicSquare7Solid_30_Normal_EXT_AA4.o ./AppWizard/Resource/Font/Calibri_20_Bold_EXT_AA4.o ./AppWizard/Resource/Font/Calibri_20_Normal_EXT_AA4.o ./AppWizard/Resource/Font/Calibri_22_Bold_EXT_AA4.o ./AppWizard/Resource/Font/Calibri_24_Bold_EXT_AA4.o ./AppWizard/Resource/Font/Calibri_28_Bold_EXT_AA4.o ./AppWizard/Resource/Font/Calibri_30_Bold_EXT_AA4.o ./AppWizard/Resource/Font/Calibri_40_Bold_EXT_AA4.o  ./AppWizard/APPW_X_NoFS.o   -lemWin_M7
Memory region         Used Size  Region Size  %age Used
     BOARD_FLASH:      240248 B        64 MB      0.36%
     BOARD_SDRAM:    15442312 B        30 MB     49.09%
   NCACHE_REGION:          0 GB         2 MB      0.00%
        SRAM_DTC:       20100 B       128 KB     15.34%
        SRAM_ITC:          0 GB       128 KB      0.00%
         SRAM_OC:          0 GB       256 KB      0.00%
Finished building target: VMS_Display_V0.axf
 
Performing post-build steps
arm-none-eabi-size "VMS_Display_V0.axf"; # arm-none-eabi-objcopy -v -O binary "VMS_Display_V0.axf" "VMS_Display_V0.bin" ; # checksum -p MIMXRT1052xxxxB -d "VMS_Display_V0.bin";
   text	   data	    bss	    dec	    hex	filename
 240036	    212	15462196	15702444	 ef99ac	VMS_Display_V0.axf
 
18:21:26 **** Incremental Build of configuration Debug for project VMS_Display_V0 ****
make -r -j16 all 
Building file: ../source/Files_Application/sourceMain.c
Invoking: MCU C Compiler
[...]
 
Performing post-build steps
arm-none-eabi-size "VMS_Display_V0.axf"; # arm-none-eabi-objcopy -v -O binary "VMS_Display_V0.axf" "VMS_Display_V0.bin" ; # checksum -p MIMXRT1052xxxxB -d "VMS_Display_V0.bin";
   text	   data	    bss	    dec	    hex	filename
 238556	    212	15462196	15700964	 ef93e4	VMS_Display_V0.axf
 
19:07:41 **** Incremental Build of configuration Debug for project VMS_Display_V0 ****
make -r -j16 all 
Building file: ../source/Files_Application/sourceMain.c
Invoking: MCU C Compiler
arm-none-eabi-gcc -std=gnu99 -D__REDLIB__ -DCPU_MIMXRT1052DVL6B -DCPU_MIMXRT1052DVL6B_cm7 -D_DEBUG=1 -DSDK_DEBUGCONSOLE=1 -DXIP_EXTERNAL_FLASH=1 -DXIP_BOOT_HEADER_ENABLE=1 -DUSB_STACK_BM -DPRINTF_ADVANCED_ENABLE=1 -DFSL_OSA_BM_TASK_ENABLE=0 -DFSL_OSA_BM_TIMER_CONFIG=0 -DFSL_SDK_ENABLE_DRIVER_CACHE_CONTROL=1 -DSD_ENABLED -DMCUXPRESSO_SDK -DCR_INTEGER_PRINTF -DPRINTF_FLOAT_ENABLE=0 -DXIP_BOOT_HEADER_DCD_ENABLE=1 -DSKIP_SYSCLK_INIT -DDATA_SECTION_IS_CACHEABLE=1 -DAPPWIZARD -D__MCUXPRESSO -D__USE_CMSIS -DDEBUG -I"D:\IMXRT1050EVKB_Bootloader\BD155_P_V1_0_0\McuXpresso\VMS_Display_V0\board" -I"D:\IMXRT1050EVKB_Bootloader\BD155_P_V1_0_0\McuXpresso\VMS_Display_V0\source" -I"D:\IMXRT1050EVKB_Bootloader\BD155_P_V1_0_0\McuXpresso\VMS_Display_V0\fatfs\source\fsl_ram_disk" -I"D:\IMXRT1050EVKB_Bootloader\BD155_P_V1_0_0\McuXpresso\VMS_Display_V0\usb\host" -I"D:\IMXRT1050EVKB_Bootloader\BD155_P_V1_0_0\McuXpresso\VMS_Display_V0\usb\include" -I"D:\IMXRT1050EVKB_Bootloader\BD155_P_V1_0_0\McuXpresso\VMS_Display_V0\usb\phy" -I"D:\IMXRT1050EVKB_Bootloader\BD155_P_V1_0_0\McuXpresso\VMS_Display_V0\drivers" -I"D:\IMXRT1050EVKB_Bootloader\BD155_P_V1_0_0\McuXpresso\VMS_Display_V0\touchpanel" -I"D:\IMXRT1050EVKB_Bootloader\BD155_P_V1_0_0\McuXpresso\VMS_Display_V0\utilities" -I"D:\IMXRT1050EVKB_Bootloader\BD155_P_V1_0_0\McuXpresso\VMS_Display_V0\usb\host\class" -I"D:\IMXRT1050EVKB_Bootloader\BD155_P_V1_0_0\McuXpresso\VMS_Display_V0\fatfs\source" -I"D:\IMXRT1050EVKB_Bootloader\BD155_P_V1_0_0\McuXpresso\VMS_Display_V0\fatfs\source\fsl_sd_disk" -I"D:\IMXRT1050EVKB_Bootloader\BD155_P_V1_0_0\McuXpresso\VMS_Display_V0\sdmmc\inc" -I"D:\IMXRT1050EVKB_Bootloader\BD155_P_V1_0_0\McuXpresso\VMS_Display_V0\sdmmc\host" -I"D:\IMXRT1050EVKB_Bootloader\BD155_P_V1_0_0\McuXpresso\VMS_Display_V0\sdmmc\osa" -I"D:\IMXRT1050EVKB_Bootloader\BD155_P_V1_0_0\McuXpresso\VMS_Display_V0\sdmmc\sd" -I"D:\IMXRT1050EVKB_Bootloader\BD155_P_V1_0_0\McuXpresso\VMS_Display_V0\fatfs\source\fsl_usb_disk" -I"D:\IMXRT1050EVKB_Bootloader\BD155_P_V1_0_0\McuXpresso\VMS_Display_V0\emwin\emWin_header" -I"D:\IMXRT1050EVKB_Bootloader\BD155_P_V1_0_0\McuXpresso\VMS_Display_V0\emwin\emWin_Config" -I"D:\IMXRT1050EVKB_Bootloader\BD155_P_V1_0_0\McuXpresso\VMS_Display_V0\device" -I"D:\IMXRT1050EVKB_Bootloader\BD155_P_V1_0_0\McuXpresso\VMS_Display_V0\component\uart" -I"D:\IMXRT1050EVKB_Bootloader\BD155_P_V1_0_0\McuXpresso\VMS_Display_V0\component\lists" -I"D:\IMXRT1050EVKB_Bootloader\BD155_P_V1_0_0\McuXpresso\VMS_Display_V0\xip" -I"D:\IMXRT1050EVKB_Bootloader\BD155_P_V1_0_0\McuXpresso\VMS_Display_V0\component\osa" -I"D:\IMXRT1050EVKB_Bootloader\BD155_P_V1_0_0\McuXpresso\VMS_Display_V0\CMSIS" -O0 -fno-common -g3 -c -ffunction-sections -fdata-sections -ffreestanding -fno-builtin -fmerge-constants -fmacro-prefix-map="../source/Files_Application/"= -mcpu=cortex-m7 -mthumb -D__REDLIB__ -fstack-usage -specs=redlib.specs -MMD -MP -MF"source/Files_Application/sourceMain.d" -MT"source/Files_Application/sourceMain.o" -MT"source/Files_Application/sourceMain.d" -o "source/Files_Application/sourceMain.o" "../source/Files_Application/sourceMain.c"
../source/Files_Application/sourceMain.c: In function 'app_finalize':
../source/Files_Application/sourceMain.c:257:5: warning: implicit declaration of function 'ReadFromPendrive' [-Wimplicit-function-declaration]
  257 |     ReadFromPendrive();
      |     ^~~~~~~~~~~~~~~~
../source/Files_Application/sourceMain.c: At top level:
../source/Files_Application/sourceMain.c:488:7: warning: conflicting types for 'ReadFromPendrive'
  488 |  void ReadFromPendrive(void)
      |       ^~~~~~~~~~~~~~~~
../source/Files_Application/sourceMain.c:257:5: note: previous implicit declaration of 'ReadFromPendrive' was here
  257 |     ReadFromPendrive();
      |     ^~~~~~~~~~~~~~~~
../source/Files_Application/sourceMain.c: In function 'ReadFromPendrive':
../source/Files_Application/sourceMain.c:765:3: warning: implicit declaration of function 'jump_to_hyperflash_location' [-Wimplicit-function-declaration]
  765 |   jump_to_hyperflash_location();
      |   ^~~~~~~~~~~~~~~~~~~~~~~~~~~
../source/Files_Application/sourceMain.c: At top level:
../source/Files_Application/sourceMain.c:1697:6: warning: conflicting types for 'jump_to_hyperflash_location'
 1697 | void jump_to_hyperflash_location() {
      |      ^~~~~~~~~~~~~~~~~~~~~~~~~~~
../source/Files_Application/sourceMain.c:765:3: note: previous implicit declaration of 'jump_to_hyperflash_location' was here
  765 |   jump_to_hyperflash_location();
      |   ^~~~~~~~~~~~~~~~~~~~~~~~~~~
Finished building: ../source/Files_Application/sourceMain.c
 
Building target: VMS_Display_V0.axf
Invoking: MCU Linker
arm-none-eabi-gcc -nostdlib -L"D:\IMXRT1050EVKB_Bootloader\BD155_P_V1_0_0\McuXpresso\VMS_Display_V0\emwin\emWin_library\MCUXpresso" -Xlinker -Map="VMS_Display_V0.map" -Xlinker --gc-sections -Xlinker -print-memory-usage -Xlinker --sort-section=alignment -Xlinker --cref -mcpu=cortex-m7 -mthumb -T VMS_Display_V0_Debug.ld -o "VMS_Display_V0.axf" ./xip/evkbimxrt1050_flexspi_nor_config.o ./xip/fsl_flexspi_nor_boot.o  ./utilities/fsl_assert.o ./utilities/fsl_debug_console.o  ./usb/phy/usb_phy.o  ./usb/host/class/usb_host_hub.o ./usb/host/class/usb_host_hub_app.o ./usb/host/class/usb_host_msd.o ./usb/host/class/usb_host_msd_ufi.o  ./usb/host/usb_host_devices.o ./usb/host/usb_host_ehci.o ./usb/host/usb_host_framework.o ./usb/host/usb_host_hci.o  ./touchpanel/fsl_ft5406_rt.o  ./startup/startup_mimxrt1052.o  ./source/Files_Peripheral/sourceEcan.o ./source/Files_Peripheral/sourceKeypadGpio.o ./source/Files_Peripheral/sourceSystemClockConfig.o ./source/Files_Peripheral/sourceTimer0.o  ./source/Files_Driver/sourceJ1939.o ./source/Files_Driver/sourceKeypad.o ./source/Files_Driver/sourceSystemSetup.o ./source/Files_Driver/sourceTimerAInterval.o  ./source/Files_Application/USB_UserApp_Stack/usb_user_app.o  ./source/Files_Application/KeypadStack/sourceKeypadStack.o  ./source/Files_Application/J1939Stack/sourceJ1939Dm1.o ./source/Files_Application/J1939Stack/sourceJ1939Stack.o  ./source/Files_Application/Memory.o ./source/Files_Application/semihost_hardfault.o ./source/Files_Application/sourceApplication.o ./source/Files_Application/sourceMain.o ./source/Files_Application/sourceScreenDisplay.o  ./source/host_msd_fatfs.o  ./sdmmc/src/fsl_sd.o ./sdmmc/src/fsl_sdmmc_common.o  ./sdmmc/osa/fsl_sdmmc_osa.o  ./sdmmc/host/fsl_sdmmc_host.o  ./fatfs/source/fsl_usb_disk/fsl_usb_disk_bm.o  ./fatfs/source/fsl_sd_disk/fsl_sd_disk.o  ./fatfs/source/fsl_ram_disk/fsl_ram_disk.o  ./fatfs/source/diskio.o ./fatfs/source/ff.o ./fatfs/source/ffsystem.o ./fatfs/source/ffunicode.o  ./drivers/fsl_adc.o ./drivers/fsl_cache.o ./drivers/fsl_clock.o ./drivers/fsl_common.o ./drivers/fsl_common_arm.o ./drivers/fsl_elcdif.o ./drivers/fsl_flexcan.o ./drivers/fsl_gpio.o ./drivers/fsl_gpt.o ./drivers/fsl_lpi2c.o ./drivers/fsl_lpuart.o ./drivers/fsl_pwm.o ./drivers/fsl_pxp.o ./drivers/fsl_qtmr.o ./drivers/fsl_romapi.o ./drivers/fsl_usdhc.o ./drivers/fsl_xbara.o  ./device/system_MIMXRT1052.o  ./component/uart/fsl_adapter_lpuart.o  ./component/osa/fsl_os_abstraction_bm.o  ./component/lists/fsl_component_generic_list.o  ./board/board.o ./board/clock_config.o ./board/dcd.o ./board/emwin_support.o ./board/pin_mux.o ./board/sdmmc_config.o  ./AppWizard/Source/Generated/APPWConf.o ./AppWizard/Source/Generated/ID_SCREEN_BD155.o ./AppWizard/Source/Generated/ID_SCREEN_BOOT.o ./AppWizard/Source/Generated/ID_SCREEN_CHANGEPASSWORD.o ./AppWizard/Source/Generated/ID_SCREEN_DATA_LOGGING.o ./AppWizard/Source/Generated/ID_SCREEN_DIAGNOSTIC.o ./AppWizard/Source/Generated/ID_SCREEN_DIAGNOSTICS_2.o ./AppWizard/Source/Generated/ID_SCREEN_DIAGNOSTIC_POPUP.o ./AppWizard/Source/Generated/ID_SCREEN_DM1.o ./AppWizard/Source/Generated/ID_SCREEN_ENGFUELRATE_POPUP.o ./AppWizard/Source/Generated/ID_SCREEN_ENGHRS_EDIT.o ./AppWizard/Source/Generated/ID_SCREEN_ENGHRS_POPUP.o ./AppWizard/Source/Generated/ID_SCREEN_FAULT_LOGGING.o ./AppWizard/Source/Generated/ID_SCREEN_IDENTIFICATION.o ./AppWizard/Source/Generated/ID_SCREEN_INTENSITY.o ./AppWizard/Source/Generated/ID_SCREEN_INVALID_PASSWORD.o ./AppWizard/Source/Generated/ID_SCREEN_KEYPAD.o ./AppWizard/Source/Generated/ID_SCREEN_MAIN2_DAY.o ./AppWizard/Source/Generated/ID_SCREEN_MAIN2_NIGHT.o ./AppWizard/Source/Generated/ID_SCREEN_MAINMENU.o ./AppWizard/Source/Generated/ID_SCREEN_MAIN_DAY.o ./AppWizard/Source/Generated/ID_SCREEN_MAIN_NIGHT.o ./AppWizard/Source/Generated/ID_SCREEN_NAVIPOPUP.o ./AppWizard/Source/Generated/ID_SCREEN_PASSWORD.o ./AppWizard/Source/Generated/ID_SCREEN_PENDRIVE_DETECT_POPUP.o ./AppWizard/Source/Generated/ID_SCREEN_RAWVALUE_ANALOG.o ./AppWizard/Source/Generated/ID_SCREEN_RAWVALUE_IO.o ./AppWizard/Source/Generated/ID_SCREEN_RAW_CAN_DATA.o ./AppWizard/Source/Generated/ID_SCREEN_RTC.o ./AppWizard/Source/Generated/ID_SCREEN_SDCARD_DETECT.o ./AppWizard/Source/Generated/ID_SCREEN_SERVICE_REMINDER.o ./AppWizard/Source/Generated/ID_SCREEN_SHFTWSCLKSETTING.o ./AppWizard/Source/Generated/ID_SCREEN_SHFTWSWRKINGHRS_LOG.o ./AppWizard/Source/Generated/ID_SCREEN_SWCS_ERROR.o ./AppWizard/Source/Generated/ID_SCREEN_SYSTEM_SETTINGS.o ./AppWizard/Source/Generated/ID_SCREEN_SYSTEM_SETUP_DATA.o ./AppWizard/Source/Generated/ID_SCREEN_USER_SETTINGS.o ./AppWizard/Source/Generated/ID_SCREEN_UTILITIES.o ./AppWizard/Source/Generated/ID_SCREEN_WARNING_POPUP.o ./AppWizard/Source/Generated/Resource.o  ./AppWizard/Source/CustomCode/Application.o ./AppWizard/Source/CustomCode/ID_SCREEN_BD155_Slots.o ./AppWizard/Source/CustomCode/ID_SCREEN_BOOT_Slots.o ./AppWizard/Source/CustomCode/ID_SCREEN_CHANGEPASSWORD_Slots.o ./AppWizard/Source/CustomCode/ID_SCREEN_DATA_LOGGING_Slots.o ./AppWizard/Source/CustomCode/ID_SCREEN_DIAGNOSTICS_2_Slots.o ./AppWizard/Source/CustomCode/ID_SCREEN_DIAGNOSTIC_POPUP_Slots.o ./AppWizard/Source/CustomCode/ID_SCREEN_DIAGNOSTIC_Slots.o ./AppWizard/Source/CustomCode/ID_SCREEN_DM1_Slots.o ./AppWizard/Source/CustomCode/ID_SCREEN_ENGFUELRATE_POPUP_Slots.o ./AppWizard/Source/CustomCode/ID_SCREEN_ENGHRS_EDIT_Slots.o ./AppWizard/Source/CustomCode/ID_SCREEN_ENGHRS_POPUP_Slots.o ./AppWizard/Source/CustomCode/ID_SCREEN_FAULT_LOGGING_Slots.o ./AppWizard/Source/CustomCode/ID_SCREEN_IDENTIFICATION_Slots.o ./AppWizard/Source/CustomCode/ID_SCREEN_INTENSITY_Slots.o ./AppWizard/Source/CustomCode/ID_SCREEN_INVALID_PASSWORD_Slots.o ./AppWizard/Source/CustomCode/ID_SCREEN_KEYPAD_Slots.o ./AppWizard/Source/CustomCode/ID_SCREEN_MAIN2_DAY_Slots.o ./AppWizard/Source/CustomCode/ID_SCREEN_MAIN2_NIGHT_Slots.o ./AppWizard/Source/CustomCode/ID_SCREEN_MAINMENU_Slots.o ./AppWizard/Source/CustomCode/ID_SCREEN_MAIN_DAY_Slots.o ./AppWizard/Source/CustomCode/ID_SCREEN_MAIN_NIGHT_Slots.o ./AppWizard/Source/CustomCode/ID_SCREEN_NAVIPOPUP_Slots.o ./AppWizard/Source/CustomCode/ID_SCREEN_PASSWORD_Slots.o ./AppWizard/Source/CustomCode/ID_SCREEN_PENDRIVE_DETECT_POPUP_Slots.o ./AppWizard/Source/CustomCode/ID_SCREEN_RAWVALUE_ANALOG_Slots.o ./AppWizard/Source/CustomCode/ID_SCREEN_RAWVALUE_IO_Slots.o ./AppWizard/Source/CustomCode/ID_SCREEN_RAW_CAN_DATA_Slots.o ./AppWizard/Source/CustomCode/ID_SCREEN_RTC_Slots.o ./AppWizard/Source/CustomCode/ID_SCREEN_SDCARD_DETECT_Slots.o ./AppWizard/Source/CustomCode/ID_SCREEN_SERVICE_REMINDER_Slots.o ./AppWizard/Source/CustomCode/ID_SCREEN_SHFTWSCLKSETTING_Slots.o ./AppWizard/Source/CustomCode/ID_SCREEN_SHFTWSWRKINGHRS_LOG_Slots.o ./AppWizard/Source/CustomCode/ID_SCREEN_SWCS_ERROR_Slots.o ./AppWizard/Source/CustomCode/ID_SCREEN_SYSTEM_SETTINGS_Slots.o ./AppWizard/Source/CustomCode/ID_SCREEN_SYSTEM_SETUP_DATA_Slots.o ./AppWizard/Source/CustomCode/ID_SCREEN_USER_SETTINGS_Slots.o ./AppWizard/Source/CustomCode/ID_SCREEN_UTILITIES_Slots.o ./AppWizard/Source/CustomCode/ID_SCREEN_WARNING_POPUP_Slots.o  ./AppWizard/Source/APPW_MainTask.o  ./AppWizard/Resource/Text/APPW_Language_0.o ./AppWizard/Resource/Text/APPW_Pattern.o  ./AppWizard/Resource/Image/AIRFILTCLOG_GREY.o ./AppWizard/Resource/Image/AIRFILTCLOG_WHITE.o ./AppWizard/Resource/Image/BD_155_3.o ./AppWizard/Resource/Image/BEML300x111.o ./AppWizard/Resource/Image/BLANK52X52.o ./AppWizard/Resource/Image/BLOCK_632X33.o ./AppWizard/Resource/Image/BLOCK_632X33_TRANSPARENT.o ./AppWizard/Resource/Image/BRIGHTNESS_CONTROL_1.o ./AppWizard/Resource/Image/BlackGrey91x480Left.o ./AppWizard/Resource/Image/BlackGrey91x480Right.o ./AppWizard/Resource/Image/Blue_wallpaper.o ./AppWizard/Resource/Image/CHECKTRANS52X52.o ./AppWizard/Resource/Image/Cover_Brightness.o ./AppWizard/Resource/Image/DAY_SCREEN_1.o ./AppWizard/Resource/Image/DAY_SCREEN_2.o ./AppWizard/Resource/Image/DTable6.o ./AppWizard/Resource/Image/DayNight.o ./AppWizard/Resource/Image/Diagnostic.o ./AppWizard/Resource/Image/DigitalRaw.o ./AppWizard/Resource/Image/Down_arrow_Yellow_72x90.o ./AppWizard/Resource/Image/Down_arrow_blue_72x90.o ./AppWizard/Resource/Image/ECL_GREY.o ./AppWizard/Resource/Image/ECL_WHITE.o ./AppWizard/Resource/Image/ECT_DAY.o ./AppWizard/Resource/Image/ECT_GREY.o ./AppWizard/Resource/Image/ECT_NIGHT.o ./AppWizard/Resource/Image/ECT_RED_DAY.o ./AppWizard/Resource/Image/ECT_RED_NIGHT.o ./AppWizard/Resource/Image/ECT_WHITE.o ./AppWizard/Resource/Image/EOFC_GREY.o ./AppWizard/Resource/Image/EOFC_WHITE.o ./AppWizard/Resource/Image/EOP_DAY.o ./AppWizard/Resource/Image/EOP_GREY.o ./AppWizard/Resource/Image/EOP_NIGHT.o ./AppWizard/Resource/Image/EOP_RED_DAY.o ./AppWizard/Resource/Image/EOP_RED_NIGHT.o ./AppWizard/Resource/Image/EOP_WHITE.o ./AppWizard/Resource/Image/EOT_DAY.o ./AppWizard/Resource/Image/EOT_GREY.o ./AppWizard/Resource/Image/EOT_NIGHT.o ./AppWizard/Resource/Image/EOT_RED_DAY.o ./AppWizard/Resource/Image/EOT_RED_NIGHT.o ./AppWizard/Resource/Image/EOT_WHITE.o ./AppWizard/Resource/Image/Error_ind1.o ./AppWizard/Resource/Image/Error_red.o ./AppWizard/Resource/Image/FUEL_DAY.o ./AppWizard/Resource/Image/FUEL_GREY.o ./AppWizard/Resource/Image/FUEL_NIGHT.o ./AppWizard/Resource/Image/FUEL_RED_DAY.o ./AppWizard/Resource/Image/FUEL_RED_NIGHT.o ./AppWizard/Resource/Image/FUEL_WHITE.o ./AppWizard/Resource/Image/G1_52X52.o ./AppWizard/Resource/Image/G2_52X52.o ./AppWizard/Resource/Image/G3_52X52.o ./AppWizard/Resource/Image/G4_52X52.o ./AppWizard/Resource/Image/G5_52X52.o ./AppWizard/Resource/Image/G6_52X52.o ./AppWizard/Resource/Image/G7_52X52.o ./AppWizard/Resource/Image/G8_52X52.o ./AppWizard/Resource/Image/G9_52X52.o ./AppWizard/Resource/Image/Get_faults_symbol.o ./AppWizard/Resource/Image/Grey_Green790x130T10.o ./AppWizard/Resource/Image/Grey_Red790x130T10.o ./AppWizard/Resource/Image/GuageDisplay.o ./AppWizard/Resource/Image/HOL_GREY.o ./AppWizard/Resource/Image/HOL_WHITE.o ./AppWizard/Resource/Image/Home_transparent.o ./AppWizard/Resource/Image/IDNOTSET.o ./AppWizard/Resource/Image/Invalid_Password.o ./AppWizard/Resource/Image/Keypad_Page.o ./AppWizard/Resource/Image/Left.o ./AppWizard/Resource/Image/Minus.o ./AppWizard/Resource/Image/NIGHT_BRIGHTNESS.o ./AppWizard/Resource/Image/NIGHT_SCREEN_1.o ./AppWizard/Resource/Image/NIGHT_SCREEN_2.o ./AppWizard/Resource/Image/N_52X52.o ./AppWizard/Resource/Image/Needle80x15.o ./AppWizard/Resource/Image/Needle_135_25.o ./AppWizard/Resource/Image/Needle_Night135x25.o ./AppWizard/Resource/Image/Needle_Night80x15.o ./AppWizard/Resource/Image/OVRSPD1.o ./AppWizard/Resource/Image/OVRSPD2.o ./AppWizard/Resource/Image/PasswordLock.o ./AppWizard/Resource/Image/Password_Unlock75x75.o ./AppWizard/Resource/Image/Password_screen.o ./AppWizard/Resource/Image/Plus.o ./AppWizard/Resource/Image/R1_52X52.o ./AppWizard/Resource/Image/R2_52X52.o ./AppWizard/Resource/Image/RPM_DAY.o ./AppWizard/Resource/Image/RPM_NIGHT.o ./AppWizard/Resource/Image/RPM_RED_DAY.o ./AppWizard/Resource/Image/RPM_RED_NIGHT.o ./AppWizard/Resource/Image/R_52X52.o ./AppWizard/Resource/Image/Raw_can_data55x57.o ./AppWizard/Resource/Image/Reset_symbol_72x90.o ./AppWizard/Resource/Image/Restore_defaults_symbol.o ./AppWizard/Resource/Image/Rows_and_Columns_image.o ./AppWizard/Resource/Image/SCREEN2_COVER.o ./AppWizard/Resource/Image/SEATBELT_GREY.o ./AppWizard/Resource/Image/SEATBELT_WHITE.o ./AppWizard/Resource/Image/Serviceremainder55x50.o ./AppWizard/Resource/Image/Sqr_456x36.o ./AppWizard/Resource/Image/Sqr_White_413x37.o ./AppWizard/Resource/Image/Sqr_yellow_421x45.o ./AppWizard/Resource/Image/Sqr_yellow_transparent_421x45.o ./AppWizard/Resource/Image/Sqrgreqbckd200x80.o ./AppWizard/Resource/Image/Squreblack.o ./AppWizard/Resource/Image/SystemSetting.o ./AppWizard/Resource/Image/TOFC_GBG.o ./AppWizard/Resource/Image/TOFC_RWR.o ./AppWizard/Resource/Image/TOP_DAY.o ./AppWizard/Resource/Image/TOP_GREY.o ./AppWizard/Resource/Image/TOP_NIGHT.o ./AppWizard/Resource/Image/TOP_RED_DAY.o ./AppWizard/Resource/Image/TOP_RED_NIGHT.o ./AppWizard/Resource/Image/TOP_WHITE.o ./AppWizard/Resource/Image/TOT_DAY.o ./AppWizard/Resource/Image/TOT_GREY.o ./AppWizard/Resource/Image/TOT_NIGHT.o ./AppWizard/Resource/Image/TOT_RED_DAY.o ./AppWizard/Resource/Image/TOT_RED_NIGHT.o ./AppWizard/Resource/Image/TOT_WHITE.o ./AppWizard/Resource/Image/TROUBLE_SHOOTING.o ./AppWizard/Resource/Image/UP_arrow_Yellow_72x90.o ./AppWizard/Resource/Image/Up_arrow_blue_72x90.o ./AppWizard/Resource/Image/UserSetting.o ./AppWizard/Resource/Image/Utilities.o ./AppWizard/Resource/Image/ast.o ./AppWizard/Resource/Image/change_password.o ./AppWizard/Resource/Image/cursor_block_32x6.o ./AppWizard/Resource/Image/datalogging_55X55.o ./AppWizard/Resource/Image/edit2_50x49.o ./AppWizard/Resource/Image/edit_symbol.o ./AppWizard/Resource/Image/fault_logging_55x59.o ./AppWizard/Resource/Image/hide.o ./AppWizard/Resource/Image/min_max_logging_40x50.o ./AppWizard/Resource/Image/off_symbol_72x90.o ./AppWizard/Resource/Image/pendrive_35x90.o ./AppWizard/Resource/Image/recall.o ./AppWizard/Resource/Image/right1.o ./AppWizard/Resource/Image/save_icon.o ./AppWizard/Resource/Image/sd_card_60x60.o ./AppWizard/Resource/Image/sqr_456X136.o ./AppWizard/Resource/Image/sqrbckd.o ./AppWizard/Resource/Image/systemSetup55x60.o ./AppWizard/Resource/Image/vin_Cin50x46.o  ./AppWizard/Resource/Font/BasicSquare7Solid_16_Bold_EXT_AA4.o ./AppWizard/Resource/Font/BasicSquare7Solid_18_Bold_EXT_AA4.o ./AppWizard/Resource/Font/BasicSquare7Solid_20_Normal_EXT_AA4.o ./AppWizard/Resource/Font/BasicSquare7Solid_24_Normal_EXT_AA4.o ./AppWizard/Resource/Font/BasicSquare7Solid_30_Normal_EXT_AA4.o ./AppWizard/Resource/Font/Calibri_20_Bold_EXT_AA4.o ./AppWizard/Resource/Font/Calibri_20_Normal_EXT_AA4.o ./AppWizard/Resource/Font/Calibri_22_Bold_EXT_AA4.o ./AppWizard/Resource/Font/Calibri_24_Bold_EXT_AA4.o ./AppWizard/Resource/Font/Calibri_28_Bold_EXT_AA4.o ./AppWizard/Resource/Font/Calibri_30_Bold_EXT_AA4.o ./AppWizard/Resource/Font/Calibri_40_Bold_EXT_AA4.o  ./AppWizard/APPW_X_NoFS.o   -lemWin_M7
Memory region         Used Size  Region Size  %age Used
     BOARD_FLASH:      238772 B        64 MB      0.36%
     BOARD_SDRAM:    15442312 B        30 MB     49.09%
   NCACHE_REGION:          0 GB         2 MB      0.00%
        SRAM_DTC:       20100 B       128 KB     15.34%
        SRAM_ITC:          0 GB       128 KB      0.00%
         SRAM_OC:          0 GB       256 KB      0.00%
Finished building target: VMS_Display_V0.axf
 
Performing post-build steps
arm-none-eabi-size "VMS_Display_V0.axf"; # arm-none-eabi-objcopy -v -O binary "VMS_Display_V0.axf" "VMS_Display_V0.bin" ; # checksum -p MIMXRT1052xxxxB -d "VMS_Display_V0.bin";
   text	   data	    bss	    dec	    hex	filename
 238560	    212	15462196	15700968	 ef93e8	VMS_Display_V0.axf
 
