Archive member included to satisfy reference by file (symbol)

c:/nxp/mcuxpressoide_11.6.1_8255/ide/plugins/com.nxp.mcuxpresso.tools.win32_11.6.1.202207200623/tools/bin/../lib/gcc/arm-none-eabi/10.3.1/thumb/v7e-m+dp/hard\libgcc.a(_aeabi_ldivmod.o)
                              ./source/drivers/ocotp/bl_ocotp.o (__aeabi_ldivmod)
c:/nxp/mcuxpressoide_11.6.1_8255/ide/plugins/com.nxp.mcuxpresso.tools.win32_11.6.1.202207200623/tools/bin/../lib/gcc/arm-none-eabi/10.3.1/thumb/v7e-m+dp/hard\libgcc.a(_aeabi_uldivmod.o)
                              ./source/utilities/src/fsl_rtos_abstraction.o (__aeabi_uldivmod)
c:/nxp/mcuxpressoide_11.6.1_8255/ide/plugins/com.nxp.mcuxpresso.tools.win32_11.6.1.202207200623/tools/bin/../lib/gcc/arm-none-eabi/10.3.1/thumb/v7e-m+dp/hard\libgcc.a(_udivmoddi4.o)
                              c:/nxp/mcuxpressoide_11.6.1_8255/ide/plugins/com.nxp.mcuxpresso.tools.win32_11.6.1.202207200623/tools/bin/../lib/gcc/arm-none-eabi/10.3.1/thumb/v7e-m+dp/hard\libgcc.a(_aeabi_ldivmod.o) (__udivmoddi4)
c:/nxp/mcuxpressoide_11.6.1_8255/ide/plugins/com.nxp.mcuxpresso.tools.win32_11.6.1.202207200623/tools/bin/../lib/gcc/arm-none-eabi/10.3.1/thumb/v7e-m+dp/hard\libgcc.a(_dvmd_tls.o)
                              c:/nxp/mcuxpressoide_11.6.1_8255/ide/plugins/com.nxp.mcuxpresso.tools.win32_11.6.1.202207200623/tools/bin/../lib/gcc/arm-none-eabi/10.3.1/thumb/v7e-m+dp/hard\libgcc.a(_aeabi_ldivmod.o) (__aeabi_ldiv0)
c:/nxp/mcuxpressoide_11.6.1_8255/ide/plugins/com.nxp.mcuxpresso.tools.win32_11.6.1.202207200623/tools/bin/../lib/gcc/arm-none-eabi/10.3.1/../../../../arm-none-eabi/lib/thumb/v7e-m+dp/hard\libc_nano.a(lib_a-assert.o)
                              ./source/utilities/src/fsl_rtos_abstraction.o (__assert_func)
c:/nxp/mcuxpressoide_11.6.1_8255/ide/plugins/com.nxp.mcuxpresso.tools.win32_11.6.1.202207200623/tools/bin/../lib/gcc/arm-none-eabi/10.3.1/../../../../arm-none-eabi/lib/thumb/v7e-m+dp/hard\libc_nano.a(lib_a-fprintf.o)
                              c:/nxp/mcuxpressoide_11.6.1_8255/ide/plugins/com.nxp.mcuxpresso.tools.win32_11.6.1.202207200623/tools/bin/../lib/gcc/arm-none-eabi/10.3.1/../../../../arm-none-eabi/lib/thumb/v7e-m+dp/hard\libc_nano.a(lib_a-assert.o) (fiprintf)
c:/nxp/mcuxpressoide_11.6.1_8255/ide/plugins/com.nxp.mcuxpresso.tools.win32_11.6.1.202207200623/tools/bin/../lib/gcc/arm-none-eabi/10.3.1/../../../../arm-none-eabi/lib/thumb/v7e-m+dp/hard\libc_nano.a(lib_a-impure.o)
                              c:/nxp/mcuxpressoide_11.6.1_8255/ide/plugins/com.nxp.mcuxpresso.tools.win32_11.6.1.202207200623/tools/bin/../lib/gcc/arm-none-eabi/10.3.1/../../../../arm-none-eabi/lib/thumb/v7e-m+dp/hard\libc_nano.a(lib_a-assert.o) (_impure_ptr)
c:/nxp/mcuxpressoide_11.6.1_8255/ide/plugins/com.nxp.mcuxpresso.tools.win32_11.6.1.202207200623/tools/bin/../lib/gcc/arm-none-eabi/10.3.1/../../../../arm-none-eabi/lib/thumb/v7e-m+dp/hard\libc_nano.a(lib_a-malloc.o)
                              ./drivers/fsl_common.o (malloc)
c:/nxp/mcuxpressoide_11.6.1_8255/ide/plugins/com.nxp.mcuxpresso.tools.win32_11.6.1.202207200623/tools/bin/../lib/gcc/arm-none-eabi/10.3.1/../../../../arm-none-eabi/lib/thumb/v7e-m+dp/hard\libc_nano.a(lib_a-memcmp.o)
                              ./source/sbloader/src/sbloader.o (memcmp)
c:/nxp/mcuxpressoide_11.6.1_8255/ide/plugins/com.nxp.mcuxpresso.tools.win32_11.6.1.202207200623/tools/bin/../lib/gcc/arm-none-eabi/10.3.1/../../../../arm-none-eabi/lib/thumb/v7e-m+dp/hard\libc_nano.a(lib_a-memcpy-stub.o)
                              ./source/property/src/property_imx.o (memcpy)
c:/nxp/mcuxpressoide_11.6.1_8255/ide/plugins/com.nxp.mcuxpresso.tools.win32_11.6.1.202207200623/tools/bin/../lib/gcc/arm-none-eabi/10.3.1/../../../../arm-none-eabi/lib/thumb/v7e-m+dp/hard\libc_nano.a(lib_a-memset.o)
                              ./source/sbloader/src/sbloader.o (memset)
c:/nxp/mcuxpressoide_11.6.1_8255/ide/plugins/com.nxp.mcuxpresso.tools.win32_11.6.1.202207200623/tools/bin/../lib/gcc/arm-none-eabi/10.3.1/../../../../arm-none-eabi/lib/thumb/v7e-m+dp/hard\libc_nano.a(lib_a-nano-freer.o)
                              c:/nxp/mcuxpressoide_11.6.1_8255/ide/plugins/com.nxp.mcuxpresso.tools.win32_11.6.1.202207200623/tools/bin/../lib/gcc/arm-none-eabi/10.3.1/../../../../arm-none-eabi/lib/thumb/v7e-m+dp/hard\libc_nano.a(lib_a-malloc.o) (_free_r)
c:/nxp/mcuxpressoide_11.6.1_8255/ide/plugins/com.nxp.mcuxpresso.tools.win32_11.6.1.202207200623/tools/bin/../lib/gcc/arm-none-eabi/10.3.1/../../../../arm-none-eabi/lib/thumb/v7e-m+dp/hard\libc_nano.a(lib_a-nano-mallocr.o)
                              c:/nxp/mcuxpressoide_11.6.1_8255/ide/plugins/com.nxp.mcuxpresso.tools.win32_11.6.1.202207200623/tools/bin/../lib/gcc/arm-none-eabi/10.3.1/../../../../arm-none-eabi/lib/thumb/v7e-m+dp/hard\libc_nano.a(lib_a-malloc.o) (_malloc_r)
[...]
Memory Configuration

Name             Origin             Length             Attributes
m_interrupts     0x20002000         0x00000400         xr
m_text           0x20002400         0x0001afff         rw
m_data           0x20208000         0x00018000         rw
*default*        0x00000000         0xffffffff

Linker script and memory map

LOAD ./usb/phy/usb_phy.o
LOAD ./usb/device/source/ehci/usb_device_ehci.o
LOAD ./usb/device/source/usb_device_ch9.o
LOAD ./usb/device/source/usb_device_dci.o
LOAD ./usb/device/class/hid/usb_device_hid.o
LOAD ./usb/device/class/usb_device_class.o
LOAD ./startup/crt0_gcc.o
LOAD ./startup/startup.o
LOAD ./startup/startup_MIMXRT1052.o
LOAD ./source/utilities/src/debug_util.o
LOAD ./source/utilities/src/fsl_assert.o
LOAD ./source/utilities/src/fsl_rtos_abstraction.o
LOAD ./source/usb/bm_composite/composite.o
LOAD ./source/usb/bm_composite/hid_bootloader.o
LOAD ./source/usb/bm_composite/usb_descriptor.o
LOAD ./source/sbloader/src/sbloader.o
LOAD ./source/property/src/property_imx.o
LOAD ./source/packet/src/serial_packet.o
LOAD ./source/memory/src/flexspi_nor_memory.o
LOAD ./source/memory/src/memory.o
LOAD ./source/memory/src/mmc_memory.o
LOAD ./source/memory/src/normal_memory.o
LOAD ./source/memory/src/pattern_fill_gcc.o
LOAD ./source/memory/src/sd_memory.o
LOAD ./source/memory/src/semc_nand_memory.o
LOAD ./source/memory/src/semc_nor_memory.o
LOAD ./source/memory/src/spi_nor_eeprom_memory.o
LOAD ./source/memory/src/spinand_memory.o
LOAD ./source/memory/src/sram_init_MIMXRT1052.o
LOAD ./source/drivers/usdhc/bl_usdhc.o
LOAD ./source/drivers/trng/bl_trng.o
LOAD ./source/drivers/serial_nor_eeprom/serial_nor_eeprom.o
LOAD ./source/drivers/semc_nor/semc_nor_flash.o
LOAD ./source/drivers/semc_nand/semc_nand_flash.o
LOAD ./source/drivers/semc/bl_semc.o
LOAD ./source/drivers/sdmmc/fsl_mmc.o
LOAD ./source/drivers/sdmmc/fsl_sd.o
LOAD ./source/drivers/sdmmc/fsl_sdmmc_common.o
LOAD ./source/drivers/sdmmc/fsl_sdmmc_host.o
LOAD ./source/drivers/ocotp/bl_ocotp.o
LOAD ./source/drivers/nand_ecc/nand_ecc.o
LOAD ./source/drivers/microseconds/microseconds_pit.o
LOAD ./source/drivers/flexspi_nor/flexspi_nor_flash.o
LOAD ./source/drivers/flexspi_nand/flexspi_nand_flash.o
LOAD ./source/drivers/flexspi/bl_flexspi.o
LOAD ./source/drivers/dcp/bl_dcp.o
LOAD ./source/crc/crc16.o
LOAD ./source/crc/crc32.o
LOAD ./source/bootloader/src/bl_app_crc_check.o
LOAD ./source/bootloader/src/bl_command.o
LOAD ./source/bootloader/src/bl_context.o
LOAD ./source/bootloader/src/bl_exception_handler.o
LOAD ./source/bootloader/src/bl_keyblob.o
LOAD ./source/bootloader/src/bl_keyblob_dcp.o
LOAD ./source/bootloader/src/bl_main.o
LOAD ./source/bootloader/src/bl_misc.o
LOAD ./source/bootloader/src/bl_nor_encrypt_bee.o
LOAD ./source/bootloader/src/bl_shutdown_cleanup.o
LOAD ./source/bootloader/src/bl_tree_root.o
LOAD ./source/bootloader/src/bl_user_entry.o
LOAD ./source/bootloader/src/lpuart_peripheral_interface.o
LOAD ./source/bootloader/src/usb_hid_msc_peripheral_interface.o
LOAD ./source/autobaud/autobaud_irq.o
LOAD ./source/semihost_hardfault.o
LOAD ./drivers/fsl_clock.o
LOAD ./drivers/fsl_common.o
LOAD ./drivers/fsl_common_arm.o
LOAD ./drivers/fsl_gpio.o
LOAD ./drivers/fsl_lpspi.o
LOAD ./drivers/fsl_lpuart.o
LOAD ./device/system_MIMXRT1052.o
LOAD ./component/osa/fsl_os_abstraction_bm.o
LOAD ./component/lists/fsl_component_generic_list.o
LOAD ./board/pin_mux.o
LOAD ./MIMXRT1052/bl_clock_config_MIMXRT1052.o
LOAD ./MIMXRT1052/bl_lpuart_irq_config_MIMXRT1052.o
LOAD ./MIMXRT1052/bl_peripherals_MIMXRT1052.o
LOAD ./MIMXRT1052/external_memory_property_map_MIMXRT1052.o
LOAD ./MIMXRT1052/flexspi_nand_config_MIMXRT1052.o
LOAD ./MIMXRT1052/flexspi_nor_config_MIMXRT1052.o
LOAD ./MIMXRT1052/hardware_init_MIMXRT1052.o
LOAD ./MIMXRT1052/memory_map_MIMXRT1052.o
LOAD ./MIMXRT1052/pinmux_utility_imxrt_series.o
LOAD ./MIMXRT1052/sdmmc_config_MIMXRT1052.o
LOAD ./MIMXRT1052/semc_nand_config_MIMXRT1052.o
LOAD ./MIMXRT1052/semc_nor_config_MIMXRT1052.o
                0x00000000                HEAP_SIZE = DEFINED (__heap_size__)?__heap_size__:0x0
                0x00002000                STACK_SIZE = DEFINED (__stack_size__)?__stack_size__:0x2000
START GROUP
LOAD c:/nxp/mcuxpressoide_11.6.1_8255/ide/plugins/com.nxp.mcuxpresso.tools.win32_11.6.1.202207200623/tools/bin/../lib/gcc/arm-none-eabi/10.3.1/../../../../arm-none-eabi/lib/thumb/v7e-m+dp/hard\libnosys.a
LOAD c:/nxp/mcuxpressoide_11.6.1_8255/ide/plugins/com.nxp.mcuxpresso.tools.win32_11.6.1.202207200623/tools/bin/../lib/gcc/arm-none-eabi/10.3.1/thumb/v7e-m+dp/hard\libgcc.a
LOAD c:/nxp/mcuxpressoide_11.6.1_8255/ide/plugins/com.nxp.mcuxpresso.tools.win32_11.6.1.202207200623/tools/bin/../lib/gcc/arm-none-eabi/10.3.1/../../../../arm-none-eabi/lib/thumb/v7e-m+dp/hard\libc_nano.a
LOAD c:/nxp/mcuxpressoide_11.6.1_8255/ide/plugins/com.nxp.mcuxpresso.tools.win32_11.6.1.202207200623/tools/bin/../lib/gcc/arm-none-eabi/10.3.1/../../../../arm-none-eabi/lib/thumb/v7e-m+dp/hard\libm.a
LOAD c:/nxp/mcuxpressoide_11.6.1_8255/ide/plugins/com.nxp.mcuxpresso.tools.win32_11.6.1.202207200623/tools/bin/../lib/gcc/arm-none-eabi/10.3.1/../../../../arm-none-eabi/lib/thumb/v7e-m+dp/hard\libcr_newlib_none.a
END GROUP

.interrupts     0x20002000      0x400
                0x20002000                __VECTOR_TABLE = .
                0x20002000                __Vectors = .
                0x20002000                . = ALIGN (0x4)
 *(SORT_BY_ALIGNMENT(.isr_vector))
 .isr_vector    0x20002000      0x400 ./startup/startup_MIMXRT1052.o
                0x20002000                __isr_vector
                0x20002400                . = ALIGN (0x4)
                0x20002000                __VECTOR_RAM = __VECTOR_TABLE
                0x00000000                __RAM_VECTOR_TABLE_SIZE_BYTES = 0x0

.text           0x20002400    0x18704
                0x20002400                . = ALIGN (0x4)
 *(SORT_BY_ALIGNMENT(.text))
 .text          0x20002400       0xa0 c:/nxp/mcuxpressoide_11.6.1_8255/ide/plugins/com.nxp.mcuxpresso.tools.win32_11.6.1.202207200623/tools/bin/../lib/gcc/arm-none-eabi/10.3.1/../../../../arm-none-eabi/lib/thumb/v7e-m+dp/hard\libc_nano.a(lib_a-memchr.o)
                0x20002400                memchr
 .text          0x200024a0       0x68 ./startup/crt0_gcc.o
                0x200024a0                Reset_Handler
 .text          0x20002508      0x144 ./startup/startup_MIMXRT1052.o
                0x20002550                Reserved18_IRQHandler
                0x20002550                USB_PHY1_IRQHandler
                0x20002550                Reserved16_IRQHandler
                0x20002550                ADC_ETC_IRQ0_IRQHandler
                0x20002550                DebugMon_Handler
                0x20002550                Reserved65_IRQHandler
                0x20002550                Reserved86_IRQHandler
                0x20002550                SRC_IRQHandler
                0x20002550                Reserved60_IRQHandler
                0x20002550                GPIO2_Combined_0_15_IRQHandler
                0x20002550                SPDIF_DriverIRQHandler
                0x20002550                GPIO1_INT2_IRQHandler
                0x20002550                CTI1_ERROR_IRQHandler
                0x20002550                SNVS_LP_WRAPPER_IRQHandler
                0x20002550                ENC2_IRQHandler
                0x20002550                PWM2_2_IRQHandler
                0x20002550                PWM3_FAULT_IRQHandler
                0x20002550                TRNG_IRQHandler
                0x20002550                PWM4_FAULT_IRQHandler
                0x20002550                Reserved19_IRQHandler
                0x20002550                Reserved74_IRQHandler
                0x20002550                GPIO1_INT7_IRQHandler
                0x20002550                CCM_1_IRQHandler
                0x20002550                TMR1_IRQHandler
                0x20002550                Reserved59_IRQHandler
                0x20002550                Reserved79_IRQHandler
                0x20002550                ADC_ETC_IRQ1_IRQHandler
                0x20002550                CAN1_DriverIRQHandler
                0x20002550                Reserved29_IRQHandler
                0x20002550                PWM4_0_IRQHandler
                0x20002550                LPI2C2_DriverIRQHandler
                0x20002550                CTI0_ERROR_IRQHandler
                0x20002550                GPIO5_Combined_0_15_IRQHandler
                0x20002550                PWM1_0_IRQHandler
                0x20002550                Reserved77_IRQHandler
                0x20002550                LPI2C3_DriverIRQHandler
                0x20002550                ACMP_IRQ2_IRQHandler
                0x20002550                USB_PHY2_IRQHandler
                0x20002550                TSC_DIG_IRQHandler
                0x20002550                GPIO4_Combined_0_15_IRQHandler
                0x20002550                ENC4_IRQHandler
                0x20002550                GPIO4_Combined_16_31_IRQHandler
                0x20002550                PWM2_0_IRQHandler
                0x20002550                DCP_VMI_IRQHandler
                0x20002550                Reserved22_IRQHandler
                0x20002550                Reserved75_IRQHandler
                0x20002550                ENET_1588_Timer_DriverIRQHandler
                0x20002550                Reserved87_IRQHandler
                0x20002550                PWM2_1_IRQHandler
                0x20002550                PWM2_FAULT_IRQHandler
                0x20002550                FLEXIO2_DriverIRQHandler
                0x20002550                UsageFault_Handler
                0x20002550                WDOG1_IRQHandler
                0x20002550                BusFault_Handler
                0x20002550                GPT1_IRQHandler
                0x20002550                FLEXRAM_IRQHandler
                0x20002550                PWM4_1_IRQHandler
                0x20002550                USB_OTG2_IRQHandler
                0x20002550                SEMC_IRQHandler
                0x20002550                DefaultISR
                0x20002550                Reserved58_IRQHandler
                0x20002550                PWM1_1_IRQHandler
                0x20002550                GPT2_IRQHandler
                0x20002550                Reserved25_IRQHandler
                0x20002550                Reserved24_IRQHandler
                0x20002550                PWM3_0_IRQHandler
                0x20002550                Reserved132_IRQHandler
                0x20002550                PWM3_3_IRQHandler
                0x20002550                GPIO1_INT0_IRQHandler
                0x20002550                Reserved80_IRQHandler
                0x20002550                Reserved70_IRQHandler
                0x20002550                ADC1_IRQHandler
                0x20002550                FLEXIO1_DriverIRQHandler
                0x20002550                ENET_DriverIRQHandler
                0x20002550                Reserved21_IRQHandler
                0x20002550                GPIO1_Combined_16_31_IRQHandler
                0x20002550                Reserved28_IRQHandler
                0x20002550                RTWDOG_IRQHandler
                0x20002550                Reserved78_IRQHandler
                0x20002550                ENC3_IRQHandler
                0x20002550                ACMP_IRQ3_IRQHandler
                0x20002550                GPIO3_Combined_16_31_IRQHandler
                0x20002550                EWM_IRQHandler
                0x20002550                Reserved27_IRQHandler
                0x20002550                WDOG2_IRQHandler
                0x20002550                GPIO1_INT5_IRQHandler
                0x20002550                FLEXSPI_DriverIRQHandler
                0x20002550                ACMP_IRQ1_IRQHandler
                0x20002550                PWM3_1_IRQHandler
                0x20002550                PWM2_3_IRQHandler
                0x20002550                CORE_IRQHandler
                0x20002550                SNVS_HP_WRAPPER_TZ_IRQHandler
                0x20002550                GPIO1_INT6_IRQHandler
                0x20002550                PWM1_2_IRQHandler
                0x20002550                Reserved72_IRQHandler
                0x20002550                Reserved144_IRQHandler
                0x20002550                GPR_IRQ_IRQHandler
                0x20002550                GPC_IRQHandler
                0x20002550                DCDC_IRQHandler
                0x20002550                GPIO3_Combined_0_15_IRQHandler
                0x20002550                PWM4_3_IRQHandler
                0x20002550                Reserved20_IRQHandler
                0x20002550                ADC_5HC_IRQHandler
                0x20002550                Reserved17_IRQHandler
                0x20002550                CAN2_DriverIRQHandler
                0x20002550                GPIO5_Combined_16_31_IRQHandler
                0x20002550                TMR2_IRQHandler
                0x20002550                Reserved32_IRQHandler
                0x20002550                ADC_ETC_ERROR_IRQ_IRQHandler
                0x20002550                PWM4_2_IRQHandler
                0x20002550                BEE_IRQHandler
                0x20002550                GPIO1_INT1_IRQHandler
                0x20002550                DCP_SECURE_IRQHandler
                0x20002550                ADC_ETC_IRQ2_IRQHandler
                0x20002550                Reserved31_IRQHandler
                0x20002550                GPIO1_INT4_IRQHandler
                0x20002550                CCM_2_IRQHandler
                0x20002550                KPP_IRQHandler
                0x20002550                Reserved73_IRQHandler
                0x20002550                MemManage_Handler
                0x20002550                Reserved133_IRQHandler
                0x20002550                PIT_IRQHandler
                0x20002550                Reserved115_IRQHandler
                0x20002550                SNVS_HP_WRAPPER_IRQHandler
                0x20002550                Reserved30_IRQHandler
                0x20002550                ACMP_IRQ4_IRQHandler
                0x20002550                TMR3_IRQHandler
                0x20002550                PWM3_2_IRQHandler
                0x20002550                LPI2C1_DriverIRQHandler
                0x20002550                DCP_IRQHandler
                0x20002550                Reserved123_IRQHandler
                0x20002550                LPI2C4_DriverIRQHandler
                0x20002550                GPIO1_INT3_IRQHandler
                0x20002550                Reserved26_IRQHandler
                0x20002550                TMR4_IRQHandler
                0x20002550                ENC1_IRQHandler
                0x20002550                PWM1_FAULT_IRQHandler
                0x20002550                Reserved143_IRQHandler
                0x20002550                Reserved23_IRQHandler
                0x20002550                GPIO2_Combined_16_31_IRQHandler
                0x20002550                PWM1_3_IRQHandler
                0x20002554                NMI_Handler
                0x2000255c                SVC_Handler
                0x20002560                PendSV_Handler
                0x20002564                SysTick_Handler
                0x2000256c                LPUART2_IRQHandler
                0x20002570                LPUART3_IRQHandler
                0x20002574                LPUART4_IRQHandler
                0x20002578                LPUART5_IRQHandler
                0x2000257c                LPUART6_IRQHandler
                0x20002580                LPUART7_IRQHandler
                0x20002584                LPUART8_IRQHandler
                0x20002588                LPI2C1_IRQHandler
                0x2000258c                LPI2C2_IRQHandler
                0x20002590                LPI2C3_IRQHandler
                0x20002594                LPI2C4_IRQHandler
                0x20002598                LPSPI1_IRQHandler
                0x2000259c                LPSPI2_IRQHandler
                0x200025a0                LPSPI3_IRQHandler
                0x200025a4                LPSPI4_IRQHandler
                0x200025a8                CAN1_IRQHandler
                0x200025ac                CAN2_IRQHandler
                0x200025b0                SPDIF_IRQHandler
                0x200025b4                FLEXIO1_IRQHandler
                0x200025b8                FLEXIO2_IRQHandler
                0x200025bc                FLEXSPI_IRQHandler
                0x200025c0                USDHC1_IRQHandler
                0x200025c4                USDHC2_IRQHandler
                0x200025c8                ENET_IRQHandler
                0x200025cc                ENET_1588_Timer_IRQHandler
 .text          0x2000264c       0x7c ./source/memory/src/pattern_fill_gcc.o
                0x2000264c                pattern_fill
 .text          0x200026c8       0x30 c:/nxp/mcuxpressoide_11.6.1_8255/ide/plugins/com.nxp.mcuxpresso.tools.win32_11.6.1.202207200623/tools/bin/../lib/gcc/arm-none-eabi/10.3.1/thumb/v7e-m+dp/hard\libgcc.a(_aeabi_uldivmod.o)
                0x200026c8                __aeabi_uldivmod
 .text          0x200026f8      0x2d0 c:/nxp/mcuxpressoide_11.6.1_8255/ide/plugins/com.nxp.mcuxpresso.tools.win32_11.6.1.202207200623/tools/bin/../lib/gcc/arm-none-eabi/10.3.1/thumb/v7e-m+dp/hard\libgcc.a(_udivmoddi4.o)
                0x200026f8                __udivmoddi4
 .text          0x200029c8        0x4 c:/nxp/mcuxpressoide_11.6.1_8255/ide/plugins/com.nxp.mcuxpresso.tools.win32_11.6.1.202207200623/tools/bin/../lib/gcc/arm-none-eabi/10.3.1/thumb/v7e-m+dp/hard\libgcc.a(_dvmd_tls.o)
                0x200029c8                __aeabi_idiv0
                0x200029c8                __aeabi_ldiv0
 *(SORT_BY_ALIGNMENT(.text*))
 *fill*         0x200029cc        0x4 
 .text.ocotp_init
                0x200029d0       0x84 ./source/drivers/ocotp/bl_ocotp.o
                0x200029d0                ocotp_init
 *fill*         0x20002a54        0x4 
 .text.LPSPI_MasterSetDelayTimes
                0x20002a58      0x104 ./drivers/fsl_lpspi.o
                0x20002a58                LPSPI_MasterSetDelayTimes
 .text.USB_DeviceEhciTransfer
                0x20002b5c      0x228 ./usb/device/source/ehci/usb_device_ehci.o
 .text.USB_DeviceEhciCancelControlPipe
                0x20002d84       0xd0 ./usb/device/source/ehci/usb_device_ehci.o
 .text.USB_DeviceEhciInit
                0x20002e54       0xd0 ./usb/device/source/ehci/usb_device_ehci.o
                0x20002e54                USB_DeviceEhciInit
 .text.USB_DeviceEhciDeinit
                0x20002f24       0x4c ./usb/device/source/ehci/usb_device_ehci.o
                0x20002f24                USB_DeviceEhciDeinit
 .text.USB_DeviceEhciCancel
                0x20002f70      0x14c ./usb/device/source/ehci/usb_device_ehci.o
                0x20002f70                USB_DeviceEhciCancel
 .text.USB_DeviceControlCallback
                0x200030bc      0x1d8 ./usb/device/source/usb_device_ch9.o
 .text.USB_DeviceControlPipeInit
                0x20003294       0x50 ./usb/device/source/usb_device_ch9.o
                0x20003294                USB_DeviceControlPipeInit
 .text.USB_DeviceInit
                0x200032e4      0x100 ./usb/device/source/usb_device_dci.o
                0x200032e4                USB_DeviceInit
 .text.USB_DeviceHidEndpointsInit
                0x200033e4       0xe8 ./usb/device/class/hid/usb_device_hid.o
 .text.USB_DeviceHidInit
                0x200034cc       0x30 ./usb/device/class/hid/usb_device_hid.o
                0x200034cc                USB_DeviceHidInit
 .text.USB_DeviceClassGetHandleByDeviceHandle
                0x200034fc       0x40 ./usb/device/class/usb_device_class.o
 .text.USB_DeviceClassGetHandleByControllerId
                0x2000353c       0x48 ./usb/device/class/usb_device_class.o
 .text.USB_DeviceClassFreeHandle.isra.0
                0x20003584       0x48 ./usb/device/class/usb_device_class.o
 .text.USB_DeviceClassGetDeviceHandle
                0x200035cc       0x44 ./usb/device/class/usb_device_class.o
                0x200035cc                USB_DeviceClassGetDeviceHandle
 .text.USB_DeviceClassInit
                0x20003610       0xec ./usb/device/class/usb_device_class.o
                0x20003610                USB_DeviceClassInit
 .text.init_data_bss
                0x200036fc       0x6c ./startup/startup.o
                0x200036fc                init_data_bss
 .text.init_interrupts
                0x20003768       0x4c ./startup/startup.o
                0x20003768                init_interrupts
 .text.debug_printf
                0x200037b4      0x13c ./source/utilities/src/debug_util.o
                0x200037b4                debug_printf
 .text.sync_wait
                0x200038f0       0x28 ./source/utilities/src/fsl_rtos_abstraction.o
                0x200038f0                sync_wait
 .text.sync_signal
                0x20003918       0x20 ./source/utilities/src/fsl_rtos_abstraction.o
                0x20003918                sync_signal
 .text.lock_acquire
                0x20003938        0xc ./source/utilities/src/fsl_rtos_abstraction.o
                0x20003938                lock_acquire
 .text.lock_release
                0x20003944        0xc ./source/utilities/src/fsl_rtos_abstraction.o
                0x20003944                lock_release
 .text.usb_device_hid_generic_callback
                0x20003950       0x70 ./source/usb/bm_composite/hid_bootloader.o
                0x20003950                usb_device_hid_generic_callback
 .text.usb_device_hid_generic_set_configure
                0x200039c0       0x30 ./source/usb/bm_composite/hid_bootloader.o
                0x200039c0                usb_device_hid_generic_set_configure
 .text.usb_device_hid_generic_set_interface
                0x200039f0       0x24 ./source/usb/bm_composite/hid_bootloader.o
                0x200039f0                usb_device_hid_generic_set_interface
 .text.usb_device_hid_generic_init
                0x20003a14        0xc ./source/usb/bm_composite/hid_bootloader.o
                0x20003a14                usb_device_hid_generic_init
 .text.usb_device_hid_generic_deinit
                0x20003a20       0x10 ./source/usb/bm_composite/hid_bootloader.o
                0x20003a20                usb_device_hid_generic_deinit
 .text.usb_device_get_hid_report_descriptor
                0x20003a30       0x18 ./source/usb/bm_composite/usb_descriptor.o
                0x20003a30                usb_device_get_hid_report_descriptor
 .text.usb_device_get_device_descriptor
                0x20003a48       0x10 ./source/usb/bm_composite/usb_descriptor.o
                0x20003a48                usb_device_get_device_descriptor
 .text.usb_device_get_configuration_descriptor
                0x20003a58       0x18 ./source/usb/bm_composite/usb_descriptor.o
                0x20003a58                usb_device_get_configuration_descriptor
 .text.usb_device_get_string_descriptor
                0x20003a70       0x40 ./source/usb/bm_composite/usb_descriptor.o
                0x20003a70                usb_device_get_string_descriptor
 .text.usb_device_set_speed
                0x20003ab0       0x6c ./source/usb/bm_composite/usb_descriptor.o
                0x20003ab0                usb_device_set_speed
 .text.ldr_DoHeader
                0x20003b1c        0xc ./source/sbloader/src/sbloader.o
                0x20003b1c                ldr_DoHeader
 .text.ldr_DoHeader1
                0x20003b28       0x30 ./source/sbloader/src/sbloader.o
                0x20003b28                ldr_DoHeader1
 .text.ldr_DoLoadBytes
                0x20003b58       0x80 ./source/sbloader/src/sbloader.o
                0x20003b58                ldr_DoLoadBytes
 .text.ldr_DoLoadChunks
                0x20003bd8       0xa4 ./source/sbloader/src/sbloader.o
                0x20003bd8                ldr_DoLoadChunks
 .text.ldr_GoToNextSection
                0x20003c7c       0x24 ./source/sbloader/src/sbloader.o
                0x20003c7c                ldr_GoToNextSection
 .text.ldr_DoHeader2
                0x20003ca0       0x38 ./source/sbloader/src/sbloader.o
                0x20003ca0                ldr_DoHeader2
 .text.ldr_DoLoadCmd
                0x20003cd8       0x24 ./source/sbloader/src/sbloader.o
                0x20003cd8                ldr_DoLoadCmd
 .text.ldr_DoFillCmd
                0x20003cfc       0x14 ./source/sbloader/src/sbloader.o
                0x20003cfc                ldr_DoFillCmd
 .text.ldr_DoProgramCmd
                0x20003d10       0x30 ./source/sbloader/src/sbloader.o
                0x20003d10                ldr_DoProgramCmd
 .text.ldr_DoEraseCmd
                0x20003d40       0x54 ./source/sbloader/src/sbloader.o
                0x20003d40                ldr_DoEraseCmd
 .text.ldr_DoMemEnableCmd
                0x20003d94       0x60 ./source/sbloader/src/sbloader.o
                0x20003d94                ldr_DoMemEnableCmd
 .text.sbloader_init
                0x20003df4       0x20 ./source/sbloader/src/sbloader.o
                0x20003df4                sbloader_init
 .text.ldr_DoCommand
                0x20003e14       0xa8 ./source/sbloader/src/sbloader.o
                0x20003e14                ldr_DoCommand
 .text.sbloader_handle_chunk
                0x20003ebc       0x30 ./source/sbloader/src/sbloader.o
                0x20003ebc                sbloader_handle_chunk
 .text.sbloader_pump
                0x20003eec       0x50 ./source/sbloader/src/sbloader.o
                0x20003eec                sbloader_pump
 .text.sbloader_finalize
                0x20003f3c       0xbc ./source/sbloader/src/sbloader.o
                0x20003f3c                sbloader_finalize
 .text.bootloader_property_load_user_config
                0x20003ff8       0x38 ./source/property/src/property_imx.o
                0x20003ff8                bootloader_property_load_user_config
 .text.bootloader_property_init
                0x20004030       0xb0 ./source/property/src/property_imx.o
                0x20004030                bootloader_property_init
 .text.bootloader_get_external_memory_properties
                0x200040e0       0x7c ./source/property/src/property_imx.o
                0x200040e0                bootloader_get_external_memory_properties
 .text.bootloader_property_get
                0x2000415c       0xc0 ./source/property/src/property_imx.o
                0x2000415c                bootloader_property_get
 .text.serial_packet_queue_byte
                0x2000421c       0x24 ./source/packet/src/serial_packet.o
                0x2000421c                serial_packet_queue_byte
 .text.write_data
                0x20004240       0x1c ./source/packet/src/serial_packet.o
 .text.read_data
                0x2000425c       0xc0 ./source/packet/src/serial_packet.o
 .text.serial_packet_abort
                0x2000431c       0x34 ./source/packet/src/serial_packet.o
                0x2000431c                serial_packet_abort
 .text.serial_packet_send_sync
                0x20004350       0x3c ./source/packet/src/serial_packet.o
                0x20004350                serial_packet_send_sync
 .text.send_deferred_ack
                0x2000438c       0x28 ./source/packet/src/serial_packet.o
 .text.serial_packet_write
                0x200043b4       0xd8 ./source/packet/src/serial_packet.o
                0x200043b4                serial_packet_write
 .text.serial_send_ping_response
                0x2000448c       0x64 ./source/packet/src/serial_packet.o
                0x2000448c                serial_send_ping_response
 .text.serial_packet_read
                0x200044f0      0x12c ./source/packet/src/serial_packet.o
                0x200044f0                serial_packet_read
 .text.is_flexspi_nor_mem_erased
                0x2000461c       0x58 ./source/memory/src/flexspi_nor_memory.o
 .text.flexspi_nor_mem_erase
                0x20004674       0xbc ./source/memory/src/flexspi_nor_memory.o
                0x20004674                flexspi_nor_mem_erase
 .text.flexspi_nor_memory_check.constprop.0
                0x20004730       0x5c ./source/memory/src/flexspi_nor_memory.o
 .text.flexspi_nor_mem_flush
                0x2000478c       0xe0 ./source/memory/src/flexspi_nor_memory.o
                0x2000478c                flexspi_nor_mem_flush
 .text.flexspi_nor_mem_write
                0x2000486c       0xd8 ./source/memory/src/flexspi_nor_memory.o
                0x2000486c                flexspi_nor_mem_write
 .text.flexspi_nor_mem_fill
                0x20004944       0x50 ./source/memory/src/flexspi_nor_memory.o
                0x20004944                flexspi_nor_mem_fill
 .text.flexspi_nor_mem_read
                0x20004994       0x2c ./source/memory/src/flexspi_nor_memory.o
                0x20004994                flexspi_nor_mem_read
 .text.flexspi_nor_get_property
                0x200049c0       0x88 ./source/memory/src/flexspi_nor_memory.o
                0x200049c0                flexspi_nor_get_property
 .text.flexspi_nor_mem_config.part.0
                0x20004a48      0x2e0 ./source/memory/src/flexspi_nor_memory.o
 .text.flexspi_nor_mem_erase_all
                0x20004d28       0x60 ./source/memory/src/flexspi_nor_memory.o
                0x20004d28                flexspi_nor_mem_erase_all
 .text.mem_flush
                0x20004d88       0x14 ./source/memory/src/memory.o
                0x20004d88                mem_flush
 .text.mem_finalize
                0x20004d9c       0x14 ./source/memory/src/memory.o
                0x20004d9c                mem_finalize
 .text.mem_init
                0x20004db0       0x2c ./source/memory/src/memory.o
                0x20004db0                mem_init
 .text.find_map_entry
                0x20004ddc       0x60 ./source/memory/src/memory.o
                0x20004ddc                find_map_entry
 .text.find_external_map_entry
                0x20004e3c       0x70 ./source/memory/src/memory.o
                0x20004e3c                find_external_map_entry
 .text.mem_read
                0x20004eac       0x5c ./source/memory/src/memory.o
                0x20004eac                mem_read
 .text.find_external_map_index
                0x20004f08       0x2c ./source/memory/src/memory.o
                0x20004f08                find_external_map_index
 .text.mem_is_block_reserved
                0x20004f34       0x4c ./source/memory/src/memory.o
                0x20004f34                mem_is_block_reserved
 .text.mem_write
                0x20004f80       0x94 ./source/memory/src/memory.o
                0x20004f80                mem_write
 .text.mem_config
                0x20005014       0x5c ./source/memory/src/memory.o
                0x20005014                mem_config
 .text.mmc_mem_finalize
                0x20005070       0x14 ./source/memory/src/mmc_memory.o
                0x20005070                mmc_mem_finalize
 .text.is_erased_memory
                0x20005084       0x4c ./source/memory/src/mmc_memory.o
 .text.mmc_mem_read
                0x200050d0       0xc0 ./source/memory/src/mmc_memory.o
                0x200050d0                mmc_mem_read
 .text.mmc_mem_flush_buffer
                0x20005190       0xa4 ./source/memory/src/mmc_memory.o
 .text.mmc_mem_write
                0x20005234       0xe0 ./source/memory/src/mmc_memory.o
                0x20005234                mmc_mem_write
 .text.mmc_mem_flush
                0x20005314       0x14 ./source/memory/src/mmc_memory.o
                0x20005314                mmc_mem_flush
 .text.mmc_mem_erase
                0x20005328       0x54 ./source/memory/src/mmc_memory.o
                0x20005328                mmc_mem_erase
 .text.get_current_block_count.constprop.0
                0x2000537c       0x48 ./source/memory/src/mmc_memory.o
 .text.mmc_get_property.part.0
                0x200053c4       0x28 ./source/memory/src/mmc_memory.o
 .text.mmc_mem_config
                0x200053ec      0x26c ./source/memory/src/mmc_memory.o
                0x200053ec                mmc_mem_config
 .text.mmc_mem_erase_all
                0x20005658       0x40 ./source/memory/src/mmc_memory.o
                0x20005658                mmc_mem_erase_all
 .text.mmc_mem_init
                0x20005698       0x60 ./source/memory/src/mmc_memory.o
                0x20005698                mmc_mem_init
 .text.mmc_get_property
                0x200056f8       0x44 ./source/memory/src/mmc_memory.o
                0x200056f8                mmc_get_property
 .text.sd_mem_finalize
                0x2000573c       0x14 ./source/memory/src/sd_memory.o
                0x2000573c                sd_mem_finalize
 .text.is_erased_memory
                0x20005750       0x4c ./source/memory/src/sd_memory.o
 .text.sd_mem_read
                0x2000579c       0xc0 ./source/memory/src/sd_memory.o
                0x2000579c                sd_mem_read
 .text.sd_mem_flush_buffer
                0x2000585c       0x94 ./source/memory/src/sd_memory.o
 .text.sd_mem_write
                0x200058f0       0xec ./source/memory/src/sd_memory.o
                0x200058f0                sd_mem_write
 .text.sd_mem_flush
                0x200059dc       0x14 ./source/memory/src/sd_memory.o
                0x200059dc                sd_mem_flush
 .text.sd_mem_init
                0x200059f0       0x4c ./source/memory/src/sd_memory.o
                0x200059f0                sd_mem_init
 .text.sd_mem_erase
                0x20005a3c       0x44 ./source/memory/src/sd_memory.o
                0x20005a3c                sd_mem_erase
 .text.sd_mem_erase_all
                0x20005a80       0x3c ./source/memory/src/sd_memory.o
                0x20005a80                sd_mem_erase_all
 .text.sd_mem_config
                0x20005abc      0x1ec ./source/memory/src/sd_memory.o
                0x20005abc                sd_mem_config
 .text.sd_get_property
                0x20005ca8       0x50 ./source/memory/src/sd_memory.o
                0x20005ca8                sd_get_property
 .text.is_semc_nand_page_in_bad_block
                0x20005cf8       0x34 ./source/memory/src/semc_nand_memory.o
 .text.semc_nand_validate_bcb
                0x20005d2c       0x40 ./source/memory/src/semc_nand_memory.o
 .text.semc_nand_update_memory_map
                0x20005d6c       0x3c ./source/memory/src/semc_nand_memory.o
 .text.semc_nand_record_bad_block.isra.0
                0x20005da8       0x24 ./source/memory/src/semc_nand_memory.o
 .text.semc_nand_creat_empty_fcb.isra.0
                0x20005dcc       0x30 ./source/memory/src/semc_nand_memory.o
 .text.semc_nand_erase_verify_block
                0x20005dfc       0x2c ./source/memory/src/semc_nand_memory.o
 .text.semc_nand_write_verify_memory
                0x20005e28       0x6c ./source/memory/src/semc_nand_memory.o
 .text.semc_nand_flush_one_page_from_buffer
                0x20005e94      0x138 ./source/memory/src/semc_nand_memory.o
 .text.semc_nand_mem_write
                0x20005fcc      0x118 ./source/memory/src/semc_nand_memory.o
                0x20005fcc                semc_nand_mem_write
 .text.semc_nand_mem_flush
                0x200060e4       0x10 ./source/memory/src/semc_nand_memory.o
                0x200060e4                semc_nand_mem_flush
 .text.semc_nand_mem_read
                0x200060f4       0xf8 ./source/memory/src/semc_nand_memory.o
                0x200060f4                semc_nand_mem_read
 .text.semc_nand_search_bcb
                0x200061ec       0x70 ./source/memory/src/semc_nand_memory.o
 .text.semc_nand_mem_init
                0x2000625c       0x98 ./source/memory/src/semc_nand_memory.o
                0x2000625c                semc_nand_mem_init
 .text.semc_nand_update_bcb
                0x200062f4      0x110 ./source/memory/src/semc_nand_memory.o
 .text.semc_nand_mem_erase
                0x20006404       0xa4 ./source/memory/src/semc_nand_memory.o
                0x20006404                semc_nand_mem_erase
 .text.semc_nand_mem_finalize
                0x200064a8       0x28 ./source/memory/src/semc_nand_memory.o
                0x200064a8                semc_nand_mem_finalize
 .text.semc_nand_mem_config
                0x200064d0      0x2b4 ./source/memory/src/semc_nand_memory.o
                0x200064d0                semc_nand_mem_config
 .text.semc_nand_mem_erase_all
                0x20006784       0x64 ./source/memory/src/semc_nand_memory.o
                0x20006784                semc_nand_mem_erase_all
 .text.semc_nand_get_property
                0x200067e8       0x84 ./source/memory/src/semc_nand_memory.o
                0x200067e8                semc_nand_get_property
 .text.semc_nor_mem_read
                0x2000686c       0x14 ./source/memory/src/semc_nor_memory.o
                0x2000686c                semc_nor_mem_read
 .text.semc_nor_mem_flush
                0x20006880       0x24 ./source/memory/src/semc_nor_memory.o
                0x20006880                semc_nor_mem_flush
 .text.semc_nor_mem_write
                0x200068a4       0x9c ./source/memory/src/semc_nor_memory.o
                0x200068a4                semc_nor_mem_write
 .text.semc_nor_get_property
                0x20006940       0x68 ./source/memory/src/semc_nor_memory.o
                0x20006940                semc_nor_get_property
 .text.semc_nor_adjust_memory_info_from_cfi
                0x200069a8       0x30 ./source/memory/src/semc_nor_memory.o
 .text.semc_nor_mem_init
                0x200069d8       0x34 ./source/memory/src/semc_nor_memory.o
                0x200069d8                semc_nor_mem_init
 .text.semc_nor_mem_config
                0x20006a0c      0x240 ./source/memory/src/semc_nor_memory.o
                0x20006a0c                semc_nor_mem_config
 .text.semc_nor_mem_fill
                0x20006c4c       0x9c ./source/memory/src/semc_nor_memory.o
                0x20006c4c                semc_nor_mem_fill
 .text.semc_nor_mem_erase
                0x20006ce8       0x68 ./source/memory/src/semc_nor_memory.o
                0x20006ce8                semc_nor_mem_erase
 .text.semc_nor_mem_erase_all
                0x20006d50       0x20 ./source/memory/src/semc_nor_memory.o
                0x20006d50                semc_nor_mem_erase_all
 .text.spi_nor_eeprom_mem_init
                0x20006d70        0xc ./source/memory/src/spi_nor_eeprom_memory.o
                0x20006d70                spi_nor_eeprom_mem_init
 .text.lpspi_data_transfer
                0x20006d7c       0x98 ./source/memory/src/spi_nor_eeprom_memory.o
 .text.spi_nor_eeprom_mem_read
                0x20006e14       0x1c ./source/memory/src/spi_nor_eeprom_memory.o
                0x20006e14                spi_nor_eeprom_mem_read
 .text.spi_nor_eeprom_mem_flush
                0x20006e30       0x54 ./source/memory/src/spi_nor_eeprom_memory.o
                0x20006e30                spi_nor_eeprom_mem_flush
 .text.spi_nor_eeprom_mem_write
                0x20006e84       0x80 ./source/memory/src/spi_nor_eeprom_memory.o
                0x20006e84                spi_nor_eeprom_mem_write
 .text.spi_nor_eeprom_mem_erase
                0x20006f04       0x34 ./source/memory/src/spi_nor_eeprom_memory.o
                0x20006f04                spi_nor_eeprom_mem_erase
 .text.spi_nor_eeprom_mem_config
                0x20006f38      0x31c ./source/memory/src/spi_nor_eeprom_memory.o
                0x20006f38                spi_nor_eeprom_mem_config
 .text.spi_nor_eeprom_mem_erase_all
                0x20007254       0x30 ./source/memory/src/spi_nor_eeprom_memory.o
                0x20007254                spi_nor_eeprom_mem_erase_all
 .text.spi_nor_eeprom_get_property
                0x20007284       0x64 ./source/memory/src/spi_nor_eeprom_memory.o
                0x20007284                spi_nor_eeprom_get_property
 .text.is_bad_block_in_dbbt
                0x200072e8       0x28 ./source/memory/src/spinand_memory.o
 .text.spinand_memory_write_and_verify
                0x20007310       0x94 ./source/memory/src/spinand_memory.o
 .text.spinand_memory_erase_block
                0x200073a4       0x10 ./source/memory/src/spinand_memory.o
 .text.spinand_mem_update_dbbt.constprop.0
                0x200073b4       0x94 ./source/memory/src/spinand_memory.o
 .text.spinand_mem_finalize
                0x20007448       0x28 ./source/memory/src/spinand_memory.o
                0x20007448                spinand_mem_finalize
 .text.bad_block_discovered.isra.0
                0x20007470       0x24 ./source/memory/src/spinand_memory.o
 .text.spinand_mem_erase
                0x20007494       0x98 ./source/memory/src/spinand_memory.o
                0x20007494                spinand_mem_erase
 .text.spinand_memory_read
                0x2000752c       0x48 ./source/memory/src/spinand_memory.o
 .text.is_erased_memory
                0x20007574       0x44 ./source/memory/src/spinand_memory.o
 .text.spinand_mem_flush_buffer
                0x200075b8      0x10c ./source/memory/src/spinand_memory.o
 .text.spinand_mem_write
                0x200076c4      0x1c0 ./source/memory/src/spinand_memory.o
                0x200076c4                spinand_mem_write
 .text.spinand_mem_flush
                0x20007884       0x10 ./source/memory/src/spinand_memory.o
                0x20007884                spinand_mem_flush
 .text.spinand_mem_read
                0x20007894      0x160 ./source/memory/src/spinand_memory.o
                0x20007894                spinand_mem_read
 .text.spinand_mem_load_dbbt.constprop.0
                0x200079f4       0x70 ./source/memory/src/spinand_memory.o
 .text.spinand_mem_init
                0x20007a64       0xfc ./source/memory/src/spinand_memory.o
                0x20007a64                spinand_mem_init
 .text.spinand_mem_config
                0x20007b60      0x340 ./source/memory/src/spinand_memory.o
                0x20007b60                spinand_mem_config
 .text.spinand_mem_erase_all
                0x20007ea0       0x48 ./source/memory/src/spinand_memory.o
                0x20007ea0                spinand_mem_erase_all
 .text.spinand_get_property
                0x20007ee8       0x8c ./source/memory/src/spinand_memory.o
                0x20007ee8                spinand_get_property
 .text.USDHC_GetInstance
                0x20007f74       0x38 ./source/drivers/usdhc/bl_usdhc.o
 .text.CLOCK_ControlGate
                0x20007fac       0x50 ./source/drivers/usdhc/bl_usdhc.o
 .text.USDHC_SetTransferInterrupt
                0x20007ffc       0x60 ./source/drivers/usdhc/bl_usdhc.o
 .text.USDHC_SendCommand
                0x2000805c       0x94 ./source/drivers/usdhc/bl_usdhc.o
                0x2000805c                USDHC_SendCommand
 .text.USDHC_Init
                0x200080f0       0xe4 ./source/drivers/usdhc/bl_usdhc.o
                0x200080f0                USDHC_Init
 .text.USDHC_GetCapability
                0x200081d4       0x4c ./source/drivers/usdhc/bl_usdhc.o
                0x200081d4                USDHC_GetCapability
 .text.USDHC_SetSdClock
                0x20008220       0xd4 ./source/drivers/usdhc/bl_usdhc.o
                0x20008220                USDHC_SetSdClock
 .text.USDHC_SetADMA1Descriptor
                0x200082f4      0x100 ./source/drivers/usdhc/bl_usdhc.o
                0x200082f4                USDHC_SetADMA1Descriptor
 .text.USDHC_SetADMA2Descriptor
                0x200083f4      0x118 ./source/drivers/usdhc/bl_usdhc.o
                0x200083f4                USDHC_SetADMA2Descriptor
 .text.USDHC_SetInternalDmaConfig
                0x2000850c       0x80 ./source/drivers/usdhc/bl_usdhc.o
                0x2000850c                USDHC_SetInternalDmaConfig
 .text.USDHC_SetAdmaTableConfig
                0x2000858c       0xb0 ./source/drivers/usdhc/bl_usdhc.o
                0x2000858c                USDHC_SetAdmaTableConfig
 .text.USDHC_TransferBlocking
                0x2000863c      0x26c ./source/drivers/usdhc/bl_usdhc.o
                0x2000863c                USDHC_TransferBlocking
 .text.USDHC1_DriverIRQHandler
                0x200088a8       0x18 ./source/drivers/usdhc/bl_usdhc.o
                0x200088a8                USDHC1_DriverIRQHandler
 .text.USDHC2_DriverIRQHandler
                0x200088c0       0x18 ./source/drivers/usdhc/bl_usdhc.o
                0x200088c0                USDHC2_DriverIRQHandler
 .text.trng_SetStatisticalCheckLimit
                0x200088d8      0x1b0 ./source/drivers/trng/bl_trng.o
 .text.trng_GetInstance.isra.0
                0x20008a88       0x28 ./source/drivers/trng/bl_trng.o
 .text.TRNG_GetDefaultConfig
                0x20008ab0       0x74 ./source/drivers/trng/bl_trng.o
                0x20008ab0                TRNG_GetDefaultConfig
 .text.TRNG_Init
                0x20008b24      0x184 ./source/drivers/trng/bl_trng.o
                0x20008b24                TRNG_Init
 .text.serial_nor_eeprom_common_sequence
                0x20008ca8      0x118 ./source/drivers/serial_nor_eeprom/serial_nor_eeprom.o
 .text.serial_nor_eeprom_enable_write
                0x20008dc0       0x4c ./source/drivers/serial_nor_eeprom/serial_nor_eeprom.o
 .text.serial_nor_eeprom_is_busy
                0x20008e0c       0x28 ./source/drivers/serial_nor_eeprom/serial_nor_eeprom.o
 .text.serial_nor_eeprom_init
                0x20008e34       0x78 ./source/drivers/serial_nor_eeprom/serial_nor_eeprom.o
                0x20008e34                serial_nor_eeprom_init
 .text.serial_nor_eeprom_read
                0x20008eac       0x38 ./source/drivers/serial_nor_eeprom/serial_nor_eeprom.o
                0x20008eac                serial_nor_eeprom_read
 .text.serial_nor_eeprom_write
                0x20008ee4       0x7c ./source/drivers/serial_nor_eeprom/serial_nor_eeprom.o
                0x20008ee4                serial_nor_eeprom_write
 .text.serial_nor_eeprom_erase
                0x20008f60       0x8c ./source/drivers/serial_nor_eeprom/serial_nor_eeprom.o
                0x20008f60                serial_nor_eeprom_erase
 .text.serial_nor_eeprom_erase_all
                0x20008fec       0x50 ./source/drivers/serial_nor_eeprom/serial_nor_eeprom.o
                0x20008fec                serial_nor_eeprom_erase_all
 .text.semc_nor_issue_reset_to_read
                0x2000903c       0x44 ./source/drivers/semc_nor/semc_nor_flash.o
 .text.semc_nor_issue_unlock_bypass.constprop.0
                0x20009080       0x38 ./source/drivers/semc_nor/semc_nor_flash.o
 .text.semc_nor_get_specific_ac_cycles
                0x200090b8       0x54 ./source/drivers/semc_nor/semc_nor_flash.o
                0x200090b8                semc_nor_get_specific_ac_cycles
 .text.semc_nor_flash_init
                0x2000910c      0x274 ./source/drivers/semc_nor/semc_nor_flash.o
                0x2000910c                semc_nor_flash_init
 .text.semc_nor_flash_page_program
                0x20009380      0x194 ./source/drivers/semc_nor/semc_nor_flash.o
                0x20009380                semc_nor_flash_page_program
 .text.semc_nor_flash_erase_block
                0x20009514       0xf0 ./source/drivers/semc_nor/semc_nor_flash.o
                0x20009514                semc_nor_flash_erase_block
 .text.semc_nand_issue_read_status
                0x20009604       0x54 ./source/drivers/semc_nand/semc_nand_flash.o
 .text.semc_nand_issue_change_read_column
                0x20009658       0x6c ./source/drivers/semc_nand/semc_nand_flash.o
 .text.semc_nand_write_ecc_data_in_spare_area
                0x200096c4      0x14c ./source/drivers/semc_nand/semc_nand_flash.o
 .text.semc_nand_set_device_ecc
                0x20009810       0x98 ./source/drivers/semc_nand/semc_nand_flash.o
 .text.semc_nand_issue_read_id
                0x200098a8       0x5c ./source/drivers/semc_nand/semc_nand_flash.o
                0x200098a8                semc_nand_issue_read_id
 .text.semc_nand_wait_for_device_ready
                0x20009904       0xb4 ./source/drivers/semc_nand/semc_nand_flash.o
                0x20009904                semc_nand_wait_for_device_ready
 .text.semc_nand_issue_read_page
                0x200099b8       0x64 ./source/drivers/semc_nand/semc_nand_flash.o
 .text.semc_nand_flash_init
                0x20009a1c      0x528 ./source/drivers/semc_nand/semc_nand_flash.o
                0x20009a1c                semc_nand_flash_init
 .text.semc_nand_flash_read_page
                0x20009f44      0x2c0 ./source/drivers/semc_nand/semc_nand_flash.o
                0x20009f44                semc_nand_flash_read_page
 .text.semc_nand_flash_erase_block
                0x2000a204       0xbc ./source/drivers/semc_nand/semc_nand_flash.o
                0x2000a204                semc_nand_flash_erase_block
 .text.semc_nand_flash_page_program
                0x2000a2c0      0x1c4 ./source/drivers/semc_nand/semc_nand_flash.o
                0x2000a2c0                semc_nand_flash_page_program
 .text.semc_ipg_command_wait_for_done
                0x2000a484       0x2c ./source/drivers/semc/bl_semc.o
 .text.semc_wait_for_idle
                0x2000a4b0       0x28 ./source/drivers/semc/bl_semc.o
                0x2000a4b0                semc_wait_for_idle
 .text.semc_ipg_command_set_data_size
                0x2000a4d8       0x58 ./source/drivers/semc/bl_semc.o
                0x2000a4d8                semc_ipg_command_set_data_size
 .text.semc_ipg_command_get_data_size
                0x2000a530       0x18 ./source/drivers/semc/bl_semc.o
                0x2000a530                semc_ipg_command_get_data_size
 .text.semc_ipg_command_device_write
                0x2000a548       0x2c ./source/drivers/semc/bl_semc.o
                0x2000a548                semc_ipg_command_device_write
 .text.semc_ipg_command_device_read
                0x2000a574       0x5c ./source/drivers/semc/bl_semc.o
                0x2000a574                semc_ipg_command_device_read
 .text.semc_is_nand_ready
                0x2000a5d0       0x10 ./source/drivers/semc/bl_semc.o
                0x2000a5d0                semc_is_nand_ready
 .text.semc_ipg_command_nand_access
                0x2000a5e0       0x74 ./source/drivers/semc/bl_semc.o
                0x2000a5e0                semc_ipg_command_nand_access
 .text.semc_init
                0x2000a654      0x550 ./source/drivers/semc/bl_semc.o
                0x2000a654                semc_init
 .text.MMC_SetRelativeAddress
                0x2000aba4       0x7c ./source/drivers/sdmmc/fsl_mmc.o
 .text.MMC_CheckBlockRange
                0x2000ac20       0x74 ./source/drivers/sdmmc/fsl_mmc.o
 .text.MMC_AllSendCid
                0x2000ac94       0xb4 ./source/drivers/sdmmc/fsl_mmc.o
 .text.MMC_SendCsd
                0x2000ad48      0x1f8 ./source/drivers/sdmmc/fsl_mmc.o
 .text.MMC_BL_SendOperationCondition
                0x2000af40       0xd0 ./source/drivers/sdmmc/fsl_mmc.o
 .text.MMC_SetMaxFrequency
                0x2000b010       0x54 ./source/drivers/sdmmc/fsl_mmc.o
 .text.MMC_GoIdle
                0x2000b064       0x2c ./source/drivers/sdmmc/fsl_mmc.o
 .text.MMC_SelectCard
                0x2000b090       0x30 ./source/drivers/sdmmc/fsl_mmc.o
 .text.MMC_ExecuteTuning
                0x2000b0c0       0x4c ./source/drivers/sdmmc/fsl_mmc.o
 .text.MMC_Transfer
                0x2000b10c       0x88 ./source/drivers/sdmmc/fsl_mmc.o
 .text.MMC_WaitWriteComplete
                0x2000b194       0x78 ./source/drivers/sdmmc/fsl_mmc.o
 .text.MMC_SetExtendedCsdConfig
                0x2000b20c       0x80 ./source/drivers/sdmmc/fsl_mmc.o
 .text.MMC_SetMaxEraseUnitSize
                0x2000b28c       0x7c ./source/drivers/sdmmc/fsl_mmc.o
 .text.MMC_SetDataBusWidth
                0x2000b308       0x50 ./source/drivers/sdmmc/fsl_mmc.o
 .text.MMC_StopTransmission
                0x2000b358       0x60 ./source/drivers/sdmmc/fsl_mmc.o
 .text.MMC_SwitchHSTiming.constprop.0
                0x2000b3b8       0x68 ./source/drivers/sdmmc/fsl_mmc.o
 .text.MMC_TestDataBusWidth
                0x2000b420      0x178 ./source/drivers/sdmmc/fsl_mmc.o
 .text.MMC_BL_SelectBusWidth
                0x2000b598       0x78 ./source/drivers/sdmmc/fsl_mmc.o
 .text.MMC_SendExtendedCsd.constprop.0
                0x2000b610      0x2fc ./source/drivers/sdmmc/fsl_mmc.o
 .text.MMC_SetBlockSize.constprop.0
                0x2000b90c       0x30 ./source/drivers/sdmmc/fsl_mmc.o
 .text.MMC_BL_CardInit
                0x2000b93c      0x35c ./source/drivers/sdmmc/fsl_mmc.o
                0x2000b93c                MMC_BL_CardInit
 .text.MMC_HostInit
                0x2000bc98       0x3c ./source/drivers/sdmmc/fsl_mmc.o
                0x2000bc98                MMC_HostInit
 .text.MMC_BL_Init
                0x2000bcd4       0x3c ./source/drivers/sdmmc/fsl_mmc.o
                0x2000bcd4                MMC_BL_Init
 .text.MMC_CheckReadOnly
                0x2000bd10       0x30 ./source/drivers/sdmmc/fsl_mmc.o
                0x2000bd10                MMC_CheckReadOnly
 .text.MMC_SelectPartition
                0x2000bd40       0x5c ./source/drivers/sdmmc/fsl_mmc.o
                0x2000bd40                MMC_SelectPartition
 .text.MMC_ReadBlocks
                0x2000bd9c      0x154 ./source/drivers/sdmmc/fsl_mmc.o
                0x2000bd9c                MMC_ReadBlocks
 .text.MMC_WriteBlocks
                0x2000bef0      0x15c ./source/drivers/sdmmc/fsl_mmc.o
                0x2000bef0                MMC_WriteBlocks
 .text.MMC_EraseGroups
                0x2000c04c      0x120 ./source/drivers/sdmmc/fsl_mmc.o
                0x2000c04c                MMC_EraseGroups
 .text.MMC_SetBootConfigWP
                0x2000c16c       0x50 ./source/drivers/sdmmc/fsl_mmc.o
                0x2000c16c                MMC_SetBootConfigWP
 .text.MMC_SetBootPartitionWP
                0x2000c1bc       0x50 ./source/drivers/sdmmc/fsl_mmc.o
                0x2000c1bc                MMC_SetBootPartitionWP
 .text.MMC_SetBootConfig
                0x2000c20c      0x104 ./source/drivers/sdmmc/fsl_mmc.o
                0x2000c20c                MMC_SetBootConfig
 .text.SD_SendRca
                0x2000c310       0x58 ./source/drivers/sdmmc/fsl_sd.o
 .text.SD_AllSendCid
                0x2000c368       0xa8 ./source/drivers/sdmmc/fsl_sd.o
 .text.SD_SendCsd
                0x2000c410      0x1fc ./source/drivers/sdmmc/fsl_sd.o
 .text.SD_ExecuteTuning
                0x2000c60c       0x38 ./source/drivers/sdmmc/fsl_sd.o
 .text.SD_Transfer
                0x2000c644       0xa0 ./source/drivers/sdmmc/fsl_sd.o
 .text.SD_WaitWriteComplete
                0x2000c6e4       0x70 ./source/drivers/sdmmc/fsl_sd.o
 .text.SD_StopTransmission
                0x2000c754       0x64 ./source/drivers/sdmmc/fsl_sd.o
 .text.SD_GoIdle
                0x2000c7b8       0x2c ./source/drivers/sdmmc/fsl_sd.o
 .text.SD_SendApplicationCmd
                0x2000c7e4       0x2c ./source/drivers/sdmmc/fsl_sd.o
 .text.SD_SwitchVoltage
                0x2000c810       0x2c ./source/drivers/sdmmc/fsl_sd.o
 .text.SD_SelectCard
                0x2000c83c       0x30 ./source/drivers/sdmmc/fsl_sd.o
 .text.SD_SetDataBusWidth.constprop.0
                0x2000c86c       0x78 ./source/drivers/sdmmc/fsl_sd.o
 .text.SD_SendScr
                0x2000c8e4      0x188 ./source/drivers/sdmmc/fsl_sd.o
 .text.SD_SwitchFunction.constprop.0
                0x2000ca6c       0x98 ./source/drivers/sdmmc/fsl_sd.o
 .text.SD_SelectFunction
                0x2000cb04      0x11c ./source/drivers/sdmmc/fsl_sd.o
 .text.SD_SetBlockSize.constprop.0
                0x2000cc20       0x30 ./source/drivers/sdmmc/fsl_sd.o
 .text.SD_CheckReadOnly
                0x2000cc50       0x30 ./source/drivers/sdmmc/fsl_sd.o
                0x2000cc50                SD_CheckReadOnly
 .text.SD_ReadBlocks
                0x2000cc80      0x13c ./source/drivers/sdmmc/fsl_sd.o
                0x2000cc80                SD_ReadBlocks
 .text.SD_WriteBlocks
                0x2000cdbc      0x144 ./source/drivers/sdmmc/fsl_sd.o
                0x2000cdbc                SD_WriteBlocks
 .text.SD_EraseBlocks
                0x2000cf00      0x10c ./source/drivers/sdmmc/fsl_sd.o
                0x2000cf00                SD_EraseBlocks
 .text.SD_BL_CardInit
                0x2000d00c      0x410 ./source/drivers/sdmmc/fsl_sd.o
                0x2000d00c                SD_BL_CardInit
 .text.SD_HostInit
                0x2000d41c       0x40 ./source/drivers/sdmmc/fsl_sd.o
                0x2000d41c                SD_HostInit
 .text.SD_BL_Init
                0x2000d45c       0x3c ./source/drivers/sdmmc/fsl_sd.o
                0x2000d45c                SD_BL_Init
 .text.SDMMC_SelectCard
                0x2000d498       0x64 ./source/drivers/sdmmc/fsl_sdmmc_common.o
                0x2000d498                SDMMC_SelectCard
 .text.SDMMC_SendApplicationCommand
                0x2000d4fc       0x6c ./source/drivers/sdmmc/fsl_sdmmc_common.o
                0x2000d4fc                SDMMC_SendApplicationCommand
 .text.SDMMC_GoIdle
                0x2000d568       0x48 ./source/drivers/sdmmc/fsl_sdmmc_common.o
                0x2000d568                SDMMC_GoIdle
 .text.SDMMC_SetBlockSize
                0x2000d5b0       0x60 ./source/drivers/sdmmc/fsl_sdmmc_common.o
                0x2000d5b0                SDMMC_SetBlockSize
 .text.SDMMC_SwitchVoltage
                0x2000d610       0x9c ./source/drivers/sdmmc/fsl_sdmmc_common.o
                0x2000d610                SDMMC_SwitchVoltage
 .text.SDMMCHOST_TransferFunction
                0x2000d6ac       0x64 ./source/drivers/sdmmc/fsl_sdmmc_host.o
 .text.SDMMCHOST_Init
                0x2000d710       0x28 ./source/drivers/sdmmc/fsl_sdmmc_host.o
                0x2000d710                SDMMCHOST_Init
 .text.ocotp_set_read_timing
                0x2000d738       0x2c ./source/drivers/ocotp/bl_ocotp.o
 .text.ocotp_program_once
                0x2000d764       0xe0 ./source/drivers/ocotp/bl_ocotp.o
                0x2000d764                ocotp_program_once
 .text.ocotp_read_once
                0x2000d844       0x98 ./source/drivers/ocotp/bl_ocotp.o
                0x2000d844                ocotp_read_once
 .text.nand_ecc_sec_calculate_encode
                0x2000d8dc      0x158 ./source/drivers/nand_ecc/nand_ecc.o
                0x2000d8dc                nand_ecc_sec_calculate_encode
 .text.nand_ecc_sec_verify_correct
                0x2000da34      0x118 ./source/drivers/nand_ecc/nand_ecc.o
                0x2000da34                nand_ecc_sec_verify_correct
 .text.microseconds_shutdown
                0x2000db4c       0x24 ./source/drivers/microseconds/microseconds_pit.o
                0x2000db4c                microseconds_shutdown
 .text.microseconds_get_ticks
                0x2000db70       0x1c ./source/drivers/microseconds/microseconds_pit.o
                0x2000db70                microseconds_get_ticks
 .text.microseconds_convert_to_ticks
                0x2000db8c       0x18 ./source/drivers/microseconds/microseconds_pit.o
                0x2000db8c                microseconds_convert_to_ticks
 .text.microseconds_delay
                0x2000dba4       0x30 ./source/drivers/microseconds/microseconds_pit.o
                0x2000dba4                microseconds_delay
 .text.microseconds_init
                0x2000dbd4       0x84 ./source/drivers/microseconds/microseconds_pit.o
                0x2000dbd4                microseconds_init
 .text.flexspi_nor_read_sfdp_info
                0x2000dc58       0xf4 ./source/drivers/flexspi_nor/flexspi_nor_flash.o
 .text.flexspi_nor_generate_config_block_hyperflash
                0x2000dd4c      0x298 ./source/drivers/flexspi_nor/flexspi_nor_flash.o
 .text.flexspi_nor_restore_spi_protocol
                0x2000dfe4      0x140 ./source/drivers/flexspi_nor/flexspi_nor_flash.o
                0x2000dfe4                flexspi_nor_restore_spi_protocol
 .text.flexspi_nor_get_config
                0x2000e124     0x1110 ./source/drivers/flexspi_nor/flexspi_nor_flash.o
                0x2000e124                flexspi_nor_get_config
 .text.flexspi_nand_get_config
                0x2000f234      0x248 ./source/drivers/flexspi_nand/flexspi_nand_flash.o
                0x2000f234                flexspi_nand_get_config
 .text.flexspi_wait_until_ip_idle.constprop.0
                0x2000f47c       0x18 ./source/drivers/flexspi/bl_flexspi.o
 .text.flexspi_swreset.constprop.0
                0x2000f494       0x18 ./source/drivers/flexspi/bl_flexspi.o
 .text.flexspi_configure_dll
                0x2000f4ac      0x124 ./source/drivers/flexspi/bl_flexspi.o
                0x2000f4ac                flexspi_configure_dll
 .text.flexspi_get_ticks
                0x2000f5d0       0x30 ./source/drivers/flexspi/bl_flexspi.o
                0x2000f5d0                flexspi_get_ticks
 .text.flexspi_config_mcr1
                0x2000f600       0x78 ./source/drivers/flexspi/bl_flexspi.o
                0x2000f600                flexspi_config_mcr1
 .text.flexspi_config_ahb_buffers
                0x2000f678       0x54 ./source/drivers/flexspi/bl_flexspi.o
                0x2000f678                flexspi_config_ahb_buffers
 .text.flexspi_update_lut
                0x2000f6cc       0x5c ./source/drivers/flexspi/bl_flexspi.o
                0x2000f6cc                flexspi_update_lut
 .text.flexspi_command_xfer
                0x2000f728      0x238 ./source/drivers/flexspi/bl_flexspi.o
                0x2000f728                flexspi_command_xfer
 .text.flexspi_wait_idle
                0x2000f960       0x14 ./source/drivers/flexspi/bl_flexspi.o
                0x2000f960                flexspi_wait_idle
 .text.flexspi_init
                0x2000f974      0x2ec ./source/drivers/flexspi/bl_flexspi.o
                0x2000f974                flexspi_init
 .text.flexspi_half_clock_control
                0x2000fc60       0x24 ./source/drivers/flexspi/bl_flexspi.o
                0x2000fc60                flexspi_half_clock_control
 .text.dcp_enable
                0x2000fc84       0x1c ./source/drivers/dcp/bl_dcp.o
 .text.dcp_wait_task_done
                0x2000fca0       0xe4 ./source/drivers/dcp/bl_dcp.o
 .text.dcp_aes_config_key_iv.constprop.0.isra.0
                0x2000fd84       0xc0 ./source/drivers/dcp/bl_dcp.o
 .text.dcp_aes_init
                0x2000fe44       0x30 ./source/drivers/dcp/bl_dcp.o
                0x2000fe44                dcp_aes_init
 .text.dcp_entry
                0x2000fe74       0x10 ./source/drivers/dcp/bl_dcp.o
                0x2000fe74                dcp_entry
 .text.dcp_aes_set_key
                0x2000fe84       0xe4 ./source/drivers/dcp/bl_dcp.o
                0x2000fe84                dcp_aes_set_key
 .text.crc16_init
                0x2000ff68       0x24 ./source/crc/crc16.o
                0x2000ff68                crc16_init
 .text.crc16_update
                0x2000ff8c       0x58 ./source/crc/crc16.o
                0x2000ff8c                crc16_update
 .text.crc16_finalize
                0x2000ffe4       0x30 ./source/crc/crc16.o
                0x2000ffe4                crc16_finalize
 .text.crc16_onfi_init
                0x20010014       0x24 ./source/crc/crc16.o
                0x20010014                crc16_onfi_init
 .text.crc16_onfi_update
                0x20010038       0x58 ./source/crc/crc16.o
                0x20010038                crc16_onfi_update
 .text.crc32_update
                0x20010090       0x48 ./source/crc/crc32.o
                0x20010090                crc32_update
 .text.crc32_finalize
                0x200100d8       0x28 ./source/crc/crc32.o
                0x200100d8                crc32_finalize
 .text.handle_execute
                0x20010100       0xd0 ./source/bootloader/src/bl_command.o
                0x20010100                handle_execute
 .text.bootloader_command_init
                0x200101d0       0x10 ./source/bootloader/src/bl_command.o
                0x200101d0                bootloader_command_init
 .text.reset_data_phase
                0x200101e0       0x14 ./source/bootloader/src/bl_command.o
 .text.send_generic_response
                0x200101f4       0x34 ./source/bootloader/src/bl_command.o
                0x200101f4                send_generic_response
 .text.bootloader_command_pump
                0x20010228       0xf4 ./source/bootloader/src/bl_command.o
                0x20010228                bootloader_command_pump
 .text.handle_reset
                0x2001031c       0x40 ./source/bootloader/src/bl_command.o
                0x2001031c                handle_reset
 .text.handle_flash_erase_region
                0x2001035c       0x20 ./source/bootloader/src/bl_command.o
                0x2001035c                handle_flash_erase_region
 .text.handle_receive_sb_file
                0x2001037c       0x2c ./source/bootloader/src/bl_command.o
                0x2001037c                handle_receive_sb_file
 .text.handle_set_property
                0x200103a8       0x20 ./source/bootloader/src/bl_command.o
                0x200103a8                handle_set_property
 .text.handle_write_memory
                0x200103c8       0x30 ./source/bootloader/src/bl_command.o
                0x200103c8                handle_write_memory
 .text.finalize_data_phase
                0x200103f8       0x94 ./source/bootloader/src/bl_command.o
                0x200103f8                finalize_data_phase
 .text.handle_data_consumer
                0x2001048c      0x160 ./source/bootloader/src/bl_command.o
                0x2001048c                handle_data_consumer
 .text.handle_data_producer
                0x200105ec      0x114 ./source/bootloader/src/bl_command.o
                0x200105ec                handle_data_producer
 .text.handle_key_blob_data
                0x20010700       0x18 ./source/bootloader/src/bl_command.o
                0x20010700                handle_key_blob_data
 .text.handle_fill_memory
                0x20010718       0x20 ./source/bootloader/src/bl_command.o
                0x20010718                handle_fill_memory
 .text.handle_flash_program_once
                0x20010738       0x54 ./source/bootloader/src/bl_command.o
                0x20010738                handle_flash_program_once
 .text.send_get_property_response
                0x2001078c       0x58 ./source/bootloader/src/bl_command.o
                0x2001078c                send_get_property_response
 .text.handle_get_property
                0x200107e4       0x50 ./source/bootloader/src/bl_command.o
                0x200107e4                handle_get_property
 .text.send_generate_key_blob_response
                0x20010834       0x34 ./source/bootloader/src/bl_command.o
                0x20010834                send_generate_key_blob_response
 .text.handle_generate_key_blob
                0x20010868       0x58 ./source/bootloader/src/bl_command.o
                0x20010868                handle_generate_key_blob
 .text.send_read_memory_response
                0x200108c0       0x34 ./source/bootloader/src/bl_command.o
                0x200108c0                send_read_memory_response
 .text.handle_read_memory
                0x200108f4       0x30 ./source/bootloader/src/bl_command.o
                0x200108f4                handle_read_memory
 .text.send_flash_read_once_response
                0x20010924       0x54 ./source/bootloader/src/bl_command.o
                0x20010924                send_flash_read_once_response
 .text.handle_flash_read_once
                0x20010978       0x34 ./source/bootloader/src/bl_command.o
                0x20010978                handle_flash_read_once
 .text.send_flash_read_resource_response
                0x200109ac       0x34 ./source/bootloader/src/bl_command.o
                0x200109ac                send_flash_read_resource_response
 .text.handle_flash_read_resource
                0x200109e0       0x30 ./source/bootloader/src/bl_command.o
                0x200109e0                handle_flash_read_resource
 .text.HardFault_Handler
                0x20010a10       0x30 ./source/bootloader/src/bl_exception_handler.o
                0x20010a10                HardFault_Handler
 .text.keyblob_update
                0x20010a40       0x64 ./source/bootloader/src/bl_keyblob.o
                0x20010a40                keyblob_update
 .text.keyblob_get
                0x20010aa4       0x38 ./source/bootloader/src/bl_keyblob.o
                0x20010aa4                keyblob_get
 .text.generate_key_blob
                0x20010adc       0xc8 ./source/bootloader/src/bl_keyblob_dcp.o
                0x20010adc                generate_key_blob
 .text.get_peripheral_name
                0x20010ba4       0x44 ./source/bootloader/src/bl_main.o
 .text.is_valid_application_location
                0x20010be8       0x30 ./source/bootloader/src/bl_main.o
                0x20010be8                is_valid_application_location
 .text.is_valid_stackpointer_location
                0x20010c18       0x30 ./source/bootloader/src/bl_main.o
                0x20010c18                is_valid_stackpointer_location
 .text.startup.main
                0x20010c48      0x194 ./source/bootloader/src/bl_main.o
                0x20010c48                main
 .text.bl_nor_encrypt_has_encrypted_region
                0x20010ddc       0x30 ./source/bootloader/src/bl_nor_encrypt_bee.o
                0x20010ddc                bl_nor_encrypt_has_encrypted_region
 .text.bl_nor_encrypt_init
                0x20010e0c      0x220 ./source/bootloader/src/bl_nor_encrypt_bee.o
                0x20010e0c                bl_nor_encrypt_init
 .text.bl_nor_in_encrypted_region
                0x2001102c       0x60 ./source/bootloader/src/bl_nor_encrypt_bee.o
                0x2001102c                bl_nor_in_encrypted_region
 .text.bl_nor_encrypt_get_config_block
                0x2001108c       0xa0 ./source/bootloader/src/bl_nor_encrypt_bee.o
                0x2001108c                bl_nor_encrypt_get_config_block
 .text.bl_nor_encrypt_data
                0x2001112c       0xc0 ./source/bootloader/src/bl_nor_encrypt_bee.o
                0x2001112c                bl_nor_encrypt_data
 .text.bl_nor_encrypt_region_refresh
                0x200111ec       0x70 ./source/bootloader/src/bl_nor_encrypt_bee.o
                0x200111ec                bl_nor_encrypt_region_refresh
 .text.shutdown_cleanup
                0x2001125c       0x4c ./source/bootloader/src/bl_shutdown_cleanup.o
                0x2001125c                shutdown_cleanup
 .text.lpuart_full_shutdown
                0x200112a8       0x3c ./source/bootloader/src/lpuart_peripheral_interface.o
 .text.lpuart_full_init
                0x200112e4       0x20 ./source/bootloader/src/lpuart_peripheral_interface.o
 .text.lpuart_poll_for_activity
                0x20011304       0x90 ./source/bootloader/src/lpuart_peripheral_interface.o
 .text.lpuart_write
                0x20011394       0x18 ./source/bootloader/src/lpuart_peripheral_interface.o
 .text.LPUART1_IRQHandler
                0x200113ac       0x28 ./source/bootloader/src/lpuart_peripheral_interface.o
                0x200113ac                LPUART1_IRQHandler
 .text.usb_hid_poll_for_activity
                0x200113d4       0x24 ./source/bootloader/src/usb_hid_msc_peripheral_interface.o
 .text.usb_msc_pump
                0x200113f8       0x10 ./source/bootloader/src/usb_hid_msc_peripheral_interface.o
 .text.usb_hid_packet_abort_data_phase
                0x20011408       0x24 ./source/bootloader/src/usb_hid_msc_peripheral_interface.o
 .text.usb_hid_packet_read
                0x2001142c       0x98 ./source/bootloader/src/usb_hid_msc_peripheral_interface.o
 .text.usb_hid_packet_init
                0x200114c4       0x28 ./source/bootloader/src/usb_hid_msc_peripheral_interface.o
 .text.usb_hid_packet_write
                0x200114ec       0xb0 ./source/bootloader/src/usb_hid_msc_peripheral_interface.o
 .text.usb_device_full_shutdown
                0x2001159c       0x84 ./source/bootloader/src/usb_hid_msc_peripheral_interface.o
 .text.usb_device_full_init
                0x20011620       0xc0 ./source/bootloader/src/usb_hid_msc_peripheral_interface.o
 .text.usb_device_callback
                0x200116e0       0xf4 ./source/bootloader/src/usb_hid_msc_peripheral_interface.o
                0x200116e0                usb_device_callback
 .text.USB_OTG1_IRQHandler
                0x200117d4        0xc ./source/bootloader/src/usb_hid_msc_peripheral_interface.o
                0x200117d4                USB_OTG1_IRQHandler
 .text.instance_transition_callback
                0x200117e0       0xdc ./source/autobaud/autobaud_irq.o
                0x200117e0                instance_transition_callback
 .text.autobaud_init
                0x200118bc       0x5c ./source/autobaud/autobaud_irq.o
                0x200118bc                autobaud_init
 .text.autobaud_get_rate
                0x20011918       0xc8 ./source/autobaud/autobaud_irq.o
                0x20011918                autobaud_get_rate
 .text.CLOCK_GetOscFreq
                0x200119e0       0x20 ./drivers/fsl_clock.o
 .text.CLOCK_GetPllFreq
                0x20011a00      0x238 ./drivers/fsl_clock.o
                0x20011a00                CLOCK_GetPllFreq
 .text.CLOCK_GetPllUsb1SWFreq
                0x20011c38       0x20 ./drivers/fsl_clock.o
 .text.CLOCK_GetSysPfdFreq
                0x20011c58       0x5c ./drivers/fsl_clock.o
                0x20011c58                CLOCK_GetSysPfdFreq
 .text.CLOCK_GetPeriphClkFreq
                0x20011cb4       0x90 ./drivers/fsl_clock.o
 .text.CLOCK_GetAhbFreq
                0x20011d44       0x1c ./drivers/fsl_clock.o
                0x20011d44                CLOCK_GetAhbFreq
 .text.CLOCK_GetIpgFreq
                0x20011d60       0x1c ./drivers/fsl_clock.o
                0x20011d60                CLOCK_GetIpgFreq
 .text.CLOCK_GetPerClkFreq
                0x20011d7c       0x28 ./drivers/fsl_clock.o
                0x20011d7c                CLOCK_GetPerClkFreq
 .text.CLOCK_GetUsb1PfdFreq
                0x20011da4       0x5c ./drivers/fsl_clock.o
                0x20011da4                CLOCK_GetUsb1PfdFreq
 .text.CLOCK_GetSemcFreq
                0x20011e00       0x38 ./drivers/fsl_clock.o
                0x20011e00                CLOCK_GetSemcFreq
 .text.CLOCK_GetFreq
                0x20011e38       0xec ./drivers/fsl_clock.o
                0x20011e38                CLOCK_GetFreq
 .text.GPIO_PinWrite
                0x20011f24       0x34 ./drivers/fsl_gpio.o
                0x20011f24                GPIO_PinWrite
 .text.GPIO_PinInit
                0x20011f58       0xec ./drivers/fsl_gpio.o
                0x20011f58                GPIO_PinInit
 .text.LPSPI_CommonIRQHandler
                0x20012044       0x20 ./drivers/fsl_lpspi.o
 .text.LPSPI_CombineWriteData
                0x20012064       0x70 ./drivers/fsl_lpspi.o
 .text.LPSPI_SeparateReadData
                0x200120d4       0x90 ./drivers/fsl_lpspi.o
 .text.CLOCK_ControlGate
                0x20012164       0x50 ./drivers/fsl_lpspi.o
 .text.LPSPI_GetInstance
                0x200121b4       0x50 ./drivers/fsl_lpspi.o
                0x200121b4                LPSPI_GetInstance
 .text.LPSPI_SetDummyData
                0x20012204       0x14 ./drivers/fsl_lpspi.o
                0x20012204                LPSPI_SetDummyData
 .text.LPSPI_MasterSetBaudRate
                0x20012218       0xa4 ./drivers/fsl_lpspi.o
                0x20012218                LPSPI_MasterSetBaudRate
 .text.LPSPI_MasterSetDelayScaler
                0x200122bc       0x54 ./drivers/fsl_lpspi.o
                0x200122bc                LPSPI_MasterSetDelayScaler
 .text.LPSPI_MasterInit
                0x20012310      0x100 ./drivers/fsl_lpspi.o
                0x20012310                LPSPI_MasterInit
 .text.LPSPI_CheckTransferArgument
                0x20012410       0xa0 ./drivers/fsl_lpspi.o
                0x20012410                LPSPI_CheckTransferArgument
 .text.LPSPI_MasterTransferBlocking
                0x200124b0      0x23c ./drivers/fsl_lpspi.o
                0x200124b0                LPSPI_MasterTransferBlocking
 .text.LPSPI1_DriverIRQHandler
                0x200126ec       0x34 ./drivers/fsl_lpspi.o
                0x200126ec                LPSPI1_DriverIRQHandler
 .text.LPSPI2_DriverIRQHandler
                0x20012720       0x34 ./drivers/fsl_lpspi.o
                0x20012720                LPSPI2_DriverIRQHandler
 .text.LPSPI3_DriverIRQHandler
                0x20012754       0x34 ./drivers/fsl_lpspi.o
                0x20012754                LPSPI3_DriverIRQHandler
 .text.LPSPI4_DriverIRQHandler
                0x20012788       0x34 ./drivers/fsl_lpspi.o
                0x20012788                LPSPI4_DriverIRQHandler
 .text.CLOCK_ControlGate
                0x200127bc       0x50 ./drivers/fsl_lpuart.o
 .text.LPUART_GetInstance
                0x2001280c       0x34 ./drivers/fsl_lpuart.o
                0x2001280c                LPUART_GetInstance
 .text.LPUART_Init
                0x20012840      0x1e8 ./drivers/fsl_lpuart.o
                0x20012840                LPUART_Init
 .text.LPUART_Deinit
                0x20012a28       0x38 ./drivers/fsl_lpuart.o
                0x20012a28                LPUART_Deinit
 .text.LPUART_GetDefaultConfig
                0x20012a60       0x3c ./drivers/fsl_lpuart.o
                0x20012a60                LPUART_GetDefaultConfig
 .text.LPUART_GetStatusFlags
                0x20012a9c       0x18 ./drivers/fsl_lpuart.o
                0x20012a9c                LPUART_GetStatusFlags
 .text.LPUART_WriteBlocking
                0x20012ab4       0x3c ./drivers/fsl_lpuart.o
                0x20012ab4                LPUART_WriteBlocking
 .text.LPUART1_DriverIRQHandler
                0x20012af0       0x20 ./drivers/fsl_lpuart.o
                0x20012af0                LPUART1_DriverIRQHandler
 .text.LPUART2_DriverIRQHandler
                0x20012b10       0x20 ./drivers/fsl_lpuart.o
                0x20012b10                LPUART2_DriverIRQHandler
 .text.LPUART3_DriverIRQHandler
                0x20012b30       0x20 ./drivers/fsl_lpuart.o
                0x20012b30                LPUART3_DriverIRQHandler
 .text.LPUART4_DriverIRQHandler
                0x20012b50       0x20 ./drivers/fsl_lpuart.o
                0x20012b50                LPUART4_DriverIRQHandler
 .text.LPUART5_DriverIRQHandler
                0x20012b70       0x20 ./drivers/fsl_lpuart.o
                0x20012b70                LPUART5_DriverIRQHandler
 .text.LPUART6_DriverIRQHandler
                0x20012b90       0x20 ./drivers/fsl_lpuart.o
                0x20012b90                LPUART6_DriverIRQHandler
 .text.LPUART7_DriverIRQHandler
                0x20012bb0       0x20 ./drivers/fsl_lpuart.o
                0x20012bb0                LPUART7_DriverIRQHandler
 .text.LPUART8_DriverIRQHandler
                0x20012bd0       0x20 ./drivers/fsl_lpuart.o
                0x20012bd0                LPUART8_DriverIRQHandler
 .text.RTWDOG_disable
                0x20012bf0       0x2c ./device/system_MIMXRT1052.o
                0x20012bf0                RTWDOG_disable
 .text.SystemInit
                0x20012c1c       0x38 ./device/system_MIMXRT1052.o
                0x20012c1c                SystemInit
 .text.UART1_PollForActivity
                0x20012c54       0x38 ./board/pin_mux.o
                0x20012c54                UART1_PollForActivity
 .text.UART1_InitPins
                0x20012c8c       0x20 ./board/pin_mux.o
                0x20012c8c                UART1_InitPins
 .text.UART1_RestoreDefault
                0x20012cac       0x20 ./board/pin_mux.o
                0x20012cac                UART1_RestoreDefault
 .text.usb_clock_init
                0x20012ccc       0x54 ./MIMXRT1052/bl_clock_config_MIMXRT1052.o
                0x20012ccc                usb_clock_init
 .text.clock_setup
                0x20012d20      0x174 ./MIMXRT1052/bl_clock_config_MIMXRT1052.o
                0x20012d20                clock_setup
 .text.flexspi_clock_gate_enable
                0x20012e94       0x14 ./MIMXRT1052/bl_clock_config_MIMXRT1052.o
                0x20012e94                flexspi_clock_gate_enable
 .text.flexspi_clock_gate_disable
                0x20012ea8       0x14 ./MIMXRT1052/bl_clock_config_MIMXRT1052.o
                0x20012ea8                flexspi_clock_gate_disable
 .text.flexspi_clock_config
                0x20012ebc       0xe4 ./MIMXRT1052/bl_clock_config_MIMXRT1052.o
                0x20012ebc                flexspi_clock_config
 .text.flexspi_get_clock
                0x20012fa0       0x5c ./MIMXRT1052/bl_clock_config_MIMXRT1052.o
                0x20012fa0                flexspi_get_clock
 .text.flexspi_get_max_supported_freq
                0x20012ffc       0x14 ./MIMXRT1052/bl_clock_config_MIMXRT1052.o
                0x20012ffc                flexspi_get_max_supported_freq
 .text.semc_axi_clock_config
                0x20013010       0x78 ./MIMXRT1052/bl_clock_config_MIMXRT1052.o
                0x20013010                semc_axi_clock_config
 .text.semc_clock_gate_enable
                0x20013088       0x10 ./MIMXRT1052/bl_clock_config_MIMXRT1052.o
                0x20013088                semc_clock_gate_enable
 .text.semc_clock_gate_disable
                0x20013098       0x10 ./MIMXRT1052/bl_clock_config_MIMXRT1052.o
                0x20013098                semc_clock_gate_disable
 .text.microseconds_get_clock
                0x200130a8       0x28 ./MIMXRT1052/bl_clock_config_MIMXRT1052.o
                0x200130a8                microseconds_get_clock
 .text.get_bus_clock
                0x200130d0       0x1c ./MIMXRT1052/bl_clock_config_MIMXRT1052.o
                0x200130d0                get_bus_clock
 .text.LPUART_SetSystemIRQ
                0x200130ec       0x20 ./MIMXRT1052/bl_lpuart_irq_config_MIMXRT1052.o
                0x200130ec                LPUART_SetSystemIRQ
 .text.flexspi_nand_get_fcb_search_cfg
                0x2001310c       0x2c ./MIMXRT1052/flexspi_nand_config_MIMXRT1052.o
                0x2001310c                flexspi_nand_get_fcb_search_cfg
 .text.flexspi_nand_get_default_cfg_blk
                0x20013138      0x190 ./MIMXRT1052/flexspi_nand_config_MIMXRT1052.o
                0x20013138                flexspi_nand_get_default_cfg_blk
 .text.flexspi_iomux_config
                0x200132c8      0x1d8 ./MIMXRT1052/hardware_init_MIMXRT1052.o
                0x200132c8                flexspi_iomux_config
 .text.semc_iomux_config
                0x200134a0      0x154 ./MIMXRT1052/hardware_init_MIMXRT1052.o
                0x200134a0                semc_iomux_config
 .text.spi_clock_gate_enable
                0x200135f4       0x3c ./MIMXRT1052/hardware_init_MIMXRT1052.o
                0x200135f4                spi_clock_gate_enable
 .text.spi_pcs_pin_control
                0x20013630       0x34 ./MIMXRT1052/hardware_init_MIMXRT1052.o
                0x20013630                spi_pcs_pin_control
 .text.spi_clock_config
                0x20013664       0x24 ./MIMXRT1052/hardware_init_MIMXRT1052.o
                0x20013664                spi_clock_config
 .text.spi_iomux_config
                0x20013688      0x128 ./MIMXRT1052/hardware_init_MIMXRT1052.o
                0x20013688                spi_iomux_config
 .text.get_uart_clock
                0x200137b0        0x8 ./MIMXRT1052/hardware_init_MIMXRT1052.o
                0x200137b0                get_uart_clock
 .text.get_primary_boot_device
                0x200137b8       0x34 ./MIMXRT1052/hardware_init_MIMXRT1052.o
                0x200137b8                get_primary_boot_device
 .text.init_hardware
                0x200137ec       0x20 ./MIMXRT1052/hardware_init_MIMXRT1052.o
                0x200137ec                init_hardware
 .text.deinit_hardware
                0x2001380c       0x20 ./MIMXRT1052/hardware_init_MIMXRT1052.o
                0x2001380c                deinit_hardware
 .text.flexspi_nor_write_persistent
                0x2001382c        0xc ./MIMXRT1052/hardware_init_MIMXRT1052.o
                0x2001382c                flexspi_nor_write_persistent
 .text.flexspi_nor_read_persistent
                0x20013838       0x10 ./MIMXRT1052/hardware_init_MIMXRT1052.o
                0x20013838                flexspi_nor_read_persistent
 .text.get_hab_status
                0x20013848       0x14 ./MIMXRT1052/hardware_init_MIMXRT1052.o
                0x20013848                get_hab_status
 .text.normal_mem_init
                0x2001385c       0x7c ./MIMXRT1052/hardware_init_MIMXRT1052.o
                0x2001385c                normal_mem_init
 .text.GPIO1_Combined_0_15_IRQHandler
                0x200138d8       0x24 ./MIMXRT1052/pinmux_utility_imxrt_series.o
                0x200138d8                GPIO1_Combined_0_15_IRQHandler
 .text.enable_autobaud_pin_irq
                0x200138fc       0x38 ./MIMXRT1052/pinmux_utility_imxrt_series.o
                0x200138fc                enable_autobaud_pin_irq
 .text.disable_autobaud_pin_irq
                0x20013934       0x38 ./MIMXRT1052/pinmux_utility_imxrt_series.o
                0x20013934                disable_autobaud_pin_irq
 .text.usdhc_power_control_init
                0x2001396c       0x6c ./MIMXRT1052/sdmmc_config_MIMXRT1052.o
                0x2001396c                usdhc_power_control_init
 .text.usdhc_power_control
                0x200139d8       0x30 ./MIMXRT1052/sdmmc_config_MIMXRT1052.o
                0x200139d8                usdhc_power_control
 .text.usdhc_vselect_init
                0x20013a08       0x3c ./MIMXRT1052/sdmmc_config_MIMXRT1052.o
                0x20013a08                usdhc_vselect_init
 .text.get_mmc_default_configuration
                0x20013a44       0xb8 ./MIMXRT1052/sdmmc_config_MIMXRT1052.o
                0x20013a44                get_mmc_default_configuration
 .text.get_sd_default_configuration
                0x20013afc       0x90 ./MIMXRT1052/sdmmc_config_MIMXRT1052.o
                0x20013afc                get_sd_default_configuration
 .text.semc_nand_get_fcb_search_cfg
                0x20013b8c       0x30 ./MIMXRT1052/semc_nand_config_MIMXRT1052.o
                0x20013b8c                semc_nand_get_fcb_search_cfg
 .text.semc_nand_get_config_data_from_fuse
                0x20013bbc      0x178 ./MIMXRT1052/semc_nand_config_MIMXRT1052.o
                0x20013bbc                semc_nand_get_config_data_from_fuse
 .text.semc_nand_get_default_config_block
                0x20013d34       0xcc ./MIMXRT1052/semc_nand_config_MIMXRT1052.o
                0x20013d34                semc_nand_get_default_config_block
 .text.semc_nor_get_config_data_from_fuse
                0x20013e00      0x150 ./MIMXRT1052/semc_nor_config_MIMXRT1052.o
                0x20013e00                semc_nor_get_config_data_from_fuse
 .text.semc_nor_get_default_config_block
                0x20013f50       0x6c ./MIMXRT1052/semc_nor_config_MIMXRT1052.o
                0x20013f50                semc_nor_get_default_config_block
 .text.__assert_func
                0x20013fbc       0x3c c:/nxp/mcuxpressoide_11.6.1_8255/ide/plugins/com.nxp.mcuxpresso.tools.win32_11.6.1.202207200623/tools/bin/../lib/gcc/arm-none-eabi/10.3.1/../../../../arm-none-eabi/lib/thumb/v7e-m+dp/hard\libc_nano.a(lib_a-assert.o)
                0x20013fbc                __assert_func
 .text.fprintf  0x20013ff8       0x24 c:/nxp/mcuxpressoide_11.6.1_8255/ide/plugins/com.nxp.mcuxpresso.tools.win32_11.6.1.202207200623/tools/bin/../lib/gcc/arm-none-eabi/10.3.1/../../../../arm-none-eabi/lib/thumb/v7e-m+dp/hard\libc_nano.a(lib_a-fprintf.o)
                0x20013ff8                fiprintf
                0x20013ff8                fprintf
 .text._free_r  0x2001401c       0x98 c:/nxp/mcuxpressoide_11.6.1_8255/ide/plugins/com.nxp.mcuxpresso.tools.win32_11.6.1.202207200623/tools/bin/../lib/gcc/arm-none-eabi/10.3.1/../../../../arm-none-eabi/lib/thumb/v7e-m+dp/hard\libc_nano.a(lib_a-nano-freer.o)
                0x2001401c                _free_r
 .text.sbrk_aligned
                0x200140b4       0x40 c:/nxp/mcuxpressoide_11.6.1_8255/ide/plugins/com.nxp.mcuxpresso.tools.win32_11.6.1.202207200623/tools/bin/../lib/gcc/arm-none-eabi/10.3.1/../../../../arm-none-eabi/lib/thumb/v7e-m+dp/hard\libc_nano.a(lib_a-nano-mallocr.o)
 .text._malloc_r
                0x200140f4       0xe8 c:/nxp/mcuxpressoide_11.6.1_8255/ide/plugins/com.nxp.mcuxpresso.tools.win32_11.6.1.202207200623/tools/bin/../lib/gcc/arm-none-eabi/10.3.1/../../../../arm-none-eabi/lib/thumb/v7e-m+dp/hard\libc_nano.a(lib_a-nano-mallocr.o)
                0x200140f4                _malloc_r
 .text._vfprintf_r
                0x200141dc      0x260 c:/nxp/mcuxpressoide_11.6.1_8255/ide/plugins/com.nxp.mcuxpresso.tools.win32_11.6.1.202207200623/tools/bin/../lib/gcc/arm-none-eabi/10.3.1/../../../../arm-none-eabi/lib/thumb/v7e-m+dp/hard\libc_nano.a(lib_a-nano-vfprintf.o)
                0x200141dc                _vfprintf_r
                0x200141dc                _vfiprintf_r
 .text._printf_i
                0x2001443c      0x24c c:/nxp/mcuxpressoide_11.6.1_8255/ide/plugins/com.nxp.mcuxpresso.tools.win32_11.6.1.202207200623/tools/bin/../lib/gcc/arm-none-eabi/10.3.1/../../../../arm-none-eabi/lib/thumb/v7e-m+dp/hard\libc_nano.a(lib_a-nano-vfprintf_i.o)
                0x2001443c                _printf_i
 .text._sbrk_r  0x20014688       0x20 c:/nxp/mcuxpressoide_11.6.1_8255/ide/plugins/com.nxp.mcuxpresso.tools.win32_11.6.1.202207200623/tools/bin/../lib/gcc/arm-none-eabi/10.3.1/../../../../arm-none-eabi/lib/thumb/v7e-m+dp/hard\libc_nano.a(lib_a-sbrkr.o)
                0x20014688                _sbrk_r
 .text.__swbuf_r
                0x200146a8       0xa4 c:/nxp/mcuxpressoide_11.6.1_8255/ide/plugins/com.nxp.mcuxpresso.tools.win32_11.6.1.202207200623/tools/bin/../lib/gcc/arm-none-eabi/10.3.1/../../../../arm-none-eabi/lib/thumb/v7e-m+dp/hard\libc_nano.a(lib_a-wbuf.o)
                0x200146a8                __swbuf_r
 .text.__swsetup_r
                0x2001474c       0xdc c:/nxp/mcuxpressoide_11.6.1_8255/ide/plugins/com.nxp.mcuxpresso.tools.win32_11.6.1.202207200623/tools/bin/../lib/gcc/arm-none-eabi/10.3.1/../../../../arm-none-eabi/lib/thumb/v7e-m+dp/hard\libc_nano.a(lib_a-wsetup.o)
                0x2001474c                __swsetup_r
 .text.__sflush_r
                0x20014828      0x10c c:/nxp/mcuxpressoide_11.6.1_8255/ide/plugins/com.nxp.mcuxpresso.tools.win32_11.6.1.202207200623/tools/bin/../lib/gcc/arm-none-eabi/10.3.1/../../../../arm-none-eabi/lib/thumb/v7e-m+dp/hard\libc_nano.a(lib_a-fflush.o)
                0x20014828                __sflush_r
 .text._fflush_r
                0x20014934       0x78 c:/nxp/mcuxpressoide_11.6.1_8255/ide/plugins/com.nxp.mcuxpresso.tools.win32_11.6.1.202207200623/tools/bin/../lib/gcc/arm-none-eabi/10.3.1/../../../../arm-none-eabi/lib/thumb/v7e-m+dp/hard\libc_nano.a(lib_a-fflush.o)
                0x20014934                _fflush_r
 .text.std      0x200149ac       0x48 c:/nxp/mcuxpressoide_11.6.1_8255/ide/plugins/com.nxp.mcuxpresso.tools.win32_11.6.1.202207200623/tools/bin/../lib/gcc/arm-none-eabi/10.3.1/../../../../arm-none-eabi/lib/thumb/v7e-m+dp/hard\libc_nano.a(lib_a-findfp.o)
 .text._cleanup_r
                0x200149f4        0xc c:/nxp/mcuxpressoide_11.6.1_8255/ide/plugins/com.nxp.mcuxpresso.tools.win32_11.6.1.202207200623/tools/bin/../lib/gcc/arm-none-eabi/10.3.1/../../../../arm-none-eabi/lib/thumb/v7e-m+dp/hard\libc_nano.a(lib_a-findfp.o)
                0x200149f4                _cleanup_r
 .text.__sfp_lock_acquire
                0x20014a00        0xc c:/nxp/mcuxpressoide_11.6.1_8255/ide/plugins/com.nxp.mcuxpresso.tools.win32_11.6.1.202207200623/tools/bin/../lib/gcc/arm-none-eabi/10.3.1/../../../../arm-none-eabi/lib/thumb/v7e-m+dp/hard\libc_nano.a(lib_a-findfp.o)
                0x20014a00                __sfp_lock_acquire
 .text.__sfp_lock_release
                0x20014a0c        0xc c:/nxp/mcuxpressoide_11.6.1_8255/ide/plugins/com.nxp.mcuxpresso.tools.win32_11.6.1.202207200623/tools/bin/../lib/gcc/arm-none-eabi/10.3.1/../../../../arm-none-eabi/lib/thumb/v7e-m+dp/hard\libc_nano.a(lib_a-findfp.o)
                0x20014a0c                __sfp_lock_release
 .text.__sinit_lock_acquire
                0x20014a18        0xc c:/nxp/mcuxpressoide_11.6.1_8255/ide/plugins/com.nxp.mcuxpresso.tools.win32_11.6.1.202207200623/tools/bin/../lib/gcc/arm-none-eabi/10.3.1/../../../../arm-none-eabi/lib/thumb/v7e-m+dp/hard\libc_nano.a(lib_a-findfp.o)
                0x20014a18                __sinit_lock_acquire
 .text.__sinit_lock_release
                0x20014a24        0xc c:/nxp/mcuxpressoide_11.6.1_8255/ide/plugins/com.nxp.mcuxpresso.tools.win32_11.6.1.202207200623/tools/bin/../lib/gcc/arm-none-eabi/10.3.1/../../../../arm-none-eabi/lib/thumb/v7e-m+dp/hard\libc_nano.a(lib_a-findfp.o)
                0x20014a24                __sinit_lock_release
 .text.__sinit  0x20014a30       0x70 c:/nxp/mcuxpressoide_11.6.1_8255/ide/plugins/com.nxp.mcuxpresso.tools.win32_11.6.1.202207200623/tools/bin/../lib/gcc/arm-none-eabi/10.3.1/../../../../arm-none-eabi/lib/thumb/v7e-m+dp/hard\libc_nano.a(lib_a-findfp.o)
                0x20014a30                __sinit
 .text.__sfp    0x20014aa0       0x8c c:/nxp/mcuxpressoide_11.6.1_8255/ide/plugins/com.nxp.mcuxpresso.tools.win32_11.6.1.202207200623/tools/bin/../lib/gcc/arm-none-eabi/10.3.1/../../../../arm-none-eabi/lib/thumb/v7e-m+dp/hard\libc_nano.a(lib_a-findfp.o)
                0x20014aa0                __sfp
 .text.__smakebuf_r
                0x20014b2c       0x80 c:/nxp/mcuxpressoide_11.6.1_8255/ide/plugins/com.nxp.mcuxpresso.tools.win32_11.6.1.202207200623/tools/bin/../lib/gcc/arm-none-eabi/10.3.1/../../../../arm-none-eabi/lib/thumb/v7e-m+dp/hard\libc_nano.a(lib_a-makebuf.o)
                0x20014b2c                __smakebuf_r
 .text.__malloc_lock
                0x20014bac        0xc c:/nxp/mcuxpressoide_11.6.1_8255/ide/plugins/com.nxp.mcuxpresso.tools.win32_11.6.1.202207200623/tools/bin/../lib/gcc/arm-none-eabi/10.3.1/../../../../arm-none-eabi/lib/thumb/v7e-m+dp/hard\libc_nano.a(lib_a-mlock.o)
                0x20014bac                __malloc_lock
 .text.__malloc_unlock
                0x20014bb8        0xc c:/nxp/mcuxpressoide_11.6.1_8255/ide/plugins/com.nxp.mcuxpresso.tools.win32_11.6.1.202207200623/tools/bin/../lib/gcc/arm-none-eabi/10.3.1/../../../../arm-none-eabi/lib/thumb/v7e-m+dp/hard\libc_nano.a(lib_a-mlock.o)
                0x20014bb8                __malloc_unlock