D:\RAJASHEKHAR\Github\IMXRT1050EVK_Bootloader\BD155_P_V1_0_0\McuXpresso\VMS_Display_V0\drivers/fsl_gpio.h:101:20:GPIO_WritePinOutput	8	static
../source/Files_Application/Memory.c:10:6:Poweron_memory_read_write	8	static
../source/Files_Application/Memory.c:30:6:fram_write	16	static
../source/Files_Application/Memory.c:62:9:fram_read	16	static
../source/Files_Application/Memory.c:89:9:winbond_read	16	static
../source/Files_Application/Memory.c:118:6:winbond_write	16	static
../source/Files_Application/Memory.c:150:6:erase_winbond_memory	16	static
../source/Files_Application/Memory.c:181:6:WinbondMemoryTest	16	static
../source/Files_Application/Memory.c:317:6:FramMemoryTest	88	static
../source/Files_Application/Memory.c:410:6:erase_fram_memory	16	static
../source/Files_Application/Memory.c:422:6:MemoryWriteVariable	16	static
../source/Files_Application/Memory.c:488:8:MemoryReadVariable	16	static
../source/Files_Application/Memory.c:570:6:check_winbond_overflowed	8	static
../source/Files_Application/Memory.c:611:8:Get_record_pointer_from_memory	8	static
../source/Files_Application/Memory.c:619:9:Find_memroy_location_to_store_data	8	static
../source/Files_Application/Memory.c:679:9:Find_memroy_location_to_store_error	16	static
../source/Files_Application/Memory.c:739:9:Find_memroy_location_to_store_swwh	16	static
../source/Files_Application/Memory.c:798:6:Store_one_datalog_frame_to_winbond_table	16	static
../source/Files_Application/Memory.c:833:6:Store_one_errorlog_frame_to_winbond_table	16	static
../source/Files_Application/Memory.c:868:6:Store_one_swwhlog_frame_to_winbond_table	16	static
../source/Files_Application/Memory.c:903:6:Read_all_datalog_frames_from_winbond_table	16	static
../source/Files_Application/Memory.c:957:6:Read_all_errorlog_frames_from_winbond_table	16	static
../source/Files_Application/Memory.c:1010:6:Read_all_swwhlog_frames_from_winbond_table	16	static
../source/Files_Application/Memory.c:1066:8:Extract_one_datalog_frame_from_winbond_table	16	static
../source/Files_Application/Memory.c:1106:8:Extract_one_errorlog_frame_from_winbond_table	16	static
../source/Files_Application/Memory.c:1146:8:Extract_one_swwhlog_frame_from_winbond_table	16	static
../source/Files_Application/Memory.c:1183:8:Read_no_of_logs	16	static
