D:\RAJASHEKHAR\Github\IMXRT1050EVK_Bootloader\BD155_P_V1_0_0\McuXpresso\VMS_Display_V0\CMSIS/core_cm7.h:1902:22:__NVIC_EnableIRQ	16	static
D:\RAJASHEKHAR\Github\IMXRT1050EVK_Bootloader\BD155_P_V1_0_0\McuXpresso\VMS_Display_V0\CMSIS/core_cm7.h:2032:22:__NVIC_SetPriority	16	static
D:\RAJASHEKHAR\Github\IMXRT1050EVK_Bootloader\BD155_P_V1_0_0\McuXpresso\VMS_Display_V0\drivers/fsl_clock.h:1112:20:CLOCK_SetMux	16	static
D:\RAJASHEKHAR\Github\IMXRT1050EVK_Bootloader\BD155_P_V1_0_0\McuXpresso\VMS_Display_V0\drivers/fsl_clock.h:1150:20:CLOCK_SetDiv	16	static
D:\RAJASHEKHAR\Github\IMXRT1050EVK_Bootloader\BD155_P_V1_0_0\McuXpresso\VMS_Display_V0\drivers/fsl_common_arm.h:488:24:EnableIRQ	8	static
D:\RAJASHEKHAR\Github\IMXRT1050EVK_Bootloader\BD155_P_V1_0_0\McuXpresso\VMS_Display_V0\drivers/fsl_adc.h:275:24:ADC_GetChannelConversionValue	8	static
D:\RAJASHEKHAR\Github\IMXRT1050EVK_Bootloader\BD155_P_V1_0_0\McuXpresso\VMS_Display_V0\drivers/fsl_adc.h:300:24:ADC_GetChannelStatusFlags	8	static
D:\RAJASHEKHAR\Github\IMXRT1050EVK_Bootloader\BD155_P_V1_0_0\McuXpresso\VMS_Display_V0\drivers/fsl_adc.h:358:20:ADC_EnableHardwareTrigger	0	static
D:\RAJASHEKHAR\Github\IMXRT1050EVK_Bootloader\BD155_P_V1_0_0\McuXpresso\VMS_Display_V0\drivers/fsl_gpio.h:101:20:GPIO_WritePinOutput	8	static
D:\RAJASHEKHAR\Github\IMXRT1050EVK_Bootloader\BD155_P_V1_0_0\McuXpresso\VMS_Display_V0\drivers/fsl_gpio.h:205:23:GPIO_PinReadPadStatus	8	static
D:\RAJASHEKHAR\Github\IMXRT1050EVK_Bootloader\BD155_P_V1_0_0\McuXpresso\VMS_Display_V0\drivers/fsl_gpio.h:216:23:GPIO_ReadPadStatus	8	static
D:\RAJASHEKHAR\Github\IMXRT1050EVK_Bootloader\BD155_P_V1_0_0\McuXpresso\VMS_Display_V0\drivers/fsl_gpt.h:270:20:GPT_StartTimer	0	static
D:\RAJASHEKHAR\Github\IMXRT1050EVK_Bootloader\BD155_P_V1_0_0\McuXpresso\VMS_Display_V0\drivers/fsl_qtmr.h:384:20:QTMR_StartTimer	0	static
D:\RAJASHEKHAR\Github\IMXRT1050EVK_Bootloader\BD155_P_V1_0_0\McuXpresso\VMS_Display_V0\drivers/fsl_lpi2c.h:803:24:LPI2C_MasterRepeatedStart	8	static
D:\RAJASHEKHAR\Github\IMXRT1050EVK_Bootloader\BD155_P_V1_0_0\McuXpresso\VMS_Display_V0\drivers/fsl_pwm.h:769:20:PWM_StartTimer	0	static
D:\RAJASHEKHAR\Github\IMXRT1050EVK_Bootloader\BD155_P_V1_0_0\McuXpresso\VMS_Display_V0\drivers/fsl_pwm.h:886:20:PWM_SetPwmLdok	0	static
D:\RAJASHEKHAR\Github\IMXRT1050EVK_Bootloader\BD155_P_V1_0_0\McuXpresso\VMS_Display_V0\drivers/fsl_pwm.h:953:20:PWM_SetupFaultDisableMap	8	static
../source/Files_Application/sourceMain.c:21:7:FLEXSPI_NorFlash_GetConfig	20	static
../source/Files_Application/sourceMain.c:230:7:error_trap	8	static
../source/Files_Application/sourceMain.c:243:7:app_finalize	8	static
../source/Files_Application/sourceMain.c:260:7:get_cache_status	0	static
../source/Files_Application/sourceMain.c:281:7:flexspi_nor_handle_cache	16	static
../source/Files_Application/sourceMain.c:325:7:HyperFlash	24	static
../source/Files_Application/sourceMain.c:485:7:ReadFromPendrive	584	static
../source/Files_Application/sourceMain.c:767:11:AsciiToDecimal	0	static
../source/Files_Application/sourceMain.c:792:6:BOARD_InitLcd	24	static
../source/Files_Application/sourceMain.c:822:6:BOARD_InitLcdifPixelClock	24	static
../source/Files_Application/sourceMain.c:856:6:BOARD_InitGPT	24	static
../source/Files_Application/sourceMain.c:874:6:USB_OTG1_IRQHandler	8	static
../source/Files_Application/sourceMain.c:879:6:USB_OTG2_IRQHandler	8	static
../source/Files_Application/sourceMain.c:884:6:USB_HostClockInit	16	static
../source/Files_Application/sourceMain.c:905:6:USB_HostIsrEnable	16	static
../source/Files_Application/sourceMain.c:922:6:USB_HostTaskFn	8	static
../source/Files_Application/sourceMain.c:937:21:USB_HostEvent	8	static
../source/Files_Application/sourceMain.c:1024:13:USB_HostApplicationInit	8	static
../source/Files_Application/sourceMain.c:1046:6:TMR3_IRQHandler	8	static
../source/Files_Application/sourceMain.c:1057:6:SysTick_Handler	8	static
../source/Files_Application/sourceMain.c:1518:6:Min_max_gauge_values	8	static
../source/Files_Application/sourceMain.c:1602:5:main	8	static
../source/Files_Application/sourceMain.c:1674:6:jump_to_hyperflash_location	8	static
../source/Files_Application/sourceMain.c:1730:6:Initialization	8	static
../source/Files_Application/sourceMain.c:1791:5:funcSdCardApplication	16	static
../source/Files_Application/sourceMain.c:1838:17:sdcardWaitCardInsert	16	static
../source/Files_Application/sourceMain.c:1866:6:VariablesInit	24	static
../source/Files_Application/sourceMain.c:2049:6:funcSdCardtest	8	static
../source/Files_Application/sourceMain.c:2154:6:Store_Dmlog_Frame_From_Into_SDCard	688	static
../source/Files_Application/sourceMain.c:2344:6:write_value_to_SDcard	32	static
../source/Files_Application/sourceMain.c:2373:6:write_string_to_SDcard	16	static
../source/Files_Application/sourceMain.c:2397:6:store_raw_can_data_into_sd_card	80	static
../source/Files_Application/sourceMain.c:2462:9:DetectSDCard	16	static
../source/Files_Application/sourceMain.c:2507:6:funcsdcardtrail	16	static
../source/Files_Application/sourceMain.c:2530:6:funcstore30secrawcandataintosdcard	8	static
../source/Files_Application/sourceMain.c:2563:6:funcstoreDM1faultmesgesintoSdcard	16	static
../source/Files_Application/sourceMain.c:2657:6:funcReadRawDatafromSdCard	16	static
../source/Files_Application/sourceMain.c:2702:6:funcReadFaultDatafromSdCard	16	static
../source/Files_Application/sourceMain.c:2747:6:funcWriteMinMaxToSdCard	176	static
../source/Files_Application/sourceMain.c:2778:6:funcWriteDataloggingToSdCard	176	static
../source/Files_Application/sourceMain.c:2811:6:store_minmax_to_sd_card	104	static
../source/Files_Application/sourceMain.c:3196:6:store_Datalogging_to_sd_card	104	static
../source/Files_Application/sourceMain.c:3621:6:FuncStringPrint	8	static
../source/Files_Application/sourceMain.c:3647:6:FuncfaultlogStringPrint	8	static
../source/Files_Application/sourceMain.c:3665:6:funcPrintParameterType	8	static
../source/Files_Application/sourceMain.c:3718:6:funcPrintErrorType	8	static
../source/Files_Application/sourceMain.c:3747:6:funcTempHextoAscii	32	static
../source/Files_Application/sourceMain.c:3808:6:funcfaultTempHextoAscii	32	static
../source/Files_Application/sourceMain.c:3854:6:funcReadMinMaxfromSDcard	16	static
../source/Files_Application/sourceMain.c:3894:6:funcReadDataLogfromSdCard	16	static
../source/Files_Application/sourceMain.c:3939:6:InitAdc	16	static
../source/Files_Application/sourceMain.c:3958:14:ReadADCValues	16	static
../source/Files_Application/sourceMain.c:3990:6:FreqCaptureInit	24	static
../source/Files_Application/sourceMain.c:4008:15:Readfrequency	8	static
../source/Files_Application/sourceMain.c:4046:6:I2cWrite	16	static
../source/Files_Application/sourceMain.c:4056:10:I2cRead	24	static
../source/Files_Application/sourceMain.c:4069:6:WriteRTC	8	static
../source/Files_Application/sourceMain.c:4104:6:ReadRTC	32	static
../source/Files_Application/sourceMain.c:4141:10:bcd2bin	0	static
../source/Files_Application/sourceMain.c:4146:10:hexa2bcd_rtc	4	static
../source/Files_Application/sourceMain.c:4159:6:RTCInit	8	static
../source/Files_Application/sourceMain.c:4171:6:Max22190Init	8	static
../source/Files_Application/sourceMain.c:4193:6:WriteSpiMax22190	16	static
../source/Files_Application/sourceMain.c:4204:6:ClockDataOut	16	static
../source/Files_Application/sourceMain.c:4223:10:Max22190DeviceProcess	16	static
../source/Files_Application/sourceMain.c:4249:9:ClockDataIn	16	static
../source/Files_Application/sourceMain.c:4274:6:DelayUs1	8	static
../source/Files_Application/sourceMain.c:4286:6:ReadandProcessallADCchannels	8	static
../source/Files_Application/sourceMain.c:4371:6:funcProcessCOTValue	16	static
../source/Files_Application/sourceMain.c:4405:6:funcProcessEOPValue	8	static
../source/Files_Application/sourceMain.c:4472:6:funcProcessBatteryVolValue	8	static
../source/Files_Application/sourceMain.c:4500:6:ConvertFREQtoRPM	8	static
../source/Files_Application/sourceMain.c:4509:6:funcProcessTOPValue	8	static
../source/Files_Application/sourceMain.c:4542:6:funcMUXSelected	8	static
../source/Files_Application/sourceMain.c:4598:6:ReadandProcessDigitalIO	8	static
../source/Files_Application/sourceMain.c:4731:6:ProcessDM1faultfromVMS	8	static
../source/Files_Application/sourceMain.c:5457:6:StoreDM1faultfromVMS	24	static
../source/Files_Application/sourceMain.c:5533:6:Indicatefaultsymbols	8	static
../source/Files_Application/sourceMain.c:5661:6:Writedataintofram	16	static
../source/Files_Application/sourceMain.c:5738:6:Poweronreaddatafromfram	24	static
../source/Files_Application/sourceMain.c:5887:6:ReadDisplayHrs	8	static
../source/Files_Application/sourceMain.c:5912:6:ReadEngHrs	8	static
../source/Files_Application/sourceMain.c:5948:6:ReadEngFuelRate	8	static
../source/Files_Application/sourceMain.c:5959:6:Validate_adc_counts	8	static
../source/Files_Application/sourceMain.c:6064:6:Adcdatavalidation	0	static
../source/Files_Application/sourceMain.c:6160:21:Filter_Engine_Speed1	0	static
../source/Files_Application/sourceMain.c:6234:21:Filter_Engine_Speed2	0	static
../source/Files_Application/sourceMain.c:6310:21:Filter_Engine_Speed_RPM	0	static
../source/Files_Application/sourceMain.c:6387:6:Calculate_distance_in_km_from_CAN_per_sec	8	static
../source/Files_Application/sourceMain.c:6403:6:Updatedistance	16	static
../source/Files_Application/sourceMain.c:6431:10:final_km_convertion	0	static
../source/Files_Application/sourceMain.c:6442:6:Distance_in_kilometer	8	static
../source/Files_Application/sourceMain.c:6469:6:PowerONGaugeRotation	16	static
../source/Files_Application/sourceMain.c:6617:6:fl_cpy_drv1_to_drv0	2776	static
../source/Files_Application/sourceMain.c:6658:13:PWM_DRV_Init3PhPwm	48	static
../source/Files_Application/sourceMain.c:6708:5:PWM_config	40	static
../source/Files_Application/sourceMain.c:6839:6:generate_pwm	16	static
../source/Files_Application/sourceMain.c:6870:6:set_brightness	8	static
../source/Files_Application/sourceMain.c:6913:6:write_value_to_Pendrv	32	static
../source/Files_Application/sourceMain.c:6951:6:write_string_to_Pendrv	8	static
../source/Files_Application/sourceMain.c:6985:6:Fault_logging	40	static
../source/Files_Application/sourceMain.c:7113:6:Data_logging	16	static
../source/Files_Application/sourceMain.c:7193:6:Swwh_logging	24	static
../source/Files_Application/sourceMain.c:7244:6:Decode_errorlog_array	32	static
../source/Files_Application/sourceMain.c:7334:6:Decode_datalog_array	24	static
../source/Files_Application/sourceMain.c:7413:6:Decode_swwhlog_array	16	static
../source/Files_Application/sourceMain.c:7439:6:SwwhHextoAscii	32	static
../source/Files_Application/sourceMain.c:7484:6:SwwhStringPrint	8	static
../source/Files_Application/sourceMain.c:7502:6:GenHextoAscii	32	static
../source/Files_Application/sourceMain.c:7548:6:GenStringPrint	8	static
../source/Files_Application/sourceMain.c:7565:6:Read_identification_details	64	static
../source/Files_Application/sourceMain.c:7607:6:datalog_write_idntfn_data_to_ext_memory	16	static
../source/Files_Application/sourceMain.c:7688:6:errorlog_write_idntfn_data_to_ext_memory	16	static
../source/Files_Application/sourceMain.c:7767:6:swwhlog_write_idntfn_data_to_ext_memory	16	static
../source/Files_Application/sourceMain.c:7847:6:rawcanlog_write_idntfn_data_to_ext_memory	16	static
../source/Files_Application/sourceMain.c:7926:6:write_one_errorlog_frame_to_pendrive	88	static
../source/Files_Application/sourceMain.c:8322:6:write_one_datalog_frame_to_pendrive	104	static
../source/Files_Application/sourceMain.c:8653:6:write_one_swwhlog_frame_to_pendrive	16	static
../source/Files_Application/sourceMain.c:8793:6:write_rawcan_frame_to_pendrive	64	static
../source/Files_Application/sourceMain.c:8894:6:Copy_datalog_file_to_pendrive	8	static
../source/Files_Application/sourceMain.c:8942:6:Copy_errorlog_file_to_pendrive	8	static
../source/Files_Application/sourceMain.c:8985:6:Copy_rawcanlog_file_to_pendrive	8	static
../source/Files_Application/sourceMain.c:9027:6:Copy_WorkingHrslog_file_to_pendrive	8	static
../source/Files_Application/sourceMain.c:9075:6:Logging	8	static
../source/Files_Application/sourceMain.c:9090:6:Copying_of_logged_data	8	static
../source/Files_Application/sourceMain.c:9223:6:Display_Errors	8	static
../source/Files_Application/sourceMain.c:9253:10:Re_asgn_Org_srs_addr_frm_dm1_array	0	static
../source/Files_Application/sourceMain.c:9281:10:Re_asgn_Org_srs_addr_frm_dm1_array_2	0	static
../source/Files_Application/sourceMain.c:9305:6:KeypadApplication	16	static
../source/Files_Application/sourceMain.c:9315:6:sendEngHrsRequest1	16	static
../source/Files_Application/sourceMain.c:9325:6:sendEngHrsRequest2	16	static
../source/Files_Application/sourceMain.c:9336:6:send_ToP_ToT	32	static
../source/Files_Application/sourceMain.c:9365:6:send_FueL_lvl	24	static
../source/Files_Application/sourceMain.c:9388:6:send_ECL_EOP	24	static
../source/Files_Application/sourceMain.c:9430:6:send_ParkBrkSw_and_VehicleSpd	16	static
../source/Files_Application/sourceMain.c:9477:6:send_AirFilClog	16	static
../source/Files_Application/sourceMain.c:9503:6:send_SeatBeltSw	16	static
../source/Files_Application/sourceMain.c:9531:6:send_ECT_EOT	24	static
../source/Files_Application/sourceMain.c:9574:6:send_E_N_G_SPD	24	static
../source/Files_Application/sourceMain.c:9604:6:send_TOFC	16	static
../source/Files_Application/sourceMain.c:9636:21:Filter_AIN1_counts	0	static
../source/Files_Application/sourceMain.c:9711:21:Filter_AIN2_counts	0	static
../source/Files_Application/sourceMain.c:9786:21:Filter_AIN3_counts	0	static
../source/Files_Application/sourceMain.c:9861:21:Filter_Battery_counts	0	static
../source/Files_Application/sourceMain.c:9936:6:Decide_eng_on_or_not	0	static
../source/Files_Application/sourceMain.c:9948:6:CheckEngRpm_is_coming	0	static
../source/Files_Application/sourceMain.c:10039:6:DisplayHrs	16	static
../source/Files_Application/sourceMain.c:10064:10:DisplayHoursUsingRTC	24	static
../source/Files_Application/sourceMain.c:10141:6:EngineHrs	16	static
../source/Files_Application/sourceMain.c:10169:10:EngineHoursUsingRTC	24	static
../source/Files_Application/sourceMain.c:10245:6:ADC_channel_processing	8	static
../source/Files_Application/sourceMain.c:10352:6:All_CAN_disconnected_counter	0	static
../source/Files_Application/sourceMain.c:10415:6:Reset_all_CAN_parameters	8	static
../source/Files_Application/sourceMain.c:10465:6:Reset_Engine_CAN_parameters	0	static
../source/Files_Application/sourceMain.c:10535:6:Reset_Transmission_CAN_parameters	0	static
../source/Files_Application/sourceMain.c:10580:6:Reset_Io_module_CAN_parameters	0	static
../source/Files_Application/sourceMain.c:10625:6:Reset_Sender_CAN_parameters	0	static
../source/Files_Application/sourceMain.c:10661:6:SeatBeltFlow	0	static
../source/Files_Application/sourceMain.c:10689:6:SeatbeltIconToggle	0	static
../source/Files_Application/sourceMain.c:10711:6:ErrorIconToggle	0	static
../source/Files_Application/sourceMain.c:10733:6:id_notset_Toggle	0	static
../source/Files_Application/sourceMain.c:10755:6:Condition_to_datalog	8	static
../source/Files_Application/sourceMain.c:10790:6:BUZZER_ENABLE	8	static
../source/Files_Application/sourceMain.c:10841:6:EopIconToggle	0	static
../source/Files_Application/sourceMain.c:10868:6:EctIconToggle	0	static
../source/Files_Application/sourceMain.c:10895:6:EotIconToggle	0	static
../source/Files_Application/sourceMain.c:10922:6:FuelIconToggle	0	static
../source/Files_Application/sourceMain.c:10949:6:TopIconToggle	0	static
../source/Files_Application/sourceMain.c:10976:6:TotIconToggle	0	static
../source/Files_Application/sourceMain.c:11003:6:EngOvrSpdIconToggle	0	static
../source/Files_Application/sourceMain.c:11030:6:workingHrsLogic	24	static
../source/Files_Application/sourceMain.c:11571:5:getDifference	40	static
../source/Files_Application/sourceMain.c:11600:5:countLeapYears	0	static
../source/Files_Application/sourceMain.c:11613:6:Store_Shifts_Started_Date	16	static
../source/Files_Application/sourceMain.c:11735:10:WorkingHrsCalculation	24	static
../source/Files_Application/sourceMain.c:11841:6:CBCReportPrint	8	static
../source/Files_Application/sourceMain.c:11854:6:Serial_TX	8	static
../source/Files_Application/sourceMain.c:11859:6:transmit_serial	8	static
../source/Files_Application/sourceMain.c:11867:6:str_tx	8	static
../source/Files_Application/sourceMain.c:11890:6:PowerOnReadForShiftHrs	24	static
