../source/Files_Application/sourceScreenDisplay.c:3:6:ProcessDisplayData	144	static
../source/Files_Application/sourceScreenDisplay.c:16:6:ProcessScreen00	0	static
../source/Files_Application/sourceScreenDisplay.c:18:6:ProcessScreen01	0	static
../source/Files_Application/sourceScreenDisplay.c:20:6:ProcessScreen02	0	static
../source/Files_Application/sourceScreenDisplay.c:22:6:ProcessScreen03	0	static
../source/Files_Application/sourceScreenDisplay.c:24:6:ProcessScreen04	0	static
../source/Files_Application/sourceScreenDisplay.c:26:6:ProcessScreen05	0	static
../source/Files_Application/sourceScreenDisplay.c:28:6:ProcessScreen23	0	static
../source/Files_Application/sourceScreenDisplay.c:30:6:ProcessScreen24	0	static
../source/Files_Application/sourceScreenDisplay.c:32:6:ProcessScreen25	0	static
../source/Files_Application/sourceScreenDisplay.c:35:6:ProcessScreen06	8	static
../source/Files_Application/sourceScreenDisplay.c:315:6:ProcessScreen07	8	static
../source/Files_Application/sourceScreenDisplay.c:591:6:ProcessScreen08	8	static
../source/Files_Application/sourceScreenDisplay.c:856:6:ProcessScreen09	8	static
../source/Files_Application/sourceScreenDisplay.c:1119:6:ProcessScreen10	8	static
../source/Files_Application/sourceScreenDisplay.c:1272:6:ProcessScreen11	8	static
../source/Files_Application/sourceScreenDisplay.c:1407:6:ProcessScreen12	0	static
../source/Files_Application/sourceScreenDisplay.c:1456:6:ProcessScreen13	8	static
../source/Files_Application/sourceScreenDisplay.c:1755:6:ProcessScreen14	16	static
../source/Files_Application/sourceScreenDisplay.c:1838:6:ProcessScreen15	0	static
../source/Files_Application/sourceScreenDisplay.c:1879:6:ProcessScreen16	0	static
../source/Files_Application/sourceScreenDisplay.c:1920:6:ProcessScreen17	32	static
../source/Files_Application/sourceScreenDisplay.c:2100:6:ProcessScreen18	8	static
../source/Files_Application/sourceScreenDisplay.c:2226:6:ProcessScreen19	0	static
../source/Files_Application/sourceScreenDisplay.c:2284:6:ProcessScreen20	0	static
../source/Files_Application/sourceScreenDisplay.c:2376:6:ProcessScreen21	0	static
../source/Files_Application/sourceScreenDisplay.c:2473:6:ProcessScreen22	0	static
../source/Files_Application/sourceScreenDisplay.c:2555:6:ProcessScreen26	8	static
../source/Files_Application/sourceScreenDisplay.c:2834:6:ProcessScreen27	8	static
../source/Files_Application/sourceScreenDisplay.c:3107:10:extr_3digit_int_numbersonly	16	static
../source/Files_Application/sourceScreenDisplay.c:3231:10:extr_3digits_float_only	16	static
../source/Files_Application/sourceScreenDisplay.c:3306:10:extr_4digits_float_only	24	static
../source/Files_Application/sourceScreenDisplay.c:3394:6:ProcessScreen28	8	static
../source/Files_Application/sourceScreenDisplay.c:3768:6:store_home_screen_sel_data	8	static
../source/Files_Application/sourceScreenDisplay.c:3833:6:store_onoff_screen_sel_data	8	static
../source/Files_Application/sourceScreenDisplay.c:3900:6:read_screen_setting_data	8	static
../source/Files_Application/sourceScreenDisplay.c:3942:6:write_default_scr_sel_setting	8	static
../source/Files_Application/sourceScreenDisplay.c:3960:6:read_onoff_home_setting_status	8	static
../source/Files_Application/sourceScreenDisplay.c:4038:6:Homescreen_select_day	0	static
../source/Files_Application/sourceScreenDisplay.c:4065:6:Homescreen_select_night	0	static
../source/Files_Application/sourceScreenDisplay.c:4153:10:Character_concatination	128	static
../source/Files_Application/sourceScreenDisplay.c:4238:10:concatenate	0	static
../source/Files_Application/sourceScreenDisplay.c:4246:9:ascii_bcd	0	static
../source/Files_Application/sourceScreenDisplay.c:4263:6:Read_brightness_from_FRAM	8	static
../source/Files_Application/sourceScreenDisplay.c:4276:6:Write_brightness_to_FRAM	8	static
../source/Files_Application/sourceScreenDisplay.c:4288:6:Service_remainder_hrs_calculation	32	static
../source/Files_Application/sourceScreenDisplay.c:4323:6:ProcessScreen29	8	static
../source/Files_Application/sourceScreenDisplay.c:4429:6:store_swcs_data	40	static
../source/Files_Application/sourceScreenDisplay.c:4459:6:read_swcs_data	40	static
../source/Files_Application/sourceScreenDisplay.c:4490:6:ProcessScreen30	0	static
../source/Files_Application/sourceScreenDisplay.c:4566:6:ProcessScreen31	0	static
../source/Files_Application/sourceScreenDisplay.c:4647:6:ProcessScreen32	16	static
