D:\IMXRT1050EVKB_Bootloader\BD155_P_V1_0_0\McuXpresso\VMS_Display_V0\CMSIS/core_cm7.h:1902:22:__NVIC_EnableIRQ	16	static
D:\IMXRT1050EVKB_Bootloader\BD155_P_V1_0_0\McuXpresso\VMS_Display_V0\CMSIS/core_cm7.h:1940:22:__NVIC_DisableIRQ	16	static
D:\IMXRT1050EVKB_Bootloader\BD155_P_V1_0_0\McuXpresso\VMS_Display_V0\CMSIS/core_cm7.h:2032:22:__NVIC_SetPriority	16	static
D:\IMXRT1050EVKB_Bootloader\BD155_P_V1_0_0\McuXpresso\VMS_Display_V0\drivers/fsl_common_arm.h:210:20:_SDK_AtomicLocalClearAndSet4Byte	4	static
D:\IMXRT1050EVKB_Bootloader\BD155_P_V1_0_0\McuXpresso\VMS_Display_V0\drivers/fsl_clock.h:1112:20:CLOCK_SetMux	16	static
D:\IMXRT1050EVKB_Bootloader\BD155_P_V1_0_0\McuXpresso\VMS_Display_V0\drivers/fsl_clock.h:1150:20:CLOCK_SetDiv	16	static
D:\IMXRT1050EVKB_Bootloader\BD155_P_V1_0_0\McuXpresso\VMS_Display_V0\drivers/fsl_clock.h:1186:20:CLOCK_ControlGate	8	static
D:\IMXRT1050EVKB_Bootloader\BD155_P_V1_0_0\McuXpresso\VMS_Display_V0\drivers/fsl_clock.h:1213:20:CLOCK_DisableClock	8	static
D:\IMXRT1050EVKB_Bootloader\BD155_P_V1_0_0\McuXpresso\VMS_Display_V0\drivers/fsl_common_arm.h:488:24:EnableIRQ	8	static
D:\IMXRT1050EVKB_Bootloader\BD155_P_V1_0_0\McuXpresso\VMS_Display_V0\drivers/fsl_common_arm.h:532:24:DisableIRQ	8	static
D:\IMXRT1050EVKB_Bootloader\BD155_P_V1_0_0\McuXpresso\VMS_Display_V0\drivers/fsl_adc.h:275:24:ADC_GetChannelConversionValue	8	static
D:\IMXRT1050EVKB_Bootloader\BD155_P_V1_0_0\McuXpresso\VMS_Display_V0\drivers/fsl_adc.h:300:24:ADC_GetChannelStatusFlags	8	static
D:\IMXRT1050EVKB_Bootloader\BD155_P_V1_0_0\McuXpresso\VMS_Display_V0\drivers/fsl_adc.h:358:20:ADC_EnableHardwareTrigger	0	static
D:\IMXRT1050EVKB_Bootloader\BD155_P_V1_0_0\McuXpresso\VMS_Display_V0\drivers/fsl_gpio.h:101:20:GPIO_WritePinOutput	8	static
D:\IMXRT1050EVKB_Bootloader\BD155_P_V1_0_0\McuXpresso\VMS_Display_V0\drivers/fsl_gpio.h:205:23:GPIO_PinReadPadStatus	8	static
D:\IMXRT1050EVKB_Bootloader\BD155_P_V1_0_0\McuXpresso\VMS_Display_V0\drivers/fsl_gpio.h:216:23:GPIO_ReadPadStatus	8	static
D:\IMXRT1050EVKB_Bootloader\BD155_P_V1_0_0\McuXpresso\VMS_Display_V0\drivers/fsl_gpt.h:270:20:GPT_StartTimer	0	static
D:\IMXRT1050EVKB_Bootloader\BD155_P_V1_0_0\McuXpresso\VMS_Display_V0\drivers/fsl_qtmr.h:384:20:QTMR_StartTimer	0	static
D:\IMXRT1050EVKB_Bootloader\BD155_P_V1_0_0\McuXpresso\VMS_Display_V0\drivers/fsl_lpi2c.h:803:24:LPI2C_MasterRepeatedStart	8	static
D:\IMXRT1050EVKB_Bootloader\BD155_P_V1_0_0\McuXpresso\VMS_Display_V0\drivers/fsl_pwm.h:769:20:PWM_StartTimer	0	static
D:\IMXRT1050EVKB_Bootloader\BD155_P_V1_0_0\McuXpresso\VMS_Display_V0\drivers/fsl_pwm.h:886:20:PWM_SetPwmLdok	0	static
D:\IMXRT1050EVKB_Bootloader\BD155_P_V1_0_0\McuXpresso\VMS_Display_V0\drivers/fsl_pwm.h:953:20:PWM_SetupFaultDisableMap	8	static
../source/Files_Application/sourceMain.c:35:7:FLEXSPI_NorFlash_GetConfig	20	static
../source/Files_Application/sourceMain.c:244:7:error_trap	8	static
../source/Files_Application/sourceMain.c:257:7:app_finalize	8	static
../source/Files_Application/sourceMain.c:274:7:get_cache_status	0	static
../source/Files_Application/sourceMain.c:295:7:flexspi_nor_handle_cache	16	static
../source/Files_Application/sourceMain.c:339:7:HyperFlash	24	static
../source/Files_Application/sourceMain.c:500:7:ReadFromPendrive	592	static
../source/Files_Application/sourceMain.c:888:7:jump_to_hyperflash_location	24	static
../source/Files_Application/sourceMain.c:1047:14:get_user_application_entry	8	static
../source/Files_Application/sourceMain.c:1093:11:AsciiToDecimal	16	static
../source/Files_Application/sourceMain.c:1150:10:ASCII2HEX	0	static
../source/Files_Application/sourceMain.c:1167:6:BOARD_InitLcd	24	static
../source/Files_Application/sourceMain.c:1197:6:BOARD_InitLcdifPixelClock	24	static
../source/Files_Application/sourceMain.c:1231:6:BOARD_InitGPT	24	static
../source/Files_Application/sourceMain.c:1249:6:USB_OTG1_IRQHandler	8	static
../source/Files_Application/sourceMain.c:1254:6:USB_OTG2_IRQHandler	8	static
../source/Files_Application/sourceMain.c:1259:6:USB_HostClockInit	16	static
../source/Files_Application/sourceMain.c:1280:6:USB_HostIsrEnable	16	static
../source/Files_Application/sourceMain.c:1297:6:USB_HostTaskFn	8	static
../source/Files_Application/sourceMain.c:1312:21:USB_HostEvent	8	static
../source/Files_Application/sourceMain.c:1399:13:USB_HostApplicationInit	8	static
../source/Files_Application/sourceMain.c:1421:6:TMR3_IRQHandler	8	static
../source/Files_Application/sourceMain.c:1432:6:SysTick_Handler	8	static
../source/Files_Application/sourceMain.c:1909:6:Min_max_gauge_values	8	static
../source/Files_Application/sourceMain.c:1993:5:main	8	static
../source/Files_Application/sourceMain.c:2063:6:Initialization	8	static
../source/Files_Application/sourceMain.c:2150:6:dummy	8	static
../source/Files_Application/sourceMain.c:2163:5:funcSdCardApplication	16	static
../source/Files_Application/sourceMain.c:2210:17:sdcardWaitCardInsert	16	static
../source/Files_Application/sourceMain.c:2238:6:VariablesInit	24	static
../source/Files_Application/sourceMain.c:2421:6:funcSdCardtest	8	static
../source/Files_Application/sourceMain.c:2526:6:Store_Dmlog_Frame_From_Into_SDCard	688	static
../source/Files_Application/sourceMain.c:2716:6:write_value_to_SDcard	32	static
../source/Files_Application/sourceMain.c:2745:6:write_string_to_SDcard	16	static
../source/Files_Application/sourceMain.c:2769:6:store_raw_can_data_into_sd_card	80	static
../source/Files_Application/sourceMain.c:2834:9:DetectSDCard	16	static
../source/Files_Application/sourceMain.c:2879:6:funcsdcardtrail	16	static
../source/Files_Application/sourceMain.c:2902:6:funcstore30secrawcandataintosdcard	8	static
../source/Files_Application/sourceMain.c:2935:6:funcstoreDM1faultmesgesintoSdcard	16	static
../source/Files_Application/sourceMain.c:3029:6:funcReadRawDatafromSdCard	16	static
../source/Files_Application/sourceMain.c:3074:6:funcReadFaultDatafromSdCard	16	static
../source/Files_Application/sourceMain.c:3119:6:funcWriteMinMaxToSdCard	176	static
../source/Files_Application/sourceMain.c:3150:6:funcWriteDataloggingToSdCard	176	static
../source/Files_Application/sourceMain.c:3183:6:store_minmax_to_sd_card	104	static
../source/Files_Application/sourceMain.c:3568:6:store_Datalogging_to_sd_card	104	static
../source/Files_Application/sourceMain.c:3993:6:FuncStringPrint	8	static
../source/Files_Application/sourceMain.c:4019:6:FuncfaultlogStringPrint	8	static
../source/Files_Application/sourceMain.c:4037:6:funcPrintParameterType	8	static
../source/Files_Application/sourceMain.c:4090:6:funcPrintErrorType	8	static
../source/Files_Application/sourceMain.c:4119:6:funcTempHextoAscii	32	static
../source/Files_Application/sourceMain.c:4180:6:funcfaultTempHextoAscii	32	static
../source/Files_Application/sourceMain.c:4226:6:funcReadMinMaxfromSDcard	16	static
../source/Files_Application/sourceMain.c:4266:6:funcReadDataLogfromSdCard	16	static
../source/Files_Application/sourceMain.c:4311:6:InitAdc	16	static
../source/Files_Application/sourceMain.c:4330:14:ReadADCValues	16	static
../source/Files_Application/sourceMain.c:4362:6:FreqCaptureInit	24	static
../source/Files_Application/sourceMain.c:4380:15:Readfrequency	8	static
../source/Files_Application/sourceMain.c:4418:6:I2cWrite	16	static
../source/Files_Application/sourceMain.c:4428:10:I2cRead	24	static
../source/Files_Application/sourceMain.c:4441:6:WriteRTC	8	static
../source/Files_Application/sourceMain.c:4476:6:ReadRTC	32	static
../source/Files_Application/sourceMain.c:4513:10:bcd2bin	0	static
../source/Files_Application/sourceMain.c:4532:9:hexa2bcd_rtc	0	static
../source/Files_Application/sourceMain.c:4547:9:decimalToBCD	0	static
../source/Files_Application/sourceMain.c:4581:11:hexa2bcd	0	static
../source/Files_Application/sourceMain.c:4594:6:RTCInit	8	static
../source/Files_Application/sourceMain.c:4606:6:Max22190Init	8	static
../source/Files_Application/sourceMain.c:4628:6:WriteSpiMax22190	16	static
../source/Files_Application/sourceMain.c:4639:6:ClockDataOut	16	static
../source/Files_Application/sourceMain.c:4658:10:Max22190DeviceProcess	16	static
../source/Files_Application/sourceMain.c:4684:9:ClockDataIn	16	static
../source/Files_Application/sourceMain.c:4709:6:DelayUs1	8	static
../source/Files_Application/sourceMain.c:4721:6:ReadandProcessallADCchannels	8	static
../source/Files_Application/sourceMain.c:4806:6:funcProcessCOTValue	16	static
../source/Files_Application/sourceMain.c:4840:6:funcProcessEOPValue	8	static
../source/Files_Application/sourceMain.c:4907:6:funcProcessBatteryVolValue	8	static
../source/Files_Application/sourceMain.c:4935:6:ConvertFREQtoRPM	8	static
../source/Files_Application/sourceMain.c:4944:6:funcProcessTOPValue	8	static
../source/Files_Application/sourceMain.c:4977:6:funcMUXSelected	8	static
../source/Files_Application/sourceMain.c:5033:6:ReadandProcessDigitalIO	8	static
../source/Files_Application/sourceMain.c:5166:6:ProcessDM1faultfromVMS	8	static
../source/Files_Application/sourceMain.c:5892:6:StoreDM1faultfromVMS	24	static
../source/Files_Application/sourceMain.c:5968:6:Indicatefaultsymbols	8	static
../source/Files_Application/sourceMain.c:6096:6:Writedataintofram	16	static
../source/Files_Application/sourceMain.c:6173:6:Poweronreaddatafromfram	24	static
../source/Files_Application/sourceMain.c:6322:6:ReadDisplayHrs	8	static
../source/Files_Application/sourceMain.c:6347:6:ReadEngHrs	8	static
../source/Files_Application/sourceMain.c:6383:6:ReadEngFuelRate	8	static
../source/Files_Application/sourceMain.c:6394:6:Validate_adc_counts	8	static
../source/Files_Application/sourceMain.c:6499:6:Adcdatavalidation	0	static
../source/Files_Application/sourceMain.c:6595:21:Filter_Engine_Speed1	0	static
../source/Files_Application/sourceMain.c:6669:21:Filter_Engine_Speed2	0	static
../source/Files_Application/sourceMain.c:6745:21:Filter_Engine_Speed_RPM	0	static
../source/Files_Application/sourceMain.c:6822:6:Calculate_distance_in_km_from_CAN_per_sec	8	static
../source/Files_Application/sourceMain.c:6838:6:Updatedistance	16	static
../source/Files_Application/sourceMain.c:6866:10:final_km_convertion	0	static
../source/Files_Application/sourceMain.c:6877:6:Distance_in_kilometer	8	static
../source/Files_Application/sourceMain.c:6904:6:PowerONGaugeRotation	16	static
../source/Files_Application/sourceMain.c:7052:6:fl_cpy_drv1_to_drv0	2776	static
../source/Files_Application/sourceMain.c:7093:13:PWM_DRV_Init3PhPwm	48	static
../source/Files_Application/sourceMain.c:7143:5:PWM_config	40	static
../source/Files_Application/sourceMain.c:7274:6:generate_pwm	16	static
../source/Files_Application/sourceMain.c:7305:6:set_brightness	8	static
../source/Files_Application/sourceMain.c:7348:6:write_value_to_Pendrv	32	static
../source/Files_Application/sourceMain.c:7386:6:write_string_to_Pendrv	8	static
../source/Files_Application/sourceMain.c:7420:6:Fault_logging	40	static
../source/Files_Application/sourceMain.c:7548:6:Data_logging	16	static
../source/Files_Application/sourceMain.c:7628:6:Swwh_logging	24	static
../source/Files_Application/sourceMain.c:7679:6:Decode_errorlog_array	32	static
../source/Files_Application/sourceMain.c:7769:6:Decode_datalog_array	24	static
../source/Files_Application/sourceMain.c:7848:6:Decode_swwhlog_array	16	static
../source/Files_Application/sourceMain.c:7874:6:SwwhHextoAscii	32	static
../source/Files_Application/sourceMain.c:7919:6:SwwhStringPrint	8	static
../source/Files_Application/sourceMain.c:7937:6:GenHextoAscii	32	static
../source/Files_Application/sourceMain.c:7983:6:GenStringPrint	8	static
../source/Files_Application/sourceMain.c:8000:6:Read_identification_details	64	static
../source/Files_Application/sourceMain.c:8042:6:datalog_write_idntfn_data_to_ext_memory	16	static
../source/Files_Application/sourceMain.c:8123:6:errorlog_write_idntfn_data_to_ext_memory	16	static
../source/Files_Application/sourceMain.c:8202:6:swwhlog_write_idntfn_data_to_ext_memory	16	static
../source/Files_Application/sourceMain.c:8282:6:rawcanlog_write_idntfn_data_to_ext_memory	16	static
../source/Files_Application/sourceMain.c:8361:6:write_one_errorlog_frame_to_pendrive	88	static
../source/Files_Application/sourceMain.c:8757:6:write_one_datalog_frame_to_pendrive	104	static
../source/Files_Application/sourceMain.c:9088:6:write_one_swwhlog_frame_to_pendrive	16	static
../source/Files_Application/sourceMain.c:9228:6:write_rawcan_frame_to_pendrive	64	static
../source/Files_Application/sourceMain.c:9329:6:Copy_datalog_file_to_pendrive	8	static
../source/Files_Application/sourceMain.c:9377:6:Copy_errorlog_file_to_pendrive	8	static
../source/Files_Application/sourceMain.c:9420:6:Copy_rawcanlog_file_to_pendrive	8	static
../source/Files_Application/sourceMain.c:9462:6:Copy_WorkingHrslog_file_to_pendrive	8	static
../source/Files_Application/sourceMain.c:9510:6:Logging	8	static
../source/Files_Application/sourceMain.c:9525:6:Copying_of_logged_data	8	static
../source/Files_Application/sourceMain.c:9658:6:Display_Errors	8	static
../source/Files_Application/sourceMain.c:9688:10:Re_asgn_Org_srs_addr_frm_dm1_array	0	static
../source/Files_Application/sourceMain.c:9716:10:Re_asgn_Org_srs_addr_frm_dm1_array_2	0	static
../source/Files_Application/sourceMain.c:9740:6:KeypadApplication	16	static
../source/Files_Application/sourceMain.c:9750:6:sendEngHrsRequest1	16	static
../source/Files_Application/sourceMain.c:9760:6:sendEngHrsRequest2	16	static
../source/Files_Application/sourceMain.c:9771:6:send_ToP_ToT	32	static
../source/Files_Application/sourceMain.c:9800:6:send_FueL_lvl	24	static
../source/Files_Application/sourceMain.c:9823:6:send_ECL_EOP	24	static
../source/Files_Application/sourceMain.c:9865:6:send_ParkBrkSw_and_VehicleSpd	16	static
../source/Files_Application/sourceMain.c:9912:6:send_AirFilClog	16	static
../source/Files_Application/sourceMain.c:9938:6:send_SeatBeltSw	16	static
../source/Files_Application/sourceMain.c:9966:6:send_ECT_EOT	24	static
../source/Files_Application/sourceMain.c:10009:6:send_E_N_G_SPD	24	static
../source/Files_Application/sourceMain.c:10039:6:send_TOFC	16	static
../source/Files_Application/sourceMain.c:10071:21:Filter_AIN1_counts	0	static
../source/Files_Application/sourceMain.c:10146:21:Filter_AIN2_counts	0	static
../source/Files_Application/sourceMain.c:10221:21:Filter_AIN3_counts	0	static
../source/Files_Application/sourceMain.c:10296:21:Filter_Battery_counts	0	static
../source/Files_Application/sourceMain.c:10371:6:Decide_eng_on_or_not	0	static
../source/Files_Application/sourceMain.c:10383:6:CheckEngRpm_is_coming	0	static
../source/Files_Application/sourceMain.c:10474:6:DisplayHrs	16	static
../source/Files_Application/sourceMain.c:10499:10:DisplayHoursUsingRTC	24	static
../source/Files_Application/sourceMain.c:10576:6:EngineHrs	16	static
../source/Files_Application/sourceMain.c:10604:10:EngineHoursUsingRTC	24	static
../source/Files_Application/sourceMain.c:10680:6:ADC_channel_processing	8	static
../source/Files_Application/sourceMain.c:10787:6:All_CAN_disconnected_counter	0	static
../source/Files_Application/sourceMain.c:10850:6:Reset_all_CAN_parameters	8	static
../source/Files_Application/sourceMain.c:10900:6:Reset_Engine_CAN_parameters	0	static
../source/Files_Application/sourceMain.c:10970:6:Reset_Transmission_CAN_parameters	0	static
../source/Files_Application/sourceMain.c:11015:6:Reset_Io_module_CAN_parameters	0	static
../source/Files_Application/sourceMain.c:11060:6:Reset_Sender_CAN_parameters	0	static
../source/Files_Application/sourceMain.c:11096:6:SeatBeltFlow	0	static
../source/Files_Application/sourceMain.c:11124:6:SeatbeltIconToggle	0	static
../source/Files_Application/sourceMain.c:11146:6:ErrorIconToggle	0	static
../source/Files_Application/sourceMain.c:11168:6:id_notset_Toggle	0	static
../source/Files_Application/sourceMain.c:11190:6:Condition_to_datalog	8	static
../source/Files_Application/sourceMain.c:11225:6:BUZZER_ENABLE	8	static
../source/Files_Application/sourceMain.c:11276:6:EopIconToggle	0	static
../source/Files_Application/sourceMain.c:11303:6:EctIconToggle	0	static
../source/Files_Application/sourceMain.c:11330:6:EotIconToggle	0	static
../source/Files_Application/sourceMain.c:11357:6:FuelIconToggle	0	static
../source/Files_Application/sourceMain.c:11384:6:TopIconToggle	0	static
../source/Files_Application/sourceMain.c:11411:6:TotIconToggle	0	static
../source/Files_Application/sourceMain.c:11438:6:EngOvrSpdIconToggle	0	static
../source/Files_Application/sourceMain.c:11465:6:workingHrsLogic	24	static
../source/Files_Application/sourceMain.c:12006:5:getDifference	40	static
../source/Files_Application/sourceMain.c:12035:5:countLeapYears	0	static
../source/Files_Application/sourceMain.c:12048:6:Store_Shifts_Started_Date	16	static
../source/Files_Application/sourceMain.c:12170:10:WorkingHrsCalculation	24	static
../source/Files_Application/sourceMain.c:12276:6:CBCReportPrint	8	static
../source/Files_Application/sourceMain.c:12289:6:Serial_TX	8	static
../source/Files_Application/sourceMain.c:12294:6:transmit_serial	8	static
../source/Files_Application/sourceMain.c:12302:6:str_tx	8	static
../source/Files_Application/sourceMain.c:12325:6:PowerOnReadForShiftHrs	24	static
