D:\IMXRT1050EVKB_Bootloader\BD155_P_V1_0_0\McuXpresso\VMS_Display_V0\CMSIS/core_cm7.h:1902:22:__NVIC_EnableIRQ	16	static
D:\IMXRT1050EVKB_Bootloader\BD155_P_V1_0_0\McuXpresso\VMS_Display_V0\CMSIS/core_cm7.h:2032:22:__NVIC_SetPriority	16	static
D:\IMXRT1050EVKB_Bootloader\BD155_P_V1_0_0\McuXpresso\VMS_Display_V0\drivers/fsl_clock.h:1112:20:CLOCK_SetMux	16	static
D:\IMXRT1050EVKB_Bootloader\BD155_P_V1_0_0\McuXpresso\VMS_Display_V0\drivers/fsl_clock.h:1150:20:CLOCK_SetDiv	16	static
D:\IMXRT1050EVKB_Bootloader\BD155_P_V1_0_0\McuXpresso\VMS_Display_V0\drivers/fsl_common_arm.h:488:24:EnableIRQ	8	static
D:\IMXRT1050EVKB_Bootloader\BD155_P_V1_0_0\McuXpresso\VMS_Display_V0\drivers/fsl_adc.h:275:24:ADC_GetChannelConversionValue	8	static
D:\IMXRT1050EVKB_Bootloader\BD155_P_V1_0_0\McuXpresso\VMS_Display_V0\drivers/fsl_adc.h:300:24:ADC_GetChannelStatusFlags	8	static
D:\IMXRT1050EVKB_Bootloader\BD155_P_V1_0_0\McuXpresso\VMS_Display_V0\drivers/fsl_adc.h:358:20:ADC_EnableHardwareTrigger	0	static
D:\IMXRT1050EVKB_Bootloader\BD155_P_V1_0_0\McuXpresso\VMS_Display_V0\drivers/fsl_gpio.h:101:20:GPIO_WritePinOutput	8	static
D:\IMXRT1050EVKB_Bootloader\BD155_P_V1_0_0\McuXpresso\VMS_Display_V0\drivers/fsl_gpio.h:205:23:GPIO_PinReadPadStatus	8	static
D:\IMXRT1050EVKB_Bootloader\BD155_P_V1_0_0\McuXpresso\VMS_Display_V0\drivers/fsl_gpio.h:216:23:GPIO_ReadPadStatus	8	static
D:\IMXRT1050EVKB_Bootloader\BD155_P_V1_0_0\McuXpresso\VMS_Display_V0\drivers/fsl_gpt.h:270:20:GPT_StartTimer	0	static
D:\IMXRT1050EVKB_Bootloader\BD155_P_V1_0_0\McuXpresso\VMS_Display_V0\drivers/fsl_qtmr.h:384:20:QTMR_StartTimer	0	static
D:\IMXRT1050EVKB_Bootloader\BD155_P_V1_0_0\McuXpresso\VMS_Display_V0\drivers/fsl_lpi2c.h:803:24:LPI2C_MasterRepeatedStart	8	static
D:\IMXRT1050EVKB_Bootloader\BD155_P_V1_0_0\McuXpresso\VMS_Display_V0\drivers/fsl_pwm.h:769:20:PWM_StartTimer	0	static
D:\IMXRT1050EVKB_Bootloader\BD155_P_V1_0_0\McuXpresso\VMS_Display_V0\drivers/fsl_pwm.h:886:20:PWM_SetPwmLdok	0	static
D:\IMXRT1050EVKB_Bootloader\BD155_P_V1_0_0\McuXpresso\VMS_Display_V0\drivers/fsl_pwm.h:953:20:PWM_SetupFaultDisableMap	8	static
../source/Files_Application/sourceMain.c:21:7:FLEXSPI_NorFlash_GetConfig	20	static
../source/Files_Application/sourceMain.c:230:7:error_trap	8	static
../source/Files_Application/sourceMain.c:243:7:app_finalize	8	static
../source/Files_Application/sourceMain.c:260:7:get_cache_status	0	static
../source/Files_Application/sourceMain.c:281:7:flexspi_nor_handle_cache	16	static
../source/Files_Application/sourceMain.c:325:7:HyperFlash	24	static
../source/Files_Application/sourceMain.c:485:7:ReadFromPendrive	592	static
../source/Files_Application/sourceMain.c:767:11:AsciiToDecimal	8	static
../source/Files_Application/sourceMain.c:793:6:BOARD_InitLcd	24	static
../source/Files_Application/sourceMain.c:823:6:BOARD_InitLcdifPixelClock	24	static
../source/Files_Application/sourceMain.c:857:6:BOARD_InitGPT	24	static
../source/Files_Application/sourceMain.c:875:6:USB_OTG1_IRQHandler	8	static
../source/Files_Application/sourceMain.c:880:6:USB_OTG2_IRQHandler	8	static
../source/Files_Application/sourceMain.c:885:6:USB_HostClockInit	16	static
../source/Files_Application/sourceMain.c:906:6:USB_HostIsrEnable	16	static
../source/Files_Application/sourceMain.c:923:6:USB_HostTaskFn	8	static
../source/Files_Application/sourceMain.c:938:21:USB_HostEvent	8	static
../source/Files_Application/sourceMain.c:1025:13:USB_HostApplicationInit	8	static
../source/Files_Application/sourceMain.c:1047:6:TMR3_IRQHandler	8	static
../source/Files_Application/sourceMain.c:1058:6:SysTick_Handler	8	static
../source/Files_Application/sourceMain.c:1519:6:Min_max_gauge_values	8	static
../source/Files_Application/sourceMain.c:1603:5:main	8	static
../source/Files_Application/sourceMain.c:1675:6:jump_to_hyperflash_location	8	static
../source/Files_Application/sourceMain.c:1731:6:Initialization	8	static
../source/Files_Application/sourceMain.c:1793:5:funcSdCardApplication	16	static
../source/Files_Application/sourceMain.c:1840:17:sdcardWaitCardInsert	16	static
../source/Files_Application/sourceMain.c:1868:6:VariablesInit	24	static
../source/Files_Application/sourceMain.c:2051:6:funcSdCardtest	8	static
../source/Files_Application/sourceMain.c:2156:6:Store_Dmlog_Frame_From_Into_SDCard	688	static
../source/Files_Application/sourceMain.c:2346:6:write_value_to_SDcard	32	static
../source/Files_Application/sourceMain.c:2375:6:write_string_to_SDcard	16	static
../source/Files_Application/sourceMain.c:2399:6:store_raw_can_data_into_sd_card	80	static
../source/Files_Application/sourceMain.c:2464:9:DetectSDCard	16	static
../source/Files_Application/sourceMain.c:2509:6:funcsdcardtrail	16	static
../source/Files_Application/sourceMain.c:2532:6:funcstore30secrawcandataintosdcard	8	static
../source/Files_Application/sourceMain.c:2565:6:funcstoreDM1faultmesgesintoSdcard	16	static
../source/Files_Application/sourceMain.c:2659:6:funcReadRawDatafromSdCard	16	static
../source/Files_Application/sourceMain.c:2704:6:funcReadFaultDatafromSdCard	16	static
../source/Files_Application/sourceMain.c:2749:6:funcWriteMinMaxToSdCard	176	static
../source/Files_Application/sourceMain.c:2780:6:funcWriteDataloggingToSdCard	176	static
../source/Files_Application/sourceMain.c:2813:6:store_minmax_to_sd_card	104	static
../source/Files_Application/sourceMain.c:3198:6:store_Datalogging_to_sd_card	104	static
../source/Files_Application/sourceMain.c:3623:6:FuncStringPrint	8	static
../source/Files_Application/sourceMain.c:3649:6:FuncfaultlogStringPrint	8	static
../source/Files_Application/sourceMain.c:3667:6:funcPrintParameterType	8	static
../source/Files_Application/sourceMain.c:3720:6:funcPrintErrorType	8	static
../source/Files_Application/sourceMain.c:3749:6:funcTempHextoAscii	32	static
../source/Files_Application/sourceMain.c:3810:6:funcfaultTempHextoAscii	32	static
../source/Files_Application/sourceMain.c:3856:6:funcReadMinMaxfromSDcard	16	static
../source/Files_Application/sourceMain.c:3896:6:funcReadDataLogfromSdCard	16	static
../source/Files_Application/sourceMain.c:3941:6:InitAdc	16	static
../source/Files_Application/sourceMain.c:3960:14:ReadADCValues	16	static
../source/Files_Application/sourceMain.c:3992:6:FreqCaptureInit	24	static
../source/Files_Application/sourceMain.c:4010:15:Readfrequency	8	static
../source/Files_Application/sourceMain.c:4048:6:I2cWrite	16	static
../source/Files_Application/sourceMain.c:4058:10:I2cRead	24	static
../source/Files_Application/sourceMain.c:4071:6:WriteRTC	8	static
../source/Files_Application/sourceMain.c:4106:6:ReadRTC	32	static
../source/Files_Application/sourceMain.c:4143:10:bcd2bin	0	static
../source/Files_Application/sourceMain.c:4148:10:hexa2bcd_rtc	4	static
../source/Files_Application/sourceMain.c:4161:6:RTCInit	8	static
../source/Files_Application/sourceMain.c:4173:6:Max22190Init	8	static
../source/Files_Application/sourceMain.c:4195:6:WriteSpiMax22190	16	static
../source/Files_Application/sourceMain.c:4206:6:ClockDataOut	16	static
../source/Files_Application/sourceMain.c:4225:10:Max22190DeviceProcess	16	static
../source/Files_Application/sourceMain.c:4251:9:ClockDataIn	16	static
../source/Files_Application/sourceMain.c:4276:6:DelayUs1	8	static
../source/Files_Application/sourceMain.c:4288:6:ReadandProcessallADCchannels	8	static
../source/Files_Application/sourceMain.c:4373:6:funcProcessCOTValue	16	static
../source/Files_Application/sourceMain.c:4407:6:funcProcessEOPValue	8	static
../source/Files_Application/sourceMain.c:4474:6:funcProcessBatteryVolValue	8	static
../source/Files_Application/sourceMain.c:4502:6:ConvertFREQtoRPM	8	static
../source/Files_Application/sourceMain.c:4511:6:funcProcessTOPValue	8	static
../source/Files_Application/sourceMain.c:4544:6:funcMUXSelected	8	static
../source/Files_Application/sourceMain.c:4600:6:ReadandProcessDigitalIO	8	static
../source/Files_Application/sourceMain.c:4733:6:ProcessDM1faultfromVMS	8	static
../source/Files_Application/sourceMain.c:5459:6:StoreDM1faultfromVMS	24	static
../source/Files_Application/sourceMain.c:5535:6:Indicatefaultsymbols	8	static
../source/Files_Application/sourceMain.c:5663:6:Writedataintofram	16	static
../source/Files_Application/sourceMain.c:5740:6:Poweronreaddatafromfram	24	static
../source/Files_Application/sourceMain.c:5889:6:ReadDisplayHrs	8	static
../source/Files_Application/sourceMain.c:5914:6:ReadEngHrs	8	static
../source/Files_Application/sourceMain.c:5950:6:ReadEngFuelRate	8	static
../source/Files_Application/sourceMain.c:5961:6:Validate_adc_counts	8	static
../source/Files_Application/sourceMain.c:6066:6:Adcdatavalidation	0	static
../source/Files_Application/sourceMain.c:6162:21:Filter_Engine_Speed1	0	static
../source/Files_Application/sourceMain.c:6236:21:Filter_Engine_Speed2	0	static
../source/Files_Application/sourceMain.c:6312:21:Filter_Engine_Speed_RPM	0	static
../source/Files_Application/sourceMain.c:6389:6:Calculate_distance_in_km_from_CAN_per_sec	8	static
../source/Files_Application/sourceMain.c:6405:6:Updatedistance	16	static
../source/Files_Application/sourceMain.c:6433:10:final_km_convertion	0	static
../source/Files_Application/sourceMain.c:6444:6:Distance_in_kilometer	8	static
../source/Files_Application/sourceMain.c:6471:6:PowerONGaugeRotation	16	static
../source/Files_Application/sourceMain.c:6619:6:fl_cpy_drv1_to_drv0	2776	static
../source/Files_Application/sourceMain.c:6660:13:PWM_DRV_Init3PhPwm	48	static
../source/Files_Application/sourceMain.c:6710:5:PWM_config	40	static
../source/Files_Application/sourceMain.c:6841:6:generate_pwm	16	static
../source/Files_Application/sourceMain.c:6872:6:set_brightness	8	static
../source/Files_Application/sourceMain.c:6915:6:write_value_to_Pendrv	32	static
../source/Files_Application/sourceMain.c:6953:6:write_string_to_Pendrv	8	static
../source/Files_Application/sourceMain.c:6987:6:Fault_logging	40	static
../source/Files_Application/sourceMain.c:7115:6:Data_logging	16	static
../source/Files_Application/sourceMain.c:7195:6:Swwh_logging	24	static
../source/Files_Application/sourceMain.c:7246:6:Decode_errorlog_array	32	static
../source/Files_Application/sourceMain.c:7336:6:Decode_datalog_array	24	static
../source/Files_Application/sourceMain.c:7415:6:Decode_swwhlog_array	16	static
../source/Files_Application/sourceMain.c:7441:6:SwwhHextoAscii	32	static
../source/Files_Application/sourceMain.c:7486:6:SwwhStringPrint	8	static
../source/Files_Application/sourceMain.c:7504:6:GenHextoAscii	32	static
../source/Files_Application/sourceMain.c:7550:6:GenStringPrint	8	static
../source/Files_Application/sourceMain.c:7567:6:Read_identification_details	64	static
../source/Files_Application/sourceMain.c:7609:6:datalog_write_idntfn_data_to_ext_memory	16	static
../source/Files_Application/sourceMain.c:7690:6:errorlog_write_idntfn_data_to_ext_memory	16	static
../source/Files_Application/sourceMain.c:7769:6:swwhlog_write_idntfn_data_to_ext_memory	16	static
../source/Files_Application/sourceMain.c:7849:6:rawcanlog_write_idntfn_data_to_ext_memory	16	static
../source/Files_Application/sourceMain.c:7928:6:write_one_errorlog_frame_to_pendrive	88	static
../source/Files_Application/sourceMain.c:8324:6:write_one_datalog_frame_to_pendrive	104	static
../source/Files_Application/sourceMain.c:8655:6:write_one_swwhlog_frame_to_pendrive	16	static
../source/Files_Application/sourceMain.c:8795:6:write_rawcan_frame_to_pendrive	64	static
../source/Files_Application/sourceMain.c:8896:6:Copy_datalog_file_to_pendrive	8	static
../source/Files_Application/sourceMain.c:8944:6:Copy_errorlog_file_to_pendrive	8	static
../source/Files_Application/sourceMain.c:8987:6:Copy_rawcanlog_file_to_pendrive	8	static
../source/Files_Application/sourceMain.c:9029:6:Copy_WorkingHrslog_file_to_pendrive	8	static
../source/Files_Application/sourceMain.c:9077:6:Logging	8	static
../source/Files_Application/sourceMain.c:9092:6:Copying_of_logged_data	8	static
../source/Files_Application/sourceMain.c:9225:6:Display_Errors	8	static
../source/Files_Application/sourceMain.c:9255:10:Re_asgn_Org_srs_addr_frm_dm1_array	0	static
../source/Files_Application/sourceMain.c:9283:10:Re_asgn_Org_srs_addr_frm_dm1_array_2	0	static
../source/Files_Application/sourceMain.c:9307:6:KeypadApplication	16	static
../source/Files_Application/sourceMain.c:9317:6:sendEngHrsRequest1	16	static
../source/Files_Application/sourceMain.c:9327:6:sendEngHrsRequest2	16	static
../source/Files_Application/sourceMain.c:9338:6:send_ToP_ToT	32	static
../source/Files_Application/sourceMain.c:9367:6:send_FueL_lvl	24	static
../source/Files_Application/sourceMain.c:9390:6:send_ECL_EOP	24	static
../source/Files_Application/sourceMain.c:9432:6:send_ParkBrkSw_and_VehicleSpd	16	static
../source/Files_Application/sourceMain.c:9479:6:send_AirFilClog	16	static
../source/Files_Application/sourceMain.c:9505:6:send_SeatBeltSw	16	static
../source/Files_Application/sourceMain.c:9533:6:send_ECT_EOT	24	static
../source/Files_Application/sourceMain.c:9576:6:send_E_N_G_SPD	24	static
../source/Files_Application/sourceMain.c:9606:6:send_TOFC	16	static
../source/Files_Application/sourceMain.c:9638:21:Filter_AIN1_counts	0	static
../source/Files_Application/sourceMain.c:9713:21:Filter_AIN2_counts	0	static
../source/Files_Application/sourceMain.c:9788:21:Filter_AIN3_counts	0	static
../source/Files_Application/sourceMain.c:9863:21:Filter_Battery_counts	0	static
../source/Files_Application/sourceMain.c:9938:6:Decide_eng_on_or_not	0	static
../source/Files_Application/sourceMain.c:9950:6:CheckEngRpm_is_coming	0	static
../source/Files_Application/sourceMain.c:10041:6:DisplayHrs	16	static
../source/Files_Application/sourceMain.c:10066:10:DisplayHoursUsingRTC	24	static
../source/Files_Application/sourceMain.c:10143:6:EngineHrs	16	static
../source/Files_Application/sourceMain.c:10171:10:EngineHoursUsingRTC	24	static
../source/Files_Application/sourceMain.c:10247:6:ADC_channel_processing	8	static
../source/Files_Application/sourceMain.c:10354:6:All_CAN_disconnected_counter	0	static
../source/Files_Application/sourceMain.c:10417:6:Reset_all_CAN_parameters	8	static
../source/Files_Application/sourceMain.c:10467:6:Reset_Engine_CAN_parameters	0	static
../source/Files_Application/sourceMain.c:10537:6:Reset_Transmission_CAN_parameters	0	static
../source/Files_Application/sourceMain.c:10582:6:Reset_Io_module_CAN_parameters	0	static
../source/Files_Application/sourceMain.c:10627:6:Reset_Sender_CAN_parameters	0	static
../source/Files_Application/sourceMain.c:10663:6:SeatBeltFlow	0	static
../source/Files_Application/sourceMain.c:10691:6:SeatbeltIconToggle	0	static
../source/Files_Application/sourceMain.c:10713:6:ErrorIconToggle	0	static
../source/Files_Application/sourceMain.c:10735:6:id_notset_Toggle	0	static
../source/Files_Application/sourceMain.c:10757:6:Condition_to_datalog	8	static
../source/Files_Application/sourceMain.c:10792:6:BUZZER_ENABLE	8	static
../source/Files_Application/sourceMain.c:10843:6:EopIconToggle	0	static
../source/Files_Application/sourceMain.c:10870:6:EctIconToggle	0	static
../source/Files_Application/sourceMain.c:10897:6:EotIconToggle	0	static
../source/Files_Application/sourceMain.c:10924:6:FuelIconToggle	0	static
../source/Files_Application/sourceMain.c:10951:6:TopIconToggle	0	static
../source/Files_Application/sourceMain.c:10978:6:TotIconToggle	0	static
../source/Files_Application/sourceMain.c:11005:6:EngOvrSpdIconToggle	0	static
../source/Files_Application/sourceMain.c:11032:6:workingHrsLogic	24	static
../source/Files_Application/sourceMain.c:11573:5:getDifference	40	static
../source/Files_Application/sourceMain.c:11602:5:countLeapYears	0	static
../source/Files_Application/sourceMain.c:11615:6:Store_Shifts_Started_Date	16	static
../source/Files_Application/sourceMain.c:11737:10:WorkingHrsCalculation	24	static
../source/Files_Application/sourceMain.c:11843:6:CBCReportPrint	8	static
../source/Files_Application/sourceMain.c:11856:6:Serial_TX	8	static
../source/Files_Application/sourceMain.c:11861:6:transmit_serial	8	static
../source/Files_Application/sourceMain.c:11869:6:str_tx	8	static
../source/Files_Application/sourceMain.c:11892:6:PowerOnReadForShiftHrs	24	static
