D:\IMXRT1050EVKB_Bootloader\BD155_P_V1_0_0\McuXpresso\VMS_Display_V0\CMSIS/core_cm7.h:1902:22:__NVIC_EnableIRQ	16	static
D:\IMXRT1050EVKB_Bootloader\BD155_P_V1_0_0\McuXpresso\VMS_Display_V0\CMSIS/core_cm7.h:1940:22:__NVIC_DisableIRQ	16	static
D:\IMXRT1050EVKB_Bootloader\BD155_P_V1_0_0\McuXpresso\VMS_Display_V0\CMSIS/core_cm7.h:2032:22:__NVIC_SetPriority	16	static
D:\IMXRT1050EVKB_Bootloader\BD155_P_V1_0_0\McuXpresso\VMS_Display_V0\drivers/fsl_common_arm.h:210:20:_SDK_AtomicLocalClearAndSet4Byte	4	static
D:\IMXRT1050EVKB_Bootloader\BD155_P_V1_0_0\McuXpresso\VMS_Display_V0\drivers/fsl_clock.h:1112:20:CLOCK_SetMux	16	static
D:\IMXRT1050EVKB_Bootloader\BD155_P_V1_0_0\McuXpresso\VMS_Display_V0\drivers/fsl_clock.h:1150:20:CLOCK_SetDiv	16	static
D:\IMXRT1050EVKB_Bootloader\BD155_P_V1_0_0\McuXpresso\VMS_Display_V0\drivers/fsl_clock.h:1186:20:CLOCK_ControlGate	8	static
D:\IMXRT1050EVKB_Bootloader\BD155_P_V1_0_0\McuXpresso\VMS_Display_V0\drivers/fsl_clock.h:1213:20:CLOCK_DisableClock	8	static
D:\IMXRT1050EVKB_Bootloader\BD155_P_V1_0_0\McuXpresso\VMS_Display_V0\drivers/fsl_common_arm.h:488:24:EnableIRQ	8	static
D:\IMXRT1050EVKB_Bootloader\BD155_P_V1_0_0\McuXpresso\VMS_Display_V0\drivers/fsl_common_arm.h:532:24:DisableIRQ	8	static
D:\IMXRT1050EVKB_Bootloader\BD155_P_V1_0_0\McuXpresso\VMS_Display_V0\drivers/fsl_adc.h:275:24:ADC_GetChannelConversionValue	8	static
D:\IMXRT1050EVKB_Bootloader\BD155_P_V1_0_0\McuXpresso\VMS_Display_V0\drivers/fsl_adc.h:300:24:ADC_GetChannelStatusFlags	8	static
D:\IMXRT1050EVKB_Bootloader\BD155_P_V1_0_0\McuXpresso\VMS_Display_V0\drivers/fsl_adc.h:358:20:ADC_EnableHardwareTrigger	0	static
D:\IMXRT1050EVKB_Bootloader\BD155_P_V1_0_0\McuXpresso\VMS_Display_V0\drivers/fsl_gpio.h:101:20:GPIO_WritePinOutput	8	static
D:\IMXRT1050EVKB_Bootloader\BD155_P_V1_0_0\McuXpresso\VMS_Display_V0\drivers/fsl_gpio.h:205:23:GPIO_PinReadPadStatus	8	static
D:\IMXRT1050EVKB_Bootloader\BD155_P_V1_0_0\McuXpresso\VMS_Display_V0\drivers/fsl_gpio.h:216:23:GPIO_ReadPadStatus	8	static
D:\IMXRT1050EVKB_Bootloader\BD155_P_V1_0_0\McuXpresso\VMS_Display_V0\drivers/fsl_gpt.h:270:20:GPT_StartTimer	0	static
D:\IMXRT1050EVKB_Bootloader\BD155_P_V1_0_0\McuXpresso\VMS_Display_V0\drivers/fsl_qtmr.h:384:20:QTMR_StartTimer	0	static
D:\IMXRT1050EVKB_Bootloader\BD155_P_V1_0_0\McuXpresso\VMS_Display_V0\drivers/fsl_lpi2c.h:803:24:LPI2C_MasterRepeatedStart	8	static
D:\IMXRT1050EVKB_Bootloader\BD155_P_V1_0_0\McuXpresso\VMS_Display_V0\drivers/fsl_pwm.h:769:20:PWM_StartTimer	0	static
D:\IMXRT1050EVKB_Bootloader\BD155_P_V1_0_0\McuXpresso\VMS_Display_V0\drivers/fsl_pwm.h:886:20:PWM_SetPwmLdok	0	static
D:\IMXRT1050EVKB_Bootloader\BD155_P_V1_0_0\McuXpresso\VMS_Display_V0\drivers/fsl_pwm.h:953:20:PWM_SetupFaultDisableMap	8	static
../source/Files_Application/sourceMain.c:35:7:FLEXSPI_NorFlash_GetConfig	20	static
../source/Files_Application/sourceMain.c:244:7:error_trap	8	static
../source/Files_Application/sourceMain.c:257:7:app_finalize	8	static
../source/Files_Application/sourceMain.c:274:7:get_cache_status	0	static
../source/Files_Application/sourceMain.c:295:7:flexspi_nor_handle_cache	16	static
../source/Files_Application/sourceMain.c:339:7:HyperFlash	24	static
../source/Files_Application/sourceMain.c:500:7:ReadFromPendrive	592	static
../source/Files_Application/sourceMain.c:888:7:jump_to_hyperflash_location	24	static
../source/Files_Application/sourceMain.c:1047:14:get_user_application_entry	8	static
../source/Files_Application/sourceMain.c:1093:11:AsciiToDecimal	16	static
../source/Files_Application/sourceMain.c:1150:10:ASCII2HEX	0	static
../source/Files_Application/sourceMain.c:1167:6:BOARD_InitLcd	24	static
../source/Files_Application/sourceMain.c:1197:6:BOARD_InitLcdifPixelClock	24	static
../source/Files_Application/sourceMain.c:1231:6:BOARD_InitGPT	24	static
../source/Files_Application/sourceMain.c:1249:6:USB_OTG1_IRQHandler	8	static
../source/Files_Application/sourceMain.c:1254:6:USB_OTG2_IRQHandler	8	static
../source/Files_Application/sourceMain.c:1259:6:USB_HostClockInit	16	static
../source/Files_Application/sourceMain.c:1280:6:USB_HostIsrEnable	16	static
../source/Files_Application/sourceMain.c:1297:6:USB_HostTaskFn	8	static
../source/Files_Application/sourceMain.c:1312:21:USB_HostEvent	8	static
../source/Files_Application/sourceMain.c:1399:13:USB_HostApplicationInit	8	static
../source/Files_Application/sourceMain.c:1421:6:TMR3_IRQHandler	8	static
../source/Files_Application/sourceMain.c:1432:6:SysTick_Handler	8	static
../source/Files_Application/sourceMain.c:1909:6:Min_max_gauge_values	8	static
../source/Files_Application/sourceMain.c:1993:5:main	8	static
../source/Files_Application/sourceMain.c:2063:6:Initialization	8	static
../source/Files_Application/sourceMain.c:2151:6:dummy	8	static
../source/Files_Application/sourceMain.c:2164:5:funcSdCardApplication	16	static
../source/Files_Application/sourceMain.c:2211:17:sdcardWaitCardInsert	16	static
../source/Files_Application/sourceMain.c:2239:6:VariablesInit	24	static
../source/Files_Application/sourceMain.c:2422:6:funcSdCardtest	8	static
../source/Files_Application/sourceMain.c:2527:6:Store_Dmlog_Frame_From_Into_SDCard	688	static
../source/Files_Application/sourceMain.c:2717:6:write_value_to_SDcard	32	static
../source/Files_Application/sourceMain.c:2746:6:write_string_to_SDcard	16	static
../source/Files_Application/sourceMain.c:2770:6:store_raw_can_data_into_sd_card	80	static
../source/Files_Application/sourceMain.c:2835:9:DetectSDCard	16	static
../source/Files_Application/sourceMain.c:2880:6:funcsdcardtrail	16	static
../source/Files_Application/sourceMain.c:2903:6:funcstore30secrawcandataintosdcard	8	static
../source/Files_Application/sourceMain.c:2936:6:funcstoreDM1faultmesgesintoSdcard	16	static
../source/Files_Application/sourceMain.c:3030:6:funcReadRawDatafromSdCard	16	static
../source/Files_Application/sourceMain.c:3075:6:funcReadFaultDatafromSdCard	16	static
../source/Files_Application/sourceMain.c:3120:6:funcWriteMinMaxToSdCard	176	static
../source/Files_Application/sourceMain.c:3151:6:funcWriteDataloggingToSdCard	176	static
../source/Files_Application/sourceMain.c:3184:6:store_minmax_to_sd_card	104	static
../source/Files_Application/sourceMain.c:3569:6:store_Datalogging_to_sd_card	104	static
../source/Files_Application/sourceMain.c:3994:6:FuncStringPrint	8	static
../source/Files_Application/sourceMain.c:4020:6:FuncfaultlogStringPrint	8	static
../source/Files_Application/sourceMain.c:4038:6:funcPrintParameterType	8	static
../source/Files_Application/sourceMain.c:4091:6:funcPrintErrorType	8	static
../source/Files_Application/sourceMain.c:4120:6:funcTempHextoAscii	32	static
../source/Files_Application/sourceMain.c:4181:6:funcfaultTempHextoAscii	32	static
../source/Files_Application/sourceMain.c:4227:6:funcReadMinMaxfromSDcard	16	static
../source/Files_Application/sourceMain.c:4267:6:funcReadDataLogfromSdCard	16	static
../source/Files_Application/sourceMain.c:4312:6:InitAdc	16	static
../source/Files_Application/sourceMain.c:4331:14:ReadADCValues	16	static
../source/Files_Application/sourceMain.c:4363:6:FreqCaptureInit	24	static
../source/Files_Application/sourceMain.c:4381:15:Readfrequency	8	static
../source/Files_Application/sourceMain.c:4419:6:I2cWrite	16	static
../source/Files_Application/sourceMain.c:4429:10:I2cRead	24	static
../source/Files_Application/sourceMain.c:4442:6:WriteRTC	8	static
../source/Files_Application/sourceMain.c:4477:6:ReadRTC	32	static
../source/Files_Application/sourceMain.c:4514:10:bcd2bin	0	static
../source/Files_Application/sourceMain.c:4533:9:hexa2bcd_rtc	0	static
../source/Files_Application/sourceMain.c:4548:9:decimalToBCD	0	static
../source/Files_Application/sourceMain.c:4582:11:hexa2bcd	0	static
../source/Files_Application/sourceMain.c:4595:6:RTCInit	8	static
../source/Files_Application/sourceMain.c:4607:6:Max22190Init	8	static
../source/Files_Application/sourceMain.c:4629:6:WriteSpiMax22190	16	static
../source/Files_Application/sourceMain.c:4640:6:ClockDataOut	16	static
../source/Files_Application/sourceMain.c:4659:10:Max22190DeviceProcess	16	static
../source/Files_Application/sourceMain.c:4685:9:ClockDataIn	16	static
../source/Files_Application/sourceMain.c:4710:6:DelayUs1	8	static
../source/Files_Application/sourceMain.c:4722:6:ReadandProcessallADCchannels	8	static
../source/Files_Application/sourceMain.c:4807:6:funcProcessCOTValue	16	static
../source/Files_Application/sourceMain.c:4841:6:funcProcessEOPValue	8	static
../source/Files_Application/sourceMain.c:4908:6:funcProcessBatteryVolValue	8	static
../source/Files_Application/sourceMain.c:4936:6:ConvertFREQtoRPM	8	static
../source/Files_Application/sourceMain.c:4945:6:funcProcessTOPValue	8	static
../source/Files_Application/sourceMain.c:4978:6:funcMUXSelected	8	static
../source/Files_Application/sourceMain.c:5034:6:ReadandProcessDigitalIO	8	static
../source/Files_Application/sourceMain.c:5167:6:ProcessDM1faultfromVMS	8	static
../source/Files_Application/sourceMain.c:5893:6:StoreDM1faultfromVMS	24	static
../source/Files_Application/sourceMain.c:5969:6:Indicatefaultsymbols	8	static
../source/Files_Application/sourceMain.c:6097:6:Writedataintofram	16	static
../source/Files_Application/sourceMain.c:6174:6:Poweronreaddatafromfram	24	static
../source/Files_Application/sourceMain.c:6323:6:ReadDisplayHrs	8	static
../source/Files_Application/sourceMain.c:6348:6:ReadEngHrs	8	static
../source/Files_Application/sourceMain.c:6384:6:ReadEngFuelRate	8	static
../source/Files_Application/sourceMain.c:6395:6:Validate_adc_counts	8	static
../source/Files_Application/sourceMain.c:6500:6:Adcdatavalidation	0	static
../source/Files_Application/sourceMain.c:6596:21:Filter_Engine_Speed1	0	static
../source/Files_Application/sourceMain.c:6670:21:Filter_Engine_Speed2	0	static
../source/Files_Application/sourceMain.c:6746:21:Filter_Engine_Speed_RPM	0	static
../source/Files_Application/sourceMain.c:6823:6:Calculate_distance_in_km_from_CAN_per_sec	8	static
../source/Files_Application/sourceMain.c:6839:6:Updatedistance	16	static
../source/Files_Application/sourceMain.c:6867:10:final_km_convertion	0	static
../source/Files_Application/sourceMain.c:6878:6:Distance_in_kilometer	8	static
../source/Files_Application/sourceMain.c:6905:6:PowerONGaugeRotation	16	static
../source/Files_Application/sourceMain.c:7053:6:fl_cpy_drv1_to_drv0	2776	static
../source/Files_Application/sourceMain.c:7094:13:PWM_DRV_Init3PhPwm	48	static
../source/Files_Application/sourceMain.c:7144:5:PWM_config	40	static
../source/Files_Application/sourceMain.c:7275:6:generate_pwm	16	static
../source/Files_Application/sourceMain.c:7306:6:set_brightness	8	static
../source/Files_Application/sourceMain.c:7349:6:write_value_to_Pendrv	32	static
../source/Files_Application/sourceMain.c:7387:6:write_string_to_Pendrv	8	static
../source/Files_Application/sourceMain.c:7421:6:Fault_logging	40	static
../source/Files_Application/sourceMain.c:7549:6:Data_logging	16	static
../source/Files_Application/sourceMain.c:7629:6:Swwh_logging	24	static
../source/Files_Application/sourceMain.c:7680:6:Decode_errorlog_array	32	static
../source/Files_Application/sourceMain.c:7770:6:Decode_datalog_array	24	static
../source/Files_Application/sourceMain.c:7849:6:Decode_swwhlog_array	16	static
../source/Files_Application/sourceMain.c:7875:6:SwwhHextoAscii	32	static
../source/Files_Application/sourceMain.c:7920:6:SwwhStringPrint	8	static
../source/Files_Application/sourceMain.c:7938:6:GenHextoAscii	32	static
../source/Files_Application/sourceMain.c:7984:6:GenStringPrint	8	static
../source/Files_Application/sourceMain.c:8001:6:Read_identification_details	64	static
../source/Files_Application/sourceMain.c:8043:6:datalog_write_idntfn_data_to_ext_memory	16	static
../source/Files_Application/sourceMain.c:8124:6:errorlog_write_idntfn_data_to_ext_memory	16	static
../source/Files_Application/sourceMain.c:8203:6:swwhlog_write_idntfn_data_to_ext_memory	16	static
../source/Files_Application/sourceMain.c:8283:6:rawcanlog_write_idntfn_data_to_ext_memory	16	static
../source/Files_Application/sourceMain.c:8362:6:write_one_errorlog_frame_to_pendrive	88	static
../source/Files_Application/sourceMain.c:8758:6:write_one_datalog_frame_to_pendrive	104	static
../source/Files_Application/sourceMain.c:9089:6:write_one_swwhlog_frame_to_pendrive	16	static
../source/Files_Application/sourceMain.c:9229:6:write_rawcan_frame_to_pendrive	64	static
../source/Files_Application/sourceMain.c:9330:6:Copy_datalog_file_to_pendrive	8	static
../source/Files_Application/sourceMain.c:9378:6:Copy_errorlog_file_to_pendrive	8	static
../source/Files_Application/sourceMain.c:9421:6:Copy_rawcanlog_file_to_pendrive	8	static
../source/Files_Application/sourceMain.c:9463:6:Copy_WorkingHrslog_file_to_pendrive	8	static
../source/Files_Application/sourceMain.c:9511:6:Logging	8	static
../source/Files_Application/sourceMain.c:9526:6:Copying_of_logged_data	8	static
../source/Files_Application/sourceMain.c:9659:6:Display_Errors	8	static
../source/Files_Application/sourceMain.c:9689:10:Re_asgn_Org_srs_addr_frm_dm1_array	0	static
../source/Files_Application/sourceMain.c:9717:10:Re_asgn_Org_srs_addr_frm_dm1_array_2	0	static
../source/Files_Application/sourceMain.c:9741:6:KeypadApplication	16	static
../source/Files_Application/sourceMain.c:9751:6:sendEngHrsRequest1	16	static
../source/Files_Application/sourceMain.c:9761:6:sendEngHrsRequest2	16	static
../source/Files_Application/sourceMain.c:9772:6:send_ToP_ToT	32	static
../source/Files_Application/sourceMain.c:9801:6:send_FueL_lvl	24	static
../source/Files_Application/sourceMain.c:9824:6:send_ECL_EOP	24	static
../source/Files_Application/sourceMain.c:9866:6:send_ParkBrkSw_and_VehicleSpd	16	static
../source/Files_Application/sourceMain.c:9913:6:send_AirFilClog	16	static
../source/Files_Application/sourceMain.c:9939:6:send_SeatBeltSw	16	static
../source/Files_Application/sourceMain.c:9967:6:send_ECT_EOT	24	static
../source/Files_Application/sourceMain.c:10010:6:send_E_N_G_SPD	24	static
../source/Files_Application/sourceMain.c:10040:6:send_TOFC	16	static
../source/Files_Application/sourceMain.c:10072:21:Filter_AIN1_counts	0	static
../source/Files_Application/sourceMain.c:10147:21:Filter_AIN2_counts	0	static
../source/Files_Application/sourceMain.c:10222:21:Filter_AIN3_counts	0	static
../source/Files_Application/sourceMain.c:10297:21:Filter_Battery_counts	0	static
../source/Files_Application/sourceMain.c:10372:6:Decide_eng_on_or_not	0	static
../source/Files_Application/sourceMain.c:10384:6:CheckEngRpm_is_coming	0	static
../source/Files_Application/sourceMain.c:10475:6:DisplayHrs	16	static
../source/Files_Application/sourceMain.c:10500:10:DisplayHoursUsingRTC	24	static
../source/Files_Application/sourceMain.c:10577:6:EngineHrs	16	static
../source/Files_Application/sourceMain.c:10605:10:EngineHoursUsingRTC	24	static
../source/Files_Application/sourceMain.c:10681:6:ADC_channel_processing	8	static
../source/Files_Application/sourceMain.c:10788:6:All_CAN_disconnected_counter	0	static
../source/Files_Application/sourceMain.c:10851:6:Reset_all_CAN_parameters	8	static
../source/Files_Application/sourceMain.c:10901:6:Reset_Engine_CAN_parameters	0	static
../source/Files_Application/sourceMain.c:10971:6:Reset_Transmission_CAN_parameters	0	static
../source/Files_Application/sourceMain.c:11016:6:Reset_Io_module_CAN_parameters	0	static
../source/Files_Application/sourceMain.c:11061:6:Reset_Sender_CAN_parameters	0	static
../source/Files_Application/sourceMain.c:11097:6:SeatBeltFlow	0	static
../source/Files_Application/sourceMain.c:11125:6:SeatbeltIconToggle	0	static
../source/Files_Application/sourceMain.c:11147:6:ErrorIconToggle	0	static
../source/Files_Application/sourceMain.c:11169:6:id_notset_Toggle	0	static
../source/Files_Application/sourceMain.c:11191:6:Condition_to_datalog	8	static
../source/Files_Application/sourceMain.c:11226:6:BUZZER_ENABLE	8	static
../source/Files_Application/sourceMain.c:11277:6:EopIconToggle	0	static
../source/Files_Application/sourceMain.c:11304:6:EctIconToggle	0	static
../source/Files_Application/sourceMain.c:11331:6:EotIconToggle	0	static
../source/Files_Application/sourceMain.c:11358:6:FuelIconToggle	0	static
../source/Files_Application/sourceMain.c:11385:6:TopIconToggle	0	static
../source/Files_Application/sourceMain.c:11412:6:TotIconToggle	0	static
../source/Files_Application/sourceMain.c:11439:6:EngOvrSpdIconToggle	0	static
../source/Files_Application/sourceMain.c:11466:6:workingHrsLogic	24	static
../source/Files_Application/sourceMain.c:12007:5:getDifference	40	static
../source/Files_Application/sourceMain.c:12036:5:countLeapYears	0	static
../source/Files_Application/sourceMain.c:12049:6:Store_Shifts_Started_Date	16	static
../source/Files_Application/sourceMain.c:12171:10:WorkingHrsCalculation	24	static
../source/Files_Application/sourceMain.c:12277:6:CBCReportPrint	8	static
../source/Files_Application/sourceMain.c:12290:6:Serial_TX	8	static
../source/Files_Application/sourceMain.c:12295:6:transmit_serial	8	static
../source/Files_Application/sourceMain.c:12303:6:str_tx	8	static
../source/Files_Application/sourceMain.c:12326:6:PowerOnReadForShiftHrs	24	static
