D:\IMXRT1050EVKB_Bootloader\BD155_P_V1_0_0\McuXpresso\VMS_Display_V0\CMSIS/core_cm7.h:1902:22:__NVIC_EnableIRQ	16	static
D:\IMXRT1050EVKB_Bootloader\BD155_P_V1_0_0\McuXpresso\VMS_Display_V0\CMSIS/core_cm7.h:2032:22:__NVIC_SetPriority	16	static
D:\IMXRT1050EVKB_Bootloader\BD155_P_V1_0_0\McuXpresso\VMS_Display_V0\drivers/fsl_clock.h:1112:20:CLOCK_SetMux	16	static
D:\IMXRT1050EVKB_Bootloader\BD155_P_V1_0_0\McuXpresso\VMS_Display_V0\drivers/fsl_clock.h:1150:20:CLOCK_SetDiv	16	static
D:\IMXRT1050EVKB_Bootloader\BD155_P_V1_0_0\McuXpresso\VMS_Display_V0\drivers/fsl_common_arm.h:488:24:EnableIRQ	8	static
D:\IMXRT1050EVKB_Bootloader\BD155_P_V1_0_0\McuXpresso\VMS_Display_V0\drivers/fsl_adc.h:275:24:ADC_GetChannelConversionValue	8	static
D:\IMXRT1050EVKB_Bootloader\BD155_P_V1_0_0\McuXpresso\VMS_Display_V0\drivers/fsl_adc.h:300:24:ADC_GetChannelStatusFlags	8	static
D:\IMXRT1050EVKB_Bootloader\BD155_P_V1_0_0\McuXpresso\VMS_Display_V0\drivers/fsl_adc.h:358:20:ADC_EnableHardwareTrigger	0	static
D:\IMXRT1050EVKB_Bootloader\BD155_P_V1_0_0\McuXpresso\VMS_Display_V0\drivers/fsl_gpio.h:101:20:GPIO_WritePinOutput	8	static
D:\IMXRT1050EVKB_Bootloader\BD155_P_V1_0_0\McuXpresso\VMS_Display_V0\drivers/fsl_gpio.h:205:23:GPIO_PinReadPadStatus	8	static
D:\IMXRT1050EVKB_Bootloader\BD155_P_V1_0_0\McuXpresso\VMS_Display_V0\drivers/fsl_gpio.h:216:23:GPIO_ReadPadStatus	8	static
D:\IMXRT1050EVKB_Bootloader\BD155_P_V1_0_0\McuXpresso\VMS_Display_V0\drivers/fsl_gpt.h:270:20:GPT_StartTimer	0	static
D:\IMXRT1050EVKB_Bootloader\BD155_P_V1_0_0\McuXpresso\VMS_Display_V0\drivers/fsl_qtmr.h:384:20:QTMR_StartTimer	0	static
D:\IMXRT1050EVKB_Bootloader\BD155_P_V1_0_0\McuXpresso\VMS_Display_V0\drivers/fsl_lpi2c.h:803:24:LPI2C_MasterRepeatedStart	8	static
D:\IMXRT1050EVKB_Bootloader\BD155_P_V1_0_0\McuXpresso\VMS_Display_V0\drivers/fsl_pwm.h:769:20:PWM_StartTimer	0	static
D:\IMXRT1050EVKB_Bootloader\BD155_P_V1_0_0\McuXpresso\VMS_Display_V0\drivers/fsl_pwm.h:886:20:PWM_SetPwmLdok	0	static
D:\IMXRT1050EVKB_Bootloader\BD155_P_V1_0_0\McuXpresso\VMS_Display_V0\drivers/fsl_pwm.h:953:20:PWM_SetupFaultDisableMap	8	static
../source/Files_Application/sourceMain.c:27:7:FLEXSPI_NorFlash_GetConfig	20	static
../source/Files_Application/sourceMain.c:236:7:error_trap	8	static
../source/Files_Application/sourceMain.c:249:7:app_finalize	8	static
../source/Files_Application/sourceMain.c:266:7:get_cache_status	0	static
../source/Files_Application/sourceMain.c:287:7:flexspi_nor_handle_cache	16	static
../source/Files_Application/sourceMain.c:331:7:HyperFlash	24	static
../source/Files_Application/sourceMain.c:492:7:ReadFromPendrive	584	static
../source/Files_Application/sourceMain.c:820:11:AsciiToDecimal	16	static
../source/Files_Application/sourceMain.c:877:10:ASCII2HEX	0	static
../source/Files_Application/sourceMain.c:894:6:BOARD_InitLcd	24	static
../source/Files_Application/sourceMain.c:924:6:BOARD_InitLcdifPixelClock	24	static
../source/Files_Application/sourceMain.c:958:6:BOARD_InitGPT	24	static
../source/Files_Application/sourceMain.c:976:6:USB_OTG1_IRQHandler	8	static
../source/Files_Application/sourceMain.c:981:6:USB_OTG2_IRQHandler	8	static
../source/Files_Application/sourceMain.c:986:6:USB_HostClockInit	16	static
../source/Files_Application/sourceMain.c:1007:6:USB_HostIsrEnable	16	static
../source/Files_Application/sourceMain.c:1024:6:USB_HostTaskFn	8	static
../source/Files_Application/sourceMain.c:1039:21:USB_HostEvent	8	static
../source/Files_Application/sourceMain.c:1126:13:USB_HostApplicationInit	8	static
../source/Files_Application/sourceMain.c:1148:6:TMR3_IRQHandler	8	static
../source/Files_Application/sourceMain.c:1159:6:SysTick_Handler	0	static
../source/Files_Application/sourceMain.c:1636:6:Min_max_gauge_values	8	static
../source/Files_Application/sourceMain.c:1720:5:main	8	static
../source/Files_Application/sourceMain.c:1797:13:get_user_application_entry	8	static
../source/Files_Application/sourceMain.c:1845:6:jump_to_hyperflash_location	16	static
../source/Files_Application/sourceMain.c:1916:6:Initialization	8	static
../source/Files_Application/sourceMain.c:2013:5:funcSdCardApplication	16	static
../source/Files_Application/sourceMain.c:2060:17:sdcardWaitCardInsert	16	static
../source/Files_Application/sourceMain.c:2088:6:VariablesInit	24	static
../source/Files_Application/sourceMain.c:2271:6:funcSdCardtest	8	static
../source/Files_Application/sourceMain.c:2376:6:Store_Dmlog_Frame_From_Into_SDCard	688	static
../source/Files_Application/sourceMain.c:2566:6:write_value_to_SDcard	32	static
../source/Files_Application/sourceMain.c:2595:6:write_string_to_SDcard	16	static
../source/Files_Application/sourceMain.c:2619:6:store_raw_can_data_into_sd_card	80	static
../source/Files_Application/sourceMain.c:2684:9:DetectSDCard	16	static
../source/Files_Application/sourceMain.c:2729:6:funcsdcardtrail	16	static
../source/Files_Application/sourceMain.c:2752:6:funcstore30secrawcandataintosdcard	8	static
../source/Files_Application/sourceMain.c:2785:6:funcstoreDM1faultmesgesintoSdcard	16	static
../source/Files_Application/sourceMain.c:2879:6:funcReadRawDatafromSdCard	16	static
../source/Files_Application/sourceMain.c:2924:6:funcReadFaultDatafromSdCard	16	static
../source/Files_Application/sourceMain.c:2969:6:funcWriteMinMaxToSdCard	176	static
../source/Files_Application/sourceMain.c:3000:6:funcWriteDataloggingToSdCard	176	static
../source/Files_Application/sourceMain.c:3033:6:store_minmax_to_sd_card	104	static
../source/Files_Application/sourceMain.c:3418:6:store_Datalogging_to_sd_card	104	static
../source/Files_Application/sourceMain.c:3843:6:FuncStringPrint	8	static
../source/Files_Application/sourceMain.c:3869:6:FuncfaultlogStringPrint	8	static
../source/Files_Application/sourceMain.c:3887:6:funcPrintParameterType	8	static
../source/Files_Application/sourceMain.c:3940:6:funcPrintErrorType	8	static
../source/Files_Application/sourceMain.c:3969:6:funcTempHextoAscii	32	static
../source/Files_Application/sourceMain.c:4030:6:funcfaultTempHextoAscii	32	static
../source/Files_Application/sourceMain.c:4076:6:funcReadMinMaxfromSDcard	16	static
../source/Files_Application/sourceMain.c:4116:6:funcReadDataLogfromSdCard	16	static
../source/Files_Application/sourceMain.c:4161:6:InitAdc	16	static
../source/Files_Application/sourceMain.c:4180:14:ReadADCValues	16	static
../source/Files_Application/sourceMain.c:4212:6:FreqCaptureInit	24	static
../source/Files_Application/sourceMain.c:4230:15:Readfrequency	8	static
../source/Files_Application/sourceMain.c:4268:6:I2cWrite	16	static
../source/Files_Application/sourceMain.c:4278:10:I2cRead	24	static
../source/Files_Application/sourceMain.c:4291:6:WriteRTC	8	static
../source/Files_Application/sourceMain.c:4326:6:ReadRTC	32	static
../source/Files_Application/sourceMain.c:4363:10:bcd2bin	0	static
../source/Files_Application/sourceMain.c:4382:9:hexa2bcd_rtc	0	static
../source/Files_Application/sourceMain.c:4397:9:decimalToBCD	0	static
../source/Files_Application/sourceMain.c:4431:11:hexa2bcd	0	static
../source/Files_Application/sourceMain.c:4444:6:RTCInit	8	static
../source/Files_Application/sourceMain.c:4456:6:Max22190Init	8	static
../source/Files_Application/sourceMain.c:4478:6:WriteSpiMax22190	16	static
../source/Files_Application/sourceMain.c:4489:6:ClockDataOut	16	static
../source/Files_Application/sourceMain.c:4508:10:Max22190DeviceProcess	16	static
../source/Files_Application/sourceMain.c:4534:9:ClockDataIn	16	static
../source/Files_Application/sourceMain.c:4559:6:DelayUs1	8	static
../source/Files_Application/sourceMain.c:4571:6:ReadandProcessallADCchannels	8	static
../source/Files_Application/sourceMain.c:4656:6:funcProcessCOTValue	16	static
../source/Files_Application/sourceMain.c:4690:6:funcProcessEOPValue	8	static
../source/Files_Application/sourceMain.c:4757:6:funcProcessBatteryVolValue	8	static
../source/Files_Application/sourceMain.c:4785:6:ConvertFREQtoRPM	8	static
../source/Files_Application/sourceMain.c:4794:6:funcProcessTOPValue	8	static
../source/Files_Application/sourceMain.c:4827:6:funcMUXSelected	8	static
../source/Files_Application/sourceMain.c:4883:6:ReadandProcessDigitalIO	8	static
../source/Files_Application/sourceMain.c:5016:6:ProcessDM1faultfromVMS	8	static
../source/Files_Application/sourceMain.c:5742:6:StoreDM1faultfromVMS	24	static
../source/Files_Application/sourceMain.c:5818:6:Indicatefaultsymbols	8	static
../source/Files_Application/sourceMain.c:5946:6:Writedataintofram	16	static
../source/Files_Application/sourceMain.c:6023:6:Poweronreaddatafromfram	24	static
../source/Files_Application/sourceMain.c:6172:6:ReadDisplayHrs	8	static
../source/Files_Application/sourceMain.c:6197:6:ReadEngHrs	8	static
../source/Files_Application/sourceMain.c:6233:6:ReadEngFuelRate	8	static
../source/Files_Application/sourceMain.c:6244:6:Validate_adc_counts	8	static
../source/Files_Application/sourceMain.c:6349:6:Adcdatavalidation	0	static
../source/Files_Application/sourceMain.c:6445:21:Filter_Engine_Speed1	0	static
../source/Files_Application/sourceMain.c:6519:21:Filter_Engine_Speed2	0	static
../source/Files_Application/sourceMain.c:6595:21:Filter_Engine_Speed_RPM	0	static
../source/Files_Application/sourceMain.c:6672:6:Calculate_distance_in_km_from_CAN_per_sec	8	static
../source/Files_Application/sourceMain.c:6688:6:Updatedistance	16	static
../source/Files_Application/sourceMain.c:6716:10:final_km_convertion	0	static
../source/Files_Application/sourceMain.c:6727:6:Distance_in_kilometer	8	static
../source/Files_Application/sourceMain.c:6754:6:PowerONGaugeRotation	16	static
../source/Files_Application/sourceMain.c:6902:6:fl_cpy_drv1_to_drv0	2776	static
../source/Files_Application/sourceMain.c:6943:13:PWM_DRV_Init3PhPwm	48	static
../source/Files_Application/sourceMain.c:6993:5:PWM_config	40	static
../source/Files_Application/sourceMain.c:7124:6:generate_pwm	16	static
../source/Files_Application/sourceMain.c:7155:6:set_brightness	8	static
../source/Files_Application/sourceMain.c:7198:6:write_value_to_Pendrv	32	static
../source/Files_Application/sourceMain.c:7236:6:write_string_to_Pendrv	8	static
../source/Files_Application/sourceMain.c:7270:6:Fault_logging	40	static
../source/Files_Application/sourceMain.c:7398:6:Data_logging	16	static
../source/Files_Application/sourceMain.c:7478:6:Swwh_logging	24	static
../source/Files_Application/sourceMain.c:7529:6:Decode_errorlog_array	32	static
../source/Files_Application/sourceMain.c:7619:6:Decode_datalog_array	24	static
../source/Files_Application/sourceMain.c:7698:6:Decode_swwhlog_array	16	static
../source/Files_Application/sourceMain.c:7724:6:SwwhHextoAscii	32	static
../source/Files_Application/sourceMain.c:7769:6:SwwhStringPrint	8	static
../source/Files_Application/sourceMain.c:7787:6:GenHextoAscii	32	static
../source/Files_Application/sourceMain.c:7833:6:GenStringPrint	8	static
../source/Files_Application/sourceMain.c:7850:6:Read_identification_details	64	static
../source/Files_Application/sourceMain.c:7892:6:datalog_write_idntfn_data_to_ext_memory	16	static
../source/Files_Application/sourceMain.c:7973:6:errorlog_write_idntfn_data_to_ext_memory	16	static
../source/Files_Application/sourceMain.c:8052:6:swwhlog_write_idntfn_data_to_ext_memory	16	static
../source/Files_Application/sourceMain.c:8132:6:rawcanlog_write_idntfn_data_to_ext_memory	16	static
../source/Files_Application/sourceMain.c:8211:6:write_one_errorlog_frame_to_pendrive	88	static
../source/Files_Application/sourceMain.c:8607:6:write_one_datalog_frame_to_pendrive	104	static
../source/Files_Application/sourceMain.c:8938:6:write_one_swwhlog_frame_to_pendrive	16	static
../source/Files_Application/sourceMain.c:9078:6:write_rawcan_frame_to_pendrive	64	static
../source/Files_Application/sourceMain.c:9179:6:Copy_datalog_file_to_pendrive	8	static
../source/Files_Application/sourceMain.c:9227:6:Copy_errorlog_file_to_pendrive	8	static
../source/Files_Application/sourceMain.c:9270:6:Copy_rawcanlog_file_to_pendrive	8	static
../source/Files_Application/sourceMain.c:9312:6:Copy_WorkingHrslog_file_to_pendrive	8	static
../source/Files_Application/sourceMain.c:9360:6:Logging	8	static
../source/Files_Application/sourceMain.c:9375:6:Copying_of_logged_data	8	static
../source/Files_Application/sourceMain.c:9508:6:Display_Errors	8	static
../source/Files_Application/sourceMain.c:9538:10:Re_asgn_Org_srs_addr_frm_dm1_array	0	static
../source/Files_Application/sourceMain.c:9566:10:Re_asgn_Org_srs_addr_frm_dm1_array_2	0	static
../source/Files_Application/sourceMain.c:9590:6:KeypadApplication	16	static
../source/Files_Application/sourceMain.c:9600:6:sendEngHrsRequest1	16	static
../source/Files_Application/sourceMain.c:9610:6:sendEngHrsRequest2	16	static
../source/Files_Application/sourceMain.c:9621:6:send_ToP_ToT	32	static
../source/Files_Application/sourceMain.c:9650:6:send_FueL_lvl	24	static
../source/Files_Application/sourceMain.c:9673:6:send_ECL_EOP	24	static
../source/Files_Application/sourceMain.c:9715:6:send_ParkBrkSw_and_VehicleSpd	16	static
../source/Files_Application/sourceMain.c:9762:6:send_AirFilClog	16	static
../source/Files_Application/sourceMain.c:9788:6:send_SeatBeltSw	16	static
../source/Files_Application/sourceMain.c:9816:6:send_ECT_EOT	24	static
../source/Files_Application/sourceMain.c:9859:6:send_E_N_G_SPD	24	static
../source/Files_Application/sourceMain.c:9889:6:send_TOFC	16	static
../source/Files_Application/sourceMain.c:9921:21:Filter_AIN1_counts	0	static
../source/Files_Application/sourceMain.c:9996:21:Filter_AIN2_counts	0	static
../source/Files_Application/sourceMain.c:10071:21:Filter_AIN3_counts	0	static
../source/Files_Application/sourceMain.c:10146:21:Filter_Battery_counts	0	static
../source/Files_Application/sourceMain.c:10221:6:Decide_eng_on_or_not	0	static
../source/Files_Application/sourceMain.c:10233:6:CheckEngRpm_is_coming	0	static
../source/Files_Application/sourceMain.c:10324:6:DisplayHrs	16	static
../source/Files_Application/sourceMain.c:10349:10:DisplayHoursUsingRTC	24	static
../source/Files_Application/sourceMain.c:10426:6:EngineHrs	16	static
../source/Files_Application/sourceMain.c:10454:10:EngineHoursUsingRTC	24	static
../source/Files_Application/sourceMain.c:10530:6:ADC_channel_processing	8	static
../source/Files_Application/sourceMain.c:10637:6:All_CAN_disconnected_counter	0	static
../source/Files_Application/sourceMain.c:10700:6:Reset_all_CAN_parameters	8	static
../source/Files_Application/sourceMain.c:10750:6:Reset_Engine_CAN_parameters	0	static
../source/Files_Application/sourceMain.c:10820:6:Reset_Transmission_CAN_parameters	0	static
../source/Files_Application/sourceMain.c:10865:6:Reset_Io_module_CAN_parameters	0	static
../source/Files_Application/sourceMain.c:10910:6:Reset_Sender_CAN_parameters	0	static
../source/Files_Application/sourceMain.c:10946:6:SeatBeltFlow	0	static
../source/Files_Application/sourceMain.c:10974:6:SeatbeltIconToggle	0	static
../source/Files_Application/sourceMain.c:10996:6:ErrorIconToggle	0	static
../source/Files_Application/sourceMain.c:11018:6:id_notset_Toggle	0	static
../source/Files_Application/sourceMain.c:11040:6:Condition_to_datalog	8	static
../source/Files_Application/sourceMain.c:11075:6:BUZZER_ENABLE	8	static
../source/Files_Application/sourceMain.c:11126:6:EopIconToggle	0	static
../source/Files_Application/sourceMain.c:11153:6:EctIconToggle	0	static
../source/Files_Application/sourceMain.c:11180:6:EotIconToggle	0	static
../source/Files_Application/sourceMain.c:11207:6:FuelIconToggle	0	static
../source/Files_Application/sourceMain.c:11234:6:TopIconToggle	0	static
../source/Files_Application/sourceMain.c:11261:6:TotIconToggle	0	static
../source/Files_Application/sourceMain.c:11288:6:EngOvrSpdIconToggle	0	static
../source/Files_Application/sourceMain.c:11315:6:workingHrsLogic	24	static
../source/Files_Application/sourceMain.c:11856:5:getDifference	40	static
../source/Files_Application/sourceMain.c:11885:5:countLeapYears	0	static
../source/Files_Application/sourceMain.c:11898:6:Store_Shifts_Started_Date	16	static
../source/Files_Application/sourceMain.c:12020:10:WorkingHrsCalculation	24	static
../source/Files_Application/sourceMain.c:12126:6:CBCReportPrint	8	static
../source/Files_Application/sourceMain.c:12139:6:Serial_TX	8	static
../source/Files_Application/sourceMain.c:12144:6:transmit_serial	8	static
../source/Files_Application/sourceMain.c:12152:6:str_tx	8	static
../source/Files_Application/sourceMain.c:12175:6:PowerOnReadForShiftHrs	24	static
