D:\IMXRT1050EVKB_Bootloader\BD155_P_V1_0_0\McuXpresso\VMS_Display_V0\CMSIS/core_cm7.h:1902:22:__NVIC_EnableIRQ	16	static
D:\IMXRT1050EVKB_Bootloader\BD155_P_V1_0_0\McuXpresso\VMS_Display_V0\CMSIS/core_cm7.h:1940:22:__NVIC_DisableIRQ	16	static
D:\IMXRT1050EVKB_Bootloader\BD155_P_V1_0_0\McuXpresso\VMS_Display_V0\CMSIS/core_cm7.h:2032:22:__NVIC_SetPriority	16	static
D:\IMXRT1050EVKB_Bootloader\BD155_P_V1_0_0\McuXpresso\VMS_Display_V0\drivers/fsl_common_arm.h:210:20:_SDK_AtomicLocalClearAndSet4Byte	4	static
D:\IMXRT1050EVKB_Bootloader\BD155_P_V1_0_0\McuXpresso\VMS_Display_V0\drivers/fsl_clock.h:1112:20:CLOCK_SetMux	16	static
D:\IMXRT1050EVKB_Bootloader\BD155_P_V1_0_0\McuXpresso\VMS_Display_V0\drivers/fsl_clock.h:1150:20:CLOCK_SetDiv	16	static
D:\IMXRT1050EVKB_Bootloader\BD155_P_V1_0_0\McuXpresso\VMS_Display_V0\drivers/fsl_clock.h:1186:20:CLOCK_ControlGate	8	static
D:\IMXRT1050EVKB_Bootloader\BD155_P_V1_0_0\McuXpresso\VMS_Display_V0\drivers/fsl_clock.h:1213:20:CLOCK_DisableClock	8	static
D:\IMXRT1050EVKB_Bootloader\BD155_P_V1_0_0\McuXpresso\VMS_Display_V0\drivers/fsl_common_arm.h:488:24:EnableIRQ	8	static
D:\IMXRT1050EVKB_Bootloader\BD155_P_V1_0_0\McuXpresso\VMS_Display_V0\drivers/fsl_common_arm.h:532:24:DisableIRQ	8	static
D:\IMXRT1050EVKB_Bootloader\BD155_P_V1_0_0\McuXpresso\VMS_Display_V0\drivers/fsl_adc.h:275:24:ADC_GetChannelConversionValue	8	static
D:\IMXRT1050EVKB_Bootloader\BD155_P_V1_0_0\McuXpresso\VMS_Display_V0\drivers/fsl_adc.h:300:24:ADC_GetChannelStatusFlags	8	static
D:\IMXRT1050EVKB_Bootloader\BD155_P_V1_0_0\McuXpresso\VMS_Display_V0\drivers/fsl_adc.h:358:20:ADC_EnableHardwareTrigger	0	static
D:\IMXRT1050EVKB_Bootloader\BD155_P_V1_0_0\McuXpresso\VMS_Display_V0\drivers/fsl_gpio.h:101:20:GPIO_WritePinOutput	8	static
D:\IMXRT1050EVKB_Bootloader\BD155_P_V1_0_0\McuXpresso\VMS_Display_V0\drivers/fsl_gpio.h:205:23:GPIO_PinReadPadStatus	8	static
D:\IMXRT1050EVKB_Bootloader\BD155_P_V1_0_0\McuXpresso\VMS_Display_V0\drivers/fsl_gpio.h:216:23:GPIO_ReadPadStatus	8	static
D:\IMXRT1050EVKB_Bootloader\BD155_P_V1_0_0\McuXpresso\VMS_Display_V0\drivers/fsl_gpt.h:270:20:GPT_StartTimer	0	static
D:\IMXRT1050EVKB_Bootloader\BD155_P_V1_0_0\McuXpresso\VMS_Display_V0\drivers/fsl_qtmr.h:384:20:QTMR_StartTimer	0	static
D:\IMXRT1050EVKB_Bootloader\BD155_P_V1_0_0\McuXpresso\VMS_Display_V0\drivers/fsl_lpi2c.h:803:24:LPI2C_MasterRepeatedStart	8	static
D:\IMXRT1050EVKB_Bootloader\BD155_P_V1_0_0\McuXpresso\VMS_Display_V0\drivers/fsl_pwm.h:769:20:PWM_StartTimer	0	static
D:\IMXRT1050EVKB_Bootloader\BD155_P_V1_0_0\McuXpresso\VMS_Display_V0\drivers/fsl_pwm.h:886:20:PWM_SetPwmLdok	0	static
D:\IMXRT1050EVKB_Bootloader\BD155_P_V1_0_0\McuXpresso\VMS_Display_V0\drivers/fsl_pwm.h:953:20:PWM_SetupFaultDisableMap	8	static
../source/Files_Application/sourceMain.c:35:7:FLEXSPI_NorFlash_GetConfig	20	static
../source/Files_Application/sourceMain.c:244:7:error_trap	8	static
../source/Files_Application/sourceMain.c:257:7:app_finalize	8	static
../source/Files_Application/sourceMain.c:274:7:get_cache_status	0	static
../source/Files_Application/sourceMain.c:295:7:flexspi_nor_handle_cache	16	static
../source/Files_Application/sourceMain.c:339:7:HyperFlash	24	static
../source/Files_Application/sourceMain.c:500:7:ReadFromPendrive	592	static
../source/Files_Application/sourceMain.c:720:7:jump_to_hyperflash_location	24	static
../source/Files_Application/sourceMain.c:879:14:get_user_application_entry	8	static
../source/Files_Application/sourceMain.c:925:11:AsciiToDecimal	16	static
../source/Files_Application/sourceMain.c:982:10:ASCII2HEX	0	static
../source/Files_Application/sourceMain.c:999:6:BOARD_InitLcd	24	static
../source/Files_Application/sourceMain.c:1029:6:BOARD_InitLcdifPixelClock	24	static
../source/Files_Application/sourceMain.c:1063:6:BOARD_InitGPT	24	static
../source/Files_Application/sourceMain.c:1081:6:USB_OTG1_IRQHandler	8	static
../source/Files_Application/sourceMain.c:1086:6:USB_OTG2_IRQHandler	8	static
../source/Files_Application/sourceMain.c:1091:6:USB_HostClockInit	16	static
../source/Files_Application/sourceMain.c:1112:6:USB_HostIsrEnable	16	static
../source/Files_Application/sourceMain.c:1129:6:USB_HostTaskFn	8	static
../source/Files_Application/sourceMain.c:1144:21:USB_HostEvent	8	static
../source/Files_Application/sourceMain.c:1231:13:USB_HostApplicationInit	8	static
../source/Files_Application/sourceMain.c:1253:6:TMR3_IRQHandler	8	static
../source/Files_Application/sourceMain.c:1264:6:SysTick_Handler	8	static
../source/Files_Application/sourceMain.c:1741:6:Min_max_gauge_values	8	static
../source/Files_Application/sourceMain.c:1825:5:main	8	static
../source/Files_Application/sourceMain.c:1895:6:Initialization	8	static
../source/Files_Application/sourceMain.c:1996:5:funcSdCardApplication	16	static
../source/Files_Application/sourceMain.c:2043:17:sdcardWaitCardInsert	16	static
../source/Files_Application/sourceMain.c:2071:6:VariablesInit	24	static
../source/Files_Application/sourceMain.c:2254:6:funcSdCardtest	8	static
../source/Files_Application/sourceMain.c:2359:6:Store_Dmlog_Frame_From_Into_SDCard	688	static
../source/Files_Application/sourceMain.c:2549:6:write_value_to_SDcard	32	static
../source/Files_Application/sourceMain.c:2578:6:write_string_to_SDcard	16	static
../source/Files_Application/sourceMain.c:2602:6:store_raw_can_data_into_sd_card	80	static
../source/Files_Application/sourceMain.c:2667:9:DetectSDCard	16	static
../source/Files_Application/sourceMain.c:2712:6:funcsdcardtrail	16	static
../source/Files_Application/sourceMain.c:2735:6:funcstore30secrawcandataintosdcard	8	static
../source/Files_Application/sourceMain.c:2768:6:funcstoreDM1faultmesgesintoSdcard	16	static
../source/Files_Application/sourceMain.c:2862:6:funcReadRawDatafromSdCard	16	static
../source/Files_Application/sourceMain.c:2907:6:funcReadFaultDatafromSdCard	16	static
../source/Files_Application/sourceMain.c:2952:6:funcWriteMinMaxToSdCard	176	static
../source/Files_Application/sourceMain.c:2983:6:funcWriteDataloggingToSdCard	176	static
../source/Files_Application/sourceMain.c:3016:6:store_minmax_to_sd_card	104	static
../source/Files_Application/sourceMain.c:3401:6:store_Datalogging_to_sd_card	104	static
../source/Files_Application/sourceMain.c:3826:6:FuncStringPrint	8	static
../source/Files_Application/sourceMain.c:3852:6:FuncfaultlogStringPrint	8	static
../source/Files_Application/sourceMain.c:3870:6:funcPrintParameterType	8	static
../source/Files_Application/sourceMain.c:3923:6:funcPrintErrorType	8	static
../source/Files_Application/sourceMain.c:3952:6:funcTempHextoAscii	32	static
../source/Files_Application/sourceMain.c:4013:6:funcfaultTempHextoAscii	32	static
../source/Files_Application/sourceMain.c:4059:6:funcReadMinMaxfromSDcard	16	static
../source/Files_Application/sourceMain.c:4099:6:funcReadDataLogfromSdCard	16	static
../source/Files_Application/sourceMain.c:4144:6:InitAdc	16	static
../source/Files_Application/sourceMain.c:4163:14:ReadADCValues	16	static
../source/Files_Application/sourceMain.c:4195:6:FreqCaptureInit	24	static
../source/Files_Application/sourceMain.c:4213:15:Readfrequency	8	static
../source/Files_Application/sourceMain.c:4251:6:I2cWrite	16	static
../source/Files_Application/sourceMain.c:4261:10:I2cRead	24	static
../source/Files_Application/sourceMain.c:4274:6:WriteRTC	8	static
../source/Files_Application/sourceMain.c:4309:6:ReadRTC	32	static
../source/Files_Application/sourceMain.c:4346:10:bcd2bin	0	static
../source/Files_Application/sourceMain.c:4365:9:hexa2bcd_rtc	0	static
../source/Files_Application/sourceMain.c:4380:9:decimalToBCD	0	static
../source/Files_Application/sourceMain.c:4414:11:hexa2bcd	0	static
../source/Files_Application/sourceMain.c:4427:6:RTCInit	8	static
../source/Files_Application/sourceMain.c:4439:6:Max22190Init	8	static
../source/Files_Application/sourceMain.c:4461:6:WriteSpiMax22190	16	static
../source/Files_Application/sourceMain.c:4472:6:ClockDataOut	16	static
../source/Files_Application/sourceMain.c:4491:10:Max22190DeviceProcess	16	static
../source/Files_Application/sourceMain.c:4517:9:ClockDataIn	16	static
../source/Files_Application/sourceMain.c:4542:6:DelayUs1	8	static
../source/Files_Application/sourceMain.c:4554:6:ReadandProcessallADCchannels	8	static
../source/Files_Application/sourceMain.c:4639:6:funcProcessCOTValue	16	static
../source/Files_Application/sourceMain.c:4673:6:funcProcessEOPValue	8	static
../source/Files_Application/sourceMain.c:4740:6:funcProcessBatteryVolValue	8	static
../source/Files_Application/sourceMain.c:4768:6:ConvertFREQtoRPM	8	static
../source/Files_Application/sourceMain.c:4777:6:funcProcessTOPValue	8	static
../source/Files_Application/sourceMain.c:4810:6:funcMUXSelected	8	static
../source/Files_Application/sourceMain.c:4866:6:ReadandProcessDigitalIO	8	static
../source/Files_Application/sourceMain.c:4999:6:ProcessDM1faultfromVMS	8	static
../source/Files_Application/sourceMain.c:5725:6:StoreDM1faultfromVMS	24	static
../source/Files_Application/sourceMain.c:5801:6:Indicatefaultsymbols	8	static
../source/Files_Application/sourceMain.c:5929:6:Writedataintofram	16	static
../source/Files_Application/sourceMain.c:6006:6:Poweronreaddatafromfram	24	static
../source/Files_Application/sourceMain.c:6155:6:ReadDisplayHrs	8	static
../source/Files_Application/sourceMain.c:6180:6:ReadEngHrs	8	static
../source/Files_Application/sourceMain.c:6216:6:ReadEngFuelRate	8	static
../source/Files_Application/sourceMain.c:6227:6:Validate_adc_counts	8	static
../source/Files_Application/sourceMain.c:6332:6:Adcdatavalidation	0	static
../source/Files_Application/sourceMain.c:6428:21:Filter_Engine_Speed1	0	static
../source/Files_Application/sourceMain.c:6502:21:Filter_Engine_Speed2	0	static
../source/Files_Application/sourceMain.c:6578:21:Filter_Engine_Speed_RPM	0	static
../source/Files_Application/sourceMain.c:6655:6:Calculate_distance_in_km_from_CAN_per_sec	8	static
../source/Files_Application/sourceMain.c:6671:6:Updatedistance	16	static
../source/Files_Application/sourceMain.c:6699:10:final_km_convertion	0	static
../source/Files_Application/sourceMain.c:6710:6:Distance_in_kilometer	8	static
../source/Files_Application/sourceMain.c:6737:6:PowerONGaugeRotation	16	static
../source/Files_Application/sourceMain.c:6885:6:fl_cpy_drv1_to_drv0	2776	static
../source/Files_Application/sourceMain.c:6926:13:PWM_DRV_Init3PhPwm	48	static
../source/Files_Application/sourceMain.c:6976:5:PWM_config	40	static
../source/Files_Application/sourceMain.c:7107:6:generate_pwm	16	static
../source/Files_Application/sourceMain.c:7138:6:set_brightness	8	static
../source/Files_Application/sourceMain.c:7181:6:write_value_to_Pendrv	32	static
../source/Files_Application/sourceMain.c:7219:6:write_string_to_Pendrv	8	static
../source/Files_Application/sourceMain.c:7253:6:Fault_logging	40	static
../source/Files_Application/sourceMain.c:7381:6:Data_logging	16	static
../source/Files_Application/sourceMain.c:7461:6:Swwh_logging	24	static
../source/Files_Application/sourceMain.c:7512:6:Decode_errorlog_array	32	static
../source/Files_Application/sourceMain.c:7602:6:Decode_datalog_array	24	static
../source/Files_Application/sourceMain.c:7681:6:Decode_swwhlog_array	16	static
../source/Files_Application/sourceMain.c:7707:6:SwwhHextoAscii	32	static
../source/Files_Application/sourceMain.c:7752:6:SwwhStringPrint	8	static
../source/Files_Application/sourceMain.c:7770:6:GenHextoAscii	32	static
../source/Files_Application/sourceMain.c:7816:6:GenStringPrint	8	static
../source/Files_Application/sourceMain.c:7833:6:Read_identification_details	64	static
../source/Files_Application/sourceMain.c:7875:6:datalog_write_idntfn_data_to_ext_memory	16	static
../source/Files_Application/sourceMain.c:7956:6:errorlog_write_idntfn_data_to_ext_memory	16	static
../source/Files_Application/sourceMain.c:8035:6:swwhlog_write_idntfn_data_to_ext_memory	16	static
../source/Files_Application/sourceMain.c:8115:6:rawcanlog_write_idntfn_data_to_ext_memory	16	static
../source/Files_Application/sourceMain.c:8194:6:write_one_errorlog_frame_to_pendrive	88	static
../source/Files_Application/sourceMain.c:8590:6:write_one_datalog_frame_to_pendrive	104	static
../source/Files_Application/sourceMain.c:8921:6:write_one_swwhlog_frame_to_pendrive	16	static
../source/Files_Application/sourceMain.c:9061:6:write_rawcan_frame_to_pendrive	64	static
../source/Files_Application/sourceMain.c:9162:6:Copy_datalog_file_to_pendrive	8	static
../source/Files_Application/sourceMain.c:9210:6:Copy_errorlog_file_to_pendrive	8	static
../source/Files_Application/sourceMain.c:9253:6:Copy_rawcanlog_file_to_pendrive	8	static
../source/Files_Application/sourceMain.c:9295:6:Copy_WorkingHrslog_file_to_pendrive	8	static
../source/Files_Application/sourceMain.c:9343:6:Logging	8	static
../source/Files_Application/sourceMain.c:9358:6:Copying_of_logged_data	8	static
../source/Files_Application/sourceMain.c:9491:6:Display_Errors	8	static
../source/Files_Application/sourceMain.c:9521:10:Re_asgn_Org_srs_addr_frm_dm1_array	0	static
../source/Files_Application/sourceMain.c:9549:10:Re_asgn_Org_srs_addr_frm_dm1_array_2	0	static
../source/Files_Application/sourceMain.c:9573:6:KeypadApplication	16	static
../source/Files_Application/sourceMain.c:9583:6:sendEngHrsRequest1	16	static
../source/Files_Application/sourceMain.c:9593:6:sendEngHrsRequest2	16	static
../source/Files_Application/sourceMain.c:9604:6:send_ToP_ToT	32	static
../source/Files_Application/sourceMain.c:9633:6:send_FueL_lvl	24	static
../source/Files_Application/sourceMain.c:9656:6:send_ECL_EOP	24	static
../source/Files_Application/sourceMain.c:9698:6:send_ParkBrkSw_and_VehicleSpd	16	static
../source/Files_Application/sourceMain.c:9745:6:send_AirFilClog	16	static
../source/Files_Application/sourceMain.c:9771:6:send_SeatBeltSw	16	static
../source/Files_Application/sourceMain.c:9799:6:send_ECT_EOT	24	static
../source/Files_Application/sourceMain.c:9842:6:send_E_N_G_SPD	24	static
../source/Files_Application/sourceMain.c:9872:6:send_TOFC	16	static
../source/Files_Application/sourceMain.c:9904:21:Filter_AIN1_counts	0	static
../source/Files_Application/sourceMain.c:9979:21:Filter_AIN2_counts	0	static
../source/Files_Application/sourceMain.c:10054:21:Filter_AIN3_counts	0	static
../source/Files_Application/sourceMain.c:10129:21:Filter_Battery_counts	0	static
../source/Files_Application/sourceMain.c:10204:6:Decide_eng_on_or_not	0	static
../source/Files_Application/sourceMain.c:10216:6:CheckEngRpm_is_coming	0	static
../source/Files_Application/sourceMain.c:10307:6:DisplayHrs	16	static
../source/Files_Application/sourceMain.c:10332:10:DisplayHoursUsingRTC	24	static
../source/Files_Application/sourceMain.c:10409:6:EngineHrs	16	static
../source/Files_Application/sourceMain.c:10437:10:EngineHoursUsingRTC	24	static
../source/Files_Application/sourceMain.c:10513:6:ADC_channel_processing	8	static
../source/Files_Application/sourceMain.c:10620:6:All_CAN_disconnected_counter	0	static
../source/Files_Application/sourceMain.c:10683:6:Reset_all_CAN_parameters	8	static
../source/Files_Application/sourceMain.c:10733:6:Reset_Engine_CAN_parameters	0	static
../source/Files_Application/sourceMain.c:10803:6:Reset_Transmission_CAN_parameters	0	static
../source/Files_Application/sourceMain.c:10848:6:Reset_Io_module_CAN_parameters	0	static
../source/Files_Application/sourceMain.c:10893:6:Reset_Sender_CAN_parameters	0	static
../source/Files_Application/sourceMain.c:10929:6:SeatBeltFlow	0	static
../source/Files_Application/sourceMain.c:10957:6:SeatbeltIconToggle	0	static
../source/Files_Application/sourceMain.c:10979:6:ErrorIconToggle	0	static
../source/Files_Application/sourceMain.c:11001:6:id_notset_Toggle	0	static
../source/Files_Application/sourceMain.c:11023:6:Condition_to_datalog	8	static
../source/Files_Application/sourceMain.c:11058:6:BUZZER_ENABLE	8	static
../source/Files_Application/sourceMain.c:11109:6:EopIconToggle	0	static
../source/Files_Application/sourceMain.c:11136:6:EctIconToggle	0	static
../source/Files_Application/sourceMain.c:11163:6:EotIconToggle	0	static
../source/Files_Application/sourceMain.c:11190:6:FuelIconToggle	0	static
../source/Files_Application/sourceMain.c:11217:6:TopIconToggle	0	static
../source/Files_Application/sourceMain.c:11244:6:TotIconToggle	0	static
../source/Files_Application/sourceMain.c:11271:6:EngOvrSpdIconToggle	0	static
../source/Files_Application/sourceMain.c:11298:6:workingHrsLogic	24	static
../source/Files_Application/sourceMain.c:11839:5:getDifference	40	static
../source/Files_Application/sourceMain.c:11868:5:countLeapYears	0	static
../source/Files_Application/sourceMain.c:11881:6:Store_Shifts_Started_Date	16	static
../source/Files_Application/sourceMain.c:12003:10:WorkingHrsCalculation	24	static
../source/Files_Application/sourceMain.c:12109:6:CBCReportPrint	8	static
../source/Files_Application/sourceMain.c:12122:6:Serial_TX	8	static
../source/Files_Application/sourceMain.c:12127:6:transmit_serial	8	static
../source/Files_Application/sourceMain.c:12135:6:str_tx	8	static
../source/Files_Application/sourceMain.c:12158:6:PowerOnReadForShiftHrs	24	static
