D:\IMXRT1050EVKB_Bootloader\BD155_P_V1_0_0\McuXpresso\VMS_Display_V0\CMSIS/core_cm7.h:1902:22:__NVIC_EnableIRQ	16	static
D:\IMXRT1050EVKB_Bootloader\BD155_P_V1_0_0\McuXpresso\VMS_Display_V0\CMSIS/core_cm7.h:2032:22:__NVIC_SetPriority	16	static
D:\IMXRT1050EVKB_Bootloader\BD155_P_V1_0_0\McuXpresso\VMS_Display_V0\drivers/fsl_clock.h:1112:20:CLOCK_SetMux	16	static
D:\IMXRT1050EVKB_Bootloader\BD155_P_V1_0_0\McuXpresso\VMS_Display_V0\drivers/fsl_clock.h:1150:20:CLOCK_SetDiv	16	static
D:\IMXRT1050EVKB_Bootloader\BD155_P_V1_0_0\McuXpresso\VMS_Display_V0\drivers/fsl_common_arm.h:488:24:EnableIRQ	8	static
D:\IMXRT1050EVKB_Bootloader\BD155_P_V1_0_0\McuXpresso\VMS_Display_V0\drivers/fsl_adc.h:275:24:ADC_GetChannelConversionValue	8	static
D:\IMXRT1050EVKB_Bootloader\BD155_P_V1_0_0\McuXpresso\VMS_Display_V0\drivers/fsl_adc.h:300:24:ADC_GetChannelStatusFlags	8	static
D:\IMXRT1050EVKB_Bootloader\BD155_P_V1_0_0\McuXpresso\VMS_Display_V0\drivers/fsl_adc.h:358:20:ADC_EnableHardwareTrigger	0	static
D:\IMXRT1050EVKB_Bootloader\BD155_P_V1_0_0\McuXpresso\VMS_Display_V0\drivers/fsl_gpio.h:101:20:GPIO_WritePinOutput	8	static
D:\IMXRT1050EVKB_Bootloader\BD155_P_V1_0_0\McuXpresso\VMS_Display_V0\drivers/fsl_gpio.h:205:23:GPIO_PinReadPadStatus	8	static
D:\IMXRT1050EVKB_Bootloader\BD155_P_V1_0_0\McuXpresso\VMS_Display_V0\drivers/fsl_gpio.h:216:23:GPIO_ReadPadStatus	8	static
D:\IMXRT1050EVKB_Bootloader\BD155_P_V1_0_0\McuXpresso\VMS_Display_V0\drivers/fsl_gpt.h:270:20:GPT_StartTimer	0	static
D:\IMXRT1050EVKB_Bootloader\BD155_P_V1_0_0\McuXpresso\VMS_Display_V0\drivers/fsl_qtmr.h:384:20:QTMR_StartTimer	0	static
D:\IMXRT1050EVKB_Bootloader\BD155_P_V1_0_0\McuXpresso\VMS_Display_V0\drivers/fsl_lpi2c.h:803:24:LPI2C_MasterRepeatedStart	8	static
D:\IMXRT1050EVKB_Bootloader\BD155_P_V1_0_0\McuXpresso\VMS_Display_V0\drivers/fsl_pwm.h:769:20:PWM_StartTimer	0	static
D:\IMXRT1050EVKB_Bootloader\BD155_P_V1_0_0\McuXpresso\VMS_Display_V0\drivers/fsl_pwm.h:886:20:PWM_SetPwmLdok	0	static
D:\IMXRT1050EVKB_Bootloader\BD155_P_V1_0_0\McuXpresso\VMS_Display_V0\drivers/fsl_pwm.h:953:20:PWM_SetupFaultDisableMap	8	static
../source/Files_Application/sourceMain.c:23:7:FLEXSPI_NorFlash_GetConfig	20	static
../source/Files_Application/sourceMain.c:232:7:error_trap	8	static
../source/Files_Application/sourceMain.c:245:7:app_finalize	8	static
../source/Files_Application/sourceMain.c:262:7:get_cache_status	0	static
../source/Files_Application/sourceMain.c:283:7:flexspi_nor_handle_cache	16	static
../source/Files_Application/sourceMain.c:327:7:HyperFlash	24	static
../source/Files_Application/sourceMain.c:488:7:ReadFromPendrive	584	static
../source/Files_Application/sourceMain.c:773:11:AsciiToDecimal	24	static
../source/Files_Application/sourceMain.c:799:10:ASCII2HEX	0	static
../source/Files_Application/sourceMain.c:816:6:BOARD_InitLcd	24	static
../source/Files_Application/sourceMain.c:846:6:BOARD_InitLcdifPixelClock	24	static
../source/Files_Application/sourceMain.c:880:6:BOARD_InitGPT	24	static
../source/Files_Application/sourceMain.c:898:6:USB_OTG1_IRQHandler	8	static
../source/Files_Application/sourceMain.c:903:6:USB_OTG2_IRQHandler	8	static
../source/Files_Application/sourceMain.c:908:6:USB_HostClockInit	16	static
../source/Files_Application/sourceMain.c:929:6:USB_HostIsrEnable	16	static
../source/Files_Application/sourceMain.c:946:6:USB_HostTaskFn	8	static
../source/Files_Application/sourceMain.c:961:21:USB_HostEvent	8	static
../source/Files_Application/sourceMain.c:1048:13:USB_HostApplicationInit	8	static
../source/Files_Application/sourceMain.c:1070:6:TMR3_IRQHandler	8	static
../source/Files_Application/sourceMain.c:1081:6:SysTick_Handler	8	static
../source/Files_Application/sourceMain.c:1542:6:Min_max_gauge_values	8	static
../source/Files_Application/sourceMain.c:1626:5:main	8	static
../source/Files_Application/sourceMain.c:1697:6:jump_to_hyperflash_location	8	static
../source/Files_Application/sourceMain.c:1753:6:Initialization	8	static
../source/Files_Application/sourceMain.c:1815:5:funcSdCardApplication	16	static
../source/Files_Application/sourceMain.c:1862:17:sdcardWaitCardInsert	16	static
../source/Files_Application/sourceMain.c:1890:6:VariablesInit	24	static
../source/Files_Application/sourceMain.c:2073:6:funcSdCardtest	8	static
../source/Files_Application/sourceMain.c:2178:6:Store_Dmlog_Frame_From_Into_SDCard	688	static
../source/Files_Application/sourceMain.c:2368:6:write_value_to_SDcard	32	static
../source/Files_Application/sourceMain.c:2397:6:write_string_to_SDcard	16	static
../source/Files_Application/sourceMain.c:2421:6:store_raw_can_data_into_sd_card	80	static
../source/Files_Application/sourceMain.c:2486:9:DetectSDCard	16	static
../source/Files_Application/sourceMain.c:2531:6:funcsdcardtrail	16	static
../source/Files_Application/sourceMain.c:2554:6:funcstore30secrawcandataintosdcard	8	static
../source/Files_Application/sourceMain.c:2587:6:funcstoreDM1faultmesgesintoSdcard	16	static
../source/Files_Application/sourceMain.c:2681:6:funcReadRawDatafromSdCard	16	static
../source/Files_Application/sourceMain.c:2726:6:funcReadFaultDatafromSdCard	16	static
../source/Files_Application/sourceMain.c:2771:6:funcWriteMinMaxToSdCard	176	static
../source/Files_Application/sourceMain.c:2802:6:funcWriteDataloggingToSdCard	176	static
../source/Files_Application/sourceMain.c:2835:6:store_minmax_to_sd_card	104	static
../source/Files_Application/sourceMain.c:3220:6:store_Datalogging_to_sd_card	104	static
../source/Files_Application/sourceMain.c:3645:6:FuncStringPrint	8	static
../source/Files_Application/sourceMain.c:3671:6:FuncfaultlogStringPrint	8	static
../source/Files_Application/sourceMain.c:3689:6:funcPrintParameterType	8	static
../source/Files_Application/sourceMain.c:3742:6:funcPrintErrorType	8	static
../source/Files_Application/sourceMain.c:3771:6:funcTempHextoAscii	32	static
../source/Files_Application/sourceMain.c:3832:6:funcfaultTempHextoAscii	32	static
../source/Files_Application/sourceMain.c:3878:6:funcReadMinMaxfromSDcard	16	static
../source/Files_Application/sourceMain.c:3918:6:funcReadDataLogfromSdCard	16	static
../source/Files_Application/sourceMain.c:3963:6:InitAdc	16	static
../source/Files_Application/sourceMain.c:3982:14:ReadADCValues	16	static
../source/Files_Application/sourceMain.c:4014:6:FreqCaptureInit	24	static
../source/Files_Application/sourceMain.c:4032:15:Readfrequency	8	static
../source/Files_Application/sourceMain.c:4070:6:I2cWrite	16	static
../source/Files_Application/sourceMain.c:4080:10:I2cRead	24	static
../source/Files_Application/sourceMain.c:4093:6:WriteRTC	8	static
../source/Files_Application/sourceMain.c:4128:6:ReadRTC	32	static
../source/Files_Application/sourceMain.c:4165:10:bcd2bin	0	static
../source/Files_Application/sourceMain.c:4184:9:hexa2bcd_rtc	0	static
../source/Files_Application/sourceMain.c:4220:10:decimalToBCD	0	static
../source/Files_Application/sourceMain.c:4233:11:hexa2bcd	0	static
../source/Files_Application/sourceMain.c:4246:6:RTCInit	8	static
../source/Files_Application/sourceMain.c:4258:6:Max22190Init	8	static
../source/Files_Application/sourceMain.c:4280:6:WriteSpiMax22190	16	static
../source/Files_Application/sourceMain.c:4291:6:ClockDataOut	16	static
../source/Files_Application/sourceMain.c:4310:10:Max22190DeviceProcess	16	static
../source/Files_Application/sourceMain.c:4336:9:ClockDataIn	16	static
../source/Files_Application/sourceMain.c:4361:6:DelayUs1	8	static
../source/Files_Application/sourceMain.c:4373:6:ReadandProcessallADCchannels	8	static
../source/Files_Application/sourceMain.c:4458:6:funcProcessCOTValue	16	static
../source/Files_Application/sourceMain.c:4492:6:funcProcessEOPValue	8	static
../source/Files_Application/sourceMain.c:4559:6:funcProcessBatteryVolValue	8	static
../source/Files_Application/sourceMain.c:4587:6:ConvertFREQtoRPM	8	static
../source/Files_Application/sourceMain.c:4596:6:funcProcessTOPValue	8	static
../source/Files_Application/sourceMain.c:4629:6:funcMUXSelected	8	static
../source/Files_Application/sourceMain.c:4685:6:ReadandProcessDigitalIO	8	static
../source/Files_Application/sourceMain.c:4818:6:ProcessDM1faultfromVMS	8	static
../source/Files_Application/sourceMain.c:5544:6:StoreDM1faultfromVMS	24	static
../source/Files_Application/sourceMain.c:5620:6:Indicatefaultsymbols	8	static
../source/Files_Application/sourceMain.c:5748:6:Writedataintofram	16	static
../source/Files_Application/sourceMain.c:5825:6:Poweronreaddatafromfram	24	static
../source/Files_Application/sourceMain.c:5974:6:ReadDisplayHrs	8	static
../source/Files_Application/sourceMain.c:5999:6:ReadEngHrs	8	static
../source/Files_Application/sourceMain.c:6035:6:ReadEngFuelRate	8	static
../source/Files_Application/sourceMain.c:6046:6:Validate_adc_counts	8	static
../source/Files_Application/sourceMain.c:6151:6:Adcdatavalidation	0	static
../source/Files_Application/sourceMain.c:6247:21:Filter_Engine_Speed1	0	static
../source/Files_Application/sourceMain.c:6321:21:Filter_Engine_Speed2	0	static
../source/Files_Application/sourceMain.c:6397:21:Filter_Engine_Speed_RPM	0	static
../source/Files_Application/sourceMain.c:6474:6:Calculate_distance_in_km_from_CAN_per_sec	8	static
../source/Files_Application/sourceMain.c:6490:6:Updatedistance	16	static
../source/Files_Application/sourceMain.c:6518:10:final_km_convertion	0	static
../source/Files_Application/sourceMain.c:6529:6:Distance_in_kilometer	8	static
../source/Files_Application/sourceMain.c:6556:6:PowerONGaugeRotation	16	static
../source/Files_Application/sourceMain.c:6704:6:fl_cpy_drv1_to_drv0	2776	static
../source/Files_Application/sourceMain.c:6745:13:PWM_DRV_Init3PhPwm	48	static
../source/Files_Application/sourceMain.c:6795:5:PWM_config	40	static
../source/Files_Application/sourceMain.c:6926:6:generate_pwm	16	static
../source/Files_Application/sourceMain.c:6957:6:set_brightness	8	static
../source/Files_Application/sourceMain.c:7000:6:write_value_to_Pendrv	32	static
../source/Files_Application/sourceMain.c:7038:6:write_string_to_Pendrv	8	static
../source/Files_Application/sourceMain.c:7072:6:Fault_logging	40	static
../source/Files_Application/sourceMain.c:7200:6:Data_logging	16	static
../source/Files_Application/sourceMain.c:7280:6:Swwh_logging	24	static
../source/Files_Application/sourceMain.c:7331:6:Decode_errorlog_array	32	static
../source/Files_Application/sourceMain.c:7421:6:Decode_datalog_array	24	static
../source/Files_Application/sourceMain.c:7500:6:Decode_swwhlog_array	16	static
../source/Files_Application/sourceMain.c:7526:6:SwwhHextoAscii	32	static
../source/Files_Application/sourceMain.c:7571:6:SwwhStringPrint	8	static
../source/Files_Application/sourceMain.c:7589:6:GenHextoAscii	32	static
../source/Files_Application/sourceMain.c:7635:6:GenStringPrint	8	static
../source/Files_Application/sourceMain.c:7652:6:Read_identification_details	64	static
../source/Files_Application/sourceMain.c:7694:6:datalog_write_idntfn_data_to_ext_memory	16	static
../source/Files_Application/sourceMain.c:7775:6:errorlog_write_idntfn_data_to_ext_memory	16	static
../source/Files_Application/sourceMain.c:7854:6:swwhlog_write_idntfn_data_to_ext_memory	16	static
../source/Files_Application/sourceMain.c:7934:6:rawcanlog_write_idntfn_data_to_ext_memory	16	static
../source/Files_Application/sourceMain.c:8013:6:write_one_errorlog_frame_to_pendrive	88	static
../source/Files_Application/sourceMain.c:8409:6:write_one_datalog_frame_to_pendrive	104	static
../source/Files_Application/sourceMain.c:8740:6:write_one_swwhlog_frame_to_pendrive	16	static
../source/Files_Application/sourceMain.c:8880:6:write_rawcan_frame_to_pendrive	64	static
../source/Files_Application/sourceMain.c:8981:6:Copy_datalog_file_to_pendrive	8	static
../source/Files_Application/sourceMain.c:9029:6:Copy_errorlog_file_to_pendrive	8	static
../source/Files_Application/sourceMain.c:9072:6:Copy_rawcanlog_file_to_pendrive	8	static
../source/Files_Application/sourceMain.c:9114:6:Copy_WorkingHrslog_file_to_pendrive	8	static
../source/Files_Application/sourceMain.c:9162:6:Logging	8	static
../source/Files_Application/sourceMain.c:9177:6:Copying_of_logged_data	8	static
../source/Files_Application/sourceMain.c:9310:6:Display_Errors	8	static
../source/Files_Application/sourceMain.c:9340:10:Re_asgn_Org_srs_addr_frm_dm1_array	0	static
../source/Files_Application/sourceMain.c:9368:10:Re_asgn_Org_srs_addr_frm_dm1_array_2	0	static
../source/Files_Application/sourceMain.c:9392:6:KeypadApplication	16	static
../source/Files_Application/sourceMain.c:9402:6:sendEngHrsRequest1	16	static
../source/Files_Application/sourceMain.c:9412:6:sendEngHrsRequest2	16	static
../source/Files_Application/sourceMain.c:9423:6:send_ToP_ToT	32	static
../source/Files_Application/sourceMain.c:9452:6:send_FueL_lvl	24	static
../source/Files_Application/sourceMain.c:9475:6:send_ECL_EOP	24	static
../source/Files_Application/sourceMain.c:9517:6:send_ParkBrkSw_and_VehicleSpd	16	static
../source/Files_Application/sourceMain.c:9564:6:send_AirFilClog	16	static
../source/Files_Application/sourceMain.c:9590:6:send_SeatBeltSw	16	static
../source/Files_Application/sourceMain.c:9618:6:send_ECT_EOT	24	static
../source/Files_Application/sourceMain.c:9661:6:send_E_N_G_SPD	24	static
../source/Files_Application/sourceMain.c:9691:6:send_TOFC	16	static
../source/Files_Application/sourceMain.c:9723:21:Filter_AIN1_counts	0	static
../source/Files_Application/sourceMain.c:9798:21:Filter_AIN2_counts	0	static
../source/Files_Application/sourceMain.c:9873:21:Filter_AIN3_counts	0	static
../source/Files_Application/sourceMain.c:9948:21:Filter_Battery_counts	0	static
../source/Files_Application/sourceMain.c:10023:6:Decide_eng_on_or_not	0	static
../source/Files_Application/sourceMain.c:10035:6:CheckEngRpm_is_coming	0	static
../source/Files_Application/sourceMain.c:10126:6:DisplayHrs	16	static
../source/Files_Application/sourceMain.c:10151:10:DisplayHoursUsingRTC	24	static
../source/Files_Application/sourceMain.c:10228:6:EngineHrs	16	static
../source/Files_Application/sourceMain.c:10256:10:EngineHoursUsingRTC	24	static
../source/Files_Application/sourceMain.c:10332:6:ADC_channel_processing	8	static
../source/Files_Application/sourceMain.c:10439:6:All_CAN_disconnected_counter	0	static
../source/Files_Application/sourceMain.c:10502:6:Reset_all_CAN_parameters	8	static
../source/Files_Application/sourceMain.c:10552:6:Reset_Engine_CAN_parameters	0	static
../source/Files_Application/sourceMain.c:10622:6:Reset_Transmission_CAN_parameters	0	static
../source/Files_Application/sourceMain.c:10667:6:Reset_Io_module_CAN_parameters	0	static
../source/Files_Application/sourceMain.c:10712:6:Reset_Sender_CAN_parameters	0	static
../source/Files_Application/sourceMain.c:10748:6:SeatBeltFlow	0	static
../source/Files_Application/sourceMain.c:10776:6:SeatbeltIconToggle	0	static
../source/Files_Application/sourceMain.c:10798:6:ErrorIconToggle	0	static
../source/Files_Application/sourceMain.c:10820:6:id_notset_Toggle	0	static
../source/Files_Application/sourceMain.c:10842:6:Condition_to_datalog	8	static
../source/Files_Application/sourceMain.c:10877:6:BUZZER_ENABLE	8	static
../source/Files_Application/sourceMain.c:10928:6:EopIconToggle	0	static
../source/Files_Application/sourceMain.c:10955:6:EctIconToggle	0	static
../source/Files_Application/sourceMain.c:10982:6:EotIconToggle	0	static
../source/Files_Application/sourceMain.c:11009:6:FuelIconToggle	0	static
../source/Files_Application/sourceMain.c:11036:6:TopIconToggle	0	static
../source/Files_Application/sourceMain.c:11063:6:TotIconToggle	0	static
../source/Files_Application/sourceMain.c:11090:6:EngOvrSpdIconToggle	0	static
../source/Files_Application/sourceMain.c:11117:6:workingHrsLogic	24	static
../source/Files_Application/sourceMain.c:11658:5:getDifference	40	static
../source/Files_Application/sourceMain.c:11687:5:countLeapYears	0	static
../source/Files_Application/sourceMain.c:11700:6:Store_Shifts_Started_Date	16	static
../source/Files_Application/sourceMain.c:11822:10:WorkingHrsCalculation	24	static
../source/Files_Application/sourceMain.c:11928:6:CBCReportPrint	8	static
../source/Files_Application/sourceMain.c:11941:6:Serial_TX	8	static
../source/Files_Application/sourceMain.c:11946:6:transmit_serial	8	static
../source/Files_Application/sourceMain.c:11954:6:str_tx	8	static
../source/Files_Application/sourceMain.c:11977:6:PowerOnReadForShiftHrs	24	static
