../source/Files_Application/sourceApplication.c:3:6:ProcessAnalogInput	32	static
../source/Files_Application/sourceApplication.c:210:6:ProcessDigitalInput	8	static
../source/Files_Application/sourceApplication.c:454:6:funcDm1ScreenScroll	32	static
../source/Files_Application/sourceApplication.c:578:23:GaugeMovement	16	static
../source/Files_Application/sourceApplication.c:626:9:DM1MessageSelection	0	static
../source/Files_Application/sourceApplication.c:1021:9:Find_Valid_spnfmi	0	static
../source/Files_Application/sourceApplication.c:1425:6:funcReadAdcChannels	16	static
../source/Files_Application/sourceApplication.c:1465:8:funcReadADCData	16	static
../source/Files_Application/sourceApplication.c:1578:7:LoadProcessedValue	40	static
../source/Files_Application/sourceApplication.c:1959:26:funcSwitchAdcMux	8	static
../source/Files_Application/sourceApplication.c:2289:7:CalculateUnknown	40	static
../source/Files_Application/sourceApplication.c:2304:6:funcDelayUs	0	static
../source/Files_Application/sourceApplication.c:2317:6:InputsThresholdDecisionMaking	176	static
../source/Files_Application/sourceApplication.c:2440:6:funcErrorCheckResistiveType1	16	static
../source/Files_Application/sourceApplication.c:2472:6:funcErrorCheckCurrentType1	16	static
../source/Files_Application/sourceApplication.c:2499:6:funcMinMaxErrorLog	8	static
../source/Files_Application/sourceApplication.c:2638:6:funcDataLogging	8	static
../source/Files_Application/sourceApplication.c:2660:6:Live_errors_update	24	static
../source/Files_Application/sourceApplication.c:4060:6:Dm1ScreenScroll	24	static
../source/Files_Application/sourceApplication.c:4174:10:ControlErrorPopup	0	static
../source/Files_Application/sourceApplication.c:4222:6:Next_Error	16	static
../source/Files_Application/sourceApplication.c:4296:6:Previous_Error	16	static
../source/Files_Application/sourceApplication.c:4370:10:DiagnosticNextError	24	static
../source/Files_Application/sourceApplication.c:4440:10:DiagnosticsPreviousError	24	static
