D:\IMXRT1050EVKB_Bootloader\BD155_P_V1_0_0\McuXpresso\VMS_Display_V0\CMSIS/core_cm7.h:1902:22:__NVIC_EnableIRQ	16	static
D:\IMXRT1050EVKB_Bootloader\BD155_P_V1_0_0\McuXpresso\VMS_Display_V0\CMSIS/core_cm7.h:2032:22:__NVIC_SetPriority	16	static
D:\IMXRT1050EVKB_Bootloader\BD155_P_V1_0_0\McuXpresso\VMS_Display_V0\drivers/fsl_common_arm.h:210:20:_SDK_AtomicLocalClearAndSet4Byte	4	static
D:\IMXRT1050EVKB_Bootloader\BD155_P_V1_0_0\McuXpresso\VMS_Display_V0\drivers/fsl_clock.h:1112:20:CLOCK_SetMux	16	static
D:\IMXRT1050EVKB_Bootloader\BD155_P_V1_0_0\McuXpresso\VMS_Display_V0\drivers/fsl_clock.h:1150:20:CLOCK_SetDiv	16	static
D:\IMXRT1050EVKB_Bootloader\BD155_P_V1_0_0\McuXpresso\VMS_Display_V0\drivers/fsl_clock.h:1186:20:CLOCK_ControlGate	8	static
D:\IMXRT1050EVKB_Bootloader\BD155_P_V1_0_0\McuXpresso\VMS_Display_V0\drivers/fsl_clock.h:1213:20:CLOCK_DisableClock	8	static
D:\IMXRT1050EVKB_Bootloader\BD155_P_V1_0_0\McuXpresso\VMS_Display_V0\drivers/fsl_common_arm.h:488:24:EnableIRQ	8	static
D:\IMXRT1050EVKB_Bootloader\BD155_P_V1_0_0\McuXpresso\VMS_Display_V0\drivers/fsl_adc.h:275:24:ADC_GetChannelConversionValue	8	static
D:\IMXRT1050EVKB_Bootloader\BD155_P_V1_0_0\McuXpresso\VMS_Display_V0\drivers/fsl_adc.h:300:24:ADC_GetChannelStatusFlags	8	static
D:\IMXRT1050EVKB_Bootloader\BD155_P_V1_0_0\McuXpresso\VMS_Display_V0\drivers/fsl_adc.h:358:20:ADC_EnableHardwareTrigger	0	static
D:\IMXRT1050EVKB_Bootloader\BD155_P_V1_0_0\McuXpresso\VMS_Display_V0\drivers/fsl_gpio.h:101:20:GPIO_WritePinOutput	8	static
D:\IMXRT1050EVKB_Bootloader\BD155_P_V1_0_0\McuXpresso\VMS_Display_V0\drivers/fsl_gpio.h:205:23:GPIO_PinReadPadStatus	8	static
D:\IMXRT1050EVKB_Bootloader\BD155_P_V1_0_0\McuXpresso\VMS_Display_V0\drivers/fsl_gpio.h:216:23:GPIO_ReadPadStatus	8	static
D:\IMXRT1050EVKB_Bootloader\BD155_P_V1_0_0\McuXpresso\VMS_Display_V0\drivers/fsl_gpt.h:270:20:GPT_StartTimer	0	static
D:\IMXRT1050EVKB_Bootloader\BD155_P_V1_0_0\McuXpresso\VMS_Display_V0\drivers/fsl_qtmr.h:384:20:QTMR_StartTimer	0	static
D:\IMXRT1050EVKB_Bootloader\BD155_P_V1_0_0\McuXpresso\VMS_Display_V0\drivers/fsl_lpi2c.h:803:24:LPI2C_MasterRepeatedStart	8	static
D:\IMXRT1050EVKB_Bootloader\BD155_P_V1_0_0\McuXpresso\VMS_Display_V0\drivers/fsl_pwm.h:769:20:PWM_StartTimer	0	static
D:\IMXRT1050EVKB_Bootloader\BD155_P_V1_0_0\McuXpresso\VMS_Display_V0\drivers/fsl_pwm.h:886:20:PWM_SetPwmLdok	0	static
D:\IMXRT1050EVKB_Bootloader\BD155_P_V1_0_0\McuXpresso\VMS_Display_V0\drivers/fsl_pwm.h:953:20:PWM_SetupFaultDisableMap	8	static
../source/Files_Application/sourceMain.c:27:7:FLEXSPI_NorFlash_GetConfig	20	static
../source/Files_Application/sourceMain.c:236:7:error_trap	8	static
../source/Files_Application/sourceMain.c:249:7:app_finalize	8	static
../source/Files_Application/sourceMain.c:266:7:get_cache_status	0	static
../source/Files_Application/sourceMain.c:287:7:flexspi_nor_handle_cache	16	static
../source/Files_Application/sourceMain.c:331:7:HyperFlash	24	static
../source/Files_Application/sourceMain.c:492:7:ReadFromPendrive	584	static
../source/Files_Application/sourceMain.c:819:11:AsciiToDecimal	16	static
../source/Files_Application/sourceMain.c:876:10:ASCII2HEX	0	static
../source/Files_Application/sourceMain.c:893:6:BOARD_InitLcd	24	static
../source/Files_Application/sourceMain.c:923:6:BOARD_InitLcdifPixelClock	24	static
../source/Files_Application/sourceMain.c:957:6:BOARD_InitGPT	24	static
../source/Files_Application/sourceMain.c:975:6:USB_OTG1_IRQHandler	8	static
../source/Files_Application/sourceMain.c:980:6:USB_OTG2_IRQHandler	8	static
../source/Files_Application/sourceMain.c:985:6:USB_HostClockInit	16	static
../source/Files_Application/sourceMain.c:1006:6:USB_HostIsrEnable	16	static
../source/Files_Application/sourceMain.c:1023:6:USB_HostTaskFn	8	static
../source/Files_Application/sourceMain.c:1038:21:USB_HostEvent	8	static
../source/Files_Application/sourceMain.c:1125:13:USB_HostApplicationInit	8	static
../source/Files_Application/sourceMain.c:1147:6:TMR3_IRQHandler	8	static
../source/Files_Application/sourceMain.c:1158:6:SysTick_Handler	8	static
../source/Files_Application/sourceMain.c:1635:6:Min_max_gauge_values	8	static
../source/Files_Application/sourceMain.c:1719:5:main	8	static
../source/Files_Application/sourceMain.c:1796:13:get_user_application_entry	8	static
../source/Files_Application/sourceMain.c:1844:6:jump_to_hyperflash_location	8	static
../source/Files_Application/sourceMain.c:1963:6:Initialization	8	static
../source/Files_Application/sourceMain.c:2064:5:funcSdCardApplication	16	static
../source/Files_Application/sourceMain.c:2111:17:sdcardWaitCardInsert	16	static
../source/Files_Application/sourceMain.c:2139:6:VariablesInit	24	static
../source/Files_Application/sourceMain.c:2322:6:funcSdCardtest	8	static
../source/Files_Application/sourceMain.c:2427:6:Store_Dmlog_Frame_From_Into_SDCard	688	static
../source/Files_Application/sourceMain.c:2617:6:write_value_to_SDcard	32	static
../source/Files_Application/sourceMain.c:2646:6:write_string_to_SDcard	16	static
../source/Files_Application/sourceMain.c:2670:6:store_raw_can_data_into_sd_card	80	static
../source/Files_Application/sourceMain.c:2735:9:DetectSDCard	16	static
../source/Files_Application/sourceMain.c:2780:6:funcsdcardtrail	16	static
../source/Files_Application/sourceMain.c:2803:6:funcstore30secrawcandataintosdcard	8	static
../source/Files_Application/sourceMain.c:2836:6:funcstoreDM1faultmesgesintoSdcard	16	static
../source/Files_Application/sourceMain.c:2930:6:funcReadRawDatafromSdCard	16	static
../source/Files_Application/sourceMain.c:2975:6:funcReadFaultDatafromSdCard	16	static
../source/Files_Application/sourceMain.c:3020:6:funcWriteMinMaxToSdCard	176	static
../source/Files_Application/sourceMain.c:3051:6:funcWriteDataloggingToSdCard	176	static
../source/Files_Application/sourceMain.c:3084:6:store_minmax_to_sd_card	104	static
../source/Files_Application/sourceMain.c:3469:6:store_Datalogging_to_sd_card	104	static
../source/Files_Application/sourceMain.c:3894:6:FuncStringPrint	8	static
../source/Files_Application/sourceMain.c:3920:6:FuncfaultlogStringPrint	8	static
../source/Files_Application/sourceMain.c:3938:6:funcPrintParameterType	8	static
../source/Files_Application/sourceMain.c:3991:6:funcPrintErrorType	8	static
../source/Files_Application/sourceMain.c:4020:6:funcTempHextoAscii	32	static
../source/Files_Application/sourceMain.c:4081:6:funcfaultTempHextoAscii	32	static
../source/Files_Application/sourceMain.c:4127:6:funcReadMinMaxfromSDcard	16	static
../source/Files_Application/sourceMain.c:4167:6:funcReadDataLogfromSdCard	16	static
../source/Files_Application/sourceMain.c:4212:6:InitAdc	16	static
../source/Files_Application/sourceMain.c:4231:14:ReadADCValues	16	static
../source/Files_Application/sourceMain.c:4263:6:FreqCaptureInit	24	static
../source/Files_Application/sourceMain.c:4281:15:Readfrequency	8	static
../source/Files_Application/sourceMain.c:4319:6:I2cWrite	16	static
../source/Files_Application/sourceMain.c:4329:10:I2cRead	24	static
../source/Files_Application/sourceMain.c:4342:6:WriteRTC	8	static
../source/Files_Application/sourceMain.c:4377:6:ReadRTC	32	static
../source/Files_Application/sourceMain.c:4414:10:bcd2bin	0	static
../source/Files_Application/sourceMain.c:4433:9:hexa2bcd_rtc	0	static
../source/Files_Application/sourceMain.c:4448:9:decimalToBCD	0	static
../source/Files_Application/sourceMain.c:4482:11:hexa2bcd	0	static
../source/Files_Application/sourceMain.c:4495:6:RTCInit	8	static
../source/Files_Application/sourceMain.c:4507:6:Max22190Init	8	static
../source/Files_Application/sourceMain.c:4529:6:WriteSpiMax22190	16	static
../source/Files_Application/sourceMain.c:4540:6:ClockDataOut	16	static
../source/Files_Application/sourceMain.c:4559:10:Max22190DeviceProcess	16	static
../source/Files_Application/sourceMain.c:4585:9:ClockDataIn	16	static
../source/Files_Application/sourceMain.c:4610:6:DelayUs1	8	static
../source/Files_Application/sourceMain.c:4622:6:ReadandProcessallADCchannels	8	static
../source/Files_Application/sourceMain.c:4707:6:funcProcessCOTValue	16	static
../source/Files_Application/sourceMain.c:4741:6:funcProcessEOPValue	8	static
../source/Files_Application/sourceMain.c:4808:6:funcProcessBatteryVolValue	8	static
../source/Files_Application/sourceMain.c:4836:6:ConvertFREQtoRPM	8	static
../source/Files_Application/sourceMain.c:4845:6:funcProcessTOPValue	8	static
../source/Files_Application/sourceMain.c:4878:6:funcMUXSelected	8	static
../source/Files_Application/sourceMain.c:4934:6:ReadandProcessDigitalIO	8	static
../source/Files_Application/sourceMain.c:5067:6:ProcessDM1faultfromVMS	8	static
../source/Files_Application/sourceMain.c:5793:6:StoreDM1faultfromVMS	24	static
../source/Files_Application/sourceMain.c:5869:6:Indicatefaultsymbols	8	static
../source/Files_Application/sourceMain.c:5997:6:Writedataintofram	16	static
../source/Files_Application/sourceMain.c:6074:6:Poweronreaddatafromfram	24	static
../source/Files_Application/sourceMain.c:6223:6:ReadDisplayHrs	8	static
../source/Files_Application/sourceMain.c:6248:6:ReadEngHrs	8	static
../source/Files_Application/sourceMain.c:6284:6:ReadEngFuelRate	8	static
../source/Files_Application/sourceMain.c:6295:6:Validate_adc_counts	8	static
../source/Files_Application/sourceMain.c:6400:6:Adcdatavalidation	0	static
../source/Files_Application/sourceMain.c:6496:21:Filter_Engine_Speed1	0	static
../source/Files_Application/sourceMain.c:6570:21:Filter_Engine_Speed2	0	static
../source/Files_Application/sourceMain.c:6646:21:Filter_Engine_Speed_RPM	0	static
../source/Files_Application/sourceMain.c:6723:6:Calculate_distance_in_km_from_CAN_per_sec	8	static
../source/Files_Application/sourceMain.c:6739:6:Updatedistance	16	static
../source/Files_Application/sourceMain.c:6767:10:final_km_convertion	0	static
../source/Files_Application/sourceMain.c:6778:6:Distance_in_kilometer	8	static
../source/Files_Application/sourceMain.c:6805:6:PowerONGaugeRotation	16	static
../source/Files_Application/sourceMain.c:6953:6:fl_cpy_drv1_to_drv0	2776	static
../source/Files_Application/sourceMain.c:6994:13:PWM_DRV_Init3PhPwm	48	static
../source/Files_Application/sourceMain.c:7044:5:PWM_config	40	static
../source/Files_Application/sourceMain.c:7175:6:generate_pwm	16	static
../source/Files_Application/sourceMain.c:7206:6:set_brightness	8	static
../source/Files_Application/sourceMain.c:7249:6:write_value_to_Pendrv	32	static
../source/Files_Application/sourceMain.c:7287:6:write_string_to_Pendrv	8	static
../source/Files_Application/sourceMain.c:7321:6:Fault_logging	40	static
../source/Files_Application/sourceMain.c:7449:6:Data_logging	16	static
../source/Files_Application/sourceMain.c:7529:6:Swwh_logging	24	static
../source/Files_Application/sourceMain.c:7580:6:Decode_errorlog_array	32	static
../source/Files_Application/sourceMain.c:7670:6:Decode_datalog_array	24	static
../source/Files_Application/sourceMain.c:7749:6:Decode_swwhlog_array	16	static
../source/Files_Application/sourceMain.c:7775:6:SwwhHextoAscii	32	static
../source/Files_Application/sourceMain.c:7820:6:SwwhStringPrint	8	static
../source/Files_Application/sourceMain.c:7838:6:GenHextoAscii	32	static
../source/Files_Application/sourceMain.c:7884:6:GenStringPrint	8	static
../source/Files_Application/sourceMain.c:7901:6:Read_identification_details	64	static
../source/Files_Application/sourceMain.c:7943:6:datalog_write_idntfn_data_to_ext_memory	16	static
../source/Files_Application/sourceMain.c:8024:6:errorlog_write_idntfn_data_to_ext_memory	16	static
../source/Files_Application/sourceMain.c:8103:6:swwhlog_write_idntfn_data_to_ext_memory	16	static
../source/Files_Application/sourceMain.c:8183:6:rawcanlog_write_idntfn_data_to_ext_memory	16	static
../source/Files_Application/sourceMain.c:8262:6:write_one_errorlog_frame_to_pendrive	88	static
../source/Files_Application/sourceMain.c:8658:6:write_one_datalog_frame_to_pendrive	104	static
../source/Files_Application/sourceMain.c:8989:6:write_one_swwhlog_frame_to_pendrive	16	static
../source/Files_Application/sourceMain.c:9129:6:write_rawcan_frame_to_pendrive	64	static
../source/Files_Application/sourceMain.c:9230:6:Copy_datalog_file_to_pendrive	8	static
../source/Files_Application/sourceMain.c:9278:6:Copy_errorlog_file_to_pendrive	8	static
../source/Files_Application/sourceMain.c:9321:6:Copy_rawcanlog_file_to_pendrive	8	static
../source/Files_Application/sourceMain.c:9363:6:Copy_WorkingHrslog_file_to_pendrive	8	static
../source/Files_Application/sourceMain.c:9411:6:Logging	8	static
../source/Files_Application/sourceMain.c:9426:6:Copying_of_logged_data	8	static
../source/Files_Application/sourceMain.c:9559:6:Display_Errors	8	static
../source/Files_Application/sourceMain.c:9589:10:Re_asgn_Org_srs_addr_frm_dm1_array	0	static
../source/Files_Application/sourceMain.c:9617:10:Re_asgn_Org_srs_addr_frm_dm1_array_2	0	static
../source/Files_Application/sourceMain.c:9641:6:KeypadApplication	16	static
../source/Files_Application/sourceMain.c:9651:6:sendEngHrsRequest1	16	static
../source/Files_Application/sourceMain.c:9661:6:sendEngHrsRequest2	16	static
../source/Files_Application/sourceMain.c:9672:6:send_ToP_ToT	32	static
../source/Files_Application/sourceMain.c:9701:6:send_FueL_lvl	24	static
../source/Files_Application/sourceMain.c:9724:6:send_ECL_EOP	24	static
../source/Files_Application/sourceMain.c:9766:6:send_ParkBrkSw_and_VehicleSpd	16	static
../source/Files_Application/sourceMain.c:9813:6:send_AirFilClog	16	static
../source/Files_Application/sourceMain.c:9839:6:send_SeatBeltSw	16	static
../source/Files_Application/sourceMain.c:9867:6:send_ECT_EOT	24	static
../source/Files_Application/sourceMain.c:9910:6:send_E_N_G_SPD	24	static
../source/Files_Application/sourceMain.c:9940:6:send_TOFC	16	static
../source/Files_Application/sourceMain.c:9972:21:Filter_AIN1_counts	0	static
../source/Files_Application/sourceMain.c:10047:21:Filter_AIN2_counts	0	static
../source/Files_Application/sourceMain.c:10122:21:Filter_AIN3_counts	0	static
../source/Files_Application/sourceMain.c:10197:21:Filter_Battery_counts	0	static
../source/Files_Application/sourceMain.c:10272:6:Decide_eng_on_or_not	0	static
../source/Files_Application/sourceMain.c:10284:6:CheckEngRpm_is_coming	0	static
../source/Files_Application/sourceMain.c:10375:6:DisplayHrs	16	static
../source/Files_Application/sourceMain.c:10400:10:DisplayHoursUsingRTC	24	static
../source/Files_Application/sourceMain.c:10477:6:EngineHrs	16	static
../source/Files_Application/sourceMain.c:10505:10:EngineHoursUsingRTC	24	static
../source/Files_Application/sourceMain.c:10581:6:ADC_channel_processing	8	static
../source/Files_Application/sourceMain.c:10688:6:All_CAN_disconnected_counter	0	static
../source/Files_Application/sourceMain.c:10751:6:Reset_all_CAN_parameters	8	static
../source/Files_Application/sourceMain.c:10801:6:Reset_Engine_CAN_parameters	0	static
../source/Files_Application/sourceMain.c:10871:6:Reset_Transmission_CAN_parameters	0	static
../source/Files_Application/sourceMain.c:10916:6:Reset_Io_module_CAN_parameters	0	static
../source/Files_Application/sourceMain.c:10961:6:Reset_Sender_CAN_parameters	0	static
../source/Files_Application/sourceMain.c:10997:6:SeatBeltFlow	0	static
../source/Files_Application/sourceMain.c:11025:6:SeatbeltIconToggle	0	static
../source/Files_Application/sourceMain.c:11047:6:ErrorIconToggle	0	static
../source/Files_Application/sourceMain.c:11069:6:id_notset_Toggle	0	static
../source/Files_Application/sourceMain.c:11091:6:Condition_to_datalog	8	static
../source/Files_Application/sourceMain.c:11126:6:BUZZER_ENABLE	8	static
../source/Files_Application/sourceMain.c:11177:6:EopIconToggle	0	static
../source/Files_Application/sourceMain.c:11204:6:EctIconToggle	0	static
../source/Files_Application/sourceMain.c:11231:6:EotIconToggle	0	static
../source/Files_Application/sourceMain.c:11258:6:FuelIconToggle	0	static
../source/Files_Application/sourceMain.c:11285:6:TopIconToggle	0	static
../source/Files_Application/sourceMain.c:11312:6:TotIconToggle	0	static
../source/Files_Application/sourceMain.c:11339:6:EngOvrSpdIconToggle	0	static
../source/Files_Application/sourceMain.c:11366:6:workingHrsLogic	24	static
../source/Files_Application/sourceMain.c:11907:5:getDifference	40	static
../source/Files_Application/sourceMain.c:11936:5:countLeapYears	0	static
../source/Files_Application/sourceMain.c:11949:6:Store_Shifts_Started_Date	16	static
../source/Files_Application/sourceMain.c:12071:10:WorkingHrsCalculation	24	static
../source/Files_Application/sourceMain.c:12177:6:CBCReportPrint	8	static
../source/Files_Application/sourceMain.c:12190:6:Serial_TX	8	static
../source/Files_Application/sourceMain.c:12195:6:transmit_serial	8	static
../source/Files_Application/sourceMain.c:12203:6:str_tx	8	static
../source/Files_Application/sourceMain.c:12226:6:PowerOnReadForShiftHrs	24	static
