D:\IMXRT1050EVKB_Bootloader\BD155_P_V1_0_0\McuXpresso\VMS_Display_V0\CMSIS/core_cm7.h:1902:22:__NVIC_EnableIRQ	16	static
D:\IMXRT1050EVKB_Bootloader\BD155_P_V1_0_0\McuXpresso\VMS_Display_V0\CMSIS/core_cm7.h:2032:22:__NVIC_SetPriority	16	static
D:\IMXRT1050EVKB_Bootloader\BD155_P_V1_0_0\McuXpresso\VMS_Display_V0\drivers/fsl_clock.h:1112:20:CLOCK_SetMux	16	static
D:\IMXRT1050EVKB_Bootloader\BD155_P_V1_0_0\McuXpresso\VMS_Display_V0\drivers/fsl_clock.h:1150:20:CLOCK_SetDiv	16	static
D:\IMXRT1050EVKB_Bootloader\BD155_P_V1_0_0\McuXpresso\VMS_Display_V0\drivers/fsl_common_arm.h:488:24:EnableIRQ	8	static
D:\IMXRT1050EVKB_Bootloader\BD155_P_V1_0_0\McuXpresso\VMS_Display_V0\drivers/fsl_adc.h:275:24:ADC_GetChannelConversionValue	8	static
D:\IMXRT1050EVKB_Bootloader\BD155_P_V1_0_0\McuXpresso\VMS_Display_V0\drivers/fsl_adc.h:300:24:ADC_GetChannelStatusFlags	8	static
D:\IMXRT1050EVKB_Bootloader\BD155_P_V1_0_0\McuXpresso\VMS_Display_V0\drivers/fsl_adc.h:358:20:ADC_EnableHardwareTrigger	0	static
D:\IMXRT1050EVKB_Bootloader\BD155_P_V1_0_0\McuXpresso\VMS_Display_V0\drivers/fsl_gpio.h:101:20:GPIO_WritePinOutput	8	static
D:\IMXRT1050EVKB_Bootloader\BD155_P_V1_0_0\McuXpresso\VMS_Display_V0\drivers/fsl_gpio.h:205:23:GPIO_PinReadPadStatus	8	static
D:\IMXRT1050EVKB_Bootloader\BD155_P_V1_0_0\McuXpresso\VMS_Display_V0\drivers/fsl_gpio.h:216:23:GPIO_ReadPadStatus	8	static
D:\IMXRT1050EVKB_Bootloader\BD155_P_V1_0_0\McuXpresso\VMS_Display_V0\drivers/fsl_gpt.h:270:20:GPT_StartTimer	0	static
D:\IMXRT1050EVKB_Bootloader\BD155_P_V1_0_0\McuXpresso\VMS_Display_V0\drivers/fsl_qtmr.h:384:20:QTMR_StartTimer	0	static
D:\IMXRT1050EVKB_Bootloader\BD155_P_V1_0_0\McuXpresso\VMS_Display_V0\drivers/fsl_lpi2c.h:803:24:LPI2C_MasterRepeatedStart	8	static
D:\IMXRT1050EVKB_Bootloader\BD155_P_V1_0_0\McuXpresso\VMS_Display_V0\drivers/fsl_pwm.h:769:20:PWM_StartTimer	0	static
D:\IMXRT1050EVKB_Bootloader\BD155_P_V1_0_0\McuXpresso\VMS_Display_V0\drivers/fsl_pwm.h:886:20:PWM_SetPwmLdok	0	static
D:\IMXRT1050EVKB_Bootloader\BD155_P_V1_0_0\McuXpresso\VMS_Display_V0\drivers/fsl_pwm.h:953:20:PWM_SetupFaultDisableMap	8	static
../source/Files_Application/sourceMain.c:27:7:FLEXSPI_NorFlash_GetConfig	20	static
../source/Files_Application/sourceMain.c:236:7:error_trap	8	static
../source/Files_Application/sourceMain.c:249:7:app_finalize	8	static
../source/Files_Application/sourceMain.c:266:7:get_cache_status	0	static
../source/Files_Application/sourceMain.c:287:7:flexspi_nor_handle_cache	16	static
../source/Files_Application/sourceMain.c:331:7:HyperFlash	24	static
../source/Files_Application/sourceMain.c:492:7:ReadFromPendrive	584	static
../source/Files_Application/sourceMain.c:779:11:AsciiToDecimal	16	static
../source/Files_Application/sourceMain.c:836:10:ASCII2HEX	0	static
../source/Files_Application/sourceMain.c:853:6:BOARD_InitLcd	24	static
../source/Files_Application/sourceMain.c:883:6:BOARD_InitLcdifPixelClock	24	static
../source/Files_Application/sourceMain.c:917:6:BOARD_InitGPT	24	static
../source/Files_Application/sourceMain.c:935:6:USB_OTG1_IRQHandler	8	static
../source/Files_Application/sourceMain.c:940:6:USB_OTG2_IRQHandler	8	static
../source/Files_Application/sourceMain.c:945:6:USB_HostClockInit	16	static
../source/Files_Application/sourceMain.c:966:6:USB_HostIsrEnable	16	static
../source/Files_Application/sourceMain.c:983:6:USB_HostTaskFn	8	static
../source/Files_Application/sourceMain.c:998:21:USB_HostEvent	8	static
../source/Files_Application/sourceMain.c:1085:13:USB_HostApplicationInit	8	static
../source/Files_Application/sourceMain.c:1107:6:TMR3_IRQHandler	8	static
../source/Files_Application/sourceMain.c:1118:6:SysTick_Handler	0	static
../source/Files_Application/sourceMain.c:1595:6:Min_max_gauge_values	8	static
../source/Files_Application/sourceMain.c:1679:5:main	8	static
../source/Files_Application/sourceMain.c:1750:6:jump_to_hyperflash_location	0	static
../source/Files_Application/sourceMain.c:1817:6:Initialization	8	static
../source/Files_Application/sourceMain.c:1909:5:funcSdCardApplication	16	static
../source/Files_Application/sourceMain.c:1956:17:sdcardWaitCardInsert	16	static
../source/Files_Application/sourceMain.c:1984:6:VariablesInit	24	static
../source/Files_Application/sourceMain.c:2167:6:funcSdCardtest	8	static
../source/Files_Application/sourceMain.c:2272:6:Store_Dmlog_Frame_From_Into_SDCard	688	static
../source/Files_Application/sourceMain.c:2462:6:write_value_to_SDcard	32	static
../source/Files_Application/sourceMain.c:2491:6:write_string_to_SDcard	16	static
../source/Files_Application/sourceMain.c:2515:6:store_raw_can_data_into_sd_card	80	static
../source/Files_Application/sourceMain.c:2580:9:DetectSDCard	16	static
../source/Files_Application/sourceMain.c:2625:6:funcsdcardtrail	16	static
../source/Files_Application/sourceMain.c:2648:6:funcstore30secrawcandataintosdcard	8	static
../source/Files_Application/sourceMain.c:2681:6:funcstoreDM1faultmesgesintoSdcard	16	static
../source/Files_Application/sourceMain.c:2775:6:funcReadRawDatafromSdCard	16	static
../source/Files_Application/sourceMain.c:2820:6:funcReadFaultDatafromSdCard	16	static
../source/Files_Application/sourceMain.c:2865:6:funcWriteMinMaxToSdCard	176	static
../source/Files_Application/sourceMain.c:2896:6:funcWriteDataloggingToSdCard	176	static
../source/Files_Application/sourceMain.c:2929:6:store_minmax_to_sd_card	104	static
../source/Files_Application/sourceMain.c:3314:6:store_Datalogging_to_sd_card	104	static
../source/Files_Application/sourceMain.c:3739:6:FuncStringPrint	8	static
../source/Files_Application/sourceMain.c:3765:6:FuncfaultlogStringPrint	8	static
../source/Files_Application/sourceMain.c:3783:6:funcPrintParameterType	8	static
../source/Files_Application/sourceMain.c:3836:6:funcPrintErrorType	8	static
../source/Files_Application/sourceMain.c:3865:6:funcTempHextoAscii	32	static
../source/Files_Application/sourceMain.c:3926:6:funcfaultTempHextoAscii	32	static
../source/Files_Application/sourceMain.c:3972:6:funcReadMinMaxfromSDcard	16	static
../source/Files_Application/sourceMain.c:4012:6:funcReadDataLogfromSdCard	16	static
../source/Files_Application/sourceMain.c:4057:6:InitAdc	16	static
../source/Files_Application/sourceMain.c:4076:14:ReadADCValues	16	static
../source/Files_Application/sourceMain.c:4108:6:FreqCaptureInit	24	static
../source/Files_Application/sourceMain.c:4126:15:Readfrequency	8	static
../source/Files_Application/sourceMain.c:4164:6:I2cWrite	16	static
../source/Files_Application/sourceMain.c:4174:10:I2cRead	24	static
../source/Files_Application/sourceMain.c:4187:6:WriteRTC	8	static
../source/Files_Application/sourceMain.c:4222:6:ReadRTC	32	static
../source/Files_Application/sourceMain.c:4259:10:bcd2bin	0	static
../source/Files_Application/sourceMain.c:4278:9:hexa2bcd_rtc	0	static
../source/Files_Application/sourceMain.c:4293:9:decimalToBCD	0	static
../source/Files_Application/sourceMain.c:4327:11:hexa2bcd	0	static
../source/Files_Application/sourceMain.c:4340:6:RTCInit	8	static
../source/Files_Application/sourceMain.c:4352:6:Max22190Init	8	static
../source/Files_Application/sourceMain.c:4374:6:WriteSpiMax22190	16	static
../source/Files_Application/sourceMain.c:4385:6:ClockDataOut	16	static
../source/Files_Application/sourceMain.c:4404:10:Max22190DeviceProcess	16	static
../source/Files_Application/sourceMain.c:4430:9:ClockDataIn	16	static
../source/Files_Application/sourceMain.c:4455:6:DelayUs1	8	static
../source/Files_Application/sourceMain.c:4467:6:ReadandProcessallADCchannels	8	static
../source/Files_Application/sourceMain.c:4552:6:funcProcessCOTValue	16	static
../source/Files_Application/sourceMain.c:4586:6:funcProcessEOPValue	8	static
../source/Files_Application/sourceMain.c:4653:6:funcProcessBatteryVolValue	8	static
../source/Files_Application/sourceMain.c:4681:6:ConvertFREQtoRPM	8	static
../source/Files_Application/sourceMain.c:4690:6:funcProcessTOPValue	8	static
../source/Files_Application/sourceMain.c:4723:6:funcMUXSelected	8	static
../source/Files_Application/sourceMain.c:4779:6:ReadandProcessDigitalIO	8	static
../source/Files_Application/sourceMain.c:4912:6:ProcessDM1faultfromVMS	8	static
../source/Files_Application/sourceMain.c:5638:6:StoreDM1faultfromVMS	24	static
../source/Files_Application/sourceMain.c:5714:6:Indicatefaultsymbols	8	static
../source/Files_Application/sourceMain.c:5842:6:Writedataintofram	16	static
../source/Files_Application/sourceMain.c:5919:6:Poweronreaddatafromfram	24	static
../source/Files_Application/sourceMain.c:6068:6:ReadDisplayHrs	8	static
../source/Files_Application/sourceMain.c:6093:6:ReadEngHrs	8	static
../source/Files_Application/sourceMain.c:6129:6:ReadEngFuelRate	8	static
../source/Files_Application/sourceMain.c:6140:6:Validate_adc_counts	8	static
../source/Files_Application/sourceMain.c:6245:6:Adcdatavalidation	0	static
../source/Files_Application/sourceMain.c:6341:21:Filter_Engine_Speed1	0	static
../source/Files_Application/sourceMain.c:6415:21:Filter_Engine_Speed2	0	static
../source/Files_Application/sourceMain.c:6491:21:Filter_Engine_Speed_RPM	0	static
../source/Files_Application/sourceMain.c:6568:6:Calculate_distance_in_km_from_CAN_per_sec	8	static
../source/Files_Application/sourceMain.c:6584:6:Updatedistance	16	static
../source/Files_Application/sourceMain.c:6612:10:final_km_convertion	0	static
../source/Files_Application/sourceMain.c:6623:6:Distance_in_kilometer	8	static
../source/Files_Application/sourceMain.c:6650:6:PowerONGaugeRotation	16	static
../source/Files_Application/sourceMain.c:6798:6:fl_cpy_drv1_to_drv0	2776	static
../source/Files_Application/sourceMain.c:6839:13:PWM_DRV_Init3PhPwm	48	static
../source/Files_Application/sourceMain.c:6889:5:PWM_config	40	static
../source/Files_Application/sourceMain.c:7020:6:generate_pwm	16	static
../source/Files_Application/sourceMain.c:7051:6:set_brightness	8	static
../source/Files_Application/sourceMain.c:7094:6:write_value_to_Pendrv	32	static
../source/Files_Application/sourceMain.c:7132:6:write_string_to_Pendrv	8	static
../source/Files_Application/sourceMain.c:7166:6:Fault_logging	40	static
../source/Files_Application/sourceMain.c:7294:6:Data_logging	16	static
../source/Files_Application/sourceMain.c:7374:6:Swwh_logging	24	static
../source/Files_Application/sourceMain.c:7425:6:Decode_errorlog_array	32	static
../source/Files_Application/sourceMain.c:7515:6:Decode_datalog_array	24	static
../source/Files_Application/sourceMain.c:7594:6:Decode_swwhlog_array	16	static
../source/Files_Application/sourceMain.c:7620:6:SwwhHextoAscii	32	static
../source/Files_Application/sourceMain.c:7665:6:SwwhStringPrint	8	static
../source/Files_Application/sourceMain.c:7683:6:GenHextoAscii	32	static
../source/Files_Application/sourceMain.c:7729:6:GenStringPrint	8	static
../source/Files_Application/sourceMain.c:7746:6:Read_identification_details	64	static
../source/Files_Application/sourceMain.c:7788:6:datalog_write_idntfn_data_to_ext_memory	16	static
../source/Files_Application/sourceMain.c:7869:6:errorlog_write_idntfn_data_to_ext_memory	16	static
../source/Files_Application/sourceMain.c:7948:6:swwhlog_write_idntfn_data_to_ext_memory	16	static
../source/Files_Application/sourceMain.c:8028:6:rawcanlog_write_idntfn_data_to_ext_memory	16	static
../source/Files_Application/sourceMain.c:8107:6:write_one_errorlog_frame_to_pendrive	88	static
../source/Files_Application/sourceMain.c:8503:6:write_one_datalog_frame_to_pendrive	104	static
../source/Files_Application/sourceMain.c:8834:6:write_one_swwhlog_frame_to_pendrive	16	static
../source/Files_Application/sourceMain.c:8974:6:write_rawcan_frame_to_pendrive	64	static
../source/Files_Application/sourceMain.c:9075:6:Copy_datalog_file_to_pendrive	8	static
../source/Files_Application/sourceMain.c:9123:6:Copy_errorlog_file_to_pendrive	8	static
../source/Files_Application/sourceMain.c:9166:6:Copy_rawcanlog_file_to_pendrive	8	static
../source/Files_Application/sourceMain.c:9208:6:Copy_WorkingHrslog_file_to_pendrive	8	static
../source/Files_Application/sourceMain.c:9256:6:Logging	8	static
../source/Files_Application/sourceMain.c:9271:6:Copying_of_logged_data	8	static
../source/Files_Application/sourceMain.c:9404:6:Display_Errors	8	static
../source/Files_Application/sourceMain.c:9434:10:Re_asgn_Org_srs_addr_frm_dm1_array	0	static
../source/Files_Application/sourceMain.c:9462:10:Re_asgn_Org_srs_addr_frm_dm1_array_2	0	static
../source/Files_Application/sourceMain.c:9486:6:KeypadApplication	16	static
../source/Files_Application/sourceMain.c:9496:6:sendEngHrsRequest1	16	static
../source/Files_Application/sourceMain.c:9506:6:sendEngHrsRequest2	16	static
../source/Files_Application/sourceMain.c:9517:6:send_ToP_ToT	32	static
../source/Files_Application/sourceMain.c:9546:6:send_FueL_lvl	24	static
../source/Files_Application/sourceMain.c:9569:6:send_ECL_EOP	24	static
../source/Files_Application/sourceMain.c:9611:6:send_ParkBrkSw_and_VehicleSpd	16	static
../source/Files_Application/sourceMain.c:9658:6:send_AirFilClog	16	static
../source/Files_Application/sourceMain.c:9684:6:send_SeatBeltSw	16	static
../source/Files_Application/sourceMain.c:9712:6:send_ECT_EOT	24	static
../source/Files_Application/sourceMain.c:9755:6:send_E_N_G_SPD	24	static
../source/Files_Application/sourceMain.c:9785:6:send_TOFC	16	static
../source/Files_Application/sourceMain.c:9817:21:Filter_AIN1_counts	0	static
../source/Files_Application/sourceMain.c:9892:21:Filter_AIN2_counts	0	static
../source/Files_Application/sourceMain.c:9967:21:Filter_AIN3_counts	0	static
../source/Files_Application/sourceMain.c:10042:21:Filter_Battery_counts	0	static
../source/Files_Application/sourceMain.c:10117:6:Decide_eng_on_or_not	0	static
../source/Files_Application/sourceMain.c:10129:6:CheckEngRpm_is_coming	0	static
../source/Files_Application/sourceMain.c:10220:6:DisplayHrs	16	static
../source/Files_Application/sourceMain.c:10245:10:DisplayHoursUsingRTC	24	static
../source/Files_Application/sourceMain.c:10322:6:EngineHrs	16	static
../source/Files_Application/sourceMain.c:10350:10:EngineHoursUsingRTC	24	static
../source/Files_Application/sourceMain.c:10426:6:ADC_channel_processing	8	static
../source/Files_Application/sourceMain.c:10533:6:All_CAN_disconnected_counter	0	static
../source/Files_Application/sourceMain.c:10596:6:Reset_all_CAN_parameters	8	static
../source/Files_Application/sourceMain.c:10646:6:Reset_Engine_CAN_parameters	0	static
../source/Files_Application/sourceMain.c:10716:6:Reset_Transmission_CAN_parameters	0	static
../source/Files_Application/sourceMain.c:10761:6:Reset_Io_module_CAN_parameters	0	static
../source/Files_Application/sourceMain.c:10806:6:Reset_Sender_CAN_parameters	0	static
../source/Files_Application/sourceMain.c:10842:6:SeatBeltFlow	0	static
../source/Files_Application/sourceMain.c:10870:6:SeatbeltIconToggle	0	static
../source/Files_Application/sourceMain.c:10892:6:ErrorIconToggle	0	static
../source/Files_Application/sourceMain.c:10914:6:id_notset_Toggle	0	static
../source/Files_Application/sourceMain.c:10936:6:Condition_to_datalog	8	static
../source/Files_Application/sourceMain.c:10971:6:BUZZER_ENABLE	8	static
../source/Files_Application/sourceMain.c:11022:6:EopIconToggle	0	static
../source/Files_Application/sourceMain.c:11049:6:EctIconToggle	0	static
../source/Files_Application/sourceMain.c:11076:6:EotIconToggle	0	static
../source/Files_Application/sourceMain.c:11103:6:FuelIconToggle	0	static
../source/Files_Application/sourceMain.c:11130:6:TopIconToggle	0	static
../source/Files_Application/sourceMain.c:11157:6:TotIconToggle	0	static
../source/Files_Application/sourceMain.c:11184:6:EngOvrSpdIconToggle	0	static
../source/Files_Application/sourceMain.c:11211:6:workingHrsLogic	24	static
../source/Files_Application/sourceMain.c:11752:5:getDifference	40	static
../source/Files_Application/sourceMain.c:11781:5:countLeapYears	0	static
../source/Files_Application/sourceMain.c:11794:6:Store_Shifts_Started_Date	16	static
../source/Files_Application/sourceMain.c:11916:10:WorkingHrsCalculation	24	static
../source/Files_Application/sourceMain.c:12022:6:CBCReportPrint	8	static
../source/Files_Application/sourceMain.c:12035:6:Serial_TX	8	static
../source/Files_Application/sourceMain.c:12040:6:transmit_serial	8	static
../source/Files_Application/sourceMain.c:12048:6:str_tx	8	static
../source/Files_Application/sourceMain.c:12071:6:PowerOnReadForShiftHrs	24	static
