D:\IMXRT1050EVKB_Bootloader\BD155_P_V1_0_0\McuXpresso\VMS_Display_V0\CMSIS/core_cm7.h:1902:22:__NVIC_EnableIRQ	16	static
D:\IMXRT1050EVKB_Bootloader\BD155_P_V1_0_0\McuXpresso\VMS_Display_V0\CMSIS/core_cm7.h:1940:22:__NVIC_DisableIRQ	16	static
D:\IMXRT1050EVKB_Bootloader\BD155_P_V1_0_0\McuXpresso\VMS_Display_V0\CMSIS/core_cm7.h:2032:22:__NVIC_SetPriority	16	static
D:\IMXRT1050EVKB_Bootloader\BD155_P_V1_0_0\McuXpresso\VMS_Display_V0\drivers/fsl_common_arm.h:210:20:_SDK_AtomicLocalClearAndSet4Byte	4	static
D:\IMXRT1050EVKB_Bootloader\BD155_P_V1_0_0\McuXpresso\VMS_Display_V0\drivers/fsl_clock.h:1112:20:CLOCK_SetMux	16	static
D:\IMXRT1050EVKB_Bootloader\BD155_P_V1_0_0\McuXpresso\VMS_Display_V0\drivers/fsl_clock.h:1150:20:CLOCK_SetDiv	16	static
D:\IMXRT1050EVKB_Bootloader\BD155_P_V1_0_0\McuXpresso\VMS_Display_V0\drivers/fsl_clock.h:1186:20:CLOCK_ControlGate	8	static
D:\IMXRT1050EVKB_Bootloader\BD155_P_V1_0_0\McuXpresso\VMS_Display_V0\drivers/fsl_clock.h:1213:20:CLOCK_DisableClock	8	static
D:\IMXRT1050EVKB_Bootloader\BD155_P_V1_0_0\McuXpresso\VMS_Display_V0\drivers/fsl_common_arm.h:488:24:EnableIRQ	8	static
D:\IMXRT1050EVKB_Bootloader\BD155_P_V1_0_0\McuXpresso\VMS_Display_V0\drivers/fsl_common_arm.h:532:24:DisableIRQ	8	static
D:\IMXRT1050EVKB_Bootloader\BD155_P_V1_0_0\McuXpresso\VMS_Display_V0\drivers/fsl_adc.h:275:24:ADC_GetChannelConversionValue	8	static
D:\IMXRT1050EVKB_Bootloader\BD155_P_V1_0_0\McuXpresso\VMS_Display_V0\drivers/fsl_adc.h:300:24:ADC_GetChannelStatusFlags	8	static
D:\IMXRT1050EVKB_Bootloader\BD155_P_V1_0_0\McuXpresso\VMS_Display_V0\drivers/fsl_adc.h:358:20:ADC_EnableHardwareTrigger	0	static
D:\IMXRT1050EVKB_Bootloader\BD155_P_V1_0_0\McuXpresso\VMS_Display_V0\drivers/fsl_gpio.h:101:20:GPIO_WritePinOutput	8	static
D:\IMXRT1050EVKB_Bootloader\BD155_P_V1_0_0\McuXpresso\VMS_Display_V0\drivers/fsl_gpio.h:205:23:GPIO_PinReadPadStatus	8	static
D:\IMXRT1050EVKB_Bootloader\BD155_P_V1_0_0\McuXpresso\VMS_Display_V0\drivers/fsl_gpio.h:216:23:GPIO_ReadPadStatus	8	static
D:\IMXRT1050EVKB_Bootloader\BD155_P_V1_0_0\McuXpresso\VMS_Display_V0\drivers/fsl_gpt.h:270:20:GPT_StartTimer	0	static
D:\IMXRT1050EVKB_Bootloader\BD155_P_V1_0_0\McuXpresso\VMS_Display_V0\drivers/fsl_qtmr.h:384:20:QTMR_StartTimer	0	static
D:\IMXRT1050EVKB_Bootloader\BD155_P_V1_0_0\McuXpresso\VMS_Display_V0\drivers/fsl_lpi2c.h:803:24:LPI2C_MasterRepeatedStart	8	static
D:\IMXRT1050EVKB_Bootloader\BD155_P_V1_0_0\McuXpresso\VMS_Display_V0\drivers/fsl_pwm.h:769:20:PWM_StartTimer	0	static
D:\IMXRT1050EVKB_Bootloader\BD155_P_V1_0_0\McuXpresso\VMS_Display_V0\drivers/fsl_pwm.h:886:20:PWM_SetPwmLdok	0	static
D:\IMXRT1050EVKB_Bootloader\BD155_P_V1_0_0\McuXpresso\VMS_Display_V0\drivers/fsl_pwm.h:953:20:PWM_SetupFaultDisableMap	8	static
../source/Files_Application/sourceMain.c:35:7:FLEXSPI_NorFlash_GetConfig	20	static
../source/Files_Application/sourceMain.c:244:7:error_trap	8	static
../source/Files_Application/sourceMain.c:257:7:app_finalize	8	static
../source/Files_Application/sourceMain.c:274:7:get_cache_status	0	static
../source/Files_Application/sourceMain.c:295:7:flexspi_nor_handle_cache	16	static
../source/Files_Application/sourceMain.c:339:7:HyperFlash	24	static
../source/Files_Application/sourceMain.c:500:7:ReadFromPendrive	592	static
../source/Files_Application/sourceMain.c:723:7:jump_to_hyperflash_location	24	static
../source/Files_Application/sourceMain.c:882:14:get_user_application_entry	8	static
../source/Files_Application/sourceMain.c:928:11:AsciiToDecimal	16	static
../source/Files_Application/sourceMain.c:985:10:ASCII2HEX	0	static
../source/Files_Application/sourceMain.c:1002:6:BOARD_InitLcd	24	static
../source/Files_Application/sourceMain.c:1032:6:BOARD_InitLcdifPixelClock	24	static
../source/Files_Application/sourceMain.c:1066:6:BOARD_InitGPT	24	static
../source/Files_Application/sourceMain.c:1084:6:USB_OTG1_IRQHandler	8	static
../source/Files_Application/sourceMain.c:1089:6:USB_OTG2_IRQHandler	8	static
../source/Files_Application/sourceMain.c:1094:6:USB_HostClockInit	16	static
../source/Files_Application/sourceMain.c:1115:6:USB_HostIsrEnable	16	static
../source/Files_Application/sourceMain.c:1132:6:USB_HostTaskFn	8	static
../source/Files_Application/sourceMain.c:1147:21:USB_HostEvent	8	static
../source/Files_Application/sourceMain.c:1234:13:USB_HostApplicationInit	8	static
../source/Files_Application/sourceMain.c:1256:6:TMR3_IRQHandler	8	static
../source/Files_Application/sourceMain.c:1267:6:SysTick_Handler	8	static
../source/Files_Application/sourceMain.c:1744:6:Min_max_gauge_values	8	static
../source/Files_Application/sourceMain.c:1828:5:main	8	static
../source/Files_Application/sourceMain.c:1898:6:Initialization	8	static
../source/Files_Application/sourceMain.c:1986:6:dummy	8	static
../source/Files_Application/sourceMain.c:1999:5:funcSdCardApplication	16	static
../source/Files_Application/sourceMain.c:2046:17:sdcardWaitCardInsert	16	static
../source/Files_Application/sourceMain.c:2074:6:VariablesInit	24	static
../source/Files_Application/sourceMain.c:2257:6:funcSdCardtest	8	static
../source/Files_Application/sourceMain.c:2362:6:Store_Dmlog_Frame_From_Into_SDCard	688	static
../source/Files_Application/sourceMain.c:2552:6:write_value_to_SDcard	32	static
../source/Files_Application/sourceMain.c:2581:6:write_string_to_SDcard	16	static
../source/Files_Application/sourceMain.c:2605:6:store_raw_can_data_into_sd_card	80	static
../source/Files_Application/sourceMain.c:2670:9:DetectSDCard	16	static
../source/Files_Application/sourceMain.c:2715:6:funcsdcardtrail	16	static
../source/Files_Application/sourceMain.c:2738:6:funcstore30secrawcandataintosdcard	8	static
../source/Files_Application/sourceMain.c:2771:6:funcstoreDM1faultmesgesintoSdcard	16	static
../source/Files_Application/sourceMain.c:2865:6:funcReadRawDatafromSdCard	16	static
../source/Files_Application/sourceMain.c:2910:6:funcReadFaultDatafromSdCard	16	static
../source/Files_Application/sourceMain.c:2955:6:funcWriteMinMaxToSdCard	176	static
../source/Files_Application/sourceMain.c:2986:6:funcWriteDataloggingToSdCard	176	static
../source/Files_Application/sourceMain.c:3019:6:store_minmax_to_sd_card	104	static
../source/Files_Application/sourceMain.c:3404:6:store_Datalogging_to_sd_card	104	static
../source/Files_Application/sourceMain.c:3829:6:FuncStringPrint	8	static
../source/Files_Application/sourceMain.c:3855:6:FuncfaultlogStringPrint	8	static
../source/Files_Application/sourceMain.c:3873:6:funcPrintParameterType	8	static
../source/Files_Application/sourceMain.c:3926:6:funcPrintErrorType	8	static
../source/Files_Application/sourceMain.c:3955:6:funcTempHextoAscii	32	static
../source/Files_Application/sourceMain.c:4016:6:funcfaultTempHextoAscii	32	static
../source/Files_Application/sourceMain.c:4062:6:funcReadMinMaxfromSDcard	16	static
../source/Files_Application/sourceMain.c:4102:6:funcReadDataLogfromSdCard	16	static
../source/Files_Application/sourceMain.c:4147:6:InitAdc	16	static
../source/Files_Application/sourceMain.c:4166:14:ReadADCValues	16	static
../source/Files_Application/sourceMain.c:4198:6:FreqCaptureInit	24	static
../source/Files_Application/sourceMain.c:4216:15:Readfrequency	8	static
../source/Files_Application/sourceMain.c:4254:6:I2cWrite	16	static
../source/Files_Application/sourceMain.c:4264:10:I2cRead	24	static
../source/Files_Application/sourceMain.c:4277:6:WriteRTC	8	static
../source/Files_Application/sourceMain.c:4312:6:ReadRTC	32	static
../source/Files_Application/sourceMain.c:4349:10:bcd2bin	0	static
../source/Files_Application/sourceMain.c:4368:9:hexa2bcd_rtc	0	static
../source/Files_Application/sourceMain.c:4383:9:decimalToBCD	0	static
../source/Files_Application/sourceMain.c:4417:11:hexa2bcd	0	static
../source/Files_Application/sourceMain.c:4430:6:RTCInit	8	static
../source/Files_Application/sourceMain.c:4442:6:Max22190Init	8	static
../source/Files_Application/sourceMain.c:4464:6:WriteSpiMax22190	16	static
../source/Files_Application/sourceMain.c:4475:6:ClockDataOut	16	static
../source/Files_Application/sourceMain.c:4494:10:Max22190DeviceProcess	16	static
../source/Files_Application/sourceMain.c:4520:9:ClockDataIn	16	static
../source/Files_Application/sourceMain.c:4545:6:DelayUs1	8	static
../source/Files_Application/sourceMain.c:4557:6:ReadandProcessallADCchannels	8	static
../source/Files_Application/sourceMain.c:4642:6:funcProcessCOTValue	16	static
../source/Files_Application/sourceMain.c:4676:6:funcProcessEOPValue	8	static
../source/Files_Application/sourceMain.c:4743:6:funcProcessBatteryVolValue	8	static
../source/Files_Application/sourceMain.c:4771:6:ConvertFREQtoRPM	8	static
../source/Files_Application/sourceMain.c:4780:6:funcProcessTOPValue	8	static
../source/Files_Application/sourceMain.c:4813:6:funcMUXSelected	8	static
../source/Files_Application/sourceMain.c:4869:6:ReadandProcessDigitalIO	8	static
../source/Files_Application/sourceMain.c:5002:6:ProcessDM1faultfromVMS	8	static
../source/Files_Application/sourceMain.c:5728:6:StoreDM1faultfromVMS	24	static
../source/Files_Application/sourceMain.c:5804:6:Indicatefaultsymbols	8	static
../source/Files_Application/sourceMain.c:5932:6:Writedataintofram	16	static
../source/Files_Application/sourceMain.c:6009:6:Poweronreaddatafromfram	24	static
../source/Files_Application/sourceMain.c:6158:6:ReadDisplayHrs	8	static
../source/Files_Application/sourceMain.c:6183:6:ReadEngHrs	8	static
../source/Files_Application/sourceMain.c:6219:6:ReadEngFuelRate	8	static
../source/Files_Application/sourceMain.c:6230:6:Validate_adc_counts	8	static
../source/Files_Application/sourceMain.c:6335:6:Adcdatavalidation	0	static
../source/Files_Application/sourceMain.c:6431:21:Filter_Engine_Speed1	0	static
../source/Files_Application/sourceMain.c:6505:21:Filter_Engine_Speed2	0	static
../source/Files_Application/sourceMain.c:6581:21:Filter_Engine_Speed_RPM	0	static
../source/Files_Application/sourceMain.c:6658:6:Calculate_distance_in_km_from_CAN_per_sec	8	static
../source/Files_Application/sourceMain.c:6674:6:Updatedistance	16	static
../source/Files_Application/sourceMain.c:6702:10:final_km_convertion	0	static
../source/Files_Application/sourceMain.c:6713:6:Distance_in_kilometer	8	static
../source/Files_Application/sourceMain.c:6740:6:PowerONGaugeRotation	16	static
../source/Files_Application/sourceMain.c:6888:6:fl_cpy_drv1_to_drv0	2776	static
../source/Files_Application/sourceMain.c:6929:13:PWM_DRV_Init3PhPwm	48	static
../source/Files_Application/sourceMain.c:6979:5:PWM_config	40	static
../source/Files_Application/sourceMain.c:7110:6:generate_pwm	16	static
../source/Files_Application/sourceMain.c:7141:6:set_brightness	8	static
../source/Files_Application/sourceMain.c:7184:6:write_value_to_Pendrv	32	static
../source/Files_Application/sourceMain.c:7222:6:write_string_to_Pendrv	8	static
../source/Files_Application/sourceMain.c:7256:6:Fault_logging	40	static
../source/Files_Application/sourceMain.c:7384:6:Data_logging	16	static
../source/Files_Application/sourceMain.c:7464:6:Swwh_logging	24	static
../source/Files_Application/sourceMain.c:7515:6:Decode_errorlog_array	32	static
../source/Files_Application/sourceMain.c:7605:6:Decode_datalog_array	24	static
../source/Files_Application/sourceMain.c:7684:6:Decode_swwhlog_array	16	static
../source/Files_Application/sourceMain.c:7710:6:SwwhHextoAscii	32	static
../source/Files_Application/sourceMain.c:7755:6:SwwhStringPrint	8	static
../source/Files_Application/sourceMain.c:7773:6:GenHextoAscii	32	static
../source/Files_Application/sourceMain.c:7819:6:GenStringPrint	8	static
../source/Files_Application/sourceMain.c:7836:6:Read_identification_details	64	static
../source/Files_Application/sourceMain.c:7878:6:datalog_write_idntfn_data_to_ext_memory	16	static
../source/Files_Application/sourceMain.c:7959:6:errorlog_write_idntfn_data_to_ext_memory	16	static
../source/Files_Application/sourceMain.c:8038:6:swwhlog_write_idntfn_data_to_ext_memory	16	static
../source/Files_Application/sourceMain.c:8118:6:rawcanlog_write_idntfn_data_to_ext_memory	16	static
../source/Files_Application/sourceMain.c:8197:6:write_one_errorlog_frame_to_pendrive	88	static
../source/Files_Application/sourceMain.c:8593:6:write_one_datalog_frame_to_pendrive	104	static
../source/Files_Application/sourceMain.c:8924:6:write_one_swwhlog_frame_to_pendrive	16	static
../source/Files_Application/sourceMain.c:9064:6:write_rawcan_frame_to_pendrive	64	static
../source/Files_Application/sourceMain.c:9165:6:Copy_datalog_file_to_pendrive	8	static
../source/Files_Application/sourceMain.c:9213:6:Copy_errorlog_file_to_pendrive	8	static
../source/Files_Application/sourceMain.c:9256:6:Copy_rawcanlog_file_to_pendrive	8	static
../source/Files_Application/sourceMain.c:9298:6:Copy_WorkingHrslog_file_to_pendrive	8	static
../source/Files_Application/sourceMain.c:9346:6:Logging	8	static
../source/Files_Application/sourceMain.c:9361:6:Copying_of_logged_data	8	static
../source/Files_Application/sourceMain.c:9494:6:Display_Errors	8	static
../source/Files_Application/sourceMain.c:9524:10:Re_asgn_Org_srs_addr_frm_dm1_array	0	static
../source/Files_Application/sourceMain.c:9552:10:Re_asgn_Org_srs_addr_frm_dm1_array_2	0	static
../source/Files_Application/sourceMain.c:9576:6:KeypadApplication	16	static
../source/Files_Application/sourceMain.c:9586:6:sendEngHrsRequest1	16	static
../source/Files_Application/sourceMain.c:9596:6:sendEngHrsRequest2	16	static
../source/Files_Application/sourceMain.c:9607:6:send_ToP_ToT	32	static
../source/Files_Application/sourceMain.c:9636:6:send_FueL_lvl	24	static
../source/Files_Application/sourceMain.c:9659:6:send_ECL_EOP	24	static
../source/Files_Application/sourceMain.c:9701:6:send_ParkBrkSw_and_VehicleSpd	16	static
../source/Files_Application/sourceMain.c:9748:6:send_AirFilClog	16	static
../source/Files_Application/sourceMain.c:9774:6:send_SeatBeltSw	16	static
../source/Files_Application/sourceMain.c:9802:6:send_ECT_EOT	24	static
../source/Files_Application/sourceMain.c:9845:6:send_E_N_G_SPD	24	static
../source/Files_Application/sourceMain.c:9875:6:send_TOFC	16	static
../source/Files_Application/sourceMain.c:9907:21:Filter_AIN1_counts	0	static
../source/Files_Application/sourceMain.c:9982:21:Filter_AIN2_counts	0	static
../source/Files_Application/sourceMain.c:10057:21:Filter_AIN3_counts	0	static
../source/Files_Application/sourceMain.c:10132:21:Filter_Battery_counts	0	static
../source/Files_Application/sourceMain.c:10207:6:Decide_eng_on_or_not	0	static
../source/Files_Application/sourceMain.c:10219:6:CheckEngRpm_is_coming	0	static
../source/Files_Application/sourceMain.c:10310:6:DisplayHrs	16	static
../source/Files_Application/sourceMain.c:10335:10:DisplayHoursUsingRTC	24	static
../source/Files_Application/sourceMain.c:10412:6:EngineHrs	16	static
../source/Files_Application/sourceMain.c:10440:10:EngineHoursUsingRTC	24	static
../source/Files_Application/sourceMain.c:10516:6:ADC_channel_processing	8	static
../source/Files_Application/sourceMain.c:10623:6:All_CAN_disconnected_counter	0	static
../source/Files_Application/sourceMain.c:10686:6:Reset_all_CAN_parameters	8	static
../source/Files_Application/sourceMain.c:10736:6:Reset_Engine_CAN_parameters	0	static
../source/Files_Application/sourceMain.c:10806:6:Reset_Transmission_CAN_parameters	0	static
../source/Files_Application/sourceMain.c:10851:6:Reset_Io_module_CAN_parameters	0	static
../source/Files_Application/sourceMain.c:10896:6:Reset_Sender_CAN_parameters	0	static
../source/Files_Application/sourceMain.c:10932:6:SeatBeltFlow	0	static
../source/Files_Application/sourceMain.c:10960:6:SeatbeltIconToggle	0	static
../source/Files_Application/sourceMain.c:10982:6:ErrorIconToggle	0	static
../source/Files_Application/sourceMain.c:11004:6:id_notset_Toggle	0	static
../source/Files_Application/sourceMain.c:11026:6:Condition_to_datalog	8	static
../source/Files_Application/sourceMain.c:11061:6:BUZZER_ENABLE	8	static
../source/Files_Application/sourceMain.c:11112:6:EopIconToggle	0	static
../source/Files_Application/sourceMain.c:11139:6:EctIconToggle	0	static
../source/Files_Application/sourceMain.c:11166:6:EotIconToggle	0	static
../source/Files_Application/sourceMain.c:11193:6:FuelIconToggle	0	static
../source/Files_Application/sourceMain.c:11220:6:TopIconToggle	0	static
../source/Files_Application/sourceMain.c:11247:6:TotIconToggle	0	static
../source/Files_Application/sourceMain.c:11274:6:EngOvrSpdIconToggle	0	static
../source/Files_Application/sourceMain.c:11301:6:workingHrsLogic	24	static
../source/Files_Application/sourceMain.c:11842:5:getDifference	40	static
../source/Files_Application/sourceMain.c:11871:5:countLeapYears	0	static
../source/Files_Application/sourceMain.c:11884:6:Store_Shifts_Started_Date	16	static
../source/Files_Application/sourceMain.c:12006:10:WorkingHrsCalculation	24	static
../source/Files_Application/sourceMain.c:12112:6:CBCReportPrint	8	static
../source/Files_Application/sourceMain.c:12125:6:Serial_TX	8	static
../source/Files_Application/sourceMain.c:12130:6:transmit_serial	8	static
../source/Files_Application/sourceMain.c:12138:6:str_tx	8	static
../source/Files_Application/sourceMain.c:12161:6:PowerOnReadForShiftHrs	24	static
