../source/memory/src/semc_nand_memory.c:1314:13:is_semc_nand_page_in_bad_block	8	static
../source/memory/src/semc_nand_memory.c:1336:17:semc_nand_calculate_crc32	32	static
../source/memory/src/semc_nand_memory.c:1107:13:semc_nand_validate_bcb	8	static
../source/memory/src/semc_nand_memory.c:1389:17:semc_nand_update_memory_map	16	static
../source/memory/src/semc_nand_memory.c:1406:17:semc_nand_record_bad_block.isra	0	static
../source/memory/src/semc_nand_memory.c:1355:17:semc_nand_creat_empty_fcb.isra	8	static
../source/memory/src/semc_nand_memory.c:1095:17:semc_nand_erase_verify_block	0	static
../source/memory/src/semc_nand_memory.c:1063:17:semc_nand_write_verify_memory	32	static
../source/memory/src/semc_nand_memory.c:939:17:semc_nand_flush_one_page_from_buffer	56	static
../source/memory/src/semc_nand_memory.c:614:10:semc_nand_mem_write	48	static
../source/memory/src/semc_nand_memory.c:825:10:semc_nand_mem_flush	0	static
../source/memory/src/semc_nand_memory.c:530:10:semc_nand_mem_read	48	static
../source/memory/src/semc_nand_memory.c:1155:17:semc_nand_search_bcb	48	static
../source/memory/src/semc_nand_memory.c:173:10:semc_nand_mem_init	24	static
../source/memory/src/semc_nand_memory.c:1200:17:semc_nand_update_bcb	56	static
../source/memory/src/semc_nand_memory.c:726:10:semc_nand_mem_erase	32	static
../source/memory/src/semc_nand_memory.c:837:10:semc_nand_mem_finalize	8	static
../source/memory/src/semc_nand_memory.c:348:10:semc_nand_mem_config	40	static
../source/memory/src/semc_nand_memory.c:789:10:semc_nand_mem_erase_all	24	static
../source/memory/src/semc_nand_memory.c:856:10:semc_nand_get_property	0	static
