../source/memory/src/spinand_memory.c:1646:13:is_bad_block_in_dbbt	8	static
../source/memory/src/spinand_memory.c:1614:17:calculate_crc32	32	static
../source/memory/src/spinand_memory.c:1502:17:spinand_memory_write_and_verify	48	static
../source/memory/src/spinand_memory.c:1594:17:spinand_memory_erase_block	0	static
../source/memory/src/spinand_memory.c:1428:10:spinand_mem_update_dbbt.constprop	40	static
../source/memory/src/spinand_memory.c:919:10:spinand_mem_finalize	8	static
../source/memory/src/spinand_memory.c:1660:17:bad_block_discovered.isra	0	static
../source/memory/src/spinand_memory.c:940:10:spinand_mem_erase	24	static
../source/memory/src/spinand_memory.c:1479:17:spinand_memory_read	40	static
../source/memory/src/spinand_memory.c:1241:13:is_erased_memory	24	static
../source/memory/src/spinand_memory.c:1128:17:spinand_mem_flush_buffer	48	static
../source/memory/src/spinand_memory.c:724:10:spinand_mem_write	56	static
../source/memory/src/spinand_memory.c:907:10:spinand_mem_flush	0	static
../source/memory/src/spinand_memory.c:594:10:spinand_mem_read	56	static
../source/memory/src/spinand_memory.c:1384:17:spinand_mem_load_dbbt.constprop	40	static
../source/memory/src/spinand_memory.c:186:10:spinand_mem_init	64	static
../source/memory/src/spinand_memory.c:477:10:spinand_mem_config	48	static
../source/memory/src/spinand_memory.c:1019:10:spinand_mem_erase_all	16	static
../source/memory/src/spinand_memory.c:1057:10:spinand_get_property	0	static
