../source/sbloader/src/sbloader.c:159:10:ldr_DoHeader	0	static
../source/sbloader/src/sbloader.c:196:10:ldr_DoHeader1	0	static
../source/sbloader/src/sbloader.c:440:10:ldr_DoLoadBytes	32	static
../source/sbloader/src/sbloader.c:510:10:ldr_DoLoadChunks	32	static
../source/sbloader/src/sbloader.c:393:10:ldr_DoKeyTest	8	static
../source/sbloader/src/sbloader.c:111:10:ldr_GoToNextSection	0	static
../source/sbloader/src/sbloader.c:240:10:ldr_DoHeader2	8	static
../source/sbloader/src/sbloader.c:355:10:ldr_DoGetDek	0	static
../source/sbloader/src/sbloader.c:317:10:ldr_DoHeaderMac	0	static
../source/sbloader/src/sbloader.c:581:10:ldr_DoLoadCmd	8	static
../source/sbloader/src/sbloader.c:612:10:ldr_DoFillCmd	0	static
../source/sbloader/src/sbloader.c:638:10:ldr_DoProgramCmd	0	static
../source/sbloader/src/sbloader.c:691:10:ldr_DoJumpCmd	0	static
../source/sbloader/src/sbloader.c:761:10:ldr_DoTagCmd	0	static
../source/sbloader/src/sbloader.c:818:10:ldr_DoEraseCmd	0	static
../source/sbloader/src/sbloader.c:917:10:ldr_DoResetCmd	0	static
../source/sbloader/src/sbloader.c:938:10:ldr_DoMemEnableCmd	16	static
../source/sbloader/src/sbloader.c:1067:10:sbloader_init	8	static
../source/sbloader/src/sbloader.c:711:10:ldr_DoCallCmd	16	static
../source/sbloader/src/sbloader.c:1007:10:ldr_DoCommand	16	static
../source/sbloader/src/sbloader.c:1171:10:sbloader_handle_chunk	0	static
../source/sbloader/src/sbloader.c:1125:10:sbloader_pump	24	static
../source/sbloader/src/sbloader.c:1206:10:sbloader_finalize	24	static
