../source/bootloader/src/bl_command.c:1217:38:handle_execute	40	static
../source/bootloader/src/bl_command.c:277:10:bootloader_command_init	0	static
../source/bootloader/src/bl_command.c:485:13:reset_data_phase	0	static
../source/bootloader/src/bl_command.c:1419:6:send_generic_response	24	static
../source/bootloader/src/bl_command.c:286:10:bootloader_command_pump	24	static
../source/bootloader/src/bl_command.c:432:6:handle_reset	8	static
../source/bootloader/src/bl_command.c:492:6:handle_flash_erase_all	8	static
../source/bootloader/src/bl_command.c:579:6:handle_flash_erase_all_unsecure	0	static
../source/bootloader/src/bl_command.c:599:6:handle_flash_erase_region	8	static
../source/bootloader/src/bl_command.c:611:6:handle_receive_sb_file	8	static
../source/bootloader/src/bl_command.c:644:6:handle_set_property	8	static
../source/bootloader/src/bl_command.c:656:6:handle_configure_memory	8	static
../source/bootloader/src/bl_command.c:699:6:handle_write_memory	8	static
../source/bootloader/src/bl_command.c:833:6:finalize_data_phase	16	static
../source/bootloader/src/bl_command.c:957:10:handle_data_consumer	40	static
../source/bootloader/src/bl_command.c:1081:10:handle_data_producer	40	static
../source/bootloader/src/bl_command.c:926:10:handle_key_blob_data	0	static
../source/bootloader/src/bl_command.c:939:10:handle_data_bidirection	0	static
../source/bootloader/src/bl_command.c:1203:6:handle_fill_memory	8	static
../source/bootloader/src/bl_command.c:1294:6:handle_call	16	static
../source/bootloader/src/bl_command.c:1337:6:handle_flash_program_once	24	static
../source/bootloader/src/bl_command.c:1439:6:send_get_property_response	40	static
../source/bootloader/src/bl_command.c:626:6:handle_get_property	24	static
../source/bootloader/src/bl_command.c:1466:6:send_generate_key_blob_response	24	static
../source/bootloader/src/bl_command.c:723:6:handle_generate_key_blob	16	static
../source/bootloader/src/bl_command.c:1487:6:send_read_memory_response	24	static
../source/bootloader/src/bl_command.c:819:6:handle_read_memory	8	static
../source/bootloader/src/bl_command.c:1507:6:send_flash_read_once_response	40	static
../source/bootloader/src/bl_command.c:1377:6:handle_flash_read_once	24	static
../source/bootloader/src/bl_command.c:1539:6:send_flash_read_resource_response	24	static
../source/bootloader/src/bl_command.c:1405:6:handle_flash_read_resource	8	static
