D:\RAJASHEKHAR\Github\IMXRT1050EVK_Bootloader\BD155_P_V1_0_0\McuXpresso\VMS_Display_V0\CMSIS/core_cm7.h:1902:22:__NVIC_EnableIRQ	16	static
../drivers/fsl_common_arm.h:210:20:_SDK_AtomicLocalClearAndSet4Byte	4	static
../drivers/fsl_clock.h:1186:20:CLOCK_ControlGate	8	static
../drivers/fsl_clock.h:1203:20:CLOCK_EnableClock	8	static
../drivers/fsl_clock.h:1213:20:CLOCK_DisableClock	8	static
../drivers/fsl_common_arm.h:488:24:EnableIRQ	8	static
../drivers/fsl_flexcan.h:836:24:FLEXCAN_GetStatusFlags	0	static
../drivers/fsl_flexcan.h:850:20:FLEXCAN_ClearStatusFlags	0	static
../drivers/fsl_flexcan.h:889:24:FLEXCAN_GetMbStatusFlags	4	static
../drivers/fsl_flexcan.h:911:20:FLEXCAN_ClearMbStatusFlags	0	static
../drivers/fsl_flexcan.h:940:20:FLEXCAN_EnableInterrupts	0	static
../drivers/fsl_flexcan.h:961:20:FLEXCAN_DisableInterrupts	0	static
../drivers/fsl_flexcan.h:982:20:FLEXCAN_EnableMbInterrupts	0	static
../drivers/fsl_flexcan.h:1004:20:FLEXCAN_DisableMbInterrupts	0	static
../drivers/fsl_flexcan.h:1064:20:FLEXCAN_Enable	0	static
../drivers/fsl_flexcan.c:317:10:FLEXCAN_GetInstance	8	static
../drivers/fsl_flexcan.c:336:6:FLEXCAN_EnterFreezeMode	8	static
../drivers/fsl_flexcan.c:477:6:FLEXCAN_ExitFreezeMode	0	static
../drivers/fsl_flexcan.c:496:13:FLEXCAN_IsMbOccupied	0	static
../drivers/fsl_flexcan.c:537:16:FLEXCAN_GetFirstValidMb	0	static
../drivers/fsl_flexcan.c:555:13:FLEXCAN_IsMbIntEnabled	8	static
../drivers/fsl_flexcan.c:577:13:FLEXCAN_Reset	8	static
../drivers/fsl_flexcan.c:653:13:FLEXCAN_SetBaudRate	8	static
../drivers/fsl_flexcan.c:752:6:FLEXCAN_Init	32	static
../drivers/fsl_flexcan.c:951:6:FLEXCAN_Deinit	8	static
../drivers/fsl_flexcan.c:992:6:FLEXCAN_GetDefaultConfig	8	static
../drivers/fsl_flexcan.c:1048:6:FLEXCAN_SetTimingConfig	16	static
../drivers/fsl_flexcan.c:1141:6:FLEXCAN_SetRxMbGlobalMask	16	static
../drivers/fsl_flexcan.c:1163:6:FLEXCAN_SetRxFifoGlobalMask	16	static
../drivers/fsl_flexcan.c:1189:6:FLEXCAN_SetRxIndividualMask	16	static
../drivers/fsl_flexcan.c:1215:6:FLEXCAN_SetTxMbConfig	16	static
../drivers/fsl_flexcan.c:1248:13:FLEXCAN_GetSegments	4	static
../drivers/fsl_flexcan.c:1314:6:FLEXCAN_CalculateImprovedTimingValues	24	static
../drivers/fsl_flexcan.c:1732:6:FLEXCAN_SetRxMbConfig	24	static
../drivers/fsl_flexcan.c:1852:6:FLEXCAN_SetRxFifoConfig	16	static
../drivers/fsl_flexcan.c:2008:13:FLEXCAN_ERRATA_6032	8	static
../drivers/fsl_flexcan.c:2081:10:FLEXCAN_WriteTxMb	24	static
../drivers/fsl_flexcan.c:2254:10:FLEXCAN_ReadRxMb	16	static
../drivers/fsl_flexcan.c:2429:10:FLEXCAN_ReadRxFifo	8	static
../drivers/fsl_flexcan.c:2492:10:FLEXCAN_TransferSendBlocking	32	static
../drivers/fsl_flexcan.c:2541:10:FLEXCAN_TransferReceiveBlocking	24	static
../drivers/fsl_flexcan.c:2663:10:FLEXCAN_TransferReceiveFifoBlocking	16	static
../drivers/fsl_flexcan.c:2693:6:FLEXCAN_TransferCreateHandle	24	static
../drivers/fsl_flexcan.c:2758:10:FLEXCAN_TransferSendNonBlocking	24	static
../drivers/fsl_flexcan.c:2822:10:FLEXCAN_TransferReceiveNonBlocking	16	static
../drivers/fsl_flexcan.c:2992:10:FLEXCAN_TransferReceiveFifoNonBlocking	8	static
../drivers/fsl_flexcan.c:3033:6:FLEXCAN_TransferAbortSend	24	static
../drivers/fsl_flexcan.c:3149:6:FLEXCAN_TransferAbortReceive	24	static
../drivers/fsl_flexcan.c:3180:6:FLEXCAN_TransferAbortReceiveFifo	8	static
../drivers/fsl_flexcan.c:3217:10:FLEXCAN_GetTimeStamp	8	static
../drivers/fsl_flexcan.c:3225:13:FLEXCAN_CheckUnhandleInterruptEvents	8	static
../drivers/fsl_flexcan.c:3254:17:FLEXCAN_SubHandlerForDataTransfered	32	static
../drivers/fsl_flexcan.c:3417:6:FLEXCAN_TransferHandleIRQ	32	static
../drivers/fsl_flexcan.c:3471:6:CAN1_DriverIRQHandler	8	static
../drivers/fsl_flexcan.c:3481:6:CAN2_DriverIRQHandler	8	static
