D:\RAJASHEKHAR\Github\IMXRT1050EVK_Bootloader\BD155_P_V1_0_0\McuXpresso\VMS_Display_V0\CMSIS/core_cm7.h:1902:22:__NVIC_EnableIRQ	16	static
../drivers/fsl_common_arm.h:210:20:_SDK_AtomicLocalClearAndSet4Byte	4	static
../drivers/fsl_clock.h:1186:20:CLOCK_ControlGate	8	static
../drivers/fsl_clock.h:1203:20:CLOCK_EnableClock	8	static
../drivers/fsl_clock.h:1213:20:CLOCK_DisableClock	8	static
../drivers/fsl_common_arm.h:488:24:EnableIRQ	8	static
../drivers/fsl_usdhc.h:901:20:USDHC_EnableInternalDMA	0	static
../drivers/fsl_usdhc.h:949:20:USDHC_EnableInterruptSignal	0	static
../drivers/fsl_usdhc.h:960:20:USDHC_DisableInterruptSignal	0	static
../drivers/fsl_usdhc.h:978:24:USDHC_GetEnabledInterruptStatusFlags	0	static
../drivers/fsl_usdhc.h:991:24:USDHC_GetInterruptStatusFlags	0	static
../drivers/fsl_usdhc.h:1002:20:USDHC_ClearInterruptStatusFlags	0	static
../drivers/fsl_usdhc.h:1136:20:USDHC_WriteData	0	static
../drivers/fsl_usdhc.h:1149:24:USDHC_ReadData	0	static
../drivers/fsl_usdhc.c:228:17:USDHC_GetInstance	8	static
../drivers/fsl_usdhc.c:242:17:USDHC_SetTransferConfig	8	static
../drivers/fsl_usdhc.c:332:6:USDHC_SetDataConfig	16	static
../drivers/fsl_usdhc.c:353:17:USDHC_ReceiveCommandResponse	16	static
../drivers/fsl_usdhc.c:389:17:USDHC_ReadDataPort	32	static
../drivers/fsl_usdhc.c:442:17:USDHC_ReadByDataPortBlocking	32	static
../drivers/fsl_usdhc.c:516:17:USDHC_WriteDataPort	24	static
../drivers/fsl_usdhc.c:568:17:USDHC_WriteByDataPortBlocking	32	static
../drivers/fsl_usdhc.c:652:6:USDHC_SendCommand	16	static
../drivers/fsl_usdhc.c:710:17:USDHC_WaitCommandDone	16	static
../drivers/fsl_usdhc.c:742:17:USDHC_TransferDataBlocking	16	static
../drivers/fsl_usdhc.c:825:6:USDHC_Init	16	static
../drivers/fsl_usdhc.c:893:6:USDHC_Deinit	8	static
../drivers/fsl_usdhc.c:910:6:USDHC_Reset	0	static
../drivers/fsl_usdhc.c:936:6:USDHC_GetCapability	8	static
../drivers/fsl_usdhc.c:976:10:USDHC_SetSdClock	8	static
../drivers/fsl_usdhc.c:1097:6:USDHC_SetCardActive	0	static
../drivers/fsl_usdhc.c:1120:6:USDHC_EnableDDRMode	0	static
../drivers/fsl_usdhc.c:1165:6:USDHC_SetMmcBootConfig	8	static
../drivers/fsl_usdhc.c:1209:10:USDHC_SetADMA1Descriptor	16	static
../drivers/fsl_usdhc.c:1296:10:USDHC_SetADMA2Descriptor	24	static
../drivers/fsl_usdhc.c:1407:10:USDHC_SetInternalDmaConfig	8	static
../drivers/fsl_usdhc.c:1473:10:USDHC_SetAdmaTableConfig	32	static
../drivers/fsl_usdhc.c:1544:10:USDHC_TransferBlocking	32	static
../drivers/fsl_usdhc.c:1853:10:USDHC_TransferNonBlocking	32	static
../drivers/fsl_usdhc.c:1969:6:USDHC_EnableManualTuning	0	static
../drivers/fsl_usdhc.c:1995:10:USDHC_AdjustDelayForManualTuning	0	static
../drivers/fsl_usdhc.c:2027:6:USDHC_EnableStandardTuning	4	static
../drivers/fsl_usdhc.c:2092:6:USDHC_EnableAutoTuningForCmdAndData	0	static
../drivers/fsl_usdhc.c:2119:13:USDHC_TransferHandleCardDetect	8	static
../drivers/fsl_usdhc.c:2137:13:USDHC_TransferHandleCommand	16	static
../drivers/fsl_usdhc.c:2229:13:USDHC_TransferHandleData	16	static
../drivers/fsl_usdhc.c:2291:13:USDHC_TransferHandleSdioInterrupt	8	static
../drivers/fsl_usdhc.c:2300:13:USDHC_TransferHandleReTuning	8	static
../drivers/fsl_usdhc.c:2311:13:USDHC_TransferHandleBlockGap	8	static
../drivers/fsl_usdhc.c:2327:6:USDHC_TransferCreateHandle	24	static
../drivers/fsl_usdhc.c:2364:6:USDHC_TransferHandleIRQ	16	static
../drivers/fsl_usdhc.c:2412:6:USDHC1_DriverIRQHandler	8	static
../drivers/fsl_usdhc.c:2421:6:USDHC2_DriverIRQHandler	8	static
