../usb/device/class/hid/usb_device_hid.c:104:21:USB_DeviceHidInterruptIn	0	static
../usb/device/class/hid/usb_device_hid.c:143:21:USB_DeviceHidInterruptOut	0	static
../usb/device/class/hid/usb_device_hid.c:179:21:USB_DeviceHidEndpointsInit	56	static
../usb/device/class/hid/usb_device_hid.c:274:21:USB_DeviceHidEndpointsDeinit	16	static
../usb/device/class/hid/usb_device_hid.c:307:14:USB_DeviceHidEvent	64	static
../usb/device/class/hid/usb_device_hid.c:645:14:USB_DeviceHidInit	16	static
../usb/device/class/hid/usb_device_hid.c:689:14:USB_DeviceHidDeinit	8	static
../usb/device/class/hid/usb_device_hid.c:735:14:USB_DeviceHidSend	24	static
../usb/device/class/hid/usb_device_hid.c:787:14:USB_DeviceHidRecv	24	static
