D:\RAJASHEKHAR\Github\IMXRT1050EVK_Bootloader\BD155_P_V1_0_0\McuXpresso\VMS_Display_V0\CMSIS/core_cm7.h:1902:22:__NVIC_EnableIRQ	16	static
D:\RAJASHEKHAR\Github\IMXRT1050EVK_Bootloader\BD155_P_V1_0_0\McuXpresso\VMS_Display_V0\drivers/fsl_common_arm.h:488:24:EnableIRQ	8	static
D:\RAJASHEKHAR\Github\IMXRT1050EVK_Bootloader\BD155_P_V1_0_0\McuXpresso\VMS_Display_V0\drivers/fsl_elcdif.h:373:20:ELCDIF_RgbModeStart	0	static
D:\RAJASHEKHAR\Github\IMXRT1050EVK_Bootloader\BD155_P_V1_0_0\McuXpresso\VMS_Display_V0\drivers/fsl_elcdif.h:391:20:ELCDIF_SetNextBufferAddr	0	static
D:\RAJASHEKHAR\Github\IMXRT1050EVK_Bootloader\BD155_P_V1_0_0\McuXpresso\VMS_Display_V0\drivers/fsl_elcdif.h:540:20:ELCDIF_EnableInterrupts	0	static
D:\RAJASHEKHAR\Github\IMXRT1050EVK_Bootloader\BD155_P_V1_0_0\McuXpresso\VMS_Display_V0\drivers/fsl_elcdif.h:568:24:ELCDIF_GetInterruptStatus	0	static
D:\RAJASHEKHAR\Github\IMXRT1050EVK_Bootloader\BD155_P_V1_0_0\McuXpresso\VMS_Display_V0\drivers/fsl_elcdif.h:586:20:ELCDIF_ClearInterruptStatus	0	static
D:\RAJASHEKHAR\Github\IMXRT1050EVK_Bootloader\BD155_P_V1_0_0\McuXpresso\VMS_Display_V0\drivers/fsl_gpt.h:296:24:GPT_GetCurrentTimerCount	0	static
../board/emwin_support.c:34:6:BOARD_EnableLcdInterrupt	8	static
../board/emwin_support.c:39:6:APP_LCDIF_IRQHandler	16	static
../board/emwin_support.c:59:6:LCDIF_IRQHandler	8	static
../board/emwin_support.c:64:6:APP_ELCDIF_Init	32	static
../board/emwin_support.c:95:13:BOARD_Touch_Init	40	static
../board/emwin_support.c:120:6:BOARD_Touch_Deinit	8	static
../board/emwin_support.c:125:5:BOARD_Touch_Poll	24	static
../board/emwin_support.c:161:13:_ClearCache	4	static
../board/emwin_support.c:170:6:LCD_X_Config	8	static
../board/emwin_support.c:181:5:LCD_X_DisplayDriver	8	static
../board/emwin_support.c:218:6:GUI_X_Config	8	static
../board/emwin_support.c:227:6:GUI_X_Init	0	static
../board/emwin_support.c:232:6:GUI_X_InitOS	0	static
../board/emwin_support.c:237:6:GUI_X_Lock	0	static
../board/emwin_support.c:242:6:GUI_X_Unlock	0	static
../board/emwin_support.c:247:5:GUI_X_GetTaskId	0	static
../board/emwin_support.c:252:6:GUI_X_ExecIdle	8	static
../board/emwin_support.c:257:16:GUI_X_GetTime	8	static
../board/emwin_support.c:262:6:GUI_X_Delay	16	static
../board/emwin_support.c:270:7:emWin_memcpy	8	static
