D:\IMXRT1050EVKB_Bootloader\BD155_P_V1_0_0\McuXpresso\evkbimxrt1050_host_msd_fatfs_bm\CMSIS/core_cm7.h:1911:22:__NVIC_EnableIRQ	16	static
D:\IMXRT1050EVKB_Bootloader\BD155_P_V1_0_0\McuXpresso\evkbimxrt1050_host_msd_fatfs_bm\CMSIS/core_cm7.h:2041:22:__NVIC_SetPriority	16	static
D:\IMXRT1050EVKB_Bootloader\BD155_P_V1_0_0\McuXpresso\evkbimxrt1050_host_msd_fatfs_bm\drivers/fsl_common_arm.h:499:24:EnableIRQ	24	static
../source/app.c:73:6:USB_OTG1_IRQHandler	8	static
../source/app.c:78:6:USB_OTG2_IRQHandler	8	static
../source/app.c:83:6:USB_HostClockInit	16	static
../source/app.c:104:6:USB_HostIsrEnable	16	static
../source/app.c:121:6:USB_HostTaskFn	16	static
../source/app.c:136:21:USB_HostEvent	32	static
../source/app.c:223:13:USB_HostApplicationInit	16	static
../source/app.c:244:5:main	8	static
