D:\RAJASHEKHAR\Github\IMXRT1050EVK_Bootloader\BD155_P_V1_0_0\McuXpresso\VMS_Display_V0\drivers/fsl_common_arm.h:568:24:DisableGlobalIRQ	0	static
D:\RAJASHEKHAR\Github\IMXRT1050EVK_Bootloader\BD155_P_V1_0_0\McuXpresso\VMS_Display_V0\drivers/fsl_common_arm.h:595:20:EnableGlobalIRQ	0	static
../component/osa/fsl_os_abstraction_bm.c:150:18:main_task	0	static
../component/osa/fsl_os_abstraction_bm.c:181:7:OSA_MemoryAllocate	16	static
../component/osa/fsl_os_abstraction_bm.c:199:6:OSA_MemoryFree	8	static
../component/osa/fsl_os_abstraction_bm.c:204:6:OSA_EnterCritical	8	static
../component/osa/fsl_os_abstraction_bm.c:209:6:OSA_ExitCritical	8	static
../component/osa/fsl_os_abstraction_bm.c:220:6:OSA_EnableIRQGlobal	0	static
../component/osa/fsl_os_abstraction_bm.c:241:6:OSA_DisableIRQGlobal	0	static
../component/osa/fsl_os_abstraction_bm.c:459:18:OSA_TimeInit	0	static
../component/osa/fsl_os_abstraction_bm.c:476:22:OSA_TimeDiff	0	static
../component/osa/fsl_os_abstraction_bm.c:494:6:OSA_TimeDelay	0	static
../component/osa/fsl_os_abstraction_bm.c:513:22:OSA_TimeGetMsec	0	static
../component/osa/fsl_os_abstraction_bm.c:529:14:OSA_SemaphoreCreate	8	static
../component/osa/fsl_os_abstraction_bm.c:553:14:OSA_SemaphoreDestroy	8	static
../component/osa/fsl_os_abstraction_bm.c:576:14:OSA_SemaphoreWait	24	static
../component/osa/fsl_os_abstraction_bm.c:645:14:OSA_SemaphorePost	16	static
../component/osa/fsl_os_abstraction_bm.c:670:14:OSA_MutexCreate	8	static
../component/osa/fsl_os_abstraction_bm.c:699:14:OSA_MutexLock	24	static
../component/osa/fsl_os_abstraction_bm.c:765:14:OSA_MutexUnlock	24	static
../component/osa/fsl_os_abstraction_bm.c:783:14:OSA_MutexDestroy	8	static
../component/osa/fsl_os_abstraction_bm.c:800:14:OSA_EventCreate	8	static
../component/osa/fsl_os_abstraction_bm.c:823:14:OSA_EventSet	24	static
../component/osa/fsl_os_abstraction_bm.c:848:14:OSA_EventClear	24	static
../component/osa/fsl_os_abstraction_bm.c:878:14:OSA_EventGet	24	static
../component/osa/fsl_os_abstraction_bm.c:910:14:OSA_EventWait	32	static
../component/osa/fsl_os_abstraction_bm.c:994:14:OSA_EventDestroy	8	static
../component/osa/fsl_os_abstraction_bm.c:1013:14:OSA_MsgQCreate	8	static
../component/osa/fsl_os_abstraction_bm.c:1035:14:OSA_MsgQPut	24	static
../component/osa/fsl_os_abstraction_bm.c:1094:14:OSA_MsgQGet	24	static
../component/osa/fsl_os_abstraction_bm.c:1185:5:OSA_MsgQAvailableMsgs	8	static
../component/osa/fsl_os_abstraction_bm.c:1200:14:OSA_MsgQDestroy	8	static
../component/osa/fsl_os_abstraction_bm.c:1218:6:OSA_InterruptEnable	8	static
../component/osa/fsl_os_abstraction_bm.c:1228:6:OSA_InterruptDisable	8	static
../component/osa/fsl_os_abstraction_bm.c:1239:6:OSA_InstallIntHandler	0	static
