../source/drivers/usdhc/bl_usdhc.c:250:17:USDHC_SetDataTransferConfig	20	static
../source/drivers/usdhc/bl_usdhc.c:338:17:USDHC_ReceiveCommandResponse	12	static
../source/drivers/usdhc/bl_usdhc.c:375:17:USDHC_ReadDataPort	12	static
../source/drivers/usdhc/bl_usdhc.c:495:17:USDHC_WriteDataPort	12	static
../source/drivers/usdhc/bl_usdhc.c:1750:6:USDHC_TransferHandleIRQ	24	static
../source/drivers/usdhc/bl_usdhc.c:216:17:USDHC_GetInstance	8	static
D:\IMXRT1050EVKB_Bootloader\BD155_P_V1_0_0\McuXpresso\evkbimxrt1050_flashloader\drivers/fsl_clock.h:1465:20:CLOCK_ControlGate	8	static
../source/drivers/usdhc/bl_usdhc.c:230:13:USDHC_SetTransferInterrupt	16	static
../source/drivers/usdhc/bl_usdhc.c:620:6:USDHC_SendCommand	16	static
../source/drivers/usdhc/bl_usdhc.c:824:6:USDHC_Deinit	8	static
../source/drivers/usdhc/bl_usdhc.c:830:6:USDHC_Reset	8	static
../source/drivers/usdhc/bl_usdhc.c:775:6:USDHC_Init	16	static
../source/drivers/usdhc/bl_usdhc.c:846:6:USDHC_GetCapability	8	static
../source/drivers/usdhc/bl_usdhc.c:870:10:USDHC_SetSdClock	16	static
../source/drivers/usdhc/bl_usdhc.c:969:6:USDHC_SetCardActive	0	static
../source/drivers/usdhc/bl_usdhc.c:985:6:USDHC_SetMmcBootConfig	8	static
../source/drivers/usdhc/bl_usdhc.c:1017:10:USDHC_SetADMA1Descriptor	24	static
../source/drivers/usdhc/bl_usdhc.c:1111:10:USDHC_SetADMA2Descriptor	32	static
../source/drivers/usdhc/bl_usdhc.c:1246:10:USDHC_SetInternalDmaConfig	8	static
../source/drivers/usdhc/bl_usdhc.c:1307:10:USDHC_SetAdmaTableConfig	40	static
../source/drivers/usdhc/bl_usdhc.c:1355:10:USDHC_TransferBlocking	32	static
../source/drivers/usdhc/bl_usdhc.c:1425:10:USDHC_TransferNonBlocking	24	static
../source/drivers/usdhc/bl_usdhc.c:1497:6:USDHC_EnableManualTuning	0	static
../source/drivers/usdhc/bl_usdhc.c:1515:10:USDHC_AdjustDelayForManualTuning	0	static
../source/drivers/usdhc/bl_usdhc.c:1537:6:USDHC_EnableStandardTuning	8	static
../source/drivers/usdhc/bl_usdhc.c:1566:6:USDHC_EnableAutoTuningForCmdAndData	0	static
../source/drivers/usdhc/bl_usdhc.c:1717:6:USDHC_TransferCreateHandle	24	static
../source/drivers/usdhc/bl_usdhc.c:1799:6:USDHC1_DriverIRQHandler	0	static
../source/drivers/usdhc/bl_usdhc.c:1811:6:USDHC2_DriverIRQHandler	0	static
