../source/drivers/semc/bl_semc.c:185:17:semc_ipg_command_wait_for_done	0	static
../source/drivers/semc/bl_semc.c:546:17:semc_convert_memory_size_to_ms	0	static
../source/drivers/semc/bl_semc.c:93:10:semc_wait_for_idle	0	static
../source/drivers/semc/bl_semc.c:112:10:semc_ipg_command_set_data_size	0	static
../source/drivers/semc/bl_semc.c:163:17:semc_set_macthed_ipg_command_data_size	0	static
../source/drivers/semc/bl_semc.c:148:9:semc_ipg_command_get_data_size	0	static
../source/drivers/semc/bl_semc.c:210:10:semc_ipg_command_device_write	4	static
../source/drivers/semc/bl_semc.c:231:10:semc_ipg_command_device_read	24	static
../source/drivers/semc/bl_semc.c:271:10:semc_ipg_memory_read	40	static
../source/drivers/semc/bl_semc.c:320:10:semc_ipg_memory_write	32	static
../source/drivers/semc/bl_semc.c:375:10:semc_axi_memory_read	8	static
../source/drivers/semc/bl_semc.c:386:10:semc_axi_memory_write	8	static
../source/drivers/semc/bl_semc.c:397:6:semc_is_nand_ready	0	static
../source/drivers/semc/bl_semc.c:407:10:semc_ipg_command_get_nand_code	0	static
../source/drivers/semc/bl_semc.c:422:10:semc_ipg_command_convert_nand_address	0	static
../source/drivers/semc/bl_semc.c:457:10:semc_ipg_command_nand_access	24	static
../source/drivers/semc/bl_semc.c:504:10:semc_ipg_command_convert_nor_address	0	static
../source/drivers/semc/bl_semc.c:934:10:semc_init	32	static
