../fatfs/source/ff.c:610:13:ld_word	24	static
../fatfs/source/ff.c:619:14:ld_dword	24	static
../fatfs/source/ff.c:648:13:st_word	16	static
../fatfs/source/ff.c:654:13:st_dword	16	static
../fatfs/source/ff.c:684:13:mem_cpy	32	static
../fatfs/source/ff.c:698:13:mem_set	32	static
../fatfs/source/ff.c:709:12:mem_cmp	40	static
../fatfs/source/ff.c:723:12:chk_chr	16	static
../fatfs/source/ff.c:731:12:dbc_1st	16	static
../fatfs/source/ff.c:751:12:dbc_2nd	16	static
../fatfs/source/ff.c:775:14:tchar2uni	32	static
../fatfs/source/ff.c:848:13:put_utf	32	static
../fatfs/source/ff.c:1072:16:sync_window	24	static
../fatfs/source/ff.c:1094:16:move_window	24	static
../fatfs/source/ff.c:1125:16:sync_fs	24	static
../fatfs/source/ff.c:1161:14:clst2sect	16	static
../fatfs/source/ff.c:1178:14:get_fat	32	static
../fatfs/source/ff.c:1256:16:put_fat	48	static
../fatfs/source/ff.c:1446:16:remove_chain	40	static
../fatfs/source/ff.c:1541:14:create_chain	40	static
../fatfs/source/ff.c:1674:16:dir_clear	32	static
../fatfs/source/ff.c:1713:16:dir_sdi	32	static
../fatfs/source/ff.c:1761:16:dir_next	32	static
../fatfs/source/ff.c:1822:16:dir_alloc	32	static
../fatfs/source/ff.c:1864:14:ld_clust	24	static
../fatfs/source/ff.c:1881:13:st_clust	24	static
../fatfs/source/ff.c:1901:12:cmp_lfn	40	static
../fatfs/source/ff.c:1937:12:pick_lfn	32	static
../fatfs/source/ff.c:1975:13:put_lfn	40	static
../fatfs/source/ff.c:2012:13:gen_numname	56	static
../fatfs/source/ff.c:2070:13:sum_sfn	24	static
../fatfs/source/ff.c:2364:16:dir_read	32	static
../fatfs/source/ff.c:2442:16:dir_find	32	static
../fatfs/source/ff.c:2523:16:dir_register	56	static
../fatfs/source/ff.c:2629:16:dir_remove	32	static
../fatfs/source/ff.c:2675:13:get_fileinfo	40	static
../fatfs/source/ff.c:2864:16:create_name	48	static
../fatfs/source/ff.c:3065:16:follow_path	32	static
../fatfs/source/ff.c:3152:12:get_ldnumber	40	static
../fatfs/source/ff.c:3298:13:check_fs	24	static
../fatfs/source/ff.c:3335:13:find_volume	40	static
../fatfs/source/ff.c:3389:16:mount_volume	72	static
../fatfs/source/ff.c:3618:16:validate	24	static
../fatfs/source/ff.c:3662:9:f_mount	40	static
../fatfs/source/ff.c:3710:9:f_open	104	static
../fatfs/source/ff.c:3907:9:f_read	64	static
../fatfs/source/ff.c:4008:9:f_write	56	static
../fatfs/source/ff.c:4130:9:f_sync	32	static
../fatfs/source/ff.c:4211:9:f_close	24	static
../fatfs/source/ff.c:4247:9:f_chdrive	24	static
../fatfs/source/ff.c:4264:9:f_chdir	80	static
../fatfs/source/ff.c:4326:9:f_getcwd	376	static
../fatfs/source/ff.c:4426:9:f_lseek	40	static
../fatfs/source/ff.c:4589:9:f_opendir	24	static
../fatfs/source/ff.c:4655:9:f_closedir	24	static
../fatfs/source/ff.c:4685:9:f_readdir	24	static
../fatfs/source/ff.c:4773:9:f_stat	72	static
../fatfs/source/ff.c:4808:9:f_getfree	72	static
../fatfs/source/ff.c:4898:9:f_truncate	32	static
../fatfs/source/ff.c:4948:9:f_unlink	128	static
../fatfs/source/ff.c:5042:9:f_mkdir	104	static
../fatfs/source/ff.c:5126:9:f_rename	168	static
../fatfs/source/ff.c:5236:9:f_chmod	72	static
../fatfs/source/ff.c:5283:9:f_utime	72	static
../fatfs/source/ff.c:6393:8:f_gets	48	static
../fatfs/source/ff.c:6540:13:putc_bfd	32	static
../fatfs/source/ff.c:6671:12:putc_flush	24	static
../fatfs/source/ff.c:6684:13:putc_init	16	static
../fatfs/source/ff.c:6692:5:f_putc	96	static
../fatfs/source/ff.c:6712:5:f_puts	96	static
../fatfs/source/ff.c:6732:5:f_printf	164	static
