../drivers/fsl_lpspi.c:2179:13:LPSPI_CommonIRQHandler	8	static
../drivers/fsl_lpspi.c:1996:17:LPSPI_CombineWriteData	8	static
../drivers/fsl_lpspi.c:2080:13:LPSPI_SeparateReadData	16	static
../drivers/fsl_lpspi.c:1296:13:LPSPI_MasterTransferFillUpTxFifo	32	static
../drivers/fsl_lpspi.c:1754:13:LPSPI_SlaveTransferFillUpTxFifo	24	static
../drivers/fsl_clock.h:1465:20:CLOCK_ControlGate	8	static
../drivers/fsl_lpspi.c:1364:13:LPSPI_MasterTransferComplete	8	static
../drivers/fsl_lpspi.c:1451:6:LPSPI_MasterTransferHandleIRQ	24	static
../drivers/fsl_lpspi.c:1786:13:LPSPI_SlaveTransferComplete	8	static
../drivers/fsl_lpspi.c:1884:6:LPSPI_SlaveTransferHandleIRQ	24	static
../drivers/fsl_common_arm.h:499:24:EnableIRQ.isra	0	static
../drivers/fsl_lpspi.c:153:10:LPSPI_GetInstance	8	static
../drivers/fsl_lpspi.c:181:6:LPSPI_SetDummyData	8	static
../drivers/fsl_lpspi.c:257:6:LPSPI_MasterGetDefaultConfig	8	static
../drivers/fsl_lpspi.c:287:6:LPSPI_SlaveInit	16	static
../drivers/fsl_lpspi.c:334:6:LPSPI_SlaveGetDefaultConfig	8	static
../drivers/fsl_lpspi.c:359:6:LPSPI_Reset	0	static
../drivers/fsl_lpspi.c:375:6:LPSPI_Deinit	8	static
../drivers/fsl_lpspi.c:428:10:LPSPI_MasterSetBaudRate	48	static
../drivers/fsl_lpspi.c:540:6:LPSPI_MasterSetDelayScaler	8	static
../drivers/fsl_lpspi.c:613:10:LPSPI_MasterSetDelayTimes	56	static
../drivers/fsl_lpspi.c:194:6:LPSPI_MasterInit	32	static
../drivers/fsl_lpspi.c:736:6:LPSPI_MasterTransferCreateHandle	24	static
../drivers/fsl_lpspi.c:763:6:LPSPI_CheckTransferArgument	24	static
../drivers/fsl_lpspi.c:849:10:LPSPI_MasterTransferBlocking	64	static
../drivers/fsl_lpspi.c:1119:10:LPSPI_MasterTransferNonBlocking	32	static
../drivers/fsl_lpspi.c:1389:10:LPSPI_MasterTransferGetCount	8	static
../drivers/fsl_lpspi.c:1429:6:LPSPI_MasterTransferAbort	8	static
../drivers/fsl_lpspi.c:1583:6:LPSPI_SlaveTransferCreateHandle	24	static
../drivers/fsl_lpspi.c:1619:10:LPSPI_SlaveTransferNonBlocking	24	static
../drivers/fsl_lpspi.c:1822:10:LPSPI_SlaveTransferGetCount	8	static
../drivers/fsl_lpspi.c:1862:6:LPSPI_SlaveTransferAbort	8	static
../drivers/fsl_lpspi.c:2203:6:LPSPI1_DriverIRQHandler	8	static
../drivers/fsl_lpspi.c:2212:6:LPSPI2_DriverIRQHandler	8	static
../drivers/fsl_lpspi.c:2221:6:LPSPI3_DriverIRQHandler	8	static
../drivers/fsl_lpspi.c:2230:6:LPSPI4_DriverIRQHandler	8	static
