../usb/host/class/usb_host_msd_ufi.c:54:14:USB_HostMsdRead10	40	static
../usb/host/class/usb_host_msd_ufi.c:77:14:USB_HostMsdRead12	40	static
../usb/host/class/usb_host_msd_ufi.c:100:14:USB_HostMsdWrite10	40	static
../usb/host/class/usb_host_msd_ufi.c:123:14:USB_HostMsdWrite12	40	static
../usb/host/class/usb_host_msd_ufi.c:146:14:USB_HostMsdReadCapacity	40	static
../usb/host/class/usb_host_msd_ufi.c:167:14:USB_HostMsdTestUnitReady	48	static
../usb/host/class/usb_host_msd_ufi.c:186:14:USB_HostMsdRequestSense	40	static
../usb/host/class/usb_host_msd_ufi.c:207:14:USB_HostMsdModeSelect	40	static
../usb/host/class/usb_host_msd_ufi.c:228:14:USB_HostMsdModeSense	40	static
../usb/host/class/usb_host_msd_ufi.c:252:14:USB_HostMsdInquiry	40	static
../usb/host/class/usb_host_msd_ufi.c:273:14:USB_HostMsdReadFormatCapacities	40	static
../usb/host/class/usb_host_msd_ufi.c:294:14:USB_HostMsdFormatUnit	40	static
../usb/host/class/usb_host_msd_ufi.c:317:14:USB_HostMsdPreventAllowRemoval	40	static
../usb/host/class/usb_host_msd_ufi.c:337:14:USB_HostMsdWriteAndVerify	40	static
../usb/host/class/usb_host_msd_ufi.c:360:14:USB_HostMsdStartStopUnit	40	static
../usb/host/class/usb_host_msd_ufi.c:382:14:USB_HostMsdVerify	40	static
../usb/host/class/usb_host_msd_ufi.c:403:14:USB_HostMsdRezeroUnit	40	static
../usb/host/class/usb_host_msd_ufi.c:422:14:USB_HostMsdSeek10	40	static
../usb/host/class/usb_host_msd_ufi.c:442:14:USB_HostMsdSendDiagnostic	40	static
