D:\RAJASHEKHAR\Github\IMXRT1050EVK_Bootloader\BD155_P_V1_0_0\McuXpresso\VMS_Display_V0\drivers/fsl_usdhc.h:1037:24:USDHC_GetPresentStatusFlags	0	static
D:\RAJASHEKHAR\Github\IMXRT1050EVK_Bootloader\BD155_P_V1_0_0\McuXpresso\VMS_Display_V0\drivers/fsl_usdhc.h:1063:20:USDHC_ForceClockOn	0	static
D:\RAJASHEKHAR\Github\IMXRT1050EVK_Bootloader\BD155_P_V1_0_0\McuXpresso\VMS_Display_V0\sdmmc\host/fsl_sdmmc_host.h:220:20:SDMMCHOST_SendCardActive	8	static
D:\RAJASHEKHAR\Github\IMXRT1050EVK_Bootloader\BD155_P_V1_0_0\McuXpresso\VMS_Display_V0\sdmmc\host/fsl_sdmmc_host.h:231:24:SDMMCHOST_SetCardClock	8	static
D:\RAJASHEKHAR\Github\IMXRT1050EVK_Bootloader\BD155_P_V1_0_0\McuXpresso\VMS_Display_V0\sdmmc\host/fsl_sdmmc_host.h:241:20:SDMMCHOST_IsCardBusy	8	static
D:\RAJASHEKHAR\Github\IMXRT1050EVK_Bootloader\BD155_P_V1_0_0\McuXpresso\VMS_Display_V0\sdmmc\host/fsl_sdmmc_host.h:254:24:SDMMCHOST_GetSignalLineStatus	8	static
D:\RAJASHEKHAR\Github\IMXRT1050EVK_Bootloader\BD155_P_V1_0_0\McuXpresso\VMS_Display_V0\sdmmc\host/fsl_sdmmc_host.h:285:20:SDMMCHOST_EnableDDRMode	8	static
D:\RAJASHEKHAR\Github\IMXRT1050EVK_Bootloader\BD155_P_V1_0_0\McuXpresso\VMS_Display_V0\sdmmc\host/fsl_sdmmc_host.h:365:20:SDMMCHOST_ForceClockOn	8	static
../sdmmc/src/fsl_sd.c:347:17:SD_SendApplicationCmd	8	static
../sdmmc/src/fsl_sd.c:354:17:SD_GoIdle	8	static
../sdmmc/src/fsl_sd.c:361:17:SD_SetBlockSize	8	static
../sdmmc/src/fsl_sd.c:369:17:SD_ExecuteTuning	8	static
../sdmmc/src/fsl_sd.c:379:17:SD_SwitchVoltage	64	static
../sdmmc/src/fsl_sd.c:455:17:SD_StopTransmission	64	static
../sdmmc/src/fsl_sd.c:481:17:SD_Transfer	24	static
../sdmmc/src/fsl_sd.c:552:17:SD_WaitWriteComplete	64	static
../sdmmc/src/fsl_sd.c:589:17:SD_PollingCardStatusBusy	24	static
../sdmmc/src/fsl_sd.c:627:17:SD_SendWriteSuccessBlocks	88	static
../sdmmc/src/fsl_sd.c:672:17:SD_SendRca	64	static
../sdmmc/src/fsl_sd.c:700:17:SD_SwitchFunction	96	static
../sdmmc/src/fsl_sd.c:731:13:SD_DecodeScr	8	static
../sdmmc/src/fsl_sd.c:792:17:SD_SendScr	88	static
../sdmmc/src/fsl_sd.c:857:17:SD_SelectFunction	48	static
../sdmmc/src/fsl_sd.c:980:17:SD_SetDataBusWidth	64	static
../sdmmc/src/fsl_sd.c:1020:13:SD_DecodeCsd	8	static
../sdmmc/src/fsl_sd.c:1123:17:SD_SendCsd	64	static
../sdmmc/src/fsl_sd.c:1153:13:SD_DecodeCid	8	static
../sdmmc/src/fsl_sd.c:1178:17:SD_AllSendCid	64	static
../sdmmc/src/fsl_sd.c:1202:17:SD_ApplicationSendOperationCondition	64	static
../sdmmc/src/fsl_sd.c:1257:17:SD_SendInterfaceCondition	64	static
../sdmmc/src/fsl_sd.c:1296:17:SD_SelectBusTiming	16	static
../sdmmc/src/fsl_sd.c:1421:13:SD_DecodeStatus	8	static
../sdmmc/src/fsl_sd.c:1440:10:SD_ReadStatus	80	static
../sdmmc/src/fsl_sd.c:1512:10:SD_SelectCard	8	static
../sdmmc/src/fsl_sd.c:1519:10:SD_SetDriverStrength	8	static
../sdmmc/src/fsl_sd.c:1531:10:SD_SetMaxCurrent	8	static
../sdmmc/src/fsl_sd.c:1543:17:SD_Read	96	static
../sdmmc/src/fsl_sd.c:1589:17:SD_Write	96	static
../sdmmc/src/fsl_sd.c:1657:17:SD_Erase	72	static
../sdmmc/src/fsl_sd.c:1730:6:SD_CheckReadOnly	8	static
../sdmmc/src/fsl_sd.c:1738:10:SD_ReadBlocks	56	static
../sdmmc/src/fsl_sd.c:1797:10:SD_WriteBlocks	56	static
../sdmmc/src/fsl_sd.c:1852:10:SD_EraseBlocks	32	static
../sdmmc/src/fsl_sd.c:1912:17:SD_ProbeBusVoltage	16	static
../sdmmc/src/fsl_sd.c:2020:10:SD_CardInit	16	static
../sdmmc/src/fsl_sd.c:2107:6:SD_CardDeinit	8	static
../sdmmc/src/fsl_sd.c:2114:10:SD_HostInit	8	static
../sdmmc/src/fsl_sd.c:2135:6:SD_HostDeinit	8	static
../sdmmc/src/fsl_sd.c:2144:6:SD_SetCardPower	8	static
../sdmmc/src/fsl_sd.c:2160:6:SD_IsCardPresent	8	static
../sdmmc/src/fsl_sd.c:2189:10:SD_PollingCardInsert	16	static
../sdmmc/src/fsl_sd.c:2254:10:SD_Init	8	static
../sdmmc/src/fsl_sd.c:2281:6:SD_Deinit	8	static
../sdmmc/src/fsl_sd.c:2289:6:SD_HostDoReset	8	static
../sdmmc/src/fsl_sd.c:2294:6:SD_HostReset	8	static
../sdmmc/src/fsl_sd.c:2299:6:SD_PowerOnCard	8	static
../sdmmc/src/fsl_sd.c:2304:6:SD_PowerOffCard	8	static
../sdmmc/src/fsl_sd.c:2309:10:SD_WaitCardDetectStatus	8	static
