../MIMXRT1052/hardware_init_MIMXRT1052.c:64:6:flexspi_iomux_config	24	static
../MIMXRT1052/hardware_init_MIMXRT1052.c:256:6:semc_iomux_config	12	static
../MIMXRT1052/hardware_init_MIMXRT1052.c:389:6:spi_clock_gate_enable	0	static
../MIMXRT1052/hardware_init_MIMXRT1052.c:411:6:spi_pcs_pin_control	0	static
../MIMXRT1052/hardware_init_MIMXRT1052.c:465:6:spi_clock_config	0	static
../MIMXRT1052/hardware_init_MIMXRT1052.c:479:6:spi_iomux_config	0	static
../MIMXRT1052/hardware_init_MIMXRT1052.c:601:10:get_uart_clock	0	static
../MIMXRT1052/hardware_init_MIMXRT1052.c:625:6:is_boot_pin_asserted	0	static
../MIMXRT1052/hardware_init_MIMXRT1052.c:632:10:get_primary_boot_device	0	static
../MIMXRT1052/hardware_init_MIMXRT1052.c:676:10:flexspi_set_failsafe_setting	0	static
../MIMXRT1052/hardware_init_MIMXRT1052.c:718:6:dummy_byte_callback	0	static
../MIMXRT1052/hardware_init_MIMXRT1052.c:723:6:debug_init	0	static
../MIMXRT1052/hardware_init_MIMXRT1052.c:734:6:update_available_peripherals	0	static
../MIMXRT1052/hardware_init_MIMXRT1052.c:736:6:init_hardware	0	static
../MIMXRT1052/hardware_init_MIMXRT1052.c:741:6:deinit_hardware	0	static
../MIMXRT1052/hardware_init_MIMXRT1052.c:747:10:flexspi_nor_write_persistent	0	static
../MIMXRT1052/hardware_init_MIMXRT1052.c:754:10:flexspi_nor_read_persistent	0	static
../MIMXRT1052/hardware_init_MIMXRT1052.c:762:20:get_hab_status	0	static
../MIMXRT1052/hardware_init_MIMXRT1052.c:774:6:flexspi_update_padsetting	0	static
../MIMXRT1052/hardware_init_MIMXRT1052.c:793:6:normal_mem_init	192	static
