../source/Files_Application/J1939Stack/sourceJ1939Stack.c:9:6:funcReadMailbox	24	static
../source/Files_Application/J1939Stack/sourceJ1939Stack.c:82:6:funcDecodeCanRecievedData	8	static
../source/Files_Application/J1939Stack/sourceJ1939Stack.c:87:6:funcDecodeCanRxData	24	static
../source/Files_Application/J1939Stack/sourceJ1939Stack.c:862:6:funcRecieveCanTPFrame	56	static
../source/Files_Application/J1939Stack/sourceJ1939Stack.c:1208:6:funcExtractCanRecievedData	8	static
../source/Files_Application/J1939Stack/sourceJ1939Stack.c:1467:6:funcTransmitCanFrame	8	static
../source/Files_Application/J1939Stack/sourceJ1939Stack.c:1739:23:funcTransmitCanTPFrame	16	static
../source/Files_Application/J1939Stack/sourceJ1939Stack.c:1929:6:funcInitiateTransportProtocol	48	static
../source/Files_Application/J1939Stack/sourceJ1939Stack.c:1979:6:CanaFrameConfigure	20	static
../source/Files_Application/J1939Stack/sourceJ1939Stack.c:2138:6:funcSelectCanFrameToTransmit	8	static
../source/Files_Application/J1939Stack/sourceJ1939Stack.c:2185:6:funcCheckItterateBranchA1	0	static
../source/Files_Application/J1939Stack/sourceJ1939Stack.c:2190:6:funcCheckItterateBranchA2	0	static
../source/Files_Application/J1939Stack/sourceJ1939Stack.c:2195:6:funcCheckItterateBranchA3	0	static
../source/Files_Application/J1939Stack/sourceJ1939Stack.c:2200:6:funcCheckItterateBranchA4	0	static
../source/Files_Application/J1939Stack/sourceJ1939Stack.c:2205:6:funcCheckItterateBranchA5	0	static
../source/Files_Application/J1939Stack/sourceJ1939Stack.c:2228:6:funcCheckItterateBranchA6	0	static
../source/Files_Application/J1939Stack/sourceJ1939Stack.c:2251:6:funcCheckItterateBranchA7	0	static
../source/Files_Application/J1939Stack/sourceJ1939Stack.c:2283:6:funcCheckItterateBranchA8	8	static
../source/Files_Application/J1939Stack/sourceJ1939Stack.c:2315:6:funcCheckItterateBranchA8B1	0	static
../source/Files_Application/J1939Stack/sourceJ1939Stack.c:2338:6:funcCheckItterateBranchA8B2	0	static
../source/Files_Application/J1939Stack/sourceJ1939Stack.c:2361:6:funcCheckItterateBranchA8B3	0	static
../source/Files_Application/J1939Stack/sourceJ1939Stack.c:2384:6:funcCheckItterateBranchA8B4	8	static
../source/Files_Application/J1939Stack/sourceJ1939Stack.c:2407:6:funcCheckItterateBranchA8B5	8	static
../source/Files_Application/J1939Stack/sourceJ1939Stack.c:2442:6:funcCheckItterateBranchA8B4C1	0	static
../source/Files_Application/J1939Stack/sourceJ1939Stack.c:2465:6:funcCheckItterateBranchA8B4C2	0	static
../source/Files_Application/J1939Stack/sourceJ1939Stack.c:2488:6:funcCheckItterateBranchA8B5C1	0	static
../source/Files_Application/J1939Stack/sourceJ1939Stack.c:2493:6:funcCheckItterateBranchA8B5C2	0	static
../source/Files_Application/J1939Stack/sourceJ1939Stack.c:2498:6:funcCheckItterateBranchA8B5C3	0	static
../source/Files_Application/J1939Stack/sourceJ1939Stack.c:2503:6:funcCheckItterateBranchA8B5C4	0	static
../source/Files_Application/J1939Stack/sourceJ1939Stack.c:2527:6:funcCheckItterateBranchA8B5C5	8	static
../source/Files_Application/J1939Stack/sourceJ1939Stack.c:2550:6:funcCheckItterateBranchA8B5C5D1	0	static
../source/Files_Application/J1939Stack/sourceJ1939Stack.c:2573:6:funcCanTransmitMailbox	8	static
../source/Files_Application/J1939Stack/sourceJ1939Stack.c:2639:6:MailBoxConfiguration	24	static
../source/Files_Application/J1939Stack/sourceJ1939Stack.c:2699:6:ConfigureMailBox	16	static
../source/Files_Application/J1939Stack/sourceJ1939Stack.c:2789:14:Roundoff	8	static
