../component/osa/fsl_os_abstraction_bm.c:161:18:main_task	0	static
../component/osa/fsl_os_abstraction_bm.c:192:7:OSA_MemoryAllocate	16	static
../component/osa/fsl_os_abstraction_bm.c:210:6:OSA_MemoryFree	0	static
../component/osa/fsl_os_abstraction_bm.c:215:6:OSA_EnterCritical	0	static
../component/osa/fsl_os_abstraction_bm.c:220:6:OSA_ExitCritical	0	static
../component/osa/fsl_os_abstraction_bm.c:231:6:OSA_EnableIRQGlobal	0	static
../component/osa/fsl_os_abstraction_bm.c:252:6:OSA_DisableIRQGlobal	0	static
../component/osa/fsl_os_abstraction_bm.c:473:18:OSA_TimeInit	0	static
../component/osa/fsl_os_abstraction_bm.c:490:22:OSA_TimeDiff	0	static
../component/osa/fsl_os_abstraction_bm.c:508:6:OSA_TimeDelay	0	static
../component/osa/fsl_os_abstraction_bm.c:527:22:OSA_TimeGetMsec	0	static
../component/osa/fsl_os_abstraction_bm.c:543:14:OSA_SemaphoreCreate	8	static
../component/osa/fsl_os_abstraction_bm.c:572:14:OSA_SemaphoreCreateBinary	8	static
../component/osa/fsl_os_abstraction_bm.c:600:14:OSA_SemaphoreDestroy	8	static
../component/osa/fsl_os_abstraction_bm.c:623:14:OSA_SemaphoreWait	16	static
../component/osa/fsl_os_abstraction_bm.c:698:14:OSA_SemaphorePost	16	static
../component/osa/fsl_os_abstraction_bm.c:734:14:OSA_MutexCreate	8	static
../component/osa/fsl_os_abstraction_bm.c:763:14:OSA_MutexLock	16	static
../component/osa/fsl_os_abstraction_bm.c:829:14:OSA_MutexUnlock	16	static
../component/osa/fsl_os_abstraction_bm.c:847:14:OSA_MutexDestroy	8	static
../component/osa/fsl_os_abstraction_bm.c:864:14:OSA_EventCreate	8	static
../component/osa/fsl_os_abstraction_bm.c:887:14:OSA_EventSet	16	static
../component/osa/fsl_os_abstraction_bm.c:912:14:OSA_EventClear	16	static
../component/osa/fsl_os_abstraction_bm.c:942:14:OSA_EventGet	16	static
../component/osa/fsl_os_abstraction_bm.c:974:14:OSA_EventWait	24	static
../component/osa/fsl_os_abstraction_bm.c:1058:14:OSA_EventDestroy	8	static
../component/osa/fsl_os_abstraction_bm.c:1077:14:OSA_MsgQCreate	8	static
../component/osa/fsl_os_abstraction_bm.c:1099:14:OSA_MsgQPut	16	static
../component/osa/fsl_os_abstraction_bm.c:1158:14:OSA_MsgQGet	24	static
../component/osa/fsl_os_abstraction_bm.c:1249:5:OSA_MsgQAvailableMsgs	8	static
../component/osa/fsl_os_abstraction_bm.c:1264:14:OSA_MsgQDestroy	8	static
../component/osa/fsl_os_abstraction_bm.c:1282:6:OSA_InterruptEnable	0	static
../component/osa/fsl_os_abstraction_bm.c:1292:6:OSA_InterruptDisable	0	static
../component/osa/fsl_os_abstraction_bm.c:1303:6:OSA_InstallIntHandler	0	static
