D:\IMXRT1050EVKB_Bootloader\BD155_P_V1_0_0\McuXpresso\evkbimxrt1050_fsl_romapi\CMSIS/core_cm7.h:1911:22:__NVIC_EnableIRQ	16	static
D:\IMXRT1050EVKB_Bootloader\BD155_P_V1_0_0\McuXpresso\evkbimxrt1050_fsl_romapi\CMSIS/core_cm7.h:2041:22:__NVIC_SetPriority	16	static
D:\IMXRT1050EVKB_Bootloader\BD155_P_V1_0_0\McuXpresso\evkbimxrt1050_fsl_romapi\drivers/fsl_common_arm.h:499:24:EnableIRQ	24	static
../source/flexspi_romapi.c:85:6:USB_OTG1_IRQHandler	8	static
../source/flexspi_romapi.c:90:6:USB_OTG2_IRQHandler	8	static
../source/flexspi_romapi.c:95:6:USB_HostClockInit	16	static
../source/flexspi_romapi.c:116:6:USB_HostIsrEnable	16	static
../source/flexspi_romapi.c:133:6:USB_HostTaskFn	16	static
../source/flexspi_romapi.c:148:21:USB_HostEvent	32	static
../source/flexspi_romapi.c:235:13:USB_HostApplicationInit	16	static
../source/flexspi_romapi.c:386:6:FLEXSPI_NorFlash_GetConfig	16	static
../source/flexspi_romapi.c:594:6:error_trap	8	static
../source/flexspi_romapi.c:616:6:app_finalize	8	static
../source/flexspi_romapi.c:633:6:get_cache_status	16	static
../source/flexspi_romapi.c:654:6:flexspi_nor_handle_cache	40	static
../source/flexspi_romapi.c:964:6:HyperFlash	8	static
../source/flexspi_romapi.c:971:6:Hyperflash_init	16	static
../source/flexspi_romapi.c:1002:6:Hyperfalsh_sec_erase	48	static
../source/flexspi_romapi.c:1068:9:hexCharToByte	16	static
../source/flexspi_romapi.c:1083:5:hexStringToBytes	32	static
../source/flexspi_romapi.c:1092:5:processHexRecord	56	static
../source/flexspi_romapi.c:1152:6:ReadFromPendrive	632	static
../source/flexspi_romapi.c:1460:10:AsciiToDecimal	32	static
../source/flexspi_romapi.c:1516:9:decimalToBCD	24	static
../source/flexspi_romapi.c:1524:9:ASCII2HEX	24	static
../source/flexspi_romapi.c:1540:6:copy_vector_table	16	static
../source/flexspi_romapi.c:1548:6:jump_to_hyperflash_location	32	static
../source/flexspi_romapi.c:1764:6:funcDelayUs	24	static
../source/flexspi_romapi.c:1775:6:Bootloader_init	8	static
../source/flexspi_romapi.c:1788:6:Bootloader_run	8	static
../source/flexspi_romapi.c:1801:5:main	8	static
