D:\IMXRT1050EVKB_Bootloader\BD155_P_V1_0_0\McuXpresso\evkbimxrt1050_fsl_romapi\CMSIS/core_cm7.h:1911:22:__NVIC_EnableIRQ	16	static
D:\IMXRT1050EVKB_Bootloader\BD155_P_V1_0_0\McuXpresso\evkbimxrt1050_fsl_romapi\CMSIS/core_cm7.h:2041:22:__NVIC_SetPriority	16	static
D:\IMXRT1050EVKB_Bootloader\BD155_P_V1_0_0\McuXpresso\evkbimxrt1050_fsl_romapi\drivers/fsl_common_arm.h:210:20:_SDK_AtomicLocalClearAndSet4Byte	48	static
D:\IMXRT1050EVKB_Bootloader\BD155_P_V1_0_0\McuXpresso\evkbimxrt1050_fsl_romapi\drivers/fsl_clock.h:1465:20:CLOCK_ControlGate	32	static
D:\IMXRT1050EVKB_Bootloader\BD155_P_V1_0_0\McuXpresso\evkbimxrt1050_fsl_romapi\drivers/fsl_clock.h:1492:20:CLOCK_DisableClock	16	static
D:\IMXRT1050EVKB_Bootloader\BD155_P_V1_0_0\McuXpresso\evkbimxrt1050_fsl_romapi\drivers/fsl_common_arm.h:499:24:EnableIRQ	24	static
../source/flexspi_romapi.c:92:6:USB_OTG1_IRQHandler	8	static
../source/flexspi_romapi.c:97:6:USB_OTG2_IRQHandler	8	static
../source/flexspi_romapi.c:102:6:USB_HostClockInit	16	static
../source/flexspi_romapi.c:123:6:USB_HostIsrEnable	16	static
../source/flexspi_romapi.c:140:6:USB_HostTaskFn	16	static
../source/flexspi_romapi.c:155:21:USB_HostEvent	32	static
../source/flexspi_romapi.c:242:13:USB_HostApplicationInit	16	static
../source/flexspi_romapi.c:326:6:FLEXSPI_NorFlash_GetConfig	16	static
../source/flexspi_romapi.c:535:6:error_trap	8	static
../source/flexspi_romapi.c:557:6:app_finalize	8	static
../source/flexspi_romapi.c:574:6:get_cache_status	16	static
../source/flexspi_romapi.c:595:6:flexspi_nor_handle_cache	40	static
../source/flexspi_romapi.c:639:5:main	8	static
../source/flexspi_romapi.c:803:7:HyperFlash	40	static
../source/flexspi_romapi.c:894:7:ReadFromPendrive	624	static
../source/flexspi_romapi.c:1073:11:AsciiToDecimal	16	static
../source/flexspi_romapi.c:1130:10:decimalToBCD	24	static
../source/flexspi_romapi.c:1138:10:ASCII2HEX	24	static
../source/flexspi_romapi.c:1155:7:jump_to_hyperflash_location	8	static
../source/flexspi_romapi.c:1274:7:funcDelayUs	24	static
