D:\IMXRT1050EVKB_Bootloader\BD155_P_V1_0_0\McuXpresso\evkbimxrt1050_fsl_romapi\CMSIS/core_cm7.h:1911:22:__NVIC_EnableIRQ	16	static
D:\IMXRT1050EVKB_Bootloader\BD155_P_V1_0_0\McuXpresso\evkbimxrt1050_fsl_romapi\CMSIS/core_cm7.h:2041:22:__NVIC_SetPriority	16	static
D:\IMXRT1050EVKB_Bootloader\BD155_P_V1_0_0\McuXpresso\evkbimxrt1050_fsl_romapi\drivers/fsl_common_arm.h:499:24:EnableIRQ	24	static
../source/flexspi_romapi.c:83:6:USB_OTG1_IRQHandler	8	static
../source/flexspi_romapi.c:88:6:USB_OTG2_IRQHandler	8	static
../source/flexspi_romapi.c:93:6:USB_HostClockInit	16	static
../source/flexspi_romapi.c:114:6:USB_HostIsrEnable	16	static
../source/flexspi_romapi.c:131:6:USB_HostTaskFn	16	static
../source/flexspi_romapi.c:146:21:USB_HostEvent	32	static
../source/flexspi_romapi.c:233:13:USB_HostApplicationInit	16	static
../source/flexspi_romapi.c:358:6:FLEXSPI_NorFlash_GetConfig	16	static
../source/flexspi_romapi.c:567:6:error_trap	8	static
../source/flexspi_romapi.c:589:6:app_finalize	8	static
../source/flexspi_romapi.c:606:6:get_cache_status	16	static
../source/flexspi_romapi.c:627:6:flexspi_nor_handle_cache	40	static
../source/flexspi_romapi.c:673:6:HyperFlash	48	static
../source/flexspi_romapi.c:773:6:ReadFromPendrive	632	static
../source/flexspi_romapi.c:1108:10:AsciiToDecimal	32	static
../source/flexspi_romapi.c:1164:9:decimalToBCD	24	static
../source/flexspi_romapi.c:1172:9:ASCII2HEX	24	static
../source/flexspi_romapi.c:1189:6:jump_to_hyperflash_location	40	static
../source/flexspi_romapi.c:1377:6:funcDelayUs	24	static
../source/flexspi_romapi.c:1389:5:main	8	static
../source/flexspi_romapi.c:1537:6:dummy	8	static
