C:/Users/EME01-L-02D19/Desktop/VMS-Display/AppWizard/Source/CustomCode/ID_SCREEN_MAINNIGHT_Slots.c:34:6:cbID_SCREEN_MAINNIGHT	16	static
C:/Users/EME01-L-02D19/Desktop/VMS-Display/AppWizard/Source/CustomCode/ID_SCREEN_MAINNIGHT_Slots.c:42:6:ID_SCREEN_MAIN_Copy__WM_NOTIFICATION_VALUE_CHANGED__ID_IMAGE_ICON01__APPW_JOB_SETBITMAP	24	static
C:/Users/EME01-L-02D19/Desktop/VMS-Display/AppWizard/Source/CustomCode/ID_SCREEN_MAINNIGHT_Slots.c:53:6:ID_SCREEN_MAIN_Copy__WM_NOTIFICATION_VALUE_CHANGED__ID_IMAGE_ICON01__APPW_JOB_SETBITMAP_0	24	static
C:/Users/EME01-L-02D19/Desktop/VMS-Display/AppWizard/Source/CustomCode/ID_SCREEN_MAINNIGHT_Slots.c:64:6:ID_SCREEN_MAIN_Copy__WM_NOTIFICATION_VALUE_CHANGED__ID_IMAGE_ICON01__APPW_JOB_SETBITMAP_1	24	static
C:/Users/EME01-L-02D19/Desktop/VMS-Display/AppWizard/Source/CustomCode/ID_SCREEN_MAINNIGHT_Slots.c:75:6:ID_SCREEN_MAIN_Copy__WM_NOTIFICATION_VALUE_CHANGED__ID_IMAGE_ICON02__APPW_JOB_SETBITMAP	24	static
C:/Users/EME01-L-02D19/Desktop/VMS-Display/AppWizard/Source/CustomCode/ID_SCREEN_MAINNIGHT_Slots.c:86:6:ID_SCREEN_MAIN_Copy__WM_NOTIFICATION_VALUE_CHANGED__ID_IMAGE_ICON02__APPW_JOB_SETBITMAP_0	24	static
C:/Users/EME01-L-02D19/Desktop/VMS-Display/AppWizard/Source/CustomCode/ID_SCREEN_MAINNIGHT_Slots.c:97:6:ID_SCREEN_MAIN_Copy__WM_NOTIFICATION_VALUE_CHANGED__ID_IMAGE_ICON02__APPW_JOB_SETBITMAP_1	24	static
C:/Users/EME01-L-02D19/Desktop/VMS-Display/AppWizard/Source/CustomCode/ID_SCREEN_MAINNIGHT_Slots.c:108:6:ID_SCREEN_MAIN_Copy__WM_NOTIFICATION_VALUE_CHANGED__ID_IMAGE_ICON03__APPW_JOB_SETBITMAP	24	static
C:/Users/EME01-L-02D19/Desktop/VMS-Display/AppWizard/Source/CustomCode/ID_SCREEN_MAINNIGHT_Slots.c:119:6:ID_SCREEN_MAIN_Copy__WM_NOTIFICATION_VALUE_CHANGED__ID_IMAGE_ICON03__APPW_JOB_SETBITMAP_0	24	static
C:/Users/EME01-L-02D19/Desktop/VMS-Display/AppWizard/Source/CustomCode/ID_SCREEN_MAINNIGHT_Slots.c:130:6:ID_SCREEN_MAIN_Copy__WM_NOTIFICATION_VALUE_CHANGED__ID_IMAGE_ICON03__APPW_JOB_SETBITMAP_1	24	static
C:/Users/EME01-L-02D19/Desktop/VMS-Display/AppWizard/Source/CustomCode/ID_SCREEN_MAINNIGHT_Slots.c:141:6:ID_SCREEN_MAIN_Copy__WM_NOTIFICATION_VALUE_CHANGED__ID_TEXT_REV__APPW_JOB_SETTEXT	24	static
C:/Users/EME01-L-02D19/Desktop/VMS-Display/AppWizard/Source/CustomCode/ID_SCREEN_MAINNIGHT_Slots.c:152:6:ID_SCREEN_MAIN_Copy__WM_NOTIFICATION_VALUE_CHANGED__ID_TEXT_REV__APPW_JOB_SETTEXT_0	24	static
C:/Users/EME01-L-02D19/Desktop/VMS-Display/AppWizard/Source/CustomCode/ID_SCREEN_MAINNIGHT_Slots.c:163:6:ID_SCREEN_MAIN_Copy__WM_NOTIFICATION_VALUE_CHANGED__ID_TEXT_REV__APPW_JOB_SETCOLOR	24	static
C:/Users/EME01-L-02D19/Desktop/VMS-Display/AppWizard/Source/CustomCode/ID_SCREEN_MAINNIGHT_Slots.c:174:6:ID_SCREEN_MAIN_Copy__WM_NOTIFICATION_VALUE_CHANGED__ID_TEXT_REV__APPW_JOB_SETCOLOR_0	24	static
C:/Users/EME01-L-02D19/Desktop/VMS-Display/AppWizard/Source/CustomCode/ID_SCREEN_MAINNIGHT_Slots.c:185:6:ID_SCREEN_MAIN_Copy__WM_NOTIFICATION_VALUE_CHANGED__ID_TEXT_ODO__APPW_JOB_SETVALUE	24	static
C:/Users/EME01-L-02D19/Desktop/VMS-Display/AppWizard/Source/CustomCode/ID_SCREEN_MAINNIGHT_Slots.c:196:6:ID_SCREEN_MAIN_Copy__WM_NOTIFICATION_VALUE_CHANGED__ID_TEXT_HRMETER__APPW_JOB_SETVALUE	24	static
C:/Users/EME01-L-02D19/Desktop/VMS-Display/AppWizard/Source/CustomCode/ID_SCREEN_MAINNIGHT_Slots.c:207:6:ID_SCREEN_MAIN_Copy__WM_NOTIFICATION_VALUE_CHANGED__ID_IMAGE_GEAR__APPW_JOB_SETBITMAP	24	static
C:/Users/EME01-L-02D19/Desktop/VMS-Display/AppWizard/Source/CustomCode/ID_SCREEN_MAINNIGHT_Slots.c:218:6:ID_SCREEN_MAIN_Copy__WM_NOTIFICATION_VALUE_CHANGED__ID_IMAGE_GEAR__APPW_JOB_SETBITMAP_0	24	static
C:/Users/EME01-L-02D19/Desktop/VMS-Display/AppWizard/Source/CustomCode/ID_SCREEN_MAINNIGHT_Slots.c:229:6:ID_SCREEN_MAIN_Copy__WM_NOTIFICATION_VALUE_CHANGED__ID_IMAGE_GEAR__APPW_JOB_SETBITMAP_1	24	static
C:/Users/EME01-L-02D19/Desktop/VMS-Display/AppWizard/Source/CustomCode/ID_SCREEN_MAINNIGHT_Slots.c:240:6:ID_SCREEN_MAIN_Copy__WM_NOTIFICATION_VALUE_CHANGED__ID_IMAGE_GEAR__APPW_JOB_SETBITMAP_2	24	static
C:/Users/EME01-L-02D19/Desktop/VMS-Display/AppWizard/Source/CustomCode/ID_SCREEN_MAINNIGHT_Slots.c:251:6:ID_SCREEN_MAIN_Copy__WM_NOTIFICATION_VALUE_CHANGED__ID_IMAGE_GEAR__APPW_JOB_SETBITMAP_3	24	static
C:/Users/EME01-L-02D19/Desktop/VMS-Display/AppWizard/Source/CustomCode/ID_SCREEN_MAINNIGHT_Slots.c:262:6:ID_SCREEN_MAIN_Copy__WM_NOTIFICATION_VALUE_CHANGED__ID_IMAGE_GEAR__APPW_JOB_SETBITMAP_4	24	static
C:/Users/EME01-L-02D19/Desktop/VMS-Display/AppWizard/Source/CustomCode/ID_SCREEN_MAINNIGHT_Slots.c:273:6:ID_SCREEN_MAIN_Copy__WM_NOTIFICATION_VALUE_CHANGED__ID_IMAGE_GEAR__APPW_JOB_SETBITMAP_5	24	static
C:/Users/EME01-L-02D19/Desktop/VMS-Display/AppWizard/Source/CustomCode/ID_SCREEN_MAINNIGHT_Slots.c:284:6:ID_SCREEN_MAIN_Copy__WM_NOTIFICATION_VALUE_CHANGED__ID_IMAGE_GEAR__APPW_JOB_SETBITMAP_6	24	static
C:/Users/EME01-L-02D19/Desktop/VMS-Display/AppWizard/Source/CustomCode/ID_SCREEN_MAINNIGHT_Slots.c:295:6:ID_SCREEN_MAIN_Copy__WM_NOTIFICATION_VALUE_CHANGED__ID_IMAGE_GEAR__APPW_JOB_SETBITMAP_7	24	static
C:/Users/EME01-L-02D19/Desktop/VMS-Display/AppWizard/Source/CustomCode/ID_SCREEN_MAINNIGHT_Slots.c:306:6:ID_SCREEN_MAIN_Copy__WM_NOTIFICATION_VALUE_CHANGED__ID_IMAGE_GEAR__APPW_JOB_SETBITMAP_8	24	static
C:/Users/EME01-L-02D19/Desktop/VMS-Display/AppWizard/Source/CustomCode/ID_SCREEN_MAINNIGHT_Slots.c:317:6:ID_SCREEN_MAIN_Copy__WM_NOTIFICATION_VALUE_CHANGED__ID_IMAGE_GEAR__APPW_JOB_SETBITMAP_9	24	static
C:/Users/EME01-L-02D19/Desktop/VMS-Display/AppWizard/Source/CustomCode/ID_SCREEN_MAINNIGHT_Slots.c:328:6:ID_SCREEN_MAIN_Copy__WM_NOTIFICATION_VALUE_CHANGED__ID_IMAGE_GEAR__APPW_JOB_SETBITMAP_10	24	static
C:/Users/EME01-L-02D19/Desktop/VMS-Display/AppWizard/Source/CustomCode/ID_SCREEN_MAINNIGHT_Slots.c:339:6:ID_SCREEN_MAIN_Copy__WM_NOTIFICATION_VALUE_CHANGED__ID_IMAGE_GEAR__APPW_JOB_SETBITMAP_11	24	static
C:/Users/EME01-L-02D19/Desktop/VMS-Display/AppWizard/Source/CustomCode/ID_SCREEN_MAINNIGHT_Slots.c:350:6:ID_SCREEN_MAIN_Copy__WM_NOTIFICATION_VALUE_CHANGED__ID_IMAGE_GEAR__APPW_JOB_SETBITMAP_12	24	static
C:/Users/EME01-L-02D19/Desktop/VMS-Display/AppWizard/Source/CustomCode/ID_SCREEN_MAINNIGHT_Slots.c:361:6:ID_SCREEN_MAIN_Copy__WM_NOTIFICATION_VALUE_CHANGED__ID_IMAGE_ICON04__APPW_JOB_SETBITMAP	24	static
C:/Users/EME01-L-02D19/Desktop/VMS-Display/AppWizard/Source/CustomCode/ID_SCREEN_MAINNIGHT_Slots.c:372:6:ID_SCREEN_MAIN_Copy__WM_NOTIFICATION_VALUE_CHANGED__ID_IMAGE_ICON04__APPW_JOB_SETBITMAP_0	24	static
C:/Users/EME01-L-02D19/Desktop/VMS-Display/AppWizard/Source/CustomCode/ID_SCREEN_MAINNIGHT_Slots.c:383:6:ID_SCREEN_MAIN_Copy__WM_NOTIFICATION_VALUE_CHANGED__ID_IMAGE_ICON04__APPW_JOB_SETBITMAP_1	24	static
C:/Users/EME01-L-02D19/Desktop/VMS-Display/AppWizard/Source/CustomCode/ID_SCREEN_MAINNIGHT_Slots.c:394:6:ID_SCREEN_MAIN_Copy__WM_NOTIFICATION_VALUE_CHANGED__ID_IMAGE_ICON05__APPW_JOB_SETBITMAP	24	static
C:/Users/EME01-L-02D19/Desktop/VMS-Display/AppWizard/Source/CustomCode/ID_SCREEN_MAINNIGHT_Slots.c:405:6:ID_SCREEN_MAIN_Copy__WM_NOTIFICATION_VALUE_CHANGED__ID_IMAGE_ICON05__APPW_JOB_SETBITMAP_0	24	static
C:/Users/EME01-L-02D19/Desktop/VMS-Display/AppWizard/Source/CustomCode/ID_SCREEN_MAINNIGHT_Slots.c:416:6:ID_SCREEN_MAIN_Copy__WM_NOTIFICATION_VALUE_CHANGED__ID_IMAGE_ICON05__APPW_JOB_SETBITMAP_1	24	static
C:/Users/EME01-L-02D19/Desktop/VMS-Display/AppWizard/Source/CustomCode/ID_SCREEN_MAINNIGHT_Slots.c:427:6:ID_SCREEN_MAIN_Copy__WM_NOTIFICATION_VALUE_CHANGED__ID_IMAGE_ICON06__APPW_JOB_SETBITMAP	24	static
C:/Users/EME01-L-02D19/Desktop/VMS-Display/AppWizard/Source/CustomCode/ID_SCREEN_MAINNIGHT_Slots.c:438:6:ID_SCREEN_MAIN_Copy__WM_NOTIFICATION_VALUE_CHANGED__ID_IMAGE_ICON06__APPW_JOB_SETBITMAP_0	24	static
C:/Users/EME01-L-02D19/Desktop/VMS-Display/AppWizard/Source/CustomCode/ID_SCREEN_MAINNIGHT_Slots.c:449:6:ID_SCREEN_MAIN_Copy__WM_NOTIFICATION_VALUE_CHANGED__ID_IMAGE_ICON06__APPW_JOB_SETBITMAP_1	24	static
C:/Users/EME01-L-02D19/Desktop/VMS-Display/AppWizard/Source/CustomCode/ID_SCREEN_MAINNIGHT_Slots.c:460:6:ID_SCREEN_MAIN_Copy__WM_NOTIFICATION_VALUE_CHANGED__ID_IMAGE_ICON07__APPW_JOB_SETBITMAP	24	static
C:/Users/EME01-L-02D19/Desktop/VMS-Display/AppWizard/Source/CustomCode/ID_SCREEN_MAINNIGHT_Slots.c:471:6:ID_SCREEN_MAIN_Copy__WM_NOTIFICATION_VALUE_CHANGED__ID_IMAGE_ICON07__APPW_JOB_SETBITMAP_0	24	static
C:/Users/EME01-L-02D19/Desktop/VMS-Display/AppWizard/Source/CustomCode/ID_SCREEN_MAINNIGHT_Slots.c:482:6:ID_SCREEN_MAIN_Copy__WM_NOTIFICATION_VALUE_CHANGED__ID_IMAGE_ICON07__APPW_JOB_SETBITMAP_1	24	static
C:/Users/EME01-L-02D19/Desktop/VMS-Display/AppWizard/Source/CustomCode/ID_SCREEN_MAINNIGHT_Slots.c:493:6:ID_SCREEN_MAIN_Copy__WM_NOTIFICATION_VALUE_CHANGED__ID_IMAGE_ICON08__APPW_JOB_SETBITMAP	24	static
C:/Users/EME01-L-02D19/Desktop/VMS-Display/AppWizard/Source/CustomCode/ID_SCREEN_MAINNIGHT_Slots.c:504:6:ID_SCREEN_MAIN_Copy__WM_NOTIFICATION_VALUE_CHANGED__ID_IMAGE_ICON08__APPW_JOB_SETBITMAP_0	24	static
C:/Users/EME01-L-02D19/Desktop/VMS-Display/AppWizard/Source/CustomCode/ID_SCREEN_MAINNIGHT_Slots.c:515:6:ID_SCREEN_MAIN_Copy__WM_NOTIFICATION_VALUE_CHANGED__ID_IMAGE_ICON08__APPW_JOB_SETBITMAP_1	24	static
C:/Users/EME01-L-02D19/Desktop/VMS-Display/AppWizard/Source/CustomCode/ID_SCREEN_MAINNIGHT_Slots.c:526:6:ID_SCREEN_MAIN_Copy__WM_NOTIFICATION_VALUE_CHANGED__ID_IMAGE_ICON09__APPW_JOB_SETBITMAP	24	static
C:/Users/EME01-L-02D19/Desktop/VMS-Display/AppWizard/Source/CustomCode/ID_SCREEN_MAINNIGHT_Slots.c:537:6:ID_SCREEN_MAIN_Copy__WM_NOTIFICATION_VALUE_CHANGED__ID_IMAGE_ICON09__APPW_JOB_SETBITMAP_0	24	static
C:/Users/EME01-L-02D19/Desktop/VMS-Display/AppWizard/Source/CustomCode/ID_SCREEN_MAINNIGHT_Slots.c:548:6:ID_SCREEN_MAIN_Copy__WM_NOTIFICATION_VALUE_CHANGED__ID_IMAGE_ICON09__APPW_JOB_SETBITMAP_1	24	static
C:/Users/EME01-L-02D19/Desktop/VMS-Display/AppWizard/Source/CustomCode/ID_SCREEN_MAINNIGHT_Slots.c:559:6:ID_SCREEN_MAIN_Copy__WM_NOTIFICATION_VALUE_CHANGED__ID_IMAGE_ICON10__APPW_JOB_SETBITMAP	24	static
C:/Users/EME01-L-02D19/Desktop/VMS-Display/AppWizard/Source/CustomCode/ID_SCREEN_MAINNIGHT_Slots.c:570:6:ID_SCREEN_MAIN_Copy__WM_NOTIFICATION_VALUE_CHANGED__ID_IMAGE_ICON10__APPW_JOB_SETBITMAP_0	24	static
C:/Users/EME01-L-02D19/Desktop/VMS-Display/AppWizard/Source/CustomCode/ID_SCREEN_MAINNIGHT_Slots.c:581:6:ID_SCREEN_MAIN_Copy__WM_NOTIFICATION_VALUE_CHANGED__ID_IMAGE_ICON10__APPW_JOB_SETBITMAP_1	24	static
C:/Users/EME01-L-02D19/Desktop/VMS-Display/AppWizard/Source/CustomCode/ID_SCREEN_MAINNIGHT_Slots.c:592:6:ID_SCREEN_MAIN_Copy__WM_NOTIFICATION_VALUE_CHANGED__ID_IMAGE_ICON11__APPW_JOB_SETBITMAP	24	static
C:/Users/EME01-L-02D19/Desktop/VMS-Display/AppWizard/Source/CustomCode/ID_SCREEN_MAINNIGHT_Slots.c:603:6:ID_SCREEN_MAIN_Copy__WM_NOTIFICATION_VALUE_CHANGED__ID_IMAGE_ICON11__APPW_JOB_SETBITMAP_0	24	static
C:/Users/EME01-L-02D19/Desktop/VMS-Display/AppWizard/Source/CustomCode/ID_SCREEN_MAINNIGHT_Slots.c:614:6:ID_SCREEN_MAIN_Copy__WM_NOTIFICATION_VALUE_CHANGED__ID_IMAGE_ICON11__APPW_JOB_SETBITMAP_1	24	static
C:/Users/EME01-L-02D19/Desktop/VMS-Display/AppWizard/Source/CustomCode/ID_SCREEN_MAINNIGHT_Slots.c:625:6:ID_SCREEN_MAIN_Copy__WM_NOTIFICATION_VALUE_CHANGED__ID_IMAGE_ICON12__APPW_JOB_SETBITMAP	24	static
C:/Users/EME01-L-02D19/Desktop/VMS-Display/AppWizard/Source/CustomCode/ID_SCREEN_MAINNIGHT_Slots.c:636:6:ID_SCREEN_MAIN_Copy__WM_NOTIFICATION_VALUE_CHANGED__ID_IMAGE_ICON12__APPW_JOB_SETBITMAP_0	24	static
C:/Users/EME01-L-02D19/Desktop/VMS-Display/AppWizard/Source/CustomCode/ID_SCREEN_MAINNIGHT_Slots.c:647:6:ID_SCREEN_MAIN_Copy__WM_NOTIFICATION_VALUE_CHANGED__ID_IMAGE_ICON12__APPW_JOB_SETBITMAP_1	24	static
C:/Users/EME01-L-02D19/Desktop/VMS-Display/AppWizard/Source/CustomCode/ID_SCREEN_MAINNIGHT_Slots.c:658:6:ID_SCREEN_MAIN_Copy__WM_NOTIFICATION_VALUE_CHANGED__ID_IMAGE_ICON14__APPW_JOB_SETBITMAP	24	static
C:/Users/EME01-L-02D19/Desktop/VMS-Display/AppWizard/Source/CustomCode/ID_SCREEN_MAINNIGHT_Slots.c:669:6:ID_SCREEN_MAIN_Copy__WM_NOTIFICATION_VALUE_CHANGED__ID_IMAGE_ICON14__APPW_JOB_SETBITMAP_0	24	static
C:/Users/EME01-L-02D19/Desktop/VMS-Display/AppWizard/Source/CustomCode/ID_SCREEN_MAINNIGHT_Slots.c:680:6:ID_SCREEN_MAIN_Copy__WM_NOTIFICATION_VALUE_CHANGED__ID_IMAGE_ICON14__APPW_JOB_SETBITMAP_1	24	static
C:/Users/EME01-L-02D19/Desktop/VMS-Display/AppWizard/Source/CustomCode/ID_SCREEN_MAINNIGHT_Slots.c:691:6:ID_SCREEN_MAIN_Copy__WM_NOTIFICATION_VALUE_CHANGED__ID_IMAGE_ICON15__APPW_JOB_SETBITMAP	24	static
C:/Users/EME01-L-02D19/Desktop/VMS-Display/AppWizard/Source/CustomCode/ID_SCREEN_MAINNIGHT_Slots.c:702:6:ID_SCREEN_MAIN_Copy__WM_NOTIFICATION_VALUE_CHANGED__ID_IMAGE_ICON15__APPW_JOB_SETBITMAP_0	24	static
C:/Users/EME01-L-02D19/Desktop/VMS-Display/AppWizard/Source/CustomCode/ID_SCREEN_MAINNIGHT_Slots.c:713:6:ID_SCREEN_MAIN_Copy__WM_NOTIFICATION_VALUE_CHANGED__ID_IMAGE_ICON15__APPW_JOB_SETBITMAP_1	24	static
C:/Users/EME01-L-02D19/Desktop/VMS-Display/AppWizard/Source/CustomCode/ID_SCREEN_MAINNIGHT_Slots.c:724:6:ID_SCREEN_MAIN_Copy__WM_NOTIFICATION_VALUE_CHANGED__ID_IMAGE_ICON16__APPW_JOB_SETBITMAP	24	static
C:/Users/EME01-L-02D19/Desktop/VMS-Display/AppWizard/Source/CustomCode/ID_SCREEN_MAINNIGHT_Slots.c:735:6:ID_SCREEN_MAIN_Copy__WM_NOTIFICATION_VALUE_CHANGED__ID_IMAGE_ICON16__APPW_JOB_SETBITMAP_0	24	static
C:/Users/EME01-L-02D19/Desktop/VMS-Display/AppWizard/Source/CustomCode/ID_SCREEN_MAINNIGHT_Slots.c:746:6:ID_SCREEN_MAIN_Copy__WM_NOTIFICATION_VALUE_CHANGED__ID_IMAGE_ICON13__APPW_JOB_SETBITMAP	24	static
C:/Users/EME01-L-02D19/Desktop/VMS-Display/AppWizard/Source/CustomCode/ID_SCREEN_MAINNIGHT_Slots.c:757:6:ID_SCREEN_MAIN_Copy__WM_NOTIFICATION_VALUE_CHANGED__ID_IMAGE_ICON13__APPW_JOB_SETBITMAP_0	24	static
C:/Users/EME01-L-02D19/Desktop/VMS-Display/AppWizard/Source/CustomCode/ID_SCREEN_MAINNIGHT_Slots.c:768:6:ID_SCREEN_MAIN_Copy__WM_NOTIFICATION_VALUE_CHANGED__ID_IMAGE_ICON13__APPW_JOB_SETBITMAP_1	24	static
C:/Users/EME01-L-02D19/Desktop/VMS-Display/AppWizard/Source/CustomCode/ID_SCREEN_MAINNIGHT_Slots.c:779:6:ID_SCREEN_MAIN_Copy__WM_NOTIFICATION_VALUE_CHANGED__ID_ROTARY_RPM__APPW_JOB_SETVALUE	24	static
C:/Users/EME01-L-02D19/Desktop/VMS-Display/AppWizard/Source/CustomCode/ID_SCREEN_MAINNIGHT_Slots.c:790:6:ID_SCREEN_MAIN_Copy__WM_NOTIFICATION_VALUE_CHANGED__ID_ROTARY_KMPH__APPW_JOB_SETVALUE	24	static
C:/Users/EME01-L-02D19/Desktop/VMS-Display/AppWizard/Source/CustomCode/ID_SCREEN_MAINNIGHT_Slots.c:801:6:ID_SCREEN_MAIN_Copy__WM_NOTIFICATION_VALUE_CHANGED__ID_ROTARY_EOP__APPW_JOB_SETVALUE	24	static
C:/Users/EME01-L-02D19/Desktop/VMS-Display/AppWizard/Source/CustomCode/ID_SCREEN_MAINNIGHT_Slots.c:812:6:ID_SCREEN_MAIN_Copy__WM_NOTIFICATION_VALUE_CHANGED__ID_ROTARY_EOT__APPW_JOB_SETVALUE	24	static
C:/Users/EME01-L-02D19/Desktop/VMS-Display/AppWizard/Source/CustomCode/ID_SCREEN_MAINNIGHT_Slots.c:823:6:ID_SCREEN_MAIN_Copy__WM_NOTIFICATION_VALUE_CHANGED__ID_ROTARY_BV__APPW_JOB_SETVALUE	24	static
C:/Users/EME01-L-02D19/Desktop/VMS-Display/AppWizard/Source/CustomCode/ID_SCREEN_MAINNIGHT_Slots.c:834:6:ID_SCREEN_MAIN_Copy__WM_NOTIFICATION_VALUE_CHANGED__ID_ROTARY_FUEL__APPW_JOB_SETVALUE	24	static
C:/Users/EME01-L-02D19/Desktop/VMS-Display/AppWizard/Source/CustomCode/ID_SCREEN_MAINNIGHT_Slots.c:845:6:ID_SCREEN_MAIN_Copy__WM_NOTIFICATION_VALUE_CHANGED__ID_IMAGE_CHECKTRANS__APPW_JOB_SETBITMAP	24	static
C:/Users/EME01-L-02D19/Desktop/VMS-Display/AppWizard/Source/CustomCode/ID_SCREEN_MAINNIGHT_Slots.c:856:6:ID_SCREEN_MAIN_Copy__WM_NOTIFICATION_VALUE_CHANGED__ID_IMAGE_CHECKTRANS__APPW_JOB_SETBITMAP_0	24	static
C:/Users/EME01-L-02D19/Desktop/VMS-Display/AppWizard/Source/CustomCode/ID_SCREEN_MAINNIGHT_Slots.c:867:6:ID_SCREEN_MAINNIGHT__WM_NOTIFICATION_VALUE_CHANGED	24	static
