D:/RAJASHEKHAR/VMS_HMI/DOZER_BD155/P_VERSION/SOFTWARE/NEW/BD155_P_V1_0_0/NewProject/Source/CustomCode/ID_SCREEN_RAWVALUE_IO_Slots.c:34:6:cbID_SCREEN_RAWVALUE_IO	16	static
D:/RAJASHEKHAR/VMS_HMI/DOZER_BD155/P_VERSION/SOFTWARE/NEW/BD155_P_V1_0_0/NewProject/Source/CustomCode/ID_SCREEN_RAWVALUE_IO_Slots.c:42:6:ID_SCREEN_RAWVALUE_IO__WM_NOTIFICATION_VALUE_CHANGED_2	24	static
D:/RAJASHEKHAR/VMS_HMI/DOZER_BD155/P_VERSION/SOFTWARE/NEW/BD155_P_V1_0_0/NewProject/Source/CustomCode/ID_SCREEN_RAWVALUE_IO_Slots.c:53:6:ID_SCREEN_RAWVALUE_IO__WM_NOTIFICATION_VALUE_CHANGED_3	24	static
D:/RAJASHEKHAR/VMS_HMI/DOZER_BD155/P_VERSION/SOFTWARE/NEW/BD155_P_V1_0_0/NewProject/Source/CustomCode/ID_SCREEN_RAWVALUE_IO_Slots.c:64:6:ID_SCREEN_RAWVALUE_IO__WM_NOTIFICATION_VALUE_CHANGED__ID_TEXT_freq1__APPW_JOB_SETVALUE	24	static
D:/RAJASHEKHAR/VMS_HMI/DOZER_BD155/P_VERSION/SOFTWARE/NEW/BD155_P_V1_0_0/NewProject/Source/CustomCode/ID_SCREEN_RAWVALUE_IO_Slots.c:75:6:ID_SCREEN_RAWVALUE_IO__WM_NOTIFICATION_VALUE_CHANGED__ID_TEXT_freq2__APPW_JOB_SETVALUE	24	static
D:/RAJASHEKHAR/VMS_HMI/DOZER_BD155/P_VERSION/SOFTWARE/NEW/BD155_P_V1_0_0/NewProject/Source/CustomCode/ID_SCREEN_RAWVALUE_IO_Slots.c:86:6:ID_SCREEN_RAWVALUE_IO__WM_NOTIFICATION_VALUE_CHANGED__ID_TEXT_BATTERY_VOL__APPW_JOB_SETVALUE	24	static
D:/RAJASHEKHAR/VMS_HMI/DOZER_BD155/P_VERSION/SOFTWARE/NEW/BD155_P_V1_0_0/NewProject/Source/CustomCode/ID_SCREEN_RAWVALUE_IO_Slots.c:97:6:ID_SCREEN_RAWVALUE_IO__WM_NOTIFICATION_VALUE_CHANGED__ID_TEXT_DAY__APPW_JOB_SETVALUE	24	static
D:/RAJASHEKHAR/VMS_HMI/DOZER_BD155/P_VERSION/SOFTWARE/NEW/BD155_P_V1_0_0/NewProject/Source/CustomCode/ID_SCREEN_RAWVALUE_IO_Slots.c:108:6:ID_SCREEN_RAWVALUE_IO__WM_NOTIFICATION_VALUE_CHANGED__ID_TEXT_YEAR__APPW_JOB_SETVALUE	24	static
D:/RAJASHEKHAR/VMS_HMI/DOZER_BD155/P_VERSION/SOFTWARE/NEW/BD155_P_V1_0_0/NewProject/Source/CustomCode/ID_SCREEN_RAWVALUE_IO_Slots.c:119:6:ID_SCREEN_RAWVALUE_IO__WM_NOTIFICATION_VALUE_CHANGED__ID_TEXT_MONTH__APPW_JOB_SETVALUE	24	static
D:/RAJASHEKHAR/VMS_HMI/DOZER_BD155/P_VERSION/SOFTWARE/NEW/BD155_P_V1_0_0/NewProject/Source/CustomCode/ID_SCREEN_RAWVALUE_IO_Slots.c:130:6:ID_SCREEN_RAWVALUE_IO__WM_NOTIFICATION_VALUE_CHANGED__ID_TEXT_HOUR__APPW_JOB_SETVALUE	24	static
D:/RAJASHEKHAR/VMS_HMI/DOZER_BD155/P_VERSION/SOFTWARE/NEW/BD155_P_V1_0_0/NewProject/Source/CustomCode/ID_SCREEN_RAWVALUE_IO_Slots.c:141:6:ID_SCREEN_RAWVALUE_IO__WM_NOTIFICATION_VALUE_CHANGED__ID_TEXT_MINUTE__APPW_JOB_SETVALUE	24	static
D:/RAJASHEKHAR/VMS_HMI/DOZER_BD155/P_VERSION/SOFTWARE/NEW/BD155_P_V1_0_0/NewProject/Source/CustomCode/ID_SCREEN_RAWVALUE_IO_Slots.c:152:6:ID_SCREEN_RAWVALUE_IO__WM_NOTIFICATION_VALUE_CHANGED__ID_TEXT_MERIDIAN__APPW_JOB_SETTEXT	24	static
D:/RAJASHEKHAR/VMS_HMI/DOZER_BD155/P_VERSION/SOFTWARE/NEW/BD155_P_V1_0_0/NewProject/Source/CustomCode/ID_SCREEN_RAWVALUE_IO_Slots.c:163:6:ID_SCREEN_RAWVALUE_IO__WM_NOTIFICATION_VALUE_CHANGED__ID_TEXT_MERIDIAN__APPW_JOB_SETTEXT_0	24	static
D:/RAJASHEKHAR/VMS_HMI/DOZER_BD155/P_VERSION/SOFTWARE/NEW/BD155_P_V1_0_0/NewProject/Source/CustomCode/ID_SCREEN_RAWVALUE_IO_Slots.c:174:6:ID_SCREEN_RAWVALUE_IO__WM_NOTIFICATION_VALUE_CHANGED__ID_TEXT_ENG_RUNNING_STATUS__APPW_JOB_SETTEXT	24	static
D:/RAJASHEKHAR/VMS_HMI/DOZER_BD155/P_VERSION/SOFTWARE/NEW/BD155_P_V1_0_0/NewProject/Source/CustomCode/ID_SCREEN_RAWVALUE_IO_Slots.c:185:6:ID_SCREEN_RAWVALUE_IO__WM_NOTIFICATION_VALUE_CHANGED__ID_TEXT_ENG_RUNNING_STATUS__APPW_JOB_SETTEXT_0	24	static
D:/RAJASHEKHAR/VMS_HMI/DOZER_BD155/P_VERSION/SOFTWARE/NEW/BD155_P_V1_0_0/NewProject/Source/CustomCode/ID_SCREEN_RAWVALUE_IO_Slots.c:196:6:ID_SCREEN_RAWVALUE_IO__WM_NOTIFICATION_VALUE_CHANGED__ID_TEXT_DI1__APPW_JOB_SETVALUE	24	static
D:/RAJASHEKHAR/VMS_HMI/DOZER_BD155/P_VERSION/SOFTWARE/NEW/BD155_P_V1_0_0/NewProject/Source/CustomCode/ID_SCREEN_RAWVALUE_IO_Slots.c:207:6:ID_SCREEN_RAWVALUE_IO__WM_NOTIFICATION_VALUE_CHANGED__ID_TEXT_DI2__APPW_JOB_SETVALUE	24	static
D:/RAJASHEKHAR/VMS_HMI/DOZER_BD155/P_VERSION/SOFTWARE/NEW/BD155_P_V1_0_0/NewProject/Source/CustomCode/ID_SCREEN_RAWVALUE_IO_Slots.c:218:6:ID_SCREEN_RAWVALUE_IO__WM_NOTIFICATION_VALUE_CHANGED__ID_TEXT_DI3__APPW_JOB_SETVALUE	24	static
D:/RAJASHEKHAR/VMS_HMI/DOZER_BD155/P_VERSION/SOFTWARE/NEW/BD155_P_V1_0_0/NewProject/Source/CustomCode/ID_SCREEN_RAWVALUE_IO_Slots.c:229:6:ID_SCREEN_RAWVALUE_IO__WM_NOTIFICATION_VALUE_CHANGED__ID_TEXT_DI5__APPW_JOB_SETVALUE	24	static
D:/RAJASHEKHAR/VMS_HMI/DOZER_BD155/P_VERSION/SOFTWARE/NEW/BD155_P_V1_0_0/NewProject/Source/CustomCode/ID_SCREEN_RAWVALUE_IO_Slots.c:240:6:ID_SCREEN_RAWVALUE_IO__WM_NOTIFICATION_VALUE_CHANGED__ID_TEXT_DI17__APPW_JOB_SETVALUE	24	static
D:/RAJASHEKHAR/VMS_HMI/DOZER_BD155/P_VERSION/SOFTWARE/NEW/BD155_P_V1_0_0/NewProject/Source/CustomCode/ID_SCREEN_RAWVALUE_IO_Slots.c:251:6:ID_SCREEN_RAWVALUE_IO__WM_NOTIFICATION_VALUE_CHANGED__ID_TEXT_DI27__APPW_JOB_SETVALUE	24	static
D:/RAJASHEKHAR/VMS_HMI/DOZER_BD155/P_VERSION/SOFTWARE/NEW/BD155_P_V1_0_0/NewProject/Source/CustomCode/ID_SCREEN_RAWVALUE_IO_Slots.c:262:6:ID_SCREEN_RAWVALUE_IO__WM_NOTIFICATION_VALUE_CHANGED__ID_TEXT_ENG_ECUHRS__APPW_JOB_SETVALUE	24	static
D:/RAJASHEKHAR/VMS_HMI/DOZER_BD155/P_VERSION/SOFTWARE/NEW/BD155_P_V1_0_0/NewProject/Source/CustomCode/ID_SCREEN_RAWVALUE_IO_Slots.c:273:6:ID_SCREEN_RAWVALUE_IO__WM_NOTIFICATION_VALUE_CHANGED__ID_TEXT_DISPLAY_HRS__APPW_JOB_SETVALUE	24	static
D:/RAJASHEKHAR/VMS_HMI/DOZER_BD155/P_VERSION/SOFTWARE/NEW/BD155_P_V1_0_0/NewProject/Source/CustomCode/ID_SCREEN_RAWVALUE_IO_Slots.c:284:6:ID_SCREEN_RAWVALUE_IO__WM_NOTIFICATION_VALUE_CHANGED	24	static
D:/RAJASHEKHAR/VMS_HMI/DOZER_BD155/P_VERSION/SOFTWARE/NEW/BD155_P_V1_0_0/NewProject/Source/CustomCode/ID_SCREEN_RAWVALUE_IO_Slots.c:295:6:ID_SCREEN_RAWVALUE_IO__WM_NOTIFICATION_VALUE_CHANGED_5	24	static
D:/RAJASHEKHAR/VMS_HMI/DOZER_BD155/P_VERSION/SOFTWARE/NEW/BD155_P_V1_0_0/NewProject/Source/CustomCode/ID_SCREEN_RAWVALUE_IO_Slots.c:306:6:ID_SCREEN_RAWVALUE_IO__WM_NOTIFICATION_VALUE_CHANGED_0	24	static
D:/RAJASHEKHAR/VMS_HMI/DOZER_BD155/P_VERSION/SOFTWARE/NEW/BD155_P_V1_0_0/NewProject/Source/CustomCode/ID_SCREEN_RAWVALUE_IO_Slots.c:317:6:ID_SCREEN_RAWVALUE_IO__WM_NOTIFICATION_VALUE_CHANGED_1	24	static
D:/RAJASHEKHAR/VMS_HMI/DOZER_BD155/P_VERSION/SOFTWARE/NEW/BD155_P_V1_0_0/NewProject/Source/CustomCode/ID_SCREEN_RAWVALUE_IO_Slots.c:328:6:ID_SCREEN_RAWVALUE_IO__WM_NOTIFICATION_VALUE_CHANGED_4	24	static
D:/RAJASHEKHAR/VMS_HMI/DOZER_BD155/P_VERSION/SOFTWARE/NEW/BD155_P_V1_0_0/NewProject/Source/CustomCode/ID_SCREEN_RAWVALUE_IO_Slots.c:339:6:ID_SCREEN_RAWVALUE_IO__WM_NOTIFICATION_VALUE_CHANGED_6	24	static
D:/RAJASHEKHAR/VMS_HMI/DOZER_BD155/P_VERSION/SOFTWARE/NEW/BD155_P_V1_0_0/NewProject/Source/CustomCode/ID_SCREEN_RAWVALUE_IO_Slots.c:350:6:ID_SCREEN_RAWVALUE_IO__WM_NOTIFICATION_VALUE_CHANGED_7	24	static
D:/RAJASHEKHAR/VMS_HMI/DOZER_BD155/P_VERSION/SOFTWARE/NEW/BD155_P_V1_0_0/NewProject/Source/CustomCode/ID_SCREEN_RAWVALUE_IO_Slots.c:361:6:ID_SCREEN_RAWVALUE_IO__WM_NOTIFICATION_VALUE_CHANGED_8	24	static
D:/RAJASHEKHAR/VMS_HMI/DOZER_BD155/P_VERSION/SOFTWARE/NEW/BD155_P_V1_0_0/NewProject/Source/CustomCode/ID_SCREEN_RAWVALUE_IO_Slots.c:372:6:ID_SCREEN_RAWVALUE_IO__WM_NOTIFICATION_VALUE_CHANGED_9	24	static
D:/RAJASHEKHAR/VMS_HMI/DOZER_BD155/P_VERSION/SOFTWARE/NEW/BD155_P_V1_0_0/NewProject/Source/CustomCode/ID_SCREEN_RAWVALUE_IO_Slots.c:383:6:ID_SCREEN_RAWVALUE_IO__WM_NOTIFICATION_VALUE_CHANGED_10	24	static
D:/RAJASHEKHAR/VMS_HMI/DOZER_BD155/P_VERSION/SOFTWARE/NEW/BD155_P_V1_0_0/NewProject/Source/CustomCode/ID_SCREEN_RAWVALUE_IO_Slots.c:394:6:ID_SCREEN_RAWVALUE_IO__WM_NOTIFICATION_VALUE_CHANGED__ID_IMAGE_ICON16__APPW_JOB_SETBITMAP	24	static
D:/RAJASHEKHAR/VMS_HMI/DOZER_BD155/P_VERSION/SOFTWARE/NEW/BD155_P_V1_0_0/NewProject/Source/CustomCode/ID_SCREEN_RAWVALUE_IO_Slots.c:405:6:ID_SCREEN_RAWVALUE_IO__WM_NOTIFICATION_VALUE_CHANGED__ID_IMAGE_ICON16__APPW_JOB_SETBITMAP_0	24	static
D:/RAJASHEKHAR/VMS_HMI/DOZER_BD155/P_VERSION/SOFTWARE/NEW/BD155_P_V1_0_0/NewProject/Source/CustomCode/ID_SCREEN_RAWVALUE_IO_Slots.c:416:6:ID_SCREEN_RAWVALUE_IO__WM_NOTIFICATION_VALUE_CHANGED__ID_IMAGE_ICON16__APPW_JOB_SETBITMAP_1	24	static
