C:/Users/admin/OneDrive/Desktop/RAJASHEKHAR/VMS_HMI/DOZER_E_VERSION/SOFTWARE/Cluster_ECU_Dozer/NewProject/Source/CustomCode/ID_SCREEN_BH60_Slots.c:34:6:cbID_SCREEN_BH60	16	static
C:/Users/admin/OneDrive/Desktop/RAJASHEKHAR/VMS_HMI/DOZER_E_VERSION/SOFTWARE/Cluster_ECU_Dozer/NewProject/Source/CustomCode/ID_SCREEN_BH60_Slots.c:42:6:ID_SCREEN_BH60__WM_NOTIFICATION_VALUE_CHANGED	24	static
C:/Users/admin/OneDrive/Desktop/RAJASHEKHAR/VMS_HMI/DOZER_E_VERSION/SOFTWARE/Cluster_ECU_Dozer/NewProject/Source/CustomCode/ID_SCREEN_BH60_Slots.c:53:6:ID_SCREEN_BH60__WM_NOTIFICATION_VALUE_CHANGED_0	24	static
C:/Users/admin/OneDrive/Desktop/RAJASHEKHAR/VMS_HMI/DOZER_E_VERSION/SOFTWARE/Cluster_ECU_Dozer/NewProject/Source/CustomCode/ID_SCREEN_BH60_Slots.c:64:6:ID_SCREEN_BH60__WM_NOTIFICATION_VALUE_CHANGED_2	24	static
C:/Users/admin/OneDrive/Desktop/RAJASHEKHAR/VMS_HMI/DOZER_E_VERSION/SOFTWARE/Cluster_ECU_Dozer/NewProject/Source/CustomCode/ID_SCREEN_BH60_Slots.c:75:6:ID_SCREEN_BH60__WM_NOTIFICATION_VALUE_CHANGED_3	24	static
C:/Users/admin/OneDrive/Desktop/RAJASHEKHAR/VMS_HMI/DOZER_E_VERSION/SOFTWARE/Cluster_ECU_Dozer/NewProject/Source/CustomCode/ID_SCREEN_BH60_Slots.c:86:6:ID_SCREEN_BH60__WM_NOTIFICATION_VALUE_CHANGED_4	24	static
C:/Users/admin/OneDrive/Desktop/RAJASHEKHAR/VMS_HMI/DOZER_E_VERSION/SOFTWARE/Cluster_ECU_Dozer/NewProject/Source/CustomCode/ID_SCREEN_BH60_Slots.c:97:6:ID_SCREEN_BH60__WM_NOTIFICATION_VALUE_CHANGED_1	24	static
C:/Users/admin/OneDrive/Desktop/RAJASHEKHAR/VMS_HMI/DOZER_E_VERSION/SOFTWARE/Cluster_ECU_Dozer/NewProject/Source/CustomCode/ID_SCREEN_BH60_Slots.c:108:6:ID_SCREEN_BH60__WM_NOTIFICATION_VALUE_CHANGED_5	24	static
