D:/RAJASHEKHAR/WORKSPACE/VMS_HMI/BD155_DOZER/Cluster_ECU_Dozer/NewProject/Source/CustomCode/ID_SCREEN_APLMS_MAIN_Slots.c:34:6:cbID_SCREEN_APLMS_MAIN	16	static
D:/RAJASHEKHAR/WORKSPACE/VMS_HMI/BD155_DOZER/Cluster_ECU_Dozer/NewProject/Source/CustomCode/ID_SCREEN_APLMS_MAIN_Slots.c:42:6:ID_SCREEN_APLMS_MAIN__WM_NOTIFICATION_VALUE_CHANGED__ID_TEXT_LOAD__APPW_JOB_SETVALUE	24	static
D:/RAJASHEKHAR/WORKSPACE/VMS_HMI/BD155_DOZER/Cluster_ECU_Dozer/NewProject/Source/CustomCode/ID_SCREEN_APLMS_MAIN_Slots.c:53:6:ID_SCREEN_APLMS_MAIN__WM_NOTIFICATION_VALUE_CHANGED__ID_TEXT_SPEED__APPW_JOB_SETVALUE	24	static
D:/RAJASHEKHAR/WORKSPACE/VMS_HMI/BD155_DOZER/Cluster_ECU_Dozer/NewProject/Source/CustomCode/ID_SCREEN_APLMS_MAIN_Slots.c:64:6:ID_SCREEN_APLMS_MAIN__WM_NOTIFICATION_VALUE_CHANGED__ID_TEXT_CUM_WT__APPW_JOB_SETVALUE	24	static
D:/RAJASHEKHAR/WORKSPACE/VMS_HMI/BD155_DOZER/Cluster_ECU_Dozer/NewProject/Source/CustomCode/ID_SCREEN_APLMS_MAIN_Slots.c:75:6:ID_SCREEN_APLMS_MAIN__WM_NOTIFICATION_VALUE_CHANGED__ID_TEXT_NUM_DAYS__APPW_JOB_SETVALUE	24	static
D:/RAJASHEKHAR/WORKSPACE/VMS_HMI/BD155_DOZER/Cluster_ECU_Dozer/NewProject/Source/CustomCode/ID_SCREEN_APLMS_MAIN_Slots.c:86:6:ID_SCREEN_APLMS_MAIN__WM_NOTIFICATION_VALUE_CHANGED__ID_TEXT_VER_NO__APPW_JOB_SETVALUE	24	static
D:/RAJASHEKHAR/WORKSPACE/VMS_HMI/BD155_DOZER/Cluster_ECU_Dozer/NewProject/Source/CustomCode/ID_SCREEN_APLMS_MAIN_Slots.c:97:6:ID_SCREEN_APLMS_MAIN__WM_NOTIFICATION_VALUE_CHANGED__ID_TEXT_VENDER_CODE__APPW_JOB_SETVALUE	24	static
D:/RAJASHEKHAR/WORKSPACE/VMS_HMI/BD155_DOZER/Cluster_ECU_Dozer/NewProject/Source/CustomCode/ID_SCREEN_APLMS_MAIN_Slots.c:108:6:ID_SCREEN_APLMS_MAIN__WM_NOTIFICATION_VALUE_CHANGED__ID_TEXT_SLNO__APPW_JOB_SETTEXT	24	static
D:/RAJASHEKHAR/WORKSPACE/VMS_HMI/BD155_DOZER/Cluster_ECU_Dozer/NewProject/Source/CustomCode/ID_SCREEN_APLMS_MAIN_Slots.c:119:6:ID_SCREEN_APLMS_MAIN__WM_NOTIFICATION_VALUE_CHANGED__ID_TEXT_MODELNO__APPW_JOB_SETTEXT	24	static
D:/RAJASHEKHAR/WORKSPACE/VMS_HMI/BD155_DOZER/Cluster_ECU_Dozer/NewProject/Source/CustomCode/ID_SCREEN_APLMS_MAIN_Slots.c:130:6:ID_SCREEN_APLMS_MAIN__WM_NOTIFICATION_VALUE_CHANGED__ID_TEXT_CUSTOMER__APPW_JOB_SETTEXT	24	static
D:/RAJASHEKHAR/WORKSPACE/VMS_HMI/BD155_DOZER/Cluster_ECU_Dozer/NewProject/Source/CustomCode/ID_SCREEN_APLMS_MAIN_Slots.c:141:6:ID_SCREEN_APLMS_MAIN__WM_NOTIFICATION_VALUE_CHANGED	24	static
D:/RAJASHEKHAR/WORKSPACE/VMS_HMI/BD155_DOZER/Cluster_ECU_Dozer/NewProject/Source/CustomCode/ID_SCREEN_APLMS_MAIN_Slots.c:152:6:ID_SCREEN_APLMS_MAIN__WM_NOTIFICATION_VALUE_CHANGED_0	24	static
