D:/RAJASHEKHAR/VMS_HMI/DOZER_BD155/P_VERSION/SOFTWARE/NEW/BD155_P_V1_0_0/NewProject/Source/CustomCode/ID_SCREEN_SHFTWSCLKSETTING_Slots.c:34:6:cbID_SCREEN_SHFTWSCLKSETTING	16	static
D:/RAJASHEKHAR/VMS_HMI/DOZER_BD155/P_VERSION/SOFTWARE/NEW/BD155_P_V1_0_0/NewProject/Source/CustomCode/ID_SCREEN_SHFTWSCLKSETTING_Slots.c:42:6:ID_SCREEN_SHFTWSCLKSETTING__WM_NOTIFICATION_VALUE_CHANGED	24	static
D:/RAJASHEKHAR/VMS_HMI/DOZER_BD155/P_VERSION/SOFTWARE/NEW/BD155_P_V1_0_0/NewProject/Source/CustomCode/ID_SCREEN_SHFTWSCLKSETTING_Slots.c:53:6:ID_SCREEN_SHFTWSCLKSETTING__WM_NOTIFICATION_VALUE_CHANGED__ID_IMAGE_S1STRT_1MIN__APPW_JOB_SETBITMAP	24	static
D:/RAJASHEKHAR/VMS_HMI/DOZER_BD155/P_VERSION/SOFTWARE/NEW/BD155_P_V1_0_0/NewProject/Source/CustomCode/ID_SCREEN_SHFTWSCLKSETTING_Slots.c:64:6:ID_SCREEN_SHFTWSCLKSETTING__WM_NOTIFICATION_VALUE_CHANGED__ID_IMAGE_S1STRT_1MIN__APPW_JOB_SETBITMAP_0	24	static
D:/RAJASHEKHAR/VMS_HMI/DOZER_BD155/P_VERSION/SOFTWARE/NEW/BD155_P_V1_0_0/NewProject/Source/CustomCode/ID_SCREEN_SHFTWSCLKSETTING_Slots.c:75:6:ID_SCREEN_SHFTWSCLKSETTING__WM_NOTIFICATION_VALUE_CHANGED__ID_IMAGE_S1STRT_2SEC__APPW_JOB_SETBITMAP	24	static
D:/RAJASHEKHAR/VMS_HMI/DOZER_BD155/P_VERSION/SOFTWARE/NEW/BD155_P_V1_0_0/NewProject/Source/CustomCode/ID_SCREEN_SHFTWSCLKSETTING_Slots.c:86:6:ID_SCREEN_SHFTWSCLKSETTING__WM_NOTIFICATION_VALUE_CHANGED__ID_IMAGE_S1STRT_2SEC__APPW_JOB_SETBITMAP_0	24	static
D:/RAJASHEKHAR/VMS_HMI/DOZER_BD155/P_VERSION/SOFTWARE/NEW/BD155_P_V1_0_0/NewProject/Source/CustomCode/ID_SCREEN_SHFTWSCLKSETTING_Slots.c:97:6:ID_SCREEN_SHFTWSCLKSETTING__WM_NOTIFICATION_VALUE_CHANGED__ID_IMAGE_S1STRT_3MER__APPW_JOB_SETBITMAP	24	static
D:/RAJASHEKHAR/VMS_HMI/DOZER_BD155/P_VERSION/SOFTWARE/NEW/BD155_P_V1_0_0/NewProject/Source/CustomCode/ID_SCREEN_SHFTWSCLKSETTING_Slots.c:108:6:ID_SCREEN_SHFTWSCLKSETTING__WM_NOTIFICATION_VALUE_CHANGED__ID_IMAGE_S1STRT_3MER__APPW_JOB_SETBITMAP_0	24	static
D:/RAJASHEKHAR/VMS_HMI/DOZER_BD155/P_VERSION/SOFTWARE/NEW/BD155_P_V1_0_0/NewProject/Source/CustomCode/ID_SCREEN_SHFTWSCLKSETTING_Slots.c:119:6:ID_SCREEN_SHFTWSCLKSETTING__WM_NOTIFICATION_VALUE_CHANGED__ID_IMAGE_S1STOP_1MIN__APPW_JOB_SETBITMAP	24	static
D:/RAJASHEKHAR/VMS_HMI/DOZER_BD155/P_VERSION/SOFTWARE/NEW/BD155_P_V1_0_0/NewProject/Source/CustomCode/ID_SCREEN_SHFTWSCLKSETTING_Slots.c:130:6:ID_SCREEN_SHFTWSCLKSETTING__WM_NOTIFICATION_VALUE_CHANGED__ID_IMAGE_S1STOP_1MIN__APPW_JOB_SETBITMAP_0	24	static
D:/RAJASHEKHAR/VMS_HMI/DOZER_BD155/P_VERSION/SOFTWARE/NEW/BD155_P_V1_0_0/NewProject/Source/CustomCode/ID_SCREEN_SHFTWSCLKSETTING_Slots.c:141:6:ID_SCREEN_SHFTWSCLKSETTING__WM_NOTIFICATION_VALUE_CHANGED__ID_IMAGE_S1STOP_2SEC__APPW_JOB_SETBITMAP	24	static
D:/RAJASHEKHAR/VMS_HMI/DOZER_BD155/P_VERSION/SOFTWARE/NEW/BD155_P_V1_0_0/NewProject/Source/CustomCode/ID_SCREEN_SHFTWSCLKSETTING_Slots.c:152:6:ID_SCREEN_SHFTWSCLKSETTING__WM_NOTIFICATION_VALUE_CHANGED__ID_IMAGE_S1STOP_2SEC__APPW_JOB_SETBITMAP_0	24	static
D:/RAJASHEKHAR/VMS_HMI/DOZER_BD155/P_VERSION/SOFTWARE/NEW/BD155_P_V1_0_0/NewProject/Source/CustomCode/ID_SCREEN_SHFTWSCLKSETTING_Slots.c:163:6:ID_SCREEN_SHFTWSCLKSETTING__WM_NOTIFICATION_VALUE_CHANGED__ID_IMAGE_S1STOP_3MER__APPW_JOB_SETBITMAP	24	static
D:/RAJASHEKHAR/VMS_HMI/DOZER_BD155/P_VERSION/SOFTWARE/NEW/BD155_P_V1_0_0/NewProject/Source/CustomCode/ID_SCREEN_SHFTWSCLKSETTING_Slots.c:174:6:ID_SCREEN_SHFTWSCLKSETTING__WM_NOTIFICATION_VALUE_CHANGED__ID_IMAGE_S1STOP_3MER__APPW_JOB_SETBITMAP_0	24	static
D:/RAJASHEKHAR/VMS_HMI/DOZER_BD155/P_VERSION/SOFTWARE/NEW/BD155_P_V1_0_0/NewProject/Source/CustomCode/ID_SCREEN_SHFTWSCLKSETTING_Slots.c:185:6:ID_SCREEN_SHFTWSCLKSETTING__WM_NOTIFICATION_VALUE_CHANGED__ID_IMAGE_S2STRT_1MIN__APPW_JOB_SETBITMAP	24	static
D:/RAJASHEKHAR/VMS_HMI/DOZER_BD155/P_VERSION/SOFTWARE/NEW/BD155_P_V1_0_0/NewProject/Source/CustomCode/ID_SCREEN_SHFTWSCLKSETTING_Slots.c:196:6:ID_SCREEN_SHFTWSCLKSETTING__WM_NOTIFICATION_VALUE_CHANGED__ID_IMAGE_S2STRT_1MIN__APPW_JOB_SETBITMAP_0	24	static
D:/RAJASHEKHAR/VMS_HMI/DOZER_BD155/P_VERSION/SOFTWARE/NEW/BD155_P_V1_0_0/NewProject/Source/CustomCode/ID_SCREEN_SHFTWSCLKSETTING_Slots.c:207:6:ID_SCREEN_SHFTWSCLKSETTING__WM_NOTIFICATION_VALUE_CHANGED__ID_IMAGE_S2STRT_2SEC__APPW_JOB_SETBITMAP	24	static
D:/RAJASHEKHAR/VMS_HMI/DOZER_BD155/P_VERSION/SOFTWARE/NEW/BD155_P_V1_0_0/NewProject/Source/CustomCode/ID_SCREEN_SHFTWSCLKSETTING_Slots.c:218:6:ID_SCREEN_SHFTWSCLKSETTING__WM_NOTIFICATION_VALUE_CHANGED__ID_IMAGE_S2STRT_2SEC__APPW_JOB_SETBITMAP_0	24	static
D:/RAJASHEKHAR/VMS_HMI/DOZER_BD155/P_VERSION/SOFTWARE/NEW/BD155_P_V1_0_0/NewProject/Source/CustomCode/ID_SCREEN_SHFTWSCLKSETTING_Slots.c:229:6:ID_SCREEN_SHFTWSCLKSETTING__WM_NOTIFICATION_VALUE_CHANGED__ID_IMAGE_S2STRT_3MER__APPW_JOB_SETBITMAP	24	static
D:/RAJASHEKHAR/VMS_HMI/DOZER_BD155/P_VERSION/SOFTWARE/NEW/BD155_P_V1_0_0/NewProject/Source/CustomCode/ID_SCREEN_SHFTWSCLKSETTING_Slots.c:240:6:ID_SCREEN_SHFTWSCLKSETTING__WM_NOTIFICATION_VALUE_CHANGED__ID_IMAGE_S2STRT_3MER__APPW_JOB_SETBITMAP_0	24	static
D:/RAJASHEKHAR/VMS_HMI/DOZER_BD155/P_VERSION/SOFTWARE/NEW/BD155_P_V1_0_0/NewProject/Source/CustomCode/ID_SCREEN_SHFTWSCLKSETTING_Slots.c:251:6:ID_SCREEN_SHFTWSCLKSETTING__WM_NOTIFICATION_VALUE_CHANGED__ID_IMAGE_S2STOP_1MIN__APPW_JOB_SETBITMAP	24	static
D:/RAJASHEKHAR/VMS_HMI/DOZER_BD155/P_VERSION/SOFTWARE/NEW/BD155_P_V1_0_0/NewProject/Source/CustomCode/ID_SCREEN_SHFTWSCLKSETTING_Slots.c:262:6:ID_SCREEN_SHFTWSCLKSETTING__WM_NOTIFICATION_VALUE_CHANGED__ID_IMAGE_S2STOP_1MIN__APPW_JOB_SETBITMAP_0	24	static
D:/RAJASHEKHAR/VMS_HMI/DOZER_BD155/P_VERSION/SOFTWARE/NEW/BD155_P_V1_0_0/NewProject/Source/CustomCode/ID_SCREEN_SHFTWSCLKSETTING_Slots.c:273:6:ID_SCREEN_SHFTWSCLKSETTING__WM_NOTIFICATION_VALUE_CHANGED__ID_IMAGE_S2STOP_2SEC__APPW_JOB_SETBITMAP	24	static
D:/RAJASHEKHAR/VMS_HMI/DOZER_BD155/P_VERSION/SOFTWARE/NEW/BD155_P_V1_0_0/NewProject/Source/CustomCode/ID_SCREEN_SHFTWSCLKSETTING_Slots.c:284:6:ID_SCREEN_SHFTWSCLKSETTING__WM_NOTIFICATION_VALUE_CHANGED__ID_IMAGE_S2STOP_2SEC__APPW_JOB_SETBITMAP_0	24	static
D:/RAJASHEKHAR/VMS_HMI/DOZER_BD155/P_VERSION/SOFTWARE/NEW/BD155_P_V1_0_0/NewProject/Source/CustomCode/ID_SCREEN_SHFTWSCLKSETTING_Slots.c:295:6:ID_SCREEN_SHFTWSCLKSETTING__WM_NOTIFICATION_VALUE_CHANGED__ID_IMAGE_S2STOP_3MER__APPW_JOB_SETBITMAP	24	static
D:/RAJASHEKHAR/VMS_HMI/DOZER_BD155/P_VERSION/SOFTWARE/NEW/BD155_P_V1_0_0/NewProject/Source/CustomCode/ID_SCREEN_SHFTWSCLKSETTING_Slots.c:306:6:ID_SCREEN_SHFTWSCLKSETTING__WM_NOTIFICATION_VALUE_CHANGED__ID_IMAGE_S2STOP_3MER__APPW_JOB_SETBITMAP_0	24	static
D:/RAJASHEKHAR/VMS_HMI/DOZER_BD155/P_VERSION/SOFTWARE/NEW/BD155_P_V1_0_0/NewProject/Source/CustomCode/ID_SCREEN_SHFTWSCLKSETTING_Slots.c:317:6:ID_SCREEN_SHFTWSCLKSETTING__WM_NOTIFICATION_VALUE_CHANGED__ID_IMAGE_S3STRT_1MIN__APPW_JOB_SETBITMAP	24	static
D:/RAJASHEKHAR/VMS_HMI/DOZER_BD155/P_VERSION/SOFTWARE/NEW/BD155_P_V1_0_0/NewProject/Source/CustomCode/ID_SCREEN_SHFTWSCLKSETTING_Slots.c:328:6:ID_SCREEN_SHFTWSCLKSETTING__WM_NOTIFICATION_VALUE_CHANGED__ID_IMAGE_S3STRT_1MIN__APPW_JOB_SETBITMAP_0	24	static
D:/RAJASHEKHAR/VMS_HMI/DOZER_BD155/P_VERSION/SOFTWARE/NEW/BD155_P_V1_0_0/NewProject/Source/CustomCode/ID_SCREEN_SHFTWSCLKSETTING_Slots.c:339:6:ID_SCREEN_SHFTWSCLKSETTING__WM_NOTIFICATION_VALUE_CHANGED__ID_IMAGE_S3STRT_2SEC__APPW_JOB_SETBITMAP	24	static
D:/RAJASHEKHAR/VMS_HMI/DOZER_BD155/P_VERSION/SOFTWARE/NEW/BD155_P_V1_0_0/NewProject/Source/CustomCode/ID_SCREEN_SHFTWSCLKSETTING_Slots.c:350:6:ID_SCREEN_SHFTWSCLKSETTING__WM_NOTIFICATION_VALUE_CHANGED__ID_IMAGE_S3STRT_2SEC__APPW_JOB_SETBITMAP_0	24	static
D:/RAJASHEKHAR/VMS_HMI/DOZER_BD155/P_VERSION/SOFTWARE/NEW/BD155_P_V1_0_0/NewProject/Source/CustomCode/ID_SCREEN_SHFTWSCLKSETTING_Slots.c:361:6:ID_SCREEN_SHFTWSCLKSETTING__WM_NOTIFICATION_VALUE_CHANGED__ID_IMAGE_S3STRT_3MER__APPW_JOB_SETBITMAP	24	static
D:/RAJASHEKHAR/VMS_HMI/DOZER_BD155/P_VERSION/SOFTWARE/NEW/BD155_P_V1_0_0/NewProject/Source/CustomCode/ID_SCREEN_SHFTWSCLKSETTING_Slots.c:372:6:ID_SCREEN_SHFTWSCLKSETTING__WM_NOTIFICATION_VALUE_CHANGED__ID_IMAGE_S3STRT_3MER__APPW_JOB_SETBITMAP_0	24	static
D:/RAJASHEKHAR/VMS_HMI/DOZER_BD155/P_VERSION/SOFTWARE/NEW/BD155_P_V1_0_0/NewProject/Source/CustomCode/ID_SCREEN_SHFTWSCLKSETTING_Slots.c:383:6:ID_SCREEN_SHFTWSCLKSETTING__WM_NOTIFICATION_VALUE_CHANGED__ID_IMAGE_S3STOP_1MIN__APPW_JOB_SETBITMAP	24	static
D:/RAJASHEKHAR/VMS_HMI/DOZER_BD155/P_VERSION/SOFTWARE/NEW/BD155_P_V1_0_0/NewProject/Source/CustomCode/ID_SCREEN_SHFTWSCLKSETTING_Slots.c:394:6:ID_SCREEN_SHFTWSCLKSETTING__WM_NOTIFICATION_VALUE_CHANGED__ID_IMAGE_S3STOP_1MIN__APPW_JOB_SETBITMAP_0	24	static
D:/RAJASHEKHAR/VMS_HMI/DOZER_BD155/P_VERSION/SOFTWARE/NEW/BD155_P_V1_0_0/NewProject/Source/CustomCode/ID_SCREEN_SHFTWSCLKSETTING_Slots.c:405:6:ID_SCREEN_SHFTWSCLKSETTING__WM_NOTIFICATION_VALUE_CHANGED__ID_IMAGE_S3STOP_2SEC__APPW_JOB_SETBITMAP	24	static
D:/RAJASHEKHAR/VMS_HMI/DOZER_BD155/P_VERSION/SOFTWARE/NEW/BD155_P_V1_0_0/NewProject/Source/CustomCode/ID_SCREEN_SHFTWSCLKSETTING_Slots.c:416:6:ID_SCREEN_SHFTWSCLKSETTING__WM_NOTIFICATION_VALUE_CHANGED__ID_IMAGE_S3STOP_2SEC__APPW_JOB_SETBITMAP_0	24	static
D:/RAJASHEKHAR/VMS_HMI/DOZER_BD155/P_VERSION/SOFTWARE/NEW/BD155_P_V1_0_0/NewProject/Source/CustomCode/ID_SCREEN_SHFTWSCLKSETTING_Slots.c:427:6:ID_SCREEN_SHFTWSCLKSETTING__WM_NOTIFICATION_VALUE_CHANGED__ID_IMAGE_S3STOP_3MER__APPW_JOB_SETBITMAP	24	static
D:/RAJASHEKHAR/VMS_HMI/DOZER_BD155/P_VERSION/SOFTWARE/NEW/BD155_P_V1_0_0/NewProject/Source/CustomCode/ID_SCREEN_SHFTWSCLKSETTING_Slots.c:438:6:ID_SCREEN_SHFTWSCLKSETTING__WM_NOTIFICATION_VALUE_CHANGED__ID_IMAGE_S3STOP_3MER__APPW_JOB_SETBITMAP_0	24	static
D:/RAJASHEKHAR/VMS_HMI/DOZER_BD155/P_VERSION/SOFTWARE/NEW/BD155_P_V1_0_0/NewProject/Source/CustomCode/ID_SCREEN_SHFTWSCLKSETTING_Slots.c:449:6:ID_SCREEN_SHFTWSCLKSETTING__WM_NOTIFICATION_VALUE_CHANGED__ID_TEXT_S1STRT_MIN__APPW_JOB_SETVALUE	24	static
D:/RAJASHEKHAR/VMS_HMI/DOZER_BD155/P_VERSION/SOFTWARE/NEW/BD155_P_V1_0_0/NewProject/Source/CustomCode/ID_SCREEN_SHFTWSCLKSETTING_Slots.c:460:6:ID_SCREEN_SHFTWSCLKSETTING__WM_NOTIFICATION_VALUE_CHANGED__ID_TEXT_S1STRT_SEC__APPW_JOB_SETVALUE	24	static
D:/RAJASHEKHAR/VMS_HMI/DOZER_BD155/P_VERSION/SOFTWARE/NEW/BD155_P_V1_0_0/NewProject/Source/CustomCode/ID_SCREEN_SHFTWSCLKSETTING_Slots.c:471:6:ID_SCREEN_SHFTWSCLKSETTING__WM_NOTIFICATION_VALUE_CHANGED__ID_TEXT_S1STRT_MER__APPW_JOB_SETTEXT	24	static
D:/RAJASHEKHAR/VMS_HMI/DOZER_BD155/P_VERSION/SOFTWARE/NEW/BD155_P_V1_0_0/NewProject/Source/CustomCode/ID_SCREEN_SHFTWSCLKSETTING_Slots.c:482:6:ID_SCREEN_SHFTWSCLKSETTING__WM_NOTIFICATION_VALUE_CHANGED__ID_TEXT_S1STRT_MER__APPW_JOB_SETTEXT_0	24	static
D:/RAJASHEKHAR/VMS_HMI/DOZER_BD155/P_VERSION/SOFTWARE/NEW/BD155_P_V1_0_0/NewProject/Source/CustomCode/ID_SCREEN_SHFTWSCLKSETTING_Slots.c:493:6:ID_SCREEN_SHFTWSCLKSETTING__WM_NOTIFICATION_VALUE_CHANGED__ID_TEXT_S1STOP_MIN__APPW_JOB_SETVALUE	24	static
D:/RAJASHEKHAR/VMS_HMI/DOZER_BD155/P_VERSION/SOFTWARE/NEW/BD155_P_V1_0_0/NewProject/Source/CustomCode/ID_SCREEN_SHFTWSCLKSETTING_Slots.c:504:6:ID_SCREEN_SHFTWSCLKSETTING__WM_NOTIFICATION_VALUE_CHANGED__ID_TEXT_S1STOP_SEC__APPW_JOB_SETVALUE	24	static
D:/RAJASHEKHAR/VMS_HMI/DOZER_BD155/P_VERSION/SOFTWARE/NEW/BD155_P_V1_0_0/NewProject/Source/CustomCode/ID_SCREEN_SHFTWSCLKSETTING_Slots.c:515:6:ID_SCREEN_SHFTWSCLKSETTING__WM_NOTIFICATION_VALUE_CHANGED__ID_TEXT_S1STOP_MER__APPW_JOB_SETTEXT	24	static
D:/RAJASHEKHAR/VMS_HMI/DOZER_BD155/P_VERSION/SOFTWARE/NEW/BD155_P_V1_0_0/NewProject/Source/CustomCode/ID_SCREEN_SHFTWSCLKSETTING_Slots.c:526:6:ID_SCREEN_SHFTWSCLKSETTING__WM_NOTIFICATION_VALUE_CHANGED__ID_TEXT_S1STOP_MER__APPW_JOB_SETTEXT_0	24	static
D:/RAJASHEKHAR/VMS_HMI/DOZER_BD155/P_VERSION/SOFTWARE/NEW/BD155_P_V1_0_0/NewProject/Source/CustomCode/ID_SCREEN_SHFTWSCLKSETTING_Slots.c:537:6:ID_SCREEN_SHFTWSCLKSETTING__WM_NOTIFICATION_VALUE_CHANGED__ID_TEXT_S2STRT_MIN__APPW_JOB_SETVALUE	24	static
D:/RAJASHEKHAR/VMS_HMI/DOZER_BD155/P_VERSION/SOFTWARE/NEW/BD155_P_V1_0_0/NewProject/Source/CustomCode/ID_SCREEN_SHFTWSCLKSETTING_Slots.c:548:6:ID_SCREEN_SHFTWSCLKSETTING__WM_NOTIFICATION_VALUE_CHANGED__ID_TEXT_S2STRT_SEC__APPW_JOB_SETVALUE	24	static
D:/RAJASHEKHAR/VMS_HMI/DOZER_BD155/P_VERSION/SOFTWARE/NEW/BD155_P_V1_0_0/NewProject/Source/CustomCode/ID_SCREEN_SHFTWSCLKSETTING_Slots.c:559:6:ID_SCREEN_SHFTWSCLKSETTING__WM_NOTIFICATION_VALUE_CHANGED__ID_TEXT_S2STRT_MER__APPW_JOB_SETTEXT	24	static
D:/RAJASHEKHAR/VMS_HMI/DOZER_BD155/P_VERSION/SOFTWARE/NEW/BD155_P_V1_0_0/NewProject/Source/CustomCode/ID_SCREEN_SHFTWSCLKSETTING_Slots.c:570:6:ID_SCREEN_SHFTWSCLKSETTING__WM_NOTIFICATION_VALUE_CHANGED__ID_TEXT_S2STRT_MER__APPW_JOB_SETTEXT_0	24	static
D:/RAJASHEKHAR/VMS_HMI/DOZER_BD155/P_VERSION/SOFTWARE/NEW/BD155_P_V1_0_0/NewProject/Source/CustomCode/ID_SCREEN_SHFTWSCLKSETTING_Slots.c:581:6:ID_SCREEN_SHFTWSCLKSETTING__WM_NOTIFICATION_VALUE_CHANGED__ID_TEXT_S2STOP_MIN__APPW_JOB_SETVALUE	24	static
D:/RAJASHEKHAR/VMS_HMI/DOZER_BD155/P_VERSION/SOFTWARE/NEW/BD155_P_V1_0_0/NewProject/Source/CustomCode/ID_SCREEN_SHFTWSCLKSETTING_Slots.c:592:6:ID_SCREEN_SHFTWSCLKSETTING__WM_NOTIFICATION_VALUE_CHANGED__ID_TEXT_S2STOP_SEC__APPW_JOB_SETVALUE	24	static
D:/RAJASHEKHAR/VMS_HMI/DOZER_BD155/P_VERSION/SOFTWARE/NEW/BD155_P_V1_0_0/NewProject/Source/CustomCode/ID_SCREEN_SHFTWSCLKSETTING_Slots.c:603:6:ID_SCREEN_SHFTWSCLKSETTING__WM_NOTIFICATION_VALUE_CHANGED__ID_TEXT_S2STOP_MER__APPW_JOB_SETTEXT	24	static
D:/RAJASHEKHAR/VMS_HMI/DOZER_BD155/P_VERSION/SOFTWARE/NEW/BD155_P_V1_0_0/NewProject/Source/CustomCode/ID_SCREEN_SHFTWSCLKSETTING_Slots.c:614:6:ID_SCREEN_SHFTWSCLKSETTING__WM_NOTIFICATION_VALUE_CHANGED__ID_TEXT_S2STOP_MER__APPW_JOB_SETTEXT_0	24	static
D:/RAJASHEKHAR/VMS_HMI/DOZER_BD155/P_VERSION/SOFTWARE/NEW/BD155_P_V1_0_0/NewProject/Source/CustomCode/ID_SCREEN_SHFTWSCLKSETTING_Slots.c:625:6:ID_SCREEN_SHFTWSCLKSETTING__WM_NOTIFICATION_VALUE_CHANGED__ID_TEXT_S3STRT_MIN__APPW_JOB_SETVALUE	24	static
D:/RAJASHEKHAR/VMS_HMI/DOZER_BD155/P_VERSION/SOFTWARE/NEW/BD155_P_V1_0_0/NewProject/Source/CustomCode/ID_SCREEN_SHFTWSCLKSETTING_Slots.c:636:6:ID_SCREEN_SHFTWSCLKSETTING__WM_NOTIFICATION_VALUE_CHANGED__ID_TEXT_S3STRT_SEC__APPW_JOB_SETVALUE	24	static
D:/RAJASHEKHAR/VMS_HMI/DOZER_BD155/P_VERSION/SOFTWARE/NEW/BD155_P_V1_0_0/NewProject/Source/CustomCode/ID_SCREEN_SHFTWSCLKSETTING_Slots.c:647:6:ID_SCREEN_SHFTWSCLKSETTING__WM_NOTIFICATION_VALUE_CHANGED__ID_TEXT_S3STRT_MER__APPW_JOB_SETTEXT	24	static
D:/RAJASHEKHAR/VMS_HMI/DOZER_BD155/P_VERSION/SOFTWARE/NEW/BD155_P_V1_0_0/NewProject/Source/CustomCode/ID_SCREEN_SHFTWSCLKSETTING_Slots.c:658:6:ID_SCREEN_SHFTWSCLKSETTING__WM_NOTIFICATION_VALUE_CHANGED__ID_TEXT_S3STRT_MER__APPW_JOB_SETTEXT_0	24	static
D:/RAJASHEKHAR/VMS_HMI/DOZER_BD155/P_VERSION/SOFTWARE/NEW/BD155_P_V1_0_0/NewProject/Source/CustomCode/ID_SCREEN_SHFTWSCLKSETTING_Slots.c:669:6:ID_SCREEN_SHFTWSCLKSETTING__WM_NOTIFICATION_VALUE_CHANGED__ID_TEXT_S3STOP_MIN__APPW_JOB_SETVALUE	24	static
D:/RAJASHEKHAR/VMS_HMI/DOZER_BD155/P_VERSION/SOFTWARE/NEW/BD155_P_V1_0_0/NewProject/Source/CustomCode/ID_SCREEN_SHFTWSCLKSETTING_Slots.c:680:6:ID_SCREEN_SHFTWSCLKSETTING__WM_NOTIFICATION_VALUE_CHANGED__ID_TEXT_S3STOP_SEC__APPW_JOB_SETVALUE	24	static
D:/RAJASHEKHAR/VMS_HMI/DOZER_BD155/P_VERSION/SOFTWARE/NEW/BD155_P_V1_0_0/NewProject/Source/CustomCode/ID_SCREEN_SHFTWSCLKSETTING_Slots.c:691:6:ID_SCREEN_SHFTWSCLKSETTING__WM_NOTIFICATION_VALUE_CHANGED__ID_TEXT_S3STOP_MER__APPW_JOB_SETTEXT	24	static
D:/RAJASHEKHAR/VMS_HMI/DOZER_BD155/P_VERSION/SOFTWARE/NEW/BD155_P_V1_0_0/NewProject/Source/CustomCode/ID_SCREEN_SHFTWSCLKSETTING_Slots.c:702:6:ID_SCREEN_SHFTWSCLKSETTING__WM_NOTIFICATION_VALUE_CHANGED__ID_TEXT_S3STOP_MER__APPW_JOB_SETTEXT_0	24	static
D:/RAJASHEKHAR/VMS_HMI/DOZER_BD155/P_VERSION/SOFTWARE/NEW/BD155_P_V1_0_0/NewProject/Source/CustomCode/ID_SCREEN_SHFTWSCLKSETTING_Slots.c:713:6:ID_SCREEN_SHFTWSCLKSETTING__WM_NOTIFICATION_VALUE_CHANGED__ID_TEXT_SAVE_STATUS__APPW_JOB_SETTEXT	24	static
D:/RAJASHEKHAR/VMS_HMI/DOZER_BD155/P_VERSION/SOFTWARE/NEW/BD155_P_V1_0_0/NewProject/Source/CustomCode/ID_SCREEN_SHFTWSCLKSETTING_Slots.c:724:6:ID_SCREEN_SHFTWSCLKSETTING__WM_NOTIFICATION_VALUE_CHANGED__ID_TEXT_SAVE_STATUS__APPW_JOB_SETTEXT_0	24	static
D:/RAJASHEKHAR/VMS_HMI/DOZER_BD155/P_VERSION/SOFTWARE/NEW/BD155_P_V1_0_0/NewProject/Source/CustomCode/ID_SCREEN_SHFTWSCLKSETTING_Slots.c:735:6:ID_SCREEN_SHFTWSCLKSETTING__WM_NOTIFICATION_VALUE_CHANGED_0	24	static
D:/RAJASHEKHAR/VMS_HMI/DOZER_BD155/P_VERSION/SOFTWARE/NEW/BD155_P_V1_0_0/NewProject/Source/CustomCode/ID_SCREEN_SHFTWSCLKSETTING_Slots.c:746:6:ID_SCREEN_SHFTWSCLKSETTING__WM_NOTIFICATION_VALUE_CHANGED_1	24	static
