C:/Users/admin/OneDrive/Desktop/Cluster_ECU_Dozer/NewProject/Source/CustomCode/ID_SCREEN_SERVICE_REMAINDER_Slots.c:34:6:cbID_SCREEN_SERVICE_REMAINDER	16	static
C:/Users/admin/OneDrive/Desktop/Cluster_ECU_Dozer/NewProject/Source/CustomCode/ID_SCREEN_SERVICE_REMAINDER_Slots.c:42:6:ID_SCREEN_SERVICE_REMAINDER__WM_NOTIFICATION_VALUE_CHANGED	24	static
C:/Users/admin/OneDrive/Desktop/Cluster_ECU_Dozer/NewProject/Source/CustomCode/ID_SCREEN_SERVICE_REMAINDER_Slots.c:53:6:ID_SCREEN_SERVICE_REMAINDER__WM_NOTIFICATION_VALUE_CHANGED_0	24	static
C:/Users/admin/OneDrive/Desktop/Cluster_ECU_Dozer/NewProject/Source/CustomCode/ID_SCREEN_SERVICE_REMAINDER_Slots.c:64:6:ID_SCREEN_SERVICE_REMAINDER__WM_NOTIFICATION_VALUE_CHANGED_1	24	static
C:/Users/admin/OneDrive/Desktop/Cluster_ECU_Dozer/NewProject/Source/CustomCode/ID_SCREEN_SERVICE_REMAINDER_Slots.c:75:6:ID_SCREEN_SERVICE_REMAINDER__WM_NOTIFICATION_VALUE_CHANGED__ID_IMAGE_BLOCK1__APPW_JOB_SETBITMAP	24	static
C:/Users/admin/OneDrive/Desktop/Cluster_ECU_Dozer/NewProject/Source/CustomCode/ID_SCREEN_SERVICE_REMAINDER_Slots.c:86:6:ID_SCREEN_SERVICE_REMAINDER__WM_NOTIFICATION_VALUE_CHANGED__ID_IMAGE_BLOCK1__APPW_JOB_SETBITMAP_0	24	static
C:/Users/admin/OneDrive/Desktop/Cluster_ECU_Dozer/NewProject/Source/CustomCode/ID_SCREEN_SERVICE_REMAINDER_Slots.c:97:6:ID_SCREEN_SERVICE_REMAINDER__WM_NOTIFICATION_VALUE_CHANGED__ID_IMAGE_BLOCK2__APPW_JOB_SETBITMAP	24	static
C:/Users/admin/OneDrive/Desktop/Cluster_ECU_Dozer/NewProject/Source/CustomCode/ID_SCREEN_SERVICE_REMAINDER_Slots.c:108:6:ID_SCREEN_SERVICE_REMAINDER__WM_NOTIFICATION_VALUE_CHANGED__ID_IMAGE_BLOCK2__APPW_JOB_SETBITMAP_0	24	static
C:/Users/admin/OneDrive/Desktop/Cluster_ECU_Dozer/NewProject/Source/CustomCode/ID_SCREEN_SERVICE_REMAINDER_Slots.c:119:6:ID_SCREEN_SERVICE_REMAINDER__WM_NOTIFICATION_VALUE_CHANGED__ID_IMAGE_BLOCK3__APPW_JOB_SETBITMAP	24	static
C:/Users/admin/OneDrive/Desktop/Cluster_ECU_Dozer/NewProject/Source/CustomCode/ID_SCREEN_SERVICE_REMAINDER_Slots.c:130:6:ID_SCREEN_SERVICE_REMAINDER__WM_NOTIFICATION_VALUE_CHANGED__ID_IMAGE_BLOCK3__APPW_JOB_SETBITMAP_0	24	static
C:/Users/admin/OneDrive/Desktop/Cluster_ECU_Dozer/NewProject/Source/CustomCode/ID_SCREEN_SERVICE_REMAINDER_Slots.c:141:6:ID_SCREEN_SERVICE_REMAINDER__WM_NOTIFICATION_VALUE_CHANGED__ID_IMAGE_BLOCK4__APPW_JOB_SETBITMAP	24	static
C:/Users/admin/OneDrive/Desktop/Cluster_ECU_Dozer/NewProject/Source/CustomCode/ID_SCREEN_SERVICE_REMAINDER_Slots.c:152:6:ID_SCREEN_SERVICE_REMAINDER__WM_NOTIFICATION_VALUE_CHANGED__ID_IMAGE_BLOCK4__APPW_JOB_SETBITMAP_0	24	static
C:/Users/admin/OneDrive/Desktop/Cluster_ECU_Dozer/NewProject/Source/CustomCode/ID_SCREEN_SERVICE_REMAINDER_Slots.c:163:6:ID_SCREEN_SERVICE_REMAINDER__WM_NOTIFICATION_VALUE_CHANGED__ID_IMAGE_BLOCK5__APPW_JOB_SETBITMAP	24	static
C:/Users/admin/OneDrive/Desktop/Cluster_ECU_Dozer/NewProject/Source/CustomCode/ID_SCREEN_SERVICE_REMAINDER_Slots.c:174:6:ID_SCREEN_SERVICE_REMAINDER__WM_NOTIFICATION_VALUE_CHANGED__ID_IMAGE_BLOCK5__APPW_JOB_SETBITMAP_0	24	static
C:/Users/admin/OneDrive/Desktop/Cluster_ECU_Dozer/NewProject/Source/CustomCode/ID_SCREEN_SERVICE_REMAINDER_Slots.c:185:6:ID_SCREEN_SERVICE_REMAINDER__WM_NOTIFICATION_VALUE_CHANGED__ID_TEXT_INTERVAL1__APPW_JOB_SETVALUE	24	static
C:/Users/admin/OneDrive/Desktop/Cluster_ECU_Dozer/NewProject/Source/CustomCode/ID_SCREEN_SERVICE_REMAINDER_Slots.c:196:6:ID_SCREEN_SERVICE_REMAINDER__WM_NOTIFICATION_VALUE_CHANGED__ID_TEXT_NEXT1__APPW_JOB_SETVALUE	24	static
C:/Users/admin/OneDrive/Desktop/Cluster_ECU_Dozer/NewProject/Source/CustomCode/ID_SCREEN_SERVICE_REMAINDER_Slots.c:207:6:ID_SCREEN_SERVICE_REMAINDER__WM_NOTIFICATION_VALUE_CHANGED__ID_TEXT_REMAINING1__APPW_JOB_SETVALUE	24	static
C:/Users/admin/OneDrive/Desktop/Cluster_ECU_Dozer/NewProject/Source/CustomCode/ID_SCREEN_SERVICE_REMAINDER_Slots.c:218:6:ID_SCREEN_SERVICE_REMAINDER__WM_NOTIFICATION_VALUE_CHANGED__ID_TEXT_INTERVAL2__APPW_JOB_SETVALUE	24	static
C:/Users/admin/OneDrive/Desktop/Cluster_ECU_Dozer/NewProject/Source/CustomCode/ID_SCREEN_SERVICE_REMAINDER_Slots.c:229:6:ID_SCREEN_SERVICE_REMAINDER__WM_NOTIFICATION_VALUE_CHANGED__ID_TEXT_NEXT2__APPW_JOB_SETVALUE	24	static
C:/Users/admin/OneDrive/Desktop/Cluster_ECU_Dozer/NewProject/Source/CustomCode/ID_SCREEN_SERVICE_REMAINDER_Slots.c:240:6:ID_SCREEN_SERVICE_REMAINDER__WM_NOTIFICATION_VALUE_CHANGED__ID_TEXT_REMAINING2__APPW_JOB_SETVALUE	24	static
C:/Users/admin/OneDrive/Desktop/Cluster_ECU_Dozer/NewProject/Source/CustomCode/ID_SCREEN_SERVICE_REMAINDER_Slots.c:251:6:ID_SCREEN_SERVICE_REMAINDER__WM_NOTIFICATION_VALUE_CHANGED__ID_TEXT_INTERVAL3__APPW_JOB_SETVALUE	24	static
C:/Users/admin/OneDrive/Desktop/Cluster_ECU_Dozer/NewProject/Source/CustomCode/ID_SCREEN_SERVICE_REMAINDER_Slots.c:262:6:ID_SCREEN_SERVICE_REMAINDER__WM_NOTIFICATION_VALUE_CHANGED__ID_TEXT_NEXT3__APPW_JOB_SETVALUE	24	static
C:/Users/admin/OneDrive/Desktop/Cluster_ECU_Dozer/NewProject/Source/CustomCode/ID_SCREEN_SERVICE_REMAINDER_Slots.c:273:6:ID_SCREEN_SERVICE_REMAINDER__WM_NOTIFICATION_VALUE_CHANGED__ID_TEXT_REMAINING3__APPW_JOB_SETVALUE	24	static
C:/Users/admin/OneDrive/Desktop/Cluster_ECU_Dozer/NewProject/Source/CustomCode/ID_SCREEN_SERVICE_REMAINDER_Slots.c:284:6:ID_SCREEN_SERVICE_REMAINDER__WM_NOTIFICATION_VALUE_CHANGED__ID_TEXT_INTERVAL4__APPW_JOB_SETVALUE	24	static
C:/Users/admin/OneDrive/Desktop/Cluster_ECU_Dozer/NewProject/Source/CustomCode/ID_SCREEN_SERVICE_REMAINDER_Slots.c:295:6:ID_SCREEN_SERVICE_REMAINDER__WM_NOTIFICATION_VALUE_CHANGED__ID_TEXT_NEXT4__APPW_JOB_SETVALUE	24	static
C:/Users/admin/OneDrive/Desktop/Cluster_ECU_Dozer/NewProject/Source/CustomCode/ID_SCREEN_SERVICE_REMAINDER_Slots.c:306:6:ID_SCREEN_SERVICE_REMAINDER__WM_NOTIFICATION_VALUE_CHANGED__ID_TEXT_REMAINING4__APPW_JOB_SETVALUE	24	static
C:/Users/admin/OneDrive/Desktop/Cluster_ECU_Dozer/NewProject/Source/CustomCode/ID_SCREEN_SERVICE_REMAINDER_Slots.c:317:6:ID_SCREEN_SERVICE_REMAINDER__WM_NOTIFICATION_VALUE_CHANGED__ID_TEXT_INTERVAL5__APPW_JOB_SETVALUE	24	static
C:/Users/admin/OneDrive/Desktop/Cluster_ECU_Dozer/NewProject/Source/CustomCode/ID_SCREEN_SERVICE_REMAINDER_Slots.c:328:6:ID_SCREEN_SERVICE_REMAINDER__WM_NOTIFICATION_VALUE_CHANGED__ID_TEXT_NEXT5__APPW_JOB_SETVALUE	24	static
C:/Users/admin/OneDrive/Desktop/Cluster_ECU_Dozer/NewProject/Source/CustomCode/ID_SCREEN_SERVICE_REMAINDER_Slots.c:339:6:ID_SCREEN_SERVICE_REMAINDER__WM_NOTIFICATION_VALUE_CHANGED__ID_TEXT_REMAINING5__APPW_JOB_SETVALUE	24	static
C:/Users/admin/OneDrive/Desktop/Cluster_ECU_Dozer/NewProject/Source/CustomCode/ID_SCREEN_SERVICE_REMAINDER_Slots.c:350:6:ID_SCREEN_SERVICE_REMAINDER__WM_NOTIFICATION_VALUE_CHANGED__ID_TEXT_TOTALENGINEHOURS__APPW_JOB_SETVALUE	24	static
C:/Users/admin/OneDrive/Desktop/Cluster_ECU_Dozer/NewProject/Source/CustomCode/ID_SCREEN_SERVICE_REMAINDER_Slots.c:361:6:ID_SCREEN_SERVICE_REMAINDER__WM_NOTIFICATION_VALUE_CHANGED_2	24	static
