D:/RAJASHEKHAR/VMS_HMI/DOZER_BD155/P_VERSION/SOFTWARE/NEW/BD155_P_V1_0_0/NewProject/Source/CustomCode/ID_SCREEN_USER_SETTINGS_Slots.c:34:6:cbID_SCREEN_USER_SETTINGS	16	static
D:/RAJASHEKHAR/VMS_HMI/DOZER_BD155/P_VERSION/SOFTWARE/NEW/BD155_P_V1_0_0/NewProject/Source/CustomCode/ID_SCREEN_USER_SETTINGS_Slots.c:42:6:ID_SCREEN_USER_SETTINGS__WM_NOTIFICATION_VALUE_CHANGED	24	static
D:/RAJASHEKHAR/VMS_HMI/DOZER_BD155/P_VERSION/SOFTWARE/NEW/BD155_P_V1_0_0/NewProject/Source/CustomCode/ID_SCREEN_USER_SETTINGS_Slots.c:53:6:ID_SCREEN_USER_SETTINGS__WM_NOTIFICATION_VALUE_CHANGED_0	24	static
D:/RAJASHEKHAR/VMS_HMI/DOZER_BD155/P_VERSION/SOFTWARE/NEW/BD155_P_V1_0_0/NewProject/Source/CustomCode/ID_SCREEN_USER_SETTINGS_Slots.c:64:6:ID_SCREEN_USER_SETTINGS__WM_NOTIFICATION_VALUE_CHANGED_1	24	static
D:/RAJASHEKHAR/VMS_HMI/DOZER_BD155/P_VERSION/SOFTWARE/NEW/BD155_P_V1_0_0/NewProject/Source/CustomCode/ID_SCREEN_USER_SETTINGS_Slots.c:75:6:ID_SCREEN_USER_SETTINGS__WM_NOTIFICATION_VALUE_CHANGED__ID_IMAGEBLOCK_LIGHT__APPW_JOB_SETBITMAP	24	static
D:/RAJASHEKHAR/VMS_HMI/DOZER_BD155/P_VERSION/SOFTWARE/NEW/BD155_P_V1_0_0/NewProject/Source/CustomCode/ID_SCREEN_USER_SETTINGS_Slots.c:86:6:ID_SCREEN_USER_SETTINGS__WM_NOTIFICATION_VALUE_CHANGED__ID_IMAGEBLOCK_LIGHT__APPW_JOB_SETBITMAP_0	24	static
D:/RAJASHEKHAR/VMS_HMI/DOZER_BD155/P_VERSION/SOFTWARE/NEW/BD155_P_V1_0_0/NewProject/Source/CustomCode/ID_SCREEN_USER_SETTINGS_Slots.c:97:6:ID_SCREEN_USER_SETTINGS__WM_NOTIFICATION_VALUE_CHANGED__ID_IMAGEBLOCK_BRIGHTNESS__APPW_JOB_SETBITMAP	24	static
D:/RAJASHEKHAR/VMS_HMI/DOZER_BD155/P_VERSION/SOFTWARE/NEW/BD155_P_V1_0_0/NewProject/Source/CustomCode/ID_SCREEN_USER_SETTINGS_Slots.c:108:6:ID_SCREEN_USER_SETTINGS__WM_NOTIFICATION_VALUE_CHANGED__ID_IMAGEBLOCK_BRIGHTNESS__APPW_JOB_SETBITMAP_0	24	static
D:/RAJASHEKHAR/VMS_HMI/DOZER_BD155/P_VERSION/SOFTWARE/NEW/BD155_P_V1_0_0/NewProject/Source/CustomCode/ID_SCREEN_USER_SETTINGS_Slots.c:119:6:ID_SCREEN_USER_SETTINGS__WM_NOTIFICATION_VALUE_CHANGED__ID_IMAGEBLOCK_DAY__APPW_JOB_SETBITMAP	24	static
D:/RAJASHEKHAR/VMS_HMI/DOZER_BD155/P_VERSION/SOFTWARE/NEW/BD155_P_V1_0_0/NewProject/Source/CustomCode/ID_SCREEN_USER_SETTINGS_Slots.c:130:6:ID_SCREEN_USER_SETTINGS__WM_NOTIFICATION_VALUE_CHANGED__ID_IMAGEBLOCK_DAY__APPW_JOB_SETBITMAP_0	24	static
D:/RAJASHEKHAR/VMS_HMI/DOZER_BD155/P_VERSION/SOFTWARE/NEW/BD155_P_V1_0_0/NewProject/Source/CustomCode/ID_SCREEN_USER_SETTINGS_Slots.c:141:6:ID_SCREEN_USER_SETTINGS__WM_NOTIFICATION_VALUE_CHANGED__ID_IMAGEBLOCK_MONTH__APPW_JOB_SETBITMAP	24	static
D:/RAJASHEKHAR/VMS_HMI/DOZER_BD155/P_VERSION/SOFTWARE/NEW/BD155_P_V1_0_0/NewProject/Source/CustomCode/ID_SCREEN_USER_SETTINGS_Slots.c:152:6:ID_SCREEN_USER_SETTINGS__WM_NOTIFICATION_VALUE_CHANGED__ID_IMAGEBLOCK_MONTH__APPW_JOB_SETBITMAP_0	24	static
D:/RAJASHEKHAR/VMS_HMI/DOZER_BD155/P_VERSION/SOFTWARE/NEW/BD155_P_V1_0_0/NewProject/Source/CustomCode/ID_SCREEN_USER_SETTINGS_Slots.c:163:6:ID_SCREEN_USER_SETTINGS__WM_NOTIFICATION_VALUE_CHANGED__ID_IMAGEBLOCK_YEAR__APPW_JOB_SETBITMAP	24	static
D:/RAJASHEKHAR/VMS_HMI/DOZER_BD155/P_VERSION/SOFTWARE/NEW/BD155_P_V1_0_0/NewProject/Source/CustomCode/ID_SCREEN_USER_SETTINGS_Slots.c:174:6:ID_SCREEN_USER_SETTINGS__WM_NOTIFICATION_VALUE_CHANGED__ID_IMAGEBLOCK_YEAR__APPW_JOB_SETBITMAP_0	24	static
D:/RAJASHEKHAR/VMS_HMI/DOZER_BD155/P_VERSION/SOFTWARE/NEW/BD155_P_V1_0_0/NewProject/Source/CustomCode/ID_SCREEN_USER_SETTINGS_Slots.c:185:6:ID_SCREEN_USER_SETTINGS__WM_NOTIFICATION_VALUE_CHANGED__ID_IMAGEBLOCK_HOUR__APPW_JOB_SETBITMAP	24	static
D:/RAJASHEKHAR/VMS_HMI/DOZER_BD155/P_VERSION/SOFTWARE/NEW/BD155_P_V1_0_0/NewProject/Source/CustomCode/ID_SCREEN_USER_SETTINGS_Slots.c:196:6:ID_SCREEN_USER_SETTINGS__WM_NOTIFICATION_VALUE_CHANGED__ID_IMAGEBLOCK_HOUR__APPW_JOB_SETBITMAP_0	24	static
D:/RAJASHEKHAR/VMS_HMI/DOZER_BD155/P_VERSION/SOFTWARE/NEW/BD155_P_V1_0_0/NewProject/Source/CustomCode/ID_SCREEN_USER_SETTINGS_Slots.c:207:6:ID_SCREEN_USER_SETTINGS__WM_NOTIFICATION_VALUE_CHANGED__ID_IMAGEBLOCK_MINUTE__APPW_JOB_SETBITMAP	24	static
D:/RAJASHEKHAR/VMS_HMI/DOZER_BD155/P_VERSION/SOFTWARE/NEW/BD155_P_V1_0_0/NewProject/Source/CustomCode/ID_SCREEN_USER_SETTINGS_Slots.c:218:6:ID_SCREEN_USER_SETTINGS__WM_NOTIFICATION_VALUE_CHANGED__ID_IMAGEBLOCK_MINUTE__APPW_JOB_SETBITMAP_0	24	static
D:/RAJASHEKHAR/VMS_HMI/DOZER_BD155/P_VERSION/SOFTWARE/NEW/BD155_P_V1_0_0/NewProject/Source/CustomCode/ID_SCREEN_USER_SETTINGS_Slots.c:229:6:ID_SCREEN_USER_SETTINGS__WM_NOTIFICATION_VALUE_CHANGED__ID_IMAGEBLOCK_SECONDS__APPW_JOB_SETBITMAP	24	static
D:/RAJASHEKHAR/VMS_HMI/DOZER_BD155/P_VERSION/SOFTWARE/NEW/BD155_P_V1_0_0/NewProject/Source/CustomCode/ID_SCREEN_USER_SETTINGS_Slots.c:240:6:ID_SCREEN_USER_SETTINGS__WM_NOTIFICATION_VALUE_CHANGED__ID_IMAGEBLOCK_SECONDS__APPW_JOB_SETBITMAP_0	24	static
D:/RAJASHEKHAR/VMS_HMI/DOZER_BD155/P_VERSION/SOFTWARE/NEW/BD155_P_V1_0_0/NewProject/Source/CustomCode/ID_SCREEN_USER_SETTINGS_Slots.c:251:6:ID_SCREEN_USER_SETTINGS__WM_NOTIFICATION_VALUE_CHANGED__ID_TEXT_LIGHT__APPW_JOB_SETTEXT	24	static
D:/RAJASHEKHAR/VMS_HMI/DOZER_BD155/P_VERSION/SOFTWARE/NEW/BD155_P_V1_0_0/NewProject/Source/CustomCode/ID_SCREEN_USER_SETTINGS_Slots.c:262:6:ID_SCREEN_USER_SETTINGS__WM_NOTIFICATION_VALUE_CHANGED__ID_TEXT_LIGHT__APPW_JOB_SETTEXT_0	24	static
D:/RAJASHEKHAR/VMS_HMI/DOZER_BD155/P_VERSION/SOFTWARE/NEW/BD155_P_V1_0_0/NewProject/Source/CustomCode/ID_SCREEN_USER_SETTINGS_Slots.c:273:6:ID_SCREEN_USER_SETTINGS__WM_NOTIFICATION_VALUE_CHANGED__ID_TEXT_DAY__APPW_JOB_SETVALUE_0	24	static
D:/RAJASHEKHAR/VMS_HMI/DOZER_BD155/P_VERSION/SOFTWARE/NEW/BD155_P_V1_0_0/NewProject/Source/CustomCode/ID_SCREEN_USER_SETTINGS_Slots.c:284:6:ID_SCREEN_USER_SETTINGS__WM_NOTIFICATION_VALUE_CHANGED__ID_TEXT_BRIGHTNESS__APPW_JOB_SETVALUE	24	static
D:/RAJASHEKHAR/VMS_HMI/DOZER_BD155/P_VERSION/SOFTWARE/NEW/BD155_P_V1_0_0/NewProject/Source/CustomCode/ID_SCREEN_USER_SETTINGS_Slots.c:295:6:ID_SCREEN_USER_SETTINGS__WM_NOTIFICATION_VALUE_CHANGED__ID_TEXT_MONTH__APPW_JOB_SETVALUE	24	static
D:/RAJASHEKHAR/VMS_HMI/DOZER_BD155/P_VERSION/SOFTWARE/NEW/BD155_P_V1_0_0/NewProject/Source/CustomCode/ID_SCREEN_USER_SETTINGS_Slots.c:306:6:ID_SCREEN_USER_SETTINGS__WM_NOTIFICATION_VALUE_CHANGED__ID_TEXT_YEAR__APPW_JOB_SETVALUE	24	static
D:/RAJASHEKHAR/VMS_HMI/DOZER_BD155/P_VERSION/SOFTWARE/NEW/BD155_P_V1_0_0/NewProject/Source/CustomCode/ID_SCREEN_USER_SETTINGS_Slots.c:317:6:ID_SCREEN_USER_SETTINGS__WM_NOTIFICATION_VALUE_CHANGED__ID_TEXT_HOUR__APPW_JOB_SETVALUE	24	static
D:/RAJASHEKHAR/VMS_HMI/DOZER_BD155/P_VERSION/SOFTWARE/NEW/BD155_P_V1_0_0/NewProject/Source/CustomCode/ID_SCREEN_USER_SETTINGS_Slots.c:328:6:ID_SCREEN_USER_SETTINGS__WM_NOTIFICATION_VALUE_CHANGED__ID_TEXT_MINUTE__APPW_JOB_SETVALUE	24	static
D:/RAJASHEKHAR/VMS_HMI/DOZER_BD155/P_VERSION/SOFTWARE/NEW/BD155_P_V1_0_0/NewProject/Source/CustomCode/ID_SCREEN_USER_SETTINGS_Slots.c:339:6:ID_SCREEN_USER_SETTINGS__WM_NOTIFICATION_VALUE_CHANGED__ID_TEXT_SECONDS__APPW_JOB_SETVALUE	24	static
D:/RAJASHEKHAR/VMS_HMI/DOZER_BD155/P_VERSION/SOFTWARE/NEW/BD155_P_V1_0_0/NewProject/Source/CustomCode/ID_SCREEN_USER_SETTINGS_Slots.c:350:6:ID_SCREEN_USER_SETTINGS__WM_NOTIFICATION_VALUE_CHANGED_2	24	static
D:/RAJASHEKHAR/VMS_HMI/DOZER_BD155/P_VERSION/SOFTWARE/NEW/BD155_P_V1_0_0/NewProject/Source/CustomCode/ID_SCREEN_USER_SETTINGS_Slots.c:361:6:ID_SCREEN_USER_SETTINGS__WM_NOTIFICATION_VALUE_CHANGED_3	24	static
D:/RAJASHEKHAR/VMS_HMI/DOZER_BD155/P_VERSION/SOFTWARE/NEW/BD155_P_V1_0_0/NewProject/Source/CustomCode/ID_SCREEN_USER_SETTINGS_Slots.c:372:6:ID_SCREEN_USER_SETTINGS__WM_NOTIFICATION_VALUE_CHANGED__ID_TEXT_MERIDIAN__APPW_JOB_SETTEXT	24	static
D:/RAJASHEKHAR/VMS_HMI/DOZER_BD155/P_VERSION/SOFTWARE/NEW/BD155_P_V1_0_0/NewProject/Source/CustomCode/ID_SCREEN_USER_SETTINGS_Slots.c:383:6:ID_SCREEN_USER_SETTINGS__WM_NOTIFICATION_VALUE_CHANGED__ID_TEXT_MERIDIAN__APPW_JOB_SETTEXT_0	24	static
D:/RAJASHEKHAR/VMS_HMI/DOZER_BD155/P_VERSION/SOFTWARE/NEW/BD155_P_V1_0_0/NewProject/Source/CustomCode/ID_SCREEN_USER_SETTINGS_Slots.c:394:6:ID_SCREEN_USER_SETTINGS__WM_NOTIFICATION_VALUE_CHANGED__ID_IMAGEBLOCK_MERIDIAN__APPW_JOB_SETBITMAP	24	static
D:/RAJASHEKHAR/VMS_HMI/DOZER_BD155/P_VERSION/SOFTWARE/NEW/BD155_P_V1_0_0/NewProject/Source/CustomCode/ID_SCREEN_USER_SETTINGS_Slots.c:405:6:ID_SCREEN_USER_SETTINGS__WM_NOTIFICATION_VALUE_CHANGED__ID_IMAGEBLOCK_MERIDIAN__APPW_JOB_SETBITMAP_0	24	static
D:/RAJASHEKHAR/VMS_HMI/DOZER_BD155/P_VERSION/SOFTWARE/NEW/BD155_P_V1_0_0/NewProject/Source/CustomCode/ID_SCREEN_USER_SETTINGS_Slots.c:416:6:ID_SCREEN_USER_SETTINGS__WM_NOTIFICATION_VALUE_CHANGED__ID_IMAGEBLOCK_SELCT_SCREEN__APPW_JOB_SETBITMAP	24	static
D:/RAJASHEKHAR/VMS_HMI/DOZER_BD155/P_VERSION/SOFTWARE/NEW/BD155_P_V1_0_0/NewProject/Source/CustomCode/ID_SCREEN_USER_SETTINGS_Slots.c:427:6:ID_SCREEN_USER_SETTINGS__WM_NOTIFICATION_VALUE_CHANGED__ID_IMAGEBLOCK_SELCT_SCREEN__APPW_JOB_SETBITMAP_0	24	static
D:/RAJASHEKHAR/VMS_HMI/DOZER_BD155/P_VERSION/SOFTWARE/NEW/BD155_P_V1_0_0/NewProject/Source/CustomCode/ID_SCREEN_USER_SETTINGS_Slots.c:438:6:ID_SCREEN_USER_SETTINGS__WM_NOTIFICATION_VALUE_CHANGED__ID_IMAGEBLOCK_SCREEN_ON_OFF__APPW_JOB_SETBITMAP	24	static
D:/RAJASHEKHAR/VMS_HMI/DOZER_BD155/P_VERSION/SOFTWARE/NEW/BD155_P_V1_0_0/NewProject/Source/CustomCode/ID_SCREEN_USER_SETTINGS_Slots.c:449:6:ID_SCREEN_USER_SETTINGS__WM_NOTIFICATION_VALUE_CHANGED__ID_IMAGEBLOCK_SCREEN_ON_OFF__APPW_JOB_SETBITMAP_0	24	static
D:/RAJASHEKHAR/VMS_HMI/DOZER_BD155/P_VERSION/SOFTWARE/NEW/BD155_P_V1_0_0/NewProject/Source/CustomCode/ID_SCREEN_USER_SETTINGS_Slots.c:460:6:ID_SCREEN_USER_SETTINGS__WM_NOTIFICATION_VALUE_CHANGED__ID_IMAGEBLOCK_SEL_HOME_SCREEN__APPW_JOB_SETBITMAP	24	static
D:/RAJASHEKHAR/VMS_HMI/DOZER_BD155/P_VERSION/SOFTWARE/NEW/BD155_P_V1_0_0/NewProject/Source/CustomCode/ID_SCREEN_USER_SETTINGS_Slots.c:471:6:ID_SCREEN_USER_SETTINGS__WM_NOTIFICATION_VALUE_CHANGED__ID_IMAGEBLOCK_SEL_HOME_SCREEN__APPW_JOB_SETBITMAP_0	24	static
D:/RAJASHEKHAR/VMS_HMI/DOZER_BD155/P_VERSION/SOFTWARE/NEW/BD155_P_V1_0_0/NewProject/Source/CustomCode/ID_SCREEN_USER_SETTINGS_Slots.c:482:6:ID_SCREEN_USER_SETTINGS__WM_NOTIFICATION_VALUE_CHANGED__ID_TEXT_SCREEN_ON_OFF__APPW_JOB_SETTEXT	24	static
D:/RAJASHEKHAR/VMS_HMI/DOZER_BD155/P_VERSION/SOFTWARE/NEW/BD155_P_V1_0_0/NewProject/Source/CustomCode/ID_SCREEN_USER_SETTINGS_Slots.c:493:6:ID_SCREEN_USER_SETTINGS__WM_NOTIFICATION_VALUE_CHANGED__ID_TEXT_SCREEN_ON_OFF__APPW_JOB_SETTEXT_0	24	static
D:/RAJASHEKHAR/VMS_HMI/DOZER_BD155/P_VERSION/SOFTWARE/NEW/BD155_P_V1_0_0/NewProject/Source/CustomCode/ID_SCREEN_USER_SETTINGS_Slots.c:504:6:ID_SCREEN_USER_SETTINGS__WM_NOTIFICATION_VALUE_CHANGED__ID_TEXT_SEL_HOME_SCREEN__APPW_JOB_SETTEXT	24	static
D:/RAJASHEKHAR/VMS_HMI/DOZER_BD155/P_VERSION/SOFTWARE/NEW/BD155_P_V1_0_0/NewProject/Source/CustomCode/ID_SCREEN_USER_SETTINGS_Slots.c:515:6:ID_SCREEN_USER_SETTINGS__WM_NOTIFICATION_VALUE_CHANGED__ID_TEXT_SEL_HOME_SCREEN__APPW_JOB_SETTEXT_0	24	static
D:/RAJASHEKHAR/VMS_HMI/DOZER_BD155/P_VERSION/SOFTWARE/NEW/BD155_P_V1_0_0/NewProject/Source/CustomCode/ID_SCREEN_USER_SETTINGS_Slots.c:526:6:ID_SCREEN_USER_SETTINGS__WM_NOTIFICATION_VALUE_CHANGED__ID_TEXT_SELCT_SCREEN__APPW_JOB_SETTEXT	24	static
D:/RAJASHEKHAR/VMS_HMI/DOZER_BD155/P_VERSION/SOFTWARE/NEW/BD155_P_V1_0_0/NewProject/Source/CustomCode/ID_SCREEN_USER_SETTINGS_Slots.c:537:6:ID_SCREEN_USER_SETTINGS__WM_NOTIFICATION_VALUE_CHANGED__ID_TEXT_SELCT_SCREEN__APPW_JOB_SETTEXT_0	24	static
D:/RAJASHEKHAR/VMS_HMI/DOZER_BD155/P_VERSION/SOFTWARE/NEW/BD155_P_V1_0_0/NewProject/Source/CustomCode/ID_SCREEN_USER_SETTINGS_Slots.c:548:6:ID_SCREEN_USER_SETTINGS__WM_NOTIFICATION_VALUE_CHANGED__ID_TEXT_SELCT_SCREEN__APPW_JOB_SETTEXT_1	24	static
D:/RAJASHEKHAR/VMS_HMI/DOZER_BD155/P_VERSION/SOFTWARE/NEW/BD155_P_V1_0_0/NewProject/Source/CustomCode/ID_SCREEN_USER_SETTINGS_Slots.c:559:6:ID_SCREEN_USER_SETTINGS__WM_NOTIFICATION_VALUE_CHANGED__ID_TEXT_SELCT_SCREEN__APPW_JOB_SETTEXT_2	24	static
D:/RAJASHEKHAR/VMS_HMI/DOZER_BD155/P_VERSION/SOFTWARE/NEW/BD155_P_V1_0_0/NewProject/Source/CustomCode/ID_SCREEN_USER_SETTINGS_Slots.c:570:6:ID_SCREEN_USER_SETTINGS__WM_NOTIFICATION_VALUE_CHANGED__ID_TEXT_SELCT_SCREEN__APPW_JOB_SETTEXT_3	24	static
D:/RAJASHEKHAR/VMS_HMI/DOZER_BD155/P_VERSION/SOFTWARE/NEW/BD155_P_V1_0_0/NewProject/Source/CustomCode/ID_SCREEN_USER_SETTINGS_Slots.c:581:6:ID_SCREEN_USER_SETTINGS__WM_NOTIFICATION_VALUE_CHANGED__ID_TEXT_SAVE_STATUS__APPW_JOB_SETTEXT	24	static
D:/RAJASHEKHAR/VMS_HMI/DOZER_BD155/P_VERSION/SOFTWARE/NEW/BD155_P_V1_0_0/NewProject/Source/CustomCode/ID_SCREEN_USER_SETTINGS_Slots.c:592:6:ID_SCREEN_USER_SETTINGS__WM_NOTIFICATION_VALUE_CHANGED__ID_TEXT_SAVE_STATUS__APPW_JOB_SETTEXT_0	24	static
