D:/RAJASHEKHAR/WORKSPACE/VMS_HMI/BD155_DOZER/Cluster_ECU_Dozer/NewProject/Source/CustomCode/ID_SCREEN_APLMS_REPORT_Slots.c:34:6:cbID_SCREEN_APLMS_REPORT	16	static
D:/RAJASHEKHAR/WORKSPACE/VMS_HMI/BD155_DOZER/Cluster_ECU_Dozer/NewProject/Source/CustomCode/ID_SCREEN_APLMS_REPORT_Slots.c:42:6:ID_SCREEN_APLMS_REPORT__WM_NOTIFICATION_VALUE_CHANGED__ID_TEXT_DATE_DD__APPW_JOB_SETVALUE	24	static
D:/RAJASHEKHAR/WORKSPACE/VMS_HMI/BD155_DOZER/Cluster_ECU_Dozer/NewProject/Source/CustomCode/ID_SCREEN_APLMS_REPORT_Slots.c:53:6:ID_SCREEN_APLMS_REPORT__WM_NOTIFICATION_VALUE_CHANGED__ID_TEXT_DATE_MM__APPW_JOB_SETVALUE	24	static
D:/RAJASHEKHAR/WORKSPACE/VMS_HMI/BD155_DOZER/Cluster_ECU_Dozer/NewProject/Source/CustomCode/ID_SCREEN_APLMS_REPORT_Slots.c:64:6:ID_SCREEN_APLMS_REPORT__WM_NOTIFICATION_VALUE_CHANGED__ID_TEXT_DATE_YYYY__APPW_JOB_SETVALUE	24	static
D:/RAJASHEKHAR/WORKSPACE/VMS_HMI/BD155_DOZER/Cluster_ECU_Dozer/NewProject/Source/CustomCode/ID_SCREEN_APLMS_REPORT_Slots.c:75:6:ID_SCREEN_APLMS_REPORT__WM_NOTIFICATION_VALUE_CHANGED__ID_TEXT_TIME_HH__APPW_JOB_SETVALUE	24	static
D:/RAJASHEKHAR/WORKSPACE/VMS_HMI/BD155_DOZER/Cluster_ECU_Dozer/NewProject/Source/CustomCode/ID_SCREEN_APLMS_REPORT_Slots.c:86:6:ID_SCREEN_APLMS_REPORT__WM_NOTIFICATION_VALUE_CHANGED__ID_TEXT_TIME_MM__APPW_JOB_SETVALUE	24	static
D:/RAJASHEKHAR/WORKSPACE/VMS_HMI/BD155_DOZER/Cluster_ECU_Dozer/NewProject/Source/CustomCode/ID_SCREEN_APLMS_REPORT_Slots.c:97:6:ID_SCREEN_APLMS_REPORT__WM_NOTIFICATION_VALUE_CHANGED__ID_TEXT_TIME_SS__APPW_JOB_SETVALUE	24	static
D:/RAJASHEKHAR/WORKSPACE/VMS_HMI/BD155_DOZER/Cluster_ECU_Dozer/NewProject/Source/CustomCode/ID_SCREEN_APLMS_REPORT_Slots.c:108:6:ID_SCREEN_APLMS_REPORT__WM_NOTIFICATION_VALUE_CHANGED__ID_TEXT_LOAD__APPW_JOB_SETVALUE	24	static
D:/RAJASHEKHAR/WORKSPACE/VMS_HMI/BD155_DOZER/Cluster_ECU_Dozer/NewProject/Source/CustomCode/ID_SCREEN_APLMS_REPORT_Slots.c:119:6:ID_SCREEN_APLMS_REPORT__WM_NOTIFICATION_VALUE_CHANGED__ID_TEXT_SPEED__APPW_JOB_SETVALUE	24	static
D:/RAJASHEKHAR/WORKSPACE/VMS_HMI/BD155_DOZER/Cluster_ECU_Dozer/NewProject/Source/CustomCode/ID_SCREEN_APLMS_REPORT_Slots.c:130:6:ID_SCREEN_APLMS_REPORT__WM_NOTIFICATION_VALUE_CHANGED__ID_TEXT_OPRT_ID__APPW_JOB_SETVALUE	24	static
D:/RAJASHEKHAR/WORKSPACE/VMS_HMI/BD155_DOZER/Cluster_ECU_Dozer/NewProject/Source/CustomCode/ID_SCREEN_APLMS_REPORT_Slots.c:141:6:ID_SCREEN_APLMS_REPORT__WM_NOTIFICATION_VALUE_CHANGED__ID_TEXT_LATCH_WT__APPW_JOB_SETVALUE	24	static
D:/RAJASHEKHAR/WORKSPACE/VMS_HMI/BD155_DOZER/Cluster_ECU_Dozer/NewProject/Source/CustomCode/ID_SCREEN_APLMS_REPORT_Slots.c:152:6:ID_SCREEN_APLMS_REPORT__WM_NOTIFICATION_VALUE_CHANGED__ID_TEXT_LOAD_TIME_HH__APPW_JOB_SETVALUE	24	static
D:/RAJASHEKHAR/WORKSPACE/VMS_HMI/BD155_DOZER/Cluster_ECU_Dozer/NewProject/Source/CustomCode/ID_SCREEN_APLMS_REPORT_Slots.c:163:6:ID_SCREEN_APLMS_REPORT__WM_NOTIFICATION_VALUE_CHANGED__ID_TEXT_LOAD_TIME_MM__APPW_JOB_SETVALUE	24	static
D:/RAJASHEKHAR/WORKSPACE/VMS_HMI/BD155_DOZER/Cluster_ECU_Dozer/NewProject/Source/CustomCode/ID_SCREEN_APLMS_REPORT_Slots.c:174:6:ID_SCREEN_APLMS_REPORT__WM_NOTIFICATION_VALUE_CHANGED__ID_TEXT_HAUL_TIME_HH__APPW_JOB_SETVALUE	24	static
D:/RAJASHEKHAR/WORKSPACE/VMS_HMI/BD155_DOZER/Cluster_ECU_Dozer/NewProject/Source/CustomCode/ID_SCREEN_APLMS_REPORT_Slots.c:185:6:ID_SCREEN_APLMS_REPORT__WM_NOTIFICATION_VALUE_CHANGED__ID_TEXT_HAUL_TIME_MM__APPW_JOB_SETVALUE	24	static
D:/RAJASHEKHAR/WORKSPACE/VMS_HMI/BD155_DOZER/Cluster_ECU_Dozer/NewProject/Source/CustomCode/ID_SCREEN_APLMS_REPORT_Slots.c:196:6:ID_SCREEN_APLMS_REPORT__WM_NOTIFICATION_VALUE_CHANGED__ID_TEXT_LDSTOP_TIME_HH__APPW_JOB_SETVALUE	24	static
D:/RAJASHEKHAR/WORKSPACE/VMS_HMI/BD155_DOZER/Cluster_ECU_Dozer/NewProject/Source/CustomCode/ID_SCREEN_APLMS_REPORT_Slots.c:207:6:ID_SCREEN_APLMS_REPORT__WM_NOTIFICATION_VALUE_CHANGED__ID_TEXT_LDSTOP_TIME_MM__APPW_JOB_SETVALUE	24	static
D:/RAJASHEKHAR/WORKSPACE/VMS_HMI/BD155_DOZER/Cluster_ECU_Dozer/NewProject/Source/CustomCode/ID_SCREEN_APLMS_REPORT_Slots.c:218:6:ID_SCREEN_APLMS_REPORT__WM_NOTIFICATION_VALUE_CHANGED__ID_TEXT_DUMP_TIME_HH__APPW_JOB_SETVALUE	24	static
D:/RAJASHEKHAR/WORKSPACE/VMS_HMI/BD155_DOZER/Cluster_ECU_Dozer/NewProject/Source/CustomCode/ID_SCREEN_APLMS_REPORT_Slots.c:229:6:ID_SCREEN_APLMS_REPORT__WM_NOTIFICATION_VALUE_CHANGED__ID_TEXT_DUMP_TIME_MM__APPW_JOB_SETVALUE	24	static
D:/RAJASHEKHAR/WORKSPACE/VMS_HMI/BD155_DOZER/Cluster_ECU_Dozer/NewProject/Source/CustomCode/ID_SCREEN_APLMS_REPORT_Slots.c:240:6:ID_SCREEN_APLMS_REPORT__WM_NOTIFICATION_VALUE_CHANGED__ID_TEXT_RETURN_TIME_HH__APPW_JOB_SETVALUE	24	static
D:/RAJASHEKHAR/WORKSPACE/VMS_HMI/BD155_DOZER/Cluster_ECU_Dozer/NewProject/Source/CustomCode/ID_SCREEN_APLMS_REPORT_Slots.c:251:6:ID_SCREEN_APLMS_REPORT__WM_NOTIFICATION_VALUE_CHANGED__ID_TEXT_RETURN_TIME_MM__APPW_JOB_SETVALUE	24	static
D:/RAJASHEKHAR/WORKSPACE/VMS_HMI/BD155_DOZER/Cluster_ECU_Dozer/NewProject/Source/CustomCode/ID_SCREEN_APLMS_REPORT_Slots.c:262:6:ID_SCREEN_APLMS_REPORT__WM_NOTIFICATION_VALUE_CHANGED__ID_TEXT_STOP_TIME_HH__APPW_JOB_SETVALUE	24	static
D:/RAJASHEKHAR/WORKSPACE/VMS_HMI/BD155_DOZER/Cluster_ECU_Dozer/NewProject/Source/CustomCode/ID_SCREEN_APLMS_REPORT_Slots.c:273:6:ID_SCREEN_APLMS_REPORT__WM_NOTIFICATION_VALUE_CHANGED__ID_TEXT_STOP_TIME_MM__APPW_JOB_SETVALUE	24	static
D:/RAJASHEKHAR/WORKSPACE/VMS_HMI/BD155_DOZER/Cluster_ECU_Dozer/NewProject/Source/CustomCode/ID_SCREEN_APLMS_REPORT_Slots.c:284:6:ID_SCREEN_APLMS_REPORT__WM_NOTIFICATION_VALUE_CHANGED__ID_TEXT_TOTAL_TIME_HH__APPW_JOB_SETVALUE	24	static
D:/RAJASHEKHAR/WORKSPACE/VMS_HMI/BD155_DOZER/Cluster_ECU_Dozer/NewProject/Source/CustomCode/ID_SCREEN_APLMS_REPORT_Slots.c:295:6:ID_SCREEN_APLMS_REPORT__WM_NOTIFICATION_VALUE_CHANGED__ID_TEXT_TOTAL_TIME_MM__APPW_JOB_SETVALUE	24	static
D:/RAJASHEKHAR/WORKSPACE/VMS_HMI/BD155_DOZER/Cluster_ECU_Dozer/NewProject/Source/CustomCode/ID_SCREEN_APLMS_REPORT_Slots.c:306:6:ID_SCREEN_APLMS_REPORT__WM_NOTIFICATION_VALUE_CHANGED__ID_TEXT_HAUL_DST_Km__APPW_JOB_SETVALUE	24	static
D:/RAJASHEKHAR/WORKSPACE/VMS_HMI/BD155_DOZER/Cluster_ECU_Dozer/NewProject/Source/CustomCode/ID_SCREEN_APLMS_REPORT_Slots.c:317:6:ID_SCREEN_APLMS_REPORT__WM_NOTIFICATION_VALUE_CHANGED__ID_TEXT_HAUL_DST_m__APPW_JOB_SETVALUE	24	static
D:/RAJASHEKHAR/WORKSPACE/VMS_HMI/BD155_DOZER/Cluster_ECU_Dozer/NewProject/Source/CustomCode/ID_SCREEN_APLMS_REPORT_Slots.c:328:6:ID_SCREEN_APLMS_REPORT__WM_NOTIFICATION_VALUE_CHANGED__ID_TEXT_RET_DST_Km__APPW_JOB_SETVALUE	24	static
D:/RAJASHEKHAR/WORKSPACE/VMS_HMI/BD155_DOZER/Cluster_ECU_Dozer/NewProject/Source/CustomCode/ID_SCREEN_APLMS_REPORT_Slots.c:339:6:ID_SCREEN_APLMS_REPORT__WM_NOTIFICATION_VALUE_CHANGED__ID_TEXT_RET_DST_m__APPW_JOB_SETVALUE	24	static
D:/RAJASHEKHAR/WORKSPACE/VMS_HMI/BD155_DOZER/Cluster_ECU_Dozer/NewProject/Source/CustomCode/ID_SCREEN_APLMS_REPORT_Slots.c:350:6:ID_SCREEN_APLMS_REPORT__WM_NOTIFICATION_VALUE_CHANGED__ID_TEXT_TOTAL_DST_Km__APPW_JOB_SETVALUE	24	static
D:/RAJASHEKHAR/WORKSPACE/VMS_HMI/BD155_DOZER/Cluster_ECU_Dozer/NewProject/Source/CustomCode/ID_SCREEN_APLMS_REPORT_Slots.c:361:6:ID_SCREEN_APLMS_REPORT__WM_NOTIFICATION_VALUE_CHANGED__ID_TEXT_TOTAL_DST_m__APPW_JOB_SETVALUE	24	static
D:/RAJASHEKHAR/WORKSPACE/VMS_HMI/BD155_DOZER/Cluster_ECU_Dozer/NewProject/Source/CustomCode/ID_SCREEN_APLMS_REPORT_Slots.c:372:6:ID_SCREEN_APLMS_REPORT__WM_NOTIFICATION_VALUE_CHANGED__ID_TEXT_HAUL_MAXSPD_MSB__APPW_JOB_SETVALUE	24	static
D:/RAJASHEKHAR/WORKSPACE/VMS_HMI/BD155_DOZER/Cluster_ECU_Dozer/NewProject/Source/CustomCode/ID_SCREEN_APLMS_REPORT_Slots.c:383:6:ID_SCREEN_APLMS_REPORT__WM_NOTIFICATION_VALUE_CHANGED__ID_TEXT_HAUL_MAXSPD_LSB__APPW_JOB_SETVALUE	24	static
D:/RAJASHEKHAR/WORKSPACE/VMS_HMI/BD155_DOZER/Cluster_ECU_Dozer/NewProject/Source/CustomCode/ID_SCREEN_APLMS_REPORT_Slots.c:394:6:ID_SCREEN_APLMS_REPORT__WM_NOTIFICATION_VALUE_CHANGED__ID_TEXT_HAUL_AVGSPD_MSB__APPW_JOB_SETVALUE	24	static
D:/RAJASHEKHAR/WORKSPACE/VMS_HMI/BD155_DOZER/Cluster_ECU_Dozer/NewProject/Source/CustomCode/ID_SCREEN_APLMS_REPORT_Slots.c:405:6:ID_SCREEN_APLMS_REPORT__WM_NOTIFICATION_VALUE_CHANGED__ID_TEXT_HAUL_AVGSPD_LSB__APPW_JOB_SETVALUE	24	static
D:/RAJASHEKHAR/WORKSPACE/VMS_HMI/BD155_DOZER/Cluster_ECU_Dozer/NewProject/Source/CustomCode/ID_SCREEN_APLMS_REPORT_Slots.c:416:6:ID_SCREEN_APLMS_REPORT__WM_NOTIFICATION_VALUE_CHANGED__ID_TEXT_RET_MAXSPD_MSB__APPW_JOB_SETVALUE	24	static
D:/RAJASHEKHAR/WORKSPACE/VMS_HMI/BD155_DOZER/Cluster_ECU_Dozer/NewProject/Source/CustomCode/ID_SCREEN_APLMS_REPORT_Slots.c:427:6:ID_SCREEN_APLMS_REPORT__WM_NOTIFICATION_VALUE_CHANGED__ID_TEXT_RET_MAXSPD_LSB__APPW_JOB_SETVALUE	24	static
D:/RAJASHEKHAR/WORKSPACE/VMS_HMI/BD155_DOZER/Cluster_ECU_Dozer/NewProject/Source/CustomCode/ID_SCREEN_APLMS_REPORT_Slots.c:438:6:ID_SCREEN_APLMS_REPORT__WM_NOTIFICATION_VALUE_CHANGED__ID_TEXT_RET_AVGSPD_MSB__APPW_JOB_SETVALUE	24	static
D:/RAJASHEKHAR/WORKSPACE/VMS_HMI/BD155_DOZER/Cluster_ECU_Dozer/NewProject/Source/CustomCode/ID_SCREEN_APLMS_REPORT_Slots.c:449:6:ID_SCREEN_APLMS_REPORT__WM_NOTIFICATION_VALUE_CHANGED__ID_TEXT_RET_AVGSPD_LSB__APPW_JOB_SETVALUE	24	static
D:/RAJASHEKHAR/WORKSPACE/VMS_HMI/BD155_DOZER/Cluster_ECU_Dozer/NewProject/Source/CustomCode/ID_SCREEN_APLMS_REPORT_Slots.c:460:6:ID_SCREEN_APLMS_REPORT__WM_NOTIFICATION_VALUE_CHANGED__ID_TEXT_FUEL_MSB__APPW_JOB_SETVALUE	24	static
D:/RAJASHEKHAR/WORKSPACE/VMS_HMI/BD155_DOZER/Cluster_ECU_Dozer/NewProject/Source/CustomCode/ID_SCREEN_APLMS_REPORT_Slots.c:471:6:ID_SCREEN_APLMS_REPORT__WM_NOTIFICATION_VALUE_CHANGED__ID_TEXT_FUEL_LSB__APPW_JOB_SETVALUE	24	static
D:/RAJASHEKHAR/WORKSPACE/VMS_HMI/BD155_DOZER/Cluster_ECU_Dozer/NewProject/Source/CustomCode/ID_SCREEN_APLMS_REPORT_Slots.c:482:6:ID_SCREEN_APLMS_REPORT__WM_NOTIFICATION_VALUE_CHANGED__ID_TEXT_SLNO__APPW_JOB_SETTEXT	24	static
D:/RAJASHEKHAR/WORKSPACE/VMS_HMI/BD155_DOZER/Cluster_ECU_Dozer/NewProject/Source/CustomCode/ID_SCREEN_APLMS_REPORT_Slots.c:493:6:ID_SCREEN_APLMS_REPORT__WM_NOTIFICATION_VALUE_CHANGED__ID_TEXT_MODELNO__APPW_JOB_SETTEXT	24	static
D:/RAJASHEKHAR/WORKSPACE/VMS_HMI/BD155_DOZER/Cluster_ECU_Dozer/NewProject/Source/CustomCode/ID_SCREEN_APLMS_REPORT_Slots.c:504:6:ID_SCREEN_APLMS_REPORT__WM_NOTIFICATION_VALUE_CHANGED__ID_TEXT_CUSTOMER__APPW_JOB_SETTEXT	24	static
D:/RAJASHEKHAR/WORKSPACE/VMS_HMI/BD155_DOZER/Cluster_ECU_Dozer/NewProject/Source/CustomCode/ID_SCREEN_APLMS_REPORT_Slots.c:515:6:ID_SCREEN_APLMS_REPORT__WM_NOTIFICATION_VALUE_CHANGED	24	static
D:/RAJASHEKHAR/WORKSPACE/VMS_HMI/BD155_DOZER/Cluster_ECU_Dozer/NewProject/Source/CustomCode/ID_SCREEN_APLMS_REPORT_Slots.c:526:6:ID_SCREEN_APLMS_REPORT__WM_NOTIFICATION_VALUE_CHANGED__ID_TEXT_ERROR_CODE__APPW_JOB_SETTEXT	24	static
