D:/RAJASHEKHAR/VMS_HMI/DOZER_BD155/P_VERSION/SOFTWARE/NEW/BD155_P_V1_0_0/NewProject/Source/CustomCode/ID_SCREEN_KEYPAD_Slots.c:34:6:cbID_SCREEN_KEYPAD	16	static
D:/RAJASHEKHAR/VMS_HMI/DOZER_BD155/P_VERSION/SOFTWARE/NEW/BD155_P_V1_0_0/NewProject/Source/CustomCode/ID_SCREEN_KEYPAD_Slots.c:42:6:ID_SCREEN_KEYPAD__WM_NOTIFICATION_VALUE_CHANGED__ID_IMAGE_KEYPAD_CURSOR__APPW_JOB_SETX0	24	static
D:/RAJASHEKHAR/VMS_HMI/DOZER_BD155/P_VERSION/SOFTWARE/NEW/BD155_P_V1_0_0/NewProject/Source/CustomCode/ID_SCREEN_KEYPAD_Slots.c:53:6:ID_SCREEN_KEYPAD__WM_NOTIFICATION_VALUE_CHANGED__ID_IMAGE_KEYPAD_CURSOR__APPW_JOB_SETY0	24	static
D:/RAJASHEKHAR/VMS_HMI/DOZER_BD155/P_VERSION/SOFTWARE/NEW/BD155_P_V1_0_0/NewProject/Source/CustomCode/ID_SCREEN_KEYPAD_Slots.c:64:6:ID_SCREEN_KEYPAD__WM_NOTIFICATION_VALUE_CHANGED__ID_EDIT_CHARACTERS__APPW_JOB_SETTEXT	24	static
D:/RAJASHEKHAR/VMS_HMI/DOZER_BD155/P_VERSION/SOFTWARE/NEW/BD155_P_V1_0_0/NewProject/Source/CustomCode/ID_SCREEN_KEYPAD_Slots.c:75:6:ID_SCREEN_KEYPAD__WM_NOTIFICATION_VALUE_CHANGED	24	static
D:/RAJASHEKHAR/VMS_HMI/DOZER_BD155/P_VERSION/SOFTWARE/NEW/BD155_P_V1_0_0/NewProject/Source/CustomCode/ID_SCREEN_KEYPAD_Slots.c:86:6:ID_SCREEN_KEYPAD__WM_NOTIFICATION_VALUE_CHANGED_0	24	static
D:/RAJASHEKHAR/VMS_HMI/DOZER_BD155/P_VERSION/SOFTWARE/NEW/BD155_P_V1_0_0/NewProject/Source/CustomCode/ID_SCREEN_KEYPAD_Slots.c:97:6:ID_SCREEN_KEYPAD__WM_NOTIFICATION_VALUE_CHANGED__ID_TEXT_WARNING__APPW_JOB_SETTEXT	24	static
