C:/Users/EME01-L-26/Desktop/Cluster_ECU/NewProject/Source/CustomCode/ID_SCREEN_MIN_MAX_LOGGING_Slots.c:34:6:cbID_SCREEN_MIN_MAX_LOGGING	16	static
C:/Users/EME01-L-26/Desktop/Cluster_ECU/NewProject/Source/CustomCode/ID_SCREEN_MIN_MAX_LOGGING_Slots.c:42:6:ID_SCREEN_MIN_MAX_LOGGING__WM_NOTIFICATION_VALUE_CHANGED	24	static
C:/Users/EME01-L-26/Desktop/Cluster_ECU/NewProject/Source/CustomCode/ID_SCREEN_MIN_MAX_LOGGING_Slots.c:53:6:ID_SCREEN_MIN_MAX_LOGGING__WM_NOTIFICATION_VALUE_CHANGED_0	24	static
C:/Users/EME01-L-26/Desktop/Cluster_ECU/NewProject/Source/CustomCode/ID_SCREEN_MIN_MAX_LOGGING_Slots.c:64:6:ID_SCREEN_MIN_MAX_LOGGING__WM_NOTIFICATION_VALUE_CHANGED_1	24	static
C:/Users/EME01-L-26/Desktop/Cluster_ECU/NewProject/Source/CustomCode/ID_SCREEN_MIN_MAX_LOGGING_Slots.c:75:6:ID_SCREEN_MIN_MAX_LOGGING__WM_NOTIFICATION_VALUE_CHANGED__ID_TEXT_DAY__APPW_JOB_SETVALUE	24	static
C:/Users/EME01-L-26/Desktop/Cluster_ECU/NewProject/Source/CustomCode/ID_SCREEN_MIN_MAX_LOGGING_Slots.c:86:6:ID_SCREEN_MIN_MAX_LOGGING__WM_NOTIFICATION_VALUE_CHANGED__ID_TEXT_MONTH__APPW_JOB_SETVALUE	24	static
C:/Users/EME01-L-26/Desktop/Cluster_ECU/NewProject/Source/CustomCode/ID_SCREEN_MIN_MAX_LOGGING_Slots.c:97:6:ID_SCREEN_MIN_MAX_LOGGING__WM_NOTIFICATION_VALUE_CHANGED__ID_TEXT_YEAR__APPW_JOB_SETVALUE	24	static
C:/Users/EME01-L-26/Desktop/Cluster_ECU/NewProject/Source/CustomCode/ID_SCREEN_MIN_MAX_LOGGING_Slots.c:108:6:ID_SCREEN_MIN_MAX_LOGGING__WM_NOTIFICATION_VALUE_CHANGED__ID_TEXT_HOUR__APPW_JOB_SETVALUE	24	static
C:/Users/EME01-L-26/Desktop/Cluster_ECU/NewProject/Source/CustomCode/ID_SCREEN_MIN_MAX_LOGGING_Slots.c:119:6:ID_SCREEN_MIN_MAX_LOGGING__WM_NOTIFICATION_VALUE_CHANGED__ID_TEXT_MINUTE__APPW_JOB_SETVALUE	24	static
C:/Users/EME01-L-26/Desktop/Cluster_ECU/NewProject/Source/CustomCode/ID_SCREEN_MIN_MAX_LOGGING_Slots.c:130:6:ID_SCREEN_MIN_MAX_LOGGING__WM_NOTIFICATION_VALUE_CHANGED__ID_TEXT_SECONDS__APPW_JOB_SETVALUE	24	static
C:/Users/EME01-L-26/Desktop/Cluster_ECU/NewProject/Source/CustomCode/ID_SCREEN_MIN_MAX_LOGGING_Slots.c:141:6:ID_SCREEN_MIN_MAX_LOGGING__WM_NOTIFICATION_VALUE_CHANGED__ID_TEXT_COPYMESG__APPW_JOB_SETTEXT	24	static
C:/Users/EME01-L-26/Desktop/Cluster_ECU/NewProject/Source/CustomCode/ID_SCREEN_MIN_MAX_LOGGING_Slots.c:152:6:ID_SCREEN_MIN_MAX_LOGGING__WM_NOTIFICATION_VALUE_CHANGED__ID_TEXT_COPYMESG__APPW_JOB_SETTEXT_0	24	static
C:/Users/EME01-L-26/Desktop/Cluster_ECU/NewProject/Source/CustomCode/ID_SCREEN_MIN_MAX_LOGGING_Slots.c:163:6:ID_SCREEN_MIN_MAX_LOGGING__WM_NOTIFICATION_VALUE_CHANGED__ID_TEXT_COPYMESG__APPW_JOB_SETTEXT_1	24	static
C:/Users/EME01-L-26/Desktop/Cluster_ECU/NewProject/Source/CustomCode/ID_SCREEN_MIN_MAX_LOGGING_Slots.c:174:6:ID_SCREEN_MIN_MAX_LOGGING__WM_NOTIFICATION_VALUE_CHANGED__ID_TEXT_READMESG__APPW_JOB_SETTEXT	24	static
C:/Users/EME01-L-26/Desktop/Cluster_ECU/NewProject/Source/CustomCode/ID_SCREEN_MIN_MAX_LOGGING_Slots.c:185:6:ID_SCREEN_MIN_MAX_LOGGING__WM_NOTIFICATION_VALUE_CHANGED__ID_TEXT_IDMESG__APPW_JOB_SETTEXT	24	static
C:/Users/EME01-L-26/Desktop/Cluster_ECU/NewProject/Source/CustomCode/ID_SCREEN_MIN_MAX_LOGGING_Slots.c:196:6:ID_SCREEN_MIN_MAX_LOGGING__WM_NOTIFICATION_VALUE_CHANGED__ID_TEXT_LOGFILESIZE__APPW_JOB_SETVALUE	24	static
C:/Users/EME01-L-26/Desktop/Cluster_ECU/NewProject/Source/CustomCode/ID_SCREEN_MIN_MAX_LOGGING_Slots.c:207:6:ID_SCREEN_MIN_MAX_LOGGING__WM_NOTIFICATION_VALUE_CHANGED_2	24	static
C:/Users/EME01-L-26/Desktop/Cluster_ECU/NewProject/Source/CustomCode/ID_SCREEN_MIN_MAX_LOGGING_Slots.c:218:6:ID_SCREEN_MIN_MAX_LOGGING__WM_NOTIFICATION_VALUE_CHANGED_3	24	static
C:/Users/EME01-L-26/Desktop/Cluster_ECU/NewProject/Source/CustomCode/ID_SCREEN_MIN_MAX_LOGGING_Slots.c:229:6:ID_SCREEN_MIN_MAX_LOGGING__WM_NOTIFICATION_VALUE_CHANGED_4	24	static
C:/Users/EME01-L-26/Desktop/Cluster_ECU/NewProject/Source/CustomCode/ID_SCREEN_MIN_MAX_LOGGING_Slots.c:240:6:ID_SCREEN_MIN_MAX_LOGGING__WM_NOTIFICATION_VALUE_CHANGED_5	24	static
