D:/RAJASHEKHAR/VMS_HMI/DOZER_BD155/P_VERSION/SOFTWARE/NEW/BD155_P_V1_0_0/NewProject/Source/CustomCode/ID_SCREEN_SYSTEM_SETUP_DATA_Slots.c:34:6:cbID_SCREEN_SYSTEM_SETUP_DATA	16	static
D:/RAJASHEKHAR/VMS_HMI/DOZER_BD155/P_VERSION/SOFTWARE/NEW/BD155_P_V1_0_0/NewProject/Source/CustomCode/ID_SCREEN_SYSTEM_SETUP_DATA_Slots.c:42:6:ID_SCREEN_SYSTEM_SETUP_DATA__WM_NOTIFICATION_VALUE_CHANGED	24	static
D:/RAJASHEKHAR/VMS_HMI/DOZER_BD155/P_VERSION/SOFTWARE/NEW/BD155_P_V1_0_0/NewProject/Source/CustomCode/ID_SCREEN_SYSTEM_SETUP_DATA_Slots.c:53:6:ID_SCREEN_SYSTEM_SETUP_DATA__WM_NOTIFICATION_VALUE_CHANGED_0	24	static
D:/RAJASHEKHAR/VMS_HMI/DOZER_BD155/P_VERSION/SOFTWARE/NEW/BD155_P_V1_0_0/NewProject/Source/CustomCode/ID_SCREEN_SYSTEM_SETUP_DATA_Slots.c:64:6:ID_SCREEN_SYSTEM_SETUP_DATA__WM_NOTIFICATION_VALUE_CHANGED_1	24	static
D:/RAJASHEKHAR/VMS_HMI/DOZER_BD155/P_VERSION/SOFTWARE/NEW/BD155_P_V1_0_0/NewProject/Source/CustomCode/ID_SCREEN_SYSTEM_SETUP_DATA_Slots.c:75:6:ID_SCREEN_SYSTEM_SETUP_DATA__WM_NOTIFICATION_VALUE_CHANGED__ID_TEXT_ENGINE_ECU_HRS__APPW_JOB_SETVALUE	24	static
D:/RAJASHEKHAR/VMS_HMI/DOZER_BD155/P_VERSION/SOFTWARE/NEW/BD155_P_V1_0_0/NewProject/Source/CustomCode/ID_SCREEN_SYSTEM_SETUP_DATA_Slots.c:86:6:ID_SCREEN_SYSTEM_SETUP_DATA__WM_NOTIFICATION_VALUE_CHANGED__ID_TEXT_DISPLAYHRS__APPW_JOB_SETVALUE	24	static
