D:/RAJASHEKHAR/VMS_HMI/DOZER_BD155/P_VERSION/SOFTWARE/NEW/BD155_P_V1_0_0/NewProject/Source/CustomCode/ID_SCREEN_INTENSITY_Slots.c:34:6:cbID_SCREEN_INTENSITY	16	static
D:/RAJASHEKHAR/VMS_HMI/DOZER_BD155/P_VERSION/SOFTWARE/NEW/BD155_P_V1_0_0/NewProject/Source/CustomCode/ID_SCREEN_INTENSITY_Slots.c:42:6:ID_SCREEN_INTENSITY__WM_NOTIFICATION_VALUE_CHANGED__ID_SLIDER_INTENSITY__APPW_JOB_SETVALUE	24	static
D:/RAJASHEKHAR/VMS_HMI/DOZER_BD155/P_VERSION/SOFTWARE/NEW/BD155_P_V1_0_0/NewProject/Source/CustomCode/ID_SCREEN_INTENSITY_Slots.c:53:6:ID_SCREEN_INTENSITY__WM_NOTIFICATION_VALUE_CHANGED__ID_TEXT_INTENSEPER__APPW_JOB_SETVALUE	24	static
D:/RAJASHEKHAR/VMS_HMI/DOZER_BD155/P_VERSION/SOFTWARE/NEW/BD155_P_V1_0_0/NewProject/Source/CustomCode/ID_SCREEN_INTENSITY_Slots.c:64:6:ID_SCREEN_INTENSITY__WM_NOTIFICATION_VALUE_CHANGED__ID_IMAGE_00__APPW_JOB_SETBITMAP	24	static
D:/RAJASHEKHAR/VMS_HMI/DOZER_BD155/P_VERSION/SOFTWARE/NEW/BD155_P_V1_0_0/NewProject/Source/CustomCode/ID_SCREEN_INTENSITY_Slots.c:75:6:ID_SCREEN_INTENSITY__WM_NOTIFICATION_VALUE_CHANGED__ID_IMAGE_00__APPW_JOB_SETBITMAP_0	24	static
