D:/RAJASHEKHAR/VMS_HMI/DOZER_BD155/P_VERSION/SOFTWARE/NEW/BD155_P_V1_0_0/NewProject/Source/CustomCode/ID_SCREEN_DIAGNOSTICS_2_Slots.c:34:6:cbID_SCREEN_DIAGNOSTICS_2	16	static
D:/RAJASHEKHAR/VMS_HMI/DOZER_BD155/P_VERSION/SOFTWARE/NEW/BD155_P_V1_0_0/NewProject/Source/CustomCode/ID_SCREEN_DIAGNOSTICS_2_Slots.c:42:6:ID_SCREEN_DIAGNOSTICS_2__WM_NOTIFICATION_VALUE_CHANGED	24	static
D:/RAJASHEKHAR/VMS_HMI/DOZER_BD155/P_VERSION/SOFTWARE/NEW/BD155_P_V1_0_0/NewProject/Source/CustomCode/ID_SCREEN_DIAGNOSTICS_2_Slots.c:53:6:ID_SCREEN_DIAGNOSTICS_2__WM_NOTIFICATION_VALUE_CHANGED_0	24	static
D:/RAJASHEKHAR/VMS_HMI/DOZER_BD155/P_VERSION/SOFTWARE/NEW/BD155_P_V1_0_0/NewProject/Source/CustomCode/ID_SCREEN_DIAGNOSTICS_2_Slots.c:64:6:ID_SCREEN_DIAGNOSTICS_2__WM_NOTIFICATION_VALUE_CHANGED_1	24	static
D:/RAJASHEKHAR/VMS_HMI/DOZER_BD155/P_VERSION/SOFTWARE/NEW/BD155_P_V1_0_0/NewProject/Source/CustomCode/ID_SCREEN_DIAGNOSTICS_2_Slots.c:75:6:ID_SCREEN_DIAGNOSTICS_2__WM_NOTIFICATION_VALUE_CHANGED__ID_TEXT_SPN_ECU__APPW_JOB_SETVALUE	24	static
D:/RAJASHEKHAR/VMS_HMI/DOZER_BD155/P_VERSION/SOFTWARE/NEW/BD155_P_V1_0_0/NewProject/Source/CustomCode/ID_SCREEN_DIAGNOSTICS_2_Slots.c:86:6:ID_SCREEN_DIAGNOSTICS_2__WM_NOTIFICATION_VALUE_CHANGED__ID_TEXT_SPN_VMS__APPW_JOB_SETVALUE	24	static
D:/RAJASHEKHAR/VMS_HMI/DOZER_BD155/P_VERSION/SOFTWARE/NEW/BD155_P_V1_0_0/NewProject/Source/CustomCode/ID_SCREEN_DIAGNOSTICS_2_Slots.c:97:6:ID_SCREEN_DIAGNOSTICS_2__WM_NOTIFICATION_VALUE_CHANGED__ID_TEXT_FMI_ECU__APPW_JOB_SETVALUE	24	static
D:/RAJASHEKHAR/VMS_HMI/DOZER_BD155/P_VERSION/SOFTWARE/NEW/BD155_P_V1_0_0/NewProject/Source/CustomCode/ID_SCREEN_DIAGNOSTICS_2_Slots.c:108:6:ID_SCREEN_DIAGNOSTICS_2__WM_NOTIFICATION_VALUE_CHANGED__ID_TEXT_FMI_VMS__APPW_JOB_SETVALUE	24	static
D:/RAJASHEKHAR/VMS_HMI/DOZER_BD155/P_VERSION/SOFTWARE/NEW/BD155_P_V1_0_0/NewProject/Source/CustomCode/ID_SCREEN_DIAGNOSTICS_2_Slots.c:119:6:ID_SCREEN_DIAGNOSTICS_2__WM_NOTIFICATION_VALUE_CHANGED__ID_TEXT_COUNT_ECU__APPW_JOB_SETVALUE	24	static
D:/RAJASHEKHAR/VMS_HMI/DOZER_BD155/P_VERSION/SOFTWARE/NEW/BD155_P_V1_0_0/NewProject/Source/CustomCode/ID_SCREEN_DIAGNOSTICS_2_Slots.c:130:6:ID_SCREEN_DIAGNOSTICS_2__WM_NOTIFICATION_VALUE_CHANGED__ID_TEXT_COUNT_VMS__APPW_JOB_SETVALUE	24	static
D:/RAJASHEKHAR/VMS_HMI/DOZER_BD155/P_VERSION/SOFTWARE/NEW/BD155_P_V1_0_0/NewProject/Source/CustomCode/ID_SCREEN_DIAGNOSTICS_2_Slots.c:141:6:ID_SCREEN_DIAGNOSTICS_2__WM_NOTIFICATION_VALUE_CHANGED__ID_TEXT_CurrErrEcu__APPW_JOB_SETVALUE	24	static
D:/RAJASHEKHAR/VMS_HMI/DOZER_BD155/P_VERSION/SOFTWARE/NEW/BD155_P_V1_0_0/NewProject/Source/CustomCode/ID_SCREEN_DIAGNOSTICS_2_Slots.c:152:6:ID_SCREEN_DIAGNOSTICS_2__WM_NOTIFICATION_VALUE_CHANGED__ID_TEXT_CurrErrVms__APPW_JOB_SETVALUE	24	static
D:/RAJASHEKHAR/VMS_HMI/DOZER_BD155/P_VERSION/SOFTWARE/NEW/BD155_P_V1_0_0/NewProject/Source/CustomCode/ID_SCREEN_DIAGNOSTICS_2_Slots.c:163:6:ID_SCREEN_DIAGNOSTICS_2__WM_NOTIFICATION_VALUE_CHANGED__ID_TEXT_TotlErrEcu__APPW_JOB_SETVALUE	24	static
D:/RAJASHEKHAR/VMS_HMI/DOZER_BD155/P_VERSION/SOFTWARE/NEW/BD155_P_V1_0_0/NewProject/Source/CustomCode/ID_SCREEN_DIAGNOSTICS_2_Slots.c:174:6:ID_SCREEN_DIAGNOSTICS_2__WM_NOTIFICATION_VALUE_CHANGED__ID_TEXT_TotlErrVms__APPW_JOB_SETVALUE	24	static
D:/RAJASHEKHAR/VMS_HMI/DOZER_BD155/P_VERSION/SOFTWARE/NEW/BD155_P_V1_0_0/NewProject/Source/CustomCode/ID_SCREEN_DIAGNOSTICS_2_Slots.c:185:6:ID_SCREEN_DIAGNOSTICS_2__WM_NOTIFICATION_VALUE_CHANGED__ID_TEXT_STATUS__APPW_JOB_SETTEXT	24	static
D:/RAJASHEKHAR/VMS_HMI/DOZER_BD155/P_VERSION/SOFTWARE/NEW/BD155_P_V1_0_0/NewProject/Source/CustomCode/ID_SCREEN_DIAGNOSTICS_2_Slots.c:196:6:ID_SCREEN_DIAGNOSTICS_2__WM_NOTIFICATION_VALUE_CHANGED__ID_TEXT_STATUS__APPW_JOB_SETTEXT_0	24	static
D:/RAJASHEKHAR/VMS_HMI/DOZER_BD155/P_VERSION/SOFTWARE/NEW/BD155_P_V1_0_0/NewProject/Source/CustomCode/ID_SCREEN_DIAGNOSTICS_2_Slots.c:207:6:ID_SCREEN_DIAGNOSTICS_2__WM_NOTIFICATION_VALUE_CHANGED__ID_TEXT_ECU__APPW_JOB_SETCOLOR_0	24	static
D:/RAJASHEKHAR/VMS_HMI/DOZER_BD155/P_VERSION/SOFTWARE/NEW/BD155_P_V1_0_0/NewProject/Source/CustomCode/ID_SCREEN_DIAGNOSTICS_2_Slots.c:218:6:ID_SCREEN_DIAGNOSTICS_2__WM_NOTIFICATION_VALUE_CHANGED__ID_TEXT_ECU__APPW_JOB_SETCOLOR	24	static
D:/RAJASHEKHAR/VMS_HMI/DOZER_BD155/P_VERSION/SOFTWARE/NEW/BD155_P_V1_0_0/NewProject/Source/CustomCode/ID_SCREEN_DIAGNOSTICS_2_Slots.c:229:6:ID_SCREEN_DIAGNOSTICS_2__WM_NOTIFICATION_VALUE_CHANGED__ID_TEXT_VMS__APPW_JOB_SETCOLOR	24	static
D:/RAJASHEKHAR/VMS_HMI/DOZER_BD155/P_VERSION/SOFTWARE/NEW/BD155_P_V1_0_0/NewProject/Source/CustomCode/ID_SCREEN_DIAGNOSTICS_2_Slots.c:240:6:ID_SCREEN_DIAGNOSTICS_2__WM_NOTIFICATION_VALUE_CHANGED__ID_TEXT_VMS__APPW_JOB_SETCOLOR_0	24	static
D:/RAJASHEKHAR/VMS_HMI/DOZER_BD155/P_VERSION/SOFTWARE/NEW/BD155_P_V1_0_0/NewProject/Source/CustomCode/ID_SCREEN_DIAGNOSTICS_2_Slots.c:251:6:ID_SCREEN_DIAGNOSTICS_2__WM_NOTIFICATION_VALUE_CHANGED__ID_TEXT_DES_ECU__APPW_JOB_SETCOLOR	24	static
D:/RAJASHEKHAR/VMS_HMI/DOZER_BD155/P_VERSION/SOFTWARE/NEW/BD155_P_V1_0_0/NewProject/Source/CustomCode/ID_SCREEN_DIAGNOSTICS_2_Slots.c:262:6:ID_SCREEN_DIAGNOSTICS_2__WM_NOTIFICATION_VALUE_CHANGED__ID_TEXT_DES_ECU__APPW_JOB_SETCOLOR_0	24	static
D:/RAJASHEKHAR/VMS_HMI/DOZER_BD155/P_VERSION/SOFTWARE/NEW/BD155_P_V1_0_0/NewProject/Source/CustomCode/ID_SCREEN_DIAGNOSTICS_2_Slots.c:273:6:ID_SCREEN_DIAGNOSTICS_2__WM_NOTIFICATION_VALUE_CHANGED__ID_TEXT_DES_VMS__APPW_JOB_SETCOLOR	24	static
D:/RAJASHEKHAR/VMS_HMI/DOZER_BD155/P_VERSION/SOFTWARE/NEW/BD155_P_V1_0_0/NewProject/Source/CustomCode/ID_SCREEN_DIAGNOSTICS_2_Slots.c:284:6:ID_SCREEN_DIAGNOSTICS_2__WM_NOTIFICATION_VALUE_CHANGED__ID_TEXT_DES_VMS__APPW_JOB_SETCOLOR_0	24	static
D:/RAJASHEKHAR/VMS_HMI/DOZER_BD155/P_VERSION/SOFTWARE/NEW/BD155_P_V1_0_0/NewProject/Source/CustomCode/ID_SCREEN_DIAGNOSTICS_2_Slots.c:295:6:ID_SCREEN_DIAGNOSTICS_2__WM_NOTIFICATION_VALUE_CHANGED__ID_TEXT_DES_ECU__APPW_JOB_SETTEXT_45	24	static
D:/RAJASHEKHAR/VMS_HMI/DOZER_BD155/P_VERSION/SOFTWARE/NEW/BD155_P_V1_0_0/NewProject/Source/CustomCode/ID_SCREEN_DIAGNOSTICS_2_Slots.c:306:6:ID_SCREEN_DIAGNOSTICS_2__WM_NOTIFICATION_VALUE_CHANGED__ID_TEXT_DES_ECU__APPW_JOB_SETTEXT	24	static
D:/RAJASHEKHAR/VMS_HMI/DOZER_BD155/P_VERSION/SOFTWARE/NEW/BD155_P_V1_0_0/NewProject/Source/CustomCode/ID_SCREEN_DIAGNOSTICS_2_Slots.c:317:6:ID_SCREEN_DIAGNOSTICS_2__WM_NOTIFICATION_VALUE_CHANGED__ID_TEXT_DES_ECU__APPW_JOB_SETTEXT_0	24	static
D:/RAJASHEKHAR/VMS_HMI/DOZER_BD155/P_VERSION/SOFTWARE/NEW/BD155_P_V1_0_0/NewProject/Source/CustomCode/ID_SCREEN_DIAGNOSTICS_2_Slots.c:328:6:ID_SCREEN_DIAGNOSTICS_2__WM_NOTIFICATION_VALUE_CHANGED__ID_TEXT_DES_ECU__APPW_JOB_SETTEXT_1	24	static
D:/RAJASHEKHAR/VMS_HMI/DOZER_BD155/P_VERSION/SOFTWARE/NEW/BD155_P_V1_0_0/NewProject/Source/CustomCode/ID_SCREEN_DIAGNOSTICS_2_Slots.c:339:6:ID_SCREEN_DIAGNOSTICS_2__WM_NOTIFICATION_VALUE_CHANGED__ID_TEXT_DES_ECU__APPW_JOB_SETTEXT_2	24	static
D:/RAJASHEKHAR/VMS_HMI/DOZER_BD155/P_VERSION/SOFTWARE/NEW/BD155_P_V1_0_0/NewProject/Source/CustomCode/ID_SCREEN_DIAGNOSTICS_2_Slots.c:350:6:ID_SCREEN_DIAGNOSTICS_2__WM_NOTIFICATION_VALUE_CHANGED__ID_TEXT_DES_ECU__APPW_JOB_SETTEXT_3	24	static
D:/RAJASHEKHAR/VMS_HMI/DOZER_BD155/P_VERSION/SOFTWARE/NEW/BD155_P_V1_0_0/NewProject/Source/CustomCode/ID_SCREEN_DIAGNOSTICS_2_Slots.c:361:6:ID_SCREEN_DIAGNOSTICS_2__WM_NOTIFICATION_VALUE_CHANGED__ID_TEXT_DES_ECU__APPW_JOB_SETTEXT_4	24	static
D:/RAJASHEKHAR/VMS_HMI/DOZER_BD155/P_VERSION/SOFTWARE/NEW/BD155_P_V1_0_0/NewProject/Source/CustomCode/ID_SCREEN_DIAGNOSTICS_2_Slots.c:372:6:ID_SCREEN_DIAGNOSTICS_2__WM_NOTIFICATION_VALUE_CHANGED__ID_TEXT_DES_ECU__APPW_JOB_SETTEXT_5	24	static
D:/RAJASHEKHAR/VMS_HMI/DOZER_BD155/P_VERSION/SOFTWARE/NEW/BD155_P_V1_0_0/NewProject/Source/CustomCode/ID_SCREEN_DIAGNOSTICS_2_Slots.c:383:6:ID_SCREEN_DIAGNOSTICS_2__WM_NOTIFICATION_VALUE_CHANGED__ID_TEXT_DES_ECU__APPW_JOB_SETTEXT_6	24	static
D:/RAJASHEKHAR/VMS_HMI/DOZER_BD155/P_VERSION/SOFTWARE/NEW/BD155_P_V1_0_0/NewProject/Source/CustomCode/ID_SCREEN_DIAGNOSTICS_2_Slots.c:394:6:ID_SCREEN_DIAGNOSTICS_2__WM_NOTIFICATION_VALUE_CHANGED__ID_TEXT_DES_ECU__APPW_JOB_SETTEXT_7	24	static
D:/RAJASHEKHAR/VMS_HMI/DOZER_BD155/P_VERSION/SOFTWARE/NEW/BD155_P_V1_0_0/NewProject/Source/CustomCode/ID_SCREEN_DIAGNOSTICS_2_Slots.c:405:6:ID_SCREEN_DIAGNOSTICS_2__WM_NOTIFICATION_VALUE_CHANGED__ID_TEXT_DES_ECU__APPW_JOB_SETTEXT_8	24	static
D:/RAJASHEKHAR/VMS_HMI/DOZER_BD155/P_VERSION/SOFTWARE/NEW/BD155_P_V1_0_0/NewProject/Source/CustomCode/ID_SCREEN_DIAGNOSTICS_2_Slots.c:416:6:ID_SCREEN_DIAGNOSTICS_2__WM_NOTIFICATION_VALUE_CHANGED__ID_TEXT_DES_ECU__APPW_JOB_SETTEXT_9	24	static
D:/RAJASHEKHAR/VMS_HMI/DOZER_BD155/P_VERSION/SOFTWARE/NEW/BD155_P_V1_0_0/NewProject/Source/CustomCode/ID_SCREEN_DIAGNOSTICS_2_Slots.c:427:6:ID_SCREEN_DIAGNOSTICS_2__WM_NOTIFICATION_VALUE_CHANGED__ID_TEXT_DES_ECU__APPW_JOB_SETTEXT_10	24	static
D:/RAJASHEKHAR/VMS_HMI/DOZER_BD155/P_VERSION/SOFTWARE/NEW/BD155_P_V1_0_0/NewProject/Source/CustomCode/ID_SCREEN_DIAGNOSTICS_2_Slots.c:438:6:ID_SCREEN_DIAGNOSTICS_2__WM_NOTIFICATION_VALUE_CHANGED__ID_TEXT_DES_ECU__APPW_JOB_SETTEXT_11	24	static
D:/RAJASHEKHAR/VMS_HMI/DOZER_BD155/P_VERSION/SOFTWARE/NEW/BD155_P_V1_0_0/NewProject/Source/CustomCode/ID_SCREEN_DIAGNOSTICS_2_Slots.c:449:6:ID_SCREEN_DIAGNOSTICS_2__WM_NOTIFICATION_VALUE_CHANGED__ID_TEXT_DES_ECU__APPW_JOB_SETTEXT_12	24	static
D:/RAJASHEKHAR/VMS_HMI/DOZER_BD155/P_VERSION/SOFTWARE/NEW/BD155_P_V1_0_0/NewProject/Source/CustomCode/ID_SCREEN_DIAGNOSTICS_2_Slots.c:460:6:ID_SCREEN_DIAGNOSTICS_2__WM_NOTIFICATION_VALUE_CHANGED__ID_TEXT_DES_ECU__APPW_JOB_SETTEXT_13	24	static
D:/RAJASHEKHAR/VMS_HMI/DOZER_BD155/P_VERSION/SOFTWARE/NEW/BD155_P_V1_0_0/NewProject/Source/CustomCode/ID_SCREEN_DIAGNOSTICS_2_Slots.c:471:6:ID_SCREEN_DIAGNOSTICS_2__WM_NOTIFICATION_VALUE_CHANGED__ID_TEXT_DES_ECU__APPW_JOB_SETTEXT_14	24	static
D:/RAJASHEKHAR/VMS_HMI/DOZER_BD155/P_VERSION/SOFTWARE/NEW/BD155_P_V1_0_0/NewProject/Source/CustomCode/ID_SCREEN_DIAGNOSTICS_2_Slots.c:482:6:ID_SCREEN_DIAGNOSTICS_2__WM_NOTIFICATION_VALUE_CHANGED__ID_TEXT_DES_ECU__APPW_JOB_SETTEXT_15	24	static
D:/RAJASHEKHAR/VMS_HMI/DOZER_BD155/P_VERSION/SOFTWARE/NEW/BD155_P_V1_0_0/NewProject/Source/CustomCode/ID_SCREEN_DIAGNOSTICS_2_Slots.c:493:6:ID_SCREEN_DIAGNOSTICS_2__WM_NOTIFICATION_VALUE_CHANGED__ID_TEXT_DES_ECU__APPW_JOB_SETTEXT_16	24	static
D:/RAJASHEKHAR/VMS_HMI/DOZER_BD155/P_VERSION/SOFTWARE/NEW/BD155_P_V1_0_0/NewProject/Source/CustomCode/ID_SCREEN_DIAGNOSTICS_2_Slots.c:504:6:ID_SCREEN_DIAGNOSTICS_2__WM_NOTIFICATION_VALUE_CHANGED__ID_TEXT_DES_ECU__APPW_JOB_SETTEXT_17	24	static
D:/RAJASHEKHAR/VMS_HMI/DOZER_BD155/P_VERSION/SOFTWARE/NEW/BD155_P_V1_0_0/NewProject/Source/CustomCode/ID_SCREEN_DIAGNOSTICS_2_Slots.c:515:6:ID_SCREEN_DIAGNOSTICS_2__WM_NOTIFICATION_VALUE_CHANGED__ID_TEXT_DES_ECU__APPW_JOB_SETTEXT_18	24	static
D:/RAJASHEKHAR/VMS_HMI/DOZER_BD155/P_VERSION/SOFTWARE/NEW/BD155_P_V1_0_0/NewProject/Source/CustomCode/ID_SCREEN_DIAGNOSTICS_2_Slots.c:526:6:ID_SCREEN_DIAGNOSTICS_2__WM_NOTIFICATION_VALUE_CHANGED__ID_TEXT_DES_ECU__APPW_JOB_SETTEXT_19	24	static
D:/RAJASHEKHAR/VMS_HMI/DOZER_BD155/P_VERSION/SOFTWARE/NEW/BD155_P_V1_0_0/NewProject/Source/CustomCode/ID_SCREEN_DIAGNOSTICS_2_Slots.c:537:6:ID_SCREEN_DIAGNOSTICS_2__WM_NOTIFICATION_VALUE_CHANGED__ID_TEXT_DES_ECU__APPW_JOB_SETTEXT_20	24	static
D:/RAJASHEKHAR/VMS_HMI/DOZER_BD155/P_VERSION/SOFTWARE/NEW/BD155_P_V1_0_0/NewProject/Source/CustomCode/ID_SCREEN_DIAGNOSTICS_2_Slots.c:548:6:ID_SCREEN_DIAGNOSTICS_2__WM_NOTIFICATION_VALUE_CHANGED__ID_TEXT_DES_ECU__APPW_JOB_SETTEXT_21	24	static
D:/RAJASHEKHAR/VMS_HMI/DOZER_BD155/P_VERSION/SOFTWARE/NEW/BD155_P_V1_0_0/NewProject/Source/CustomCode/ID_SCREEN_DIAGNOSTICS_2_Slots.c:559:6:ID_SCREEN_DIAGNOSTICS_2__WM_NOTIFICATION_VALUE_CHANGED__ID_TEXT_DES_ECU__APPW_JOB_SETTEXT_22	24	static
D:/RAJASHEKHAR/VMS_HMI/DOZER_BD155/P_VERSION/SOFTWARE/NEW/BD155_P_V1_0_0/NewProject/Source/CustomCode/ID_SCREEN_DIAGNOSTICS_2_Slots.c:570:6:ID_SCREEN_DIAGNOSTICS_2__WM_NOTIFICATION_VALUE_CHANGED__ID_TEXT_DES_ECU__APPW_JOB_SETTEXT_23	24	static
D:/RAJASHEKHAR/VMS_HMI/DOZER_BD155/P_VERSION/SOFTWARE/NEW/BD155_P_V1_0_0/NewProject/Source/CustomCode/ID_SCREEN_DIAGNOSTICS_2_Slots.c:581:6:ID_SCREEN_DIAGNOSTICS_2__WM_NOTIFICATION_VALUE_CHANGED__ID_TEXT_DES_ECU__APPW_JOB_SETTEXT_24	24	static
D:/RAJASHEKHAR/VMS_HMI/DOZER_BD155/P_VERSION/SOFTWARE/NEW/BD155_P_V1_0_0/NewProject/Source/CustomCode/ID_SCREEN_DIAGNOSTICS_2_Slots.c:592:6:ID_SCREEN_DIAGNOSTICS_2__WM_NOTIFICATION_VALUE_CHANGED__ID_TEXT_DES_ECU__APPW_JOB_SETTEXT_25	24	static
D:/RAJASHEKHAR/VMS_HMI/DOZER_BD155/P_VERSION/SOFTWARE/NEW/BD155_P_V1_0_0/NewProject/Source/CustomCode/ID_SCREEN_DIAGNOSTICS_2_Slots.c:603:6:ID_SCREEN_DIAGNOSTICS_2__WM_NOTIFICATION_VALUE_CHANGED__ID_TEXT_DES_ECU__APPW_JOB_SETTEXT_26	24	static
D:/RAJASHEKHAR/VMS_HMI/DOZER_BD155/P_VERSION/SOFTWARE/NEW/BD155_P_V1_0_0/NewProject/Source/CustomCode/ID_SCREEN_DIAGNOSTICS_2_Slots.c:614:6:ID_SCREEN_DIAGNOSTICS_2__WM_NOTIFICATION_VALUE_CHANGED__ID_TEXT_DES_ECU__APPW_JOB_SETTEXT_27	24	static
D:/RAJASHEKHAR/VMS_HMI/DOZER_BD155/P_VERSION/SOFTWARE/NEW/BD155_P_V1_0_0/NewProject/Source/CustomCode/ID_SCREEN_DIAGNOSTICS_2_Slots.c:625:6:ID_SCREEN_DIAGNOSTICS_2__WM_NOTIFICATION_VALUE_CHANGED__ID_TEXT_DES_ECU__APPW_JOB_SETTEXT_28	24	static
D:/RAJASHEKHAR/VMS_HMI/DOZER_BD155/P_VERSION/SOFTWARE/NEW/BD155_P_V1_0_0/NewProject/Source/CustomCode/ID_SCREEN_DIAGNOSTICS_2_Slots.c:636:6:ID_SCREEN_DIAGNOSTICS_2__WM_NOTIFICATION_VALUE_CHANGED__ID_TEXT_DES_ECU__APPW_JOB_SETTEXT_29	24	static
D:/RAJASHEKHAR/VMS_HMI/DOZER_BD155/P_VERSION/SOFTWARE/NEW/BD155_P_V1_0_0/NewProject/Source/CustomCode/ID_SCREEN_DIAGNOSTICS_2_Slots.c:647:6:ID_SCREEN_DIAGNOSTICS_2__WM_NOTIFICATION_VALUE_CHANGED__ID_TEXT_DES_ECU__APPW_JOB_SETTEXT_30	24	static
D:/RAJASHEKHAR/VMS_HMI/DOZER_BD155/P_VERSION/SOFTWARE/NEW/BD155_P_V1_0_0/NewProject/Source/CustomCode/ID_SCREEN_DIAGNOSTICS_2_Slots.c:658:6:ID_SCREEN_DIAGNOSTICS_2__WM_NOTIFICATION_VALUE_CHANGED__ID_TEXT_DES_ECU__APPW_JOB_SETTEXT_31	24	static
D:/RAJASHEKHAR/VMS_HMI/DOZER_BD155/P_VERSION/SOFTWARE/NEW/BD155_P_V1_0_0/NewProject/Source/CustomCode/ID_SCREEN_DIAGNOSTICS_2_Slots.c:669:6:ID_SCREEN_DIAGNOSTICS_2__WM_NOTIFICATION_VALUE_CHANGED__ID_TEXT_DES_ECU__APPW_JOB_SETTEXT_32	24	static
D:/RAJASHEKHAR/VMS_HMI/DOZER_BD155/P_VERSION/SOFTWARE/NEW/BD155_P_V1_0_0/NewProject/Source/CustomCode/ID_SCREEN_DIAGNOSTICS_2_Slots.c:680:6:ID_SCREEN_DIAGNOSTICS_2__WM_NOTIFICATION_VALUE_CHANGED__ID_TEXT_DES_ECU__APPW_JOB_SETTEXT_33	24	static
D:/RAJASHEKHAR/VMS_HMI/DOZER_BD155/P_VERSION/SOFTWARE/NEW/BD155_P_V1_0_0/NewProject/Source/CustomCode/ID_SCREEN_DIAGNOSTICS_2_Slots.c:691:6:ID_SCREEN_DIAGNOSTICS_2__WM_NOTIFICATION_VALUE_CHANGED__ID_TEXT_DES_ECU__APPW_JOB_SETTEXT_34	24	static
D:/RAJASHEKHAR/VMS_HMI/DOZER_BD155/P_VERSION/SOFTWARE/NEW/BD155_P_V1_0_0/NewProject/Source/CustomCode/ID_SCREEN_DIAGNOSTICS_2_Slots.c:702:6:ID_SCREEN_DIAGNOSTICS_2__WM_NOTIFICATION_VALUE_CHANGED__ID_TEXT_DES_ECU__APPW_JOB_SETTEXT_35	24	static
D:/RAJASHEKHAR/VMS_HMI/DOZER_BD155/P_VERSION/SOFTWARE/NEW/BD155_P_V1_0_0/NewProject/Source/CustomCode/ID_SCREEN_DIAGNOSTICS_2_Slots.c:713:6:ID_SCREEN_DIAGNOSTICS_2__WM_NOTIFICATION_VALUE_CHANGED__ID_TEXT_DES_ECU__APPW_JOB_SETTEXT_36	24	static
D:/RAJASHEKHAR/VMS_HMI/DOZER_BD155/P_VERSION/SOFTWARE/NEW/BD155_P_V1_0_0/NewProject/Source/CustomCode/ID_SCREEN_DIAGNOSTICS_2_Slots.c:724:6:ID_SCREEN_DIAGNOSTICS_2__WM_NOTIFICATION_VALUE_CHANGED__ID_TEXT_DES_ECU__APPW_JOB_SETTEXT_37	24	static
D:/RAJASHEKHAR/VMS_HMI/DOZER_BD155/P_VERSION/SOFTWARE/NEW/BD155_P_V1_0_0/NewProject/Source/CustomCode/ID_SCREEN_DIAGNOSTICS_2_Slots.c:735:6:ID_SCREEN_DIAGNOSTICS_2__WM_NOTIFICATION_VALUE_CHANGED__ID_TEXT_DES_ECU__APPW_JOB_SETTEXT_38	24	static
D:/RAJASHEKHAR/VMS_HMI/DOZER_BD155/P_VERSION/SOFTWARE/NEW/BD155_P_V1_0_0/NewProject/Source/CustomCode/ID_SCREEN_DIAGNOSTICS_2_Slots.c:746:6:ID_SCREEN_DIAGNOSTICS_2__WM_NOTIFICATION_VALUE_CHANGED__ID_TEXT_DES_ECU__APPW_JOB_SETTEXT_39	24	static
D:/RAJASHEKHAR/VMS_HMI/DOZER_BD155/P_VERSION/SOFTWARE/NEW/BD155_P_V1_0_0/NewProject/Source/CustomCode/ID_SCREEN_DIAGNOSTICS_2_Slots.c:757:6:ID_SCREEN_DIAGNOSTICS_2__WM_NOTIFICATION_VALUE_CHANGED__ID_TEXT_DES_ECU__APPW_JOB_SETTEXT_40	24	static
D:/RAJASHEKHAR/VMS_HMI/DOZER_BD155/P_VERSION/SOFTWARE/NEW/BD155_P_V1_0_0/NewProject/Source/CustomCode/ID_SCREEN_DIAGNOSTICS_2_Slots.c:768:6:ID_SCREEN_DIAGNOSTICS_2__WM_NOTIFICATION_VALUE_CHANGED__ID_TEXT_DES_ECU__APPW_JOB_SETTEXT_41	24	static
D:/RAJASHEKHAR/VMS_HMI/DOZER_BD155/P_VERSION/SOFTWARE/NEW/BD155_P_V1_0_0/NewProject/Source/CustomCode/ID_SCREEN_DIAGNOSTICS_2_Slots.c:779:6:ID_SCREEN_DIAGNOSTICS_2__WM_NOTIFICATION_VALUE_CHANGED__ID_TEXT_DES_ECU__APPW_JOB_SETTEXT_42	24	static
D:/RAJASHEKHAR/VMS_HMI/DOZER_BD155/P_VERSION/SOFTWARE/NEW/BD155_P_V1_0_0/NewProject/Source/CustomCode/ID_SCREEN_DIAGNOSTICS_2_Slots.c:790:6:ID_SCREEN_DIAGNOSTICS_2__WM_NOTIFICATION_VALUE_CHANGED__ID_TEXT_DES_ECU__APPW_JOB_SETTEXT_43	24	static
D:/RAJASHEKHAR/VMS_HMI/DOZER_BD155/P_VERSION/SOFTWARE/NEW/BD155_P_V1_0_0/NewProject/Source/CustomCode/ID_SCREEN_DIAGNOSTICS_2_Slots.c:801:6:ID_SCREEN_DIAGNOSTICS_2__WM_NOTIFICATION_VALUE_CHANGED__ID_TEXT_DES_ECU__APPW_JOB_SETTEXT_44	24	static
D:/RAJASHEKHAR/VMS_HMI/DOZER_BD155/P_VERSION/SOFTWARE/NEW/BD155_P_V1_0_0/NewProject/Source/CustomCode/ID_SCREEN_DIAGNOSTICS_2_Slots.c:812:6:ID_SCREEN_DIAGNOSTICS_2__WM_NOTIFICATION_VALUE_CHANGED__ID_TEXT_DES_VMS__APPW_JOB_SETTEXT	24	static
D:/RAJASHEKHAR/VMS_HMI/DOZER_BD155/P_VERSION/SOFTWARE/NEW/BD155_P_V1_0_0/NewProject/Source/CustomCode/ID_SCREEN_DIAGNOSTICS_2_Slots.c:823:6:ID_SCREEN_DIAGNOSTICS_2__WM_NOTIFICATION_VALUE_CHANGED__ID_TEXT_DES_VMS__APPW_JOB_SETTEXT_0	24	static
D:/RAJASHEKHAR/VMS_HMI/DOZER_BD155/P_VERSION/SOFTWARE/NEW/BD155_P_V1_0_0/NewProject/Source/CustomCode/ID_SCREEN_DIAGNOSTICS_2_Slots.c:834:6:ID_SCREEN_DIAGNOSTICS_2__WM_NOTIFICATION_VALUE_CHANGED__ID_TEXT_DES_VMS__APPW_JOB_SETTEXT_1	24	static
D:/RAJASHEKHAR/VMS_HMI/DOZER_BD155/P_VERSION/SOFTWARE/NEW/BD155_P_V1_0_0/NewProject/Source/CustomCode/ID_SCREEN_DIAGNOSTICS_2_Slots.c:845:6:ID_SCREEN_DIAGNOSTICS_2__WM_NOTIFICATION_VALUE_CHANGED__ID_TEXT_DES_VMS__APPW_JOB_SETTEXT_2	24	static
D:/RAJASHEKHAR/VMS_HMI/DOZER_BD155/P_VERSION/SOFTWARE/NEW/BD155_P_V1_0_0/NewProject/Source/CustomCode/ID_SCREEN_DIAGNOSTICS_2_Slots.c:856:6:ID_SCREEN_DIAGNOSTICS_2__WM_NOTIFICATION_VALUE_CHANGED__ID_TEXT_DES_VMS__APPW_JOB_SETTEXT_3	24	static
D:/RAJASHEKHAR/VMS_HMI/DOZER_BD155/P_VERSION/SOFTWARE/NEW/BD155_P_V1_0_0/NewProject/Source/CustomCode/ID_SCREEN_DIAGNOSTICS_2_Slots.c:867:6:ID_SCREEN_DIAGNOSTICS_2__WM_NOTIFICATION_VALUE_CHANGED__ID_TEXT_DES_VMS__APPW_JOB_SETTEXT_4	24	static
D:/RAJASHEKHAR/VMS_HMI/DOZER_BD155/P_VERSION/SOFTWARE/NEW/BD155_P_V1_0_0/NewProject/Source/CustomCode/ID_SCREEN_DIAGNOSTICS_2_Slots.c:878:6:ID_SCREEN_DIAGNOSTICS_2__WM_NOTIFICATION_VALUE_CHANGED__ID_TEXT_DES_VMS__APPW_JOB_SETTEXT_5	24	static
D:/RAJASHEKHAR/VMS_HMI/DOZER_BD155/P_VERSION/SOFTWARE/NEW/BD155_P_V1_0_0/NewProject/Source/CustomCode/ID_SCREEN_DIAGNOSTICS_2_Slots.c:889:6:ID_SCREEN_DIAGNOSTICS_2__WM_NOTIFICATION_VALUE_CHANGED__ID_TEXT_DES_VMS__APPW_JOB_SETTEXT_6	24	static
D:/RAJASHEKHAR/VMS_HMI/DOZER_BD155/P_VERSION/SOFTWARE/NEW/BD155_P_V1_0_0/NewProject/Source/CustomCode/ID_SCREEN_DIAGNOSTICS_2_Slots.c:900:6:ID_SCREEN_DIAGNOSTICS_2__WM_NOTIFICATION_VALUE_CHANGED__ID_TEXT_DES_VMS__APPW_JOB_SETTEXT_7	24	static
D:/RAJASHEKHAR/VMS_HMI/DOZER_BD155/P_VERSION/SOFTWARE/NEW/BD155_P_V1_0_0/NewProject/Source/CustomCode/ID_SCREEN_DIAGNOSTICS_2_Slots.c:911:6:ID_SCREEN_DIAGNOSTICS_2__WM_NOTIFICATION_VALUE_CHANGED__ID_TEXT_DES_VMS__APPW_JOB_SETTEXT_8	24	static
D:/RAJASHEKHAR/VMS_HMI/DOZER_BD155/P_VERSION/SOFTWARE/NEW/BD155_P_V1_0_0/NewProject/Source/CustomCode/ID_SCREEN_DIAGNOSTICS_2_Slots.c:922:6:ID_SCREEN_DIAGNOSTICS_2__WM_NOTIFICATION_VALUE_CHANGED__ID_TEXT_DES_VMS__APPW_JOB_SETTEXT_9	24	static
D:/RAJASHEKHAR/VMS_HMI/DOZER_BD155/P_VERSION/SOFTWARE/NEW/BD155_P_V1_0_0/NewProject/Source/CustomCode/ID_SCREEN_DIAGNOSTICS_2_Slots.c:933:6:ID_SCREEN_DIAGNOSTICS_2__WM_NOTIFICATION_VALUE_CHANGED__ID_TEXT_DES_VMS__APPW_JOB_SETTEXT_10	24	static
D:/RAJASHEKHAR/VMS_HMI/DOZER_BD155/P_VERSION/SOFTWARE/NEW/BD155_P_V1_0_0/NewProject/Source/CustomCode/ID_SCREEN_DIAGNOSTICS_2_Slots.c:944:6:ID_SCREEN_DIAGNOSTICS_2__WM_NOTIFICATION_VALUE_CHANGED__ID_TEXT_DES_VMS__APPW_JOB_SETTEXT_11	24	static
D:/RAJASHEKHAR/VMS_HMI/DOZER_BD155/P_VERSION/SOFTWARE/NEW/BD155_P_V1_0_0/NewProject/Source/CustomCode/ID_SCREEN_DIAGNOSTICS_2_Slots.c:955:6:ID_SCREEN_DIAGNOSTICS_2__WM_NOTIFICATION_VALUE_CHANGED__ID_TEXT_DES_VMS__APPW_JOB_SETTEXT_12	24	static
D:/RAJASHEKHAR/VMS_HMI/DOZER_BD155/P_VERSION/SOFTWARE/NEW/BD155_P_V1_0_0/NewProject/Source/CustomCode/ID_SCREEN_DIAGNOSTICS_2_Slots.c:966:6:ID_SCREEN_DIAGNOSTICS_2__WM_NOTIFICATION_VALUE_CHANGED__ID_TEXT_DES_VMS__APPW_JOB_SETTEXT_13	24	static
D:/RAJASHEKHAR/VMS_HMI/DOZER_BD155/P_VERSION/SOFTWARE/NEW/BD155_P_V1_0_0/NewProject/Source/CustomCode/ID_SCREEN_DIAGNOSTICS_2_Slots.c:977:6:ID_SCREEN_DIAGNOSTICS_2__WM_NOTIFICATION_VALUE_CHANGED__ID_TEXT_DES_VMS__APPW_JOB_SETTEXT_14	24	static
D:/RAJASHEKHAR/VMS_HMI/DOZER_BD155/P_VERSION/SOFTWARE/NEW/BD155_P_V1_0_0/NewProject/Source/CustomCode/ID_SCREEN_DIAGNOSTICS_2_Slots.c:988:6:ID_SCREEN_DIAGNOSTICS_2__WM_NOTIFICATION_VALUE_CHANGED__ID_TEXT_DES_VMS__APPW_JOB_SETTEXT_15	24	static
D:/RAJASHEKHAR/VMS_HMI/DOZER_BD155/P_VERSION/SOFTWARE/NEW/BD155_P_V1_0_0/NewProject/Source/CustomCode/ID_SCREEN_DIAGNOSTICS_2_Slots.c:999:6:ID_SCREEN_DIAGNOSTICS_2__WM_NOTIFICATION_VALUE_CHANGED__ID_TEXT_DES_VMS__APPW_JOB_SETTEXT_16	24	static
