../source/drivers/flexspi/bl_flexspi.c:1363:6:flexspi_clear_sequence_pointer.part.0	0	static
../source/drivers/flexspi/bl_flexspi.c:415:13:flexspi_wait_until_ip_idle.constprop	0	static
../source/drivers/flexspi/bl_flexspi.c:81:13:flexspi_swreset.constprop	0	static
../source/drivers/flexspi/bl_flexspi.c:101:6:flexspi_is_parallel_mode	0	static
../source/drivers/flexspi/bl_flexspi.c:113:6:flexspi_is_padsetting_override_enable	0	static
../source/drivers/flexspi/bl_flexspi.c:125:6:flexspi_is_differential_clock_enable	0	static
../source/drivers/flexspi/bl_flexspi.c:137:6:flexspi_is_word_addressable	0	static
../source/drivers/flexspi/bl_flexspi.c:149:6:flexspi_is_ck2_enabled	0	static
../source/drivers/flexspi/bl_flexspi.c:161:6:flexspi_is_ddr_mode_enable	0	static
../source/drivers/flexspi/bl_flexspi.c:174:10:flexspi_configure_dll	64	static
../source/drivers/flexspi/bl_flexspi.c:337:10:flexspi_get_ticks	8	static
../source/drivers/flexspi/bl_flexspi.c:366:10:flexspi_config_mcr1	32	static
../source/drivers/flexspi/bl_flexspi.c:441:10:flexspi_config_flash_control_registers	32	static
../source/drivers/flexspi/bl_flexspi.c:506:10:flexspi_config_ahb_buffers	8	static
../source/drivers/flexspi/bl_flexspi.c:942:10:flexspi_update_lut	16	static
../source/drivers/flexspi/bl_flexspi.c:985:10:flexspi_command_xfer	32	static
../source/drivers/flexspi/bl_flexspi.c:549:10:flexspi_device_write_enable	48	static
../source/drivers/flexspi/bl_flexspi.c:1192:6:flexspi_wait_idle	0	static
../source/drivers/flexspi/bl_flexspi.c:1211:6:flexspi_clear_cache	0	static
../source/drivers/flexspi/bl_flexspi.c:1256:10:flexspi_device_wait_busy	96	static
../source/drivers/flexspi/bl_flexspi.c:775:10:flexspi_init	96	static
../source/drivers/flexspi/bl_flexspi.c:1363:6:flexspi_clear_sequence_pointer	0	static
../source/drivers/flexspi/bl_flexspi.c:1383:6:flexspi_half_clock_control	8	static
