Archive member included to satisfy reference by file (symbol)

c:/nxp/mcuxpressoide_11.6.1_8255/ide/plugins/com.nxp.mcuxpresso.tools.win32_11.6.1.202207200623/tools/bin/../lib/gcc/arm-none-eabi/10.3.1/../../../../arm-none-eabi/lib/thumb/v7e-m+dp/hard\libcr_nohost_nf.a(_cr__main.o)
                              ./startup/startup_mimxrt1052.o (__main)
c:/nxp/mcuxpressoide_11.6.1_8255/ide/plugins/com.nxp.mcuxpresso.tools.win32_11.6.1.202207200623/tools/bin/../lib/gcc/arm-none-eabi/10.3.1/../../../../arm-none-eabi/lib/thumb/v7e-m+dp/hard\libcr_c.a(memcpy.o)
                              ./utilities/fsl_debug_console.o (memcpy)
c:/nxp/mcuxpressoide_11.6.1_8255/ide/plugins/com.nxp.mcuxpresso.tools.win32_11.6.1.202207200623/tools/bin/../lib/gcc/arm-none-eabi/10.3.1/../../../../arm-none-eabi/lib/thumb/v7e-m+dp/hard\libcr_c.a(memset.o)
                              ./source/flexspi_romapi.o (memset)
c:/nxp/mcuxpressoide_11.6.1_8255/ide/plugins/com.nxp.mcuxpresso.tools.win32_11.6.1.202207200623/tools/bin/../lib/gcc/arm-none-eabi/10.3.1/../../../../arm-none-eabi/lib/thumb/v7e-m+dp/hard\libcr_c.a(alloc.o)
                              ./drivers/fsl_common.o (malloc)
c:/nxp/mcuxpressoide_11.6.1_8255/ide/plugins/com.nxp.mcuxpresso.tools.win32_11.6.1.202207200623/tools/bin/../lib/gcc/arm-none-eabi/10.3.1/../../../../arm-none-eabi/lib/thumb/v7e-m+dp/hard\libcr_c.a(initio.o)
                              c:/nxp/mcuxpressoide_11.6.1_8255/ide/plugins/com.nxp.mcuxpresso.tools.win32_11.6.1.202207200623/tools/bin/../lib/gcc/arm-none-eabi/10.3.1/../../../../arm-none-eabi/lib/thumb/v7e-m+dp/hard\libcr_nohost_nf.a(_cr__main.o) (_initio)
c:/nxp/mcuxpressoide_11.6.1_8255/ide/plugins/com.nxp.mcuxpresso.tools.win32_11.6.1.202207200623/tools/bin/../lib/gcc/arm-none-eabi/10.3.1/../../../../arm-none-eabi/lib/thumb/v7e-m+dp/hard\libcr_c.a(memcmp.o)
                              ./source/flexspi_romapi.o (memcmp)
c:/nxp/mcuxpressoide_11.6.1_8255/ide/plugins/com.nxp.mcuxpresso.tools.win32_11.6.1.202207200623/tools/bin/../lib/gcc/arm-none-eabi/10.3.1/../../../../arm-none-eabi/lib/thumb/v7e-m+dp/hard\libcr_c.a(printf.o)
                              ./source/host_msd_fatfs.o (_sprintf)
c:/nxp/mcuxpressoide_11.6.1_8255/ide/plugins/com.nxp.mcuxpresso.tools.win32_11.6.1.202207200623/tools/bin/../lib/gcc/arm-none-eabi/10.3.1/../../../../arm-none-eabi/lib/thumb/v7e-m+dp/hard\libcr_c.a(setvbuf.o)
                              c:/nxp/mcuxpressoide_11.6.1_8255/ide/plugins/com.nxp.mcuxpresso.tools.win32_11.6.1.202207200623/tools/bin/../lib/gcc/arm-none-eabi/10.3.1/../../../../arm-none-eabi/lib/thumb/v7e-m+dp/hard\libcr_c.a(initio.o) (setvbuf)
c:/nxp/mcuxpressoide_11.6.1_8255/ide/plugins/com.nxp.mcuxpresso.tools.win32_11.6.1.202207200623/tools/bin/../lib/gcc/arm-none-eabi/10.3.1/../../../../arm-none-eabi/lib/thumb/v7e-m+dp/hard\libcr_c.a(strchr.o)
                              ./fatfs/source/ff.o (strchr)
c:/nxp/mcuxpressoide_11.6.1_8255/ide/plugins/com.nxp.mcuxpresso.tools.win32_11.6.1.202207200623/tools/bin/../lib/gcc/arm-none-eabi/10.3.1/../../../../arm-none-eabi/lib/thumb/v7e-m+dp/hard\libcr_c.a(strlen.o)
                              ./utilities/fsl_debug_console.o (strlen)
c:/nxp/mcuxpressoide_11.6.1_8255/ide/plugins/com.nxp.mcuxpresso.tools.win32_11.6.1.202207200623/tools/bin/../lib/gcc/arm-none-eabi/10.3.1/../../../../arm-none-eabi/lib/thumb/v7e-m+dp/hard\libcr_c.a(__init_alloc.o)
                              c:/nxp/mcuxpressoide_11.6.1_8255/ide/plugins/com.nxp.mcuxpresso.tools.win32_11.6.1.202207200623/tools/bin/../lib/gcc/arm-none-eabi/10.3.1/../../../../arm-none-eabi/lib/thumb/v7e-m+dp/hard\libcr_c.a(alloc.o) (__heaps)
c:/nxp/mcuxpressoide_11.6.1_8255/ide/plugins/com.nxp.mcuxpresso.tools.win32_11.6.1.202207200623/tools/bin/../lib/gcc/arm-none-eabi/10.3.1/../../../../arm-none-eabi/lib/thumb/v7e-m+dp/hard\libcr_c.a(_cr_sbrk.o)
                              c:/nxp/mcuxpressoide_11.6.1_8255/ide/plugins/com.nxp.mcuxpresso.tools.win32_11.6.1.202207200623/tools/bin/../lib/gcc/arm-none-eabi/10.3.1/../../../../arm-none-eabi/lib/thumb/v7e-m+dp/hard\libcr_c.a(alloc.o) (_sbrk)
c:/nxp/mcuxpressoide_11.6.1_8255/ide/plugins/com.nxp.mcuxpresso.tools.win32_11.6.1.202207200623/tools/bin/../lib/gcc/arm-none-eabi/10.3.1/../../../../arm-none-eabi/lib/thumb/v7e-m+dp/hard\libcr_c.a(_deferredlazyseek.o)
                              c:/nxp/mcuxpressoide_11.6.1_8255/ide/plugins/com.nxp.mcuxpresso.tools.win32_11.6.1.202207200623/tools/bin/../lib/gcc/arm-none-eabi/10.3.1/../../../../arm-none-eabi/lib/thumb/v7e-m+dp/hard\libcr_c.a(printf.o) (__flsbuf)
c:/nxp/mcuxpressoide_11.6.1_8255/ide/plugins/com.nxp.mcuxpresso.tools.win32_11.6.1.202207200623/tools/bin/../lib/gcc/arm-none-eabi/10.3.1/../../../../arm-none-eabi/lib/thumb/v7e-m+dp/hard\libcr_c.a(_fdopen.o)
[...]
Memory Configuration

Name             Origin             Length             Attributes
BOARD_FLASH      0x60000000         0x04000000         xr
BOARD_SDRAM      0x80000000         0x01e00000         xrw
NCACHE_REGION    0x81e00000         0x00200000         xrw
SRAM_DTC         0x20000000         0x00020000         xrw
SRAM_ITC         0x00000000         0x00020000         xrw
SRAM_OC          0x20200000         0x00040000         xrw
*default*        0x00000000         0xffffffff

Linker script and memory map

LOAD ./xip/evkbimxrt1050_flexspi_nor_config.o
LOAD ./xip/fsl_flexspi_nor_boot.o
LOAD ./utilities/fsl_assert.o
LOAD ./utilities/fsl_debug_console.o
LOAD ./usb/phy/usb_phy.o
LOAD ./usb/host/class/usb_host_hub.o
LOAD ./usb/host/class/usb_host_hub_app.o
LOAD ./usb/host/class/usb_host_msd.o
LOAD ./usb/host/class/usb_host_msd_ufi.o
LOAD ./usb/host/usb_host_devices.o
LOAD ./usb/host/usb_host_ehci.o
LOAD ./usb/host/usb_host_framework.o
LOAD ./usb/host/usb_host_hci.o
LOAD ./startup/startup_mimxrt1052.o
LOAD ./source/flexspi_romapi.o
LOAD ./source/flexspi_romapi_ops.o
LOAD ./source/host_msd_fatfs.o
LOAD ./source/semihost_hardfault.o
LOAD ./fatfs/source/fsl_usb_disk/fsl_usb_disk_bm.o
LOAD ./fatfs/source/fsl_ram_disk/fsl_ram_disk.o
LOAD ./fatfs/source/diskio.o
LOAD ./fatfs/source/ff.o
LOAD ./fatfs/source/ffsystem.o
LOAD ./fatfs/source/ffunicode.o
LOAD ./drivers/fsl_cache.o
LOAD ./drivers/fsl_clock.o
LOAD ./drivers/fsl_common.o
LOAD ./drivers/fsl_common_arm.o
LOAD ./drivers/fsl_gpio.o
LOAD ./drivers/fsl_lpuart.o
LOAD ./drivers/fsl_romapi.o
LOAD ./device/system_MIMXRT1052.o
LOAD ./component/uart/fsl_adapter_lpuart.o
LOAD ./component/silicon_id/fsl_silicon_id.o
LOAD ./component/osa/fsl_os_abstraction_bm.o
LOAD ./component/lists/fsl_component_generic_list.o
LOAD ./board/board.o
LOAD ./board/clock_config.o
LOAD ./board/dcd.o
LOAD ./board/pin_mux.o
START GROUP
LOAD c:/nxp/mcuxpressoide_11.6.1_8255/ide/plugins/com.nxp.mcuxpresso.tools.win32_11.6.1.202207200623/tools/bin/../lib/gcc/arm-none-eabi/10.3.1/../../../../arm-none-eabi/lib/thumb/v7e-m+dp/hard\libcr_nohost_nf.a
LOAD c:/nxp/mcuxpressoide_11.6.1_8255/ide/plugins/com.nxp.mcuxpresso.tools.win32_11.6.1.202207200623/tools/bin/../lib/gcc/arm-none-eabi/10.3.1/../../../../arm-none-eabi/lib/thumb/v7e-m+dp/hard\libcr_c.a
LOAD c:/nxp/mcuxpressoide_11.6.1_8255/ide/plugins/com.nxp.mcuxpresso.tools.win32_11.6.1.202207200623/tools/bin/../lib/gcc/arm-none-eabi/10.3.1/thumb/v7e-m+dp/hard\libcr_eabihelpers.a
LOAD c:/nxp/mcuxpressoide_11.6.1_8255/ide/plugins/com.nxp.mcuxpresso.tools.win32_11.6.1.202207200623/tools/bin/../lib/gcc/arm-none-eabi/10.3.1/thumb/v7e-m+dp/hard\libgcc.a
END GROUP
                0x60000000                __base_BOARD_FLASH = 0x60000000
                0x60000000                __base_Flash = 0x60000000
                0x64000000                __top_BOARD_FLASH = 0x64000000
                0x64000000                __top_Flash = 0x64000000
                0x80000000                __base_BOARD_SDRAM = 0x80000000
                0x80000000                __base_RAM = 0x80000000
                0x81e00000                __top_BOARD_SDRAM = 0x81e00000
                0x81e00000                __top_RAM = 0x81e00000
                0x81e00000                __base_NCACHE_REGION = 0x81e00000
                0x81e00000                __base_RAM2 = 0x81e00000
                0x82000000                __top_NCACHE_REGION = 0x82000000
                0x82000000                __top_RAM2 = 0x82000000
                0x20000000                __base_SRAM_DTC = 0x20000000
                0x20000000                __base_RAM3 = 0x20000000
                0x20020000                __top_SRAM_DTC = 0x20020000
                0x20020000                __top_RAM3 = 0x20020000
                0x00000000                __base_SRAM_ITC = 0x0
                0x00000000                __base_RAM4 = 0x0
                0x00020000                __top_SRAM_ITC = 0x20000
                0x00020000                __top_RAM4 = 0x20000
                0x20200000                __base_SRAM_OC = 0x20200000
                0x20200000                __base_RAM5 = 0x20200000
                0x20240000                __top_SRAM_OC = 0x20240000
                0x20240000                __top_RAM5 = 0x20240000

.boot_hdr       0x60000000     0x2000
 FILL mask 0xff
                0x60000000                __boot_hdr_start__ = ABSOLUTE (.)
 *(SORT_BY_ALIGNMENT(.boot_hdr.conf))
 .boot_hdr.conf
                0x60000000      0x200 ./xip/evkbimxrt1050_flexspi_nor_config.o
                0x60000000                hyperflash_config
                0x00001000                . = 0x1000
 *fill*         0x60000200      0xe00 ff
 *(SORT_BY_ALIGNMENT(.boot_hdr.ivt))
 .boot_hdr.ivt  0x60001000       0x20 ./xip/fsl_flexspi_nor_boot.o
                0x60001000                image_vector_table
                0x00001020                . = 0x1020
 *(SORT_BY_ALIGNMENT(.boot_hdr.boot_data))
 .boot_hdr.boot_data
                0x60001020       0x10 ./xip/fsl_flexspi_nor_boot.o
                0x60001020                g_boot_data
                0x00001030                . = 0x1030
 *(SORT_BY_ALIGNMENT(.boot_hdr.dcd_data))
 .boot_hdr.dcd_data
                0x60001030      0x410 ./board/dcd.o
                0x60001030                dcd_data
                0x60001440                __boot_hdr_end__ = ABSOLUTE (.)
                0x00002000                . = 0x2000
 *fill*         0x60001440      0xbc0 ff

.text           0x60002000     0xfc98
 FILL mask 0xff
                0x60002000                __vectors_start__ = ABSOLUTE (.)
 *(SORT_BY_ALIGNMENT(.isr_vector))
 .isr_vector    0x60002000      0x2a0 ./startup/startup_mimxrt1052.o
                0x60002000                g_pfnVectors
                0x60002000                __Vectors
                0x600022a0                . = ALIGN (0x4)
                0x600022a0                __section_table_start = .
                0x600022a0                __data_section_table = .
                0x600022a0        0x4 LONG 0x60011c98 LOADADDR (.data)
                0x600022a4        0x4 LONG 0x80000000 ADDR (.data)
                0x600022a8        0x4 LONG 0x14 SIZEOF (.data)
                0x600022ac        0x4 LONG 0x60011c98 LOADADDR (.data_RAM2)
                0x600022b0        0x4 LONG 0x81e00000 ADDR (.data_RAM2)
                0x600022b4        0x4 LONG 0x0 SIZEOF (.data_RAM2)
                0x600022b8        0x4 LONG 0x60011c98 LOADADDR (.data_RAM3)
                0x600022bc        0x4 LONG 0x20000000 ADDR (.data_RAM3)
                0x600022c0        0x4 LONG 0x0 SIZEOF (.data_RAM3)
                0x600022c4        0x4 LONG 0x60011c98 LOADADDR (.data_RAM4)
                0x600022c8        0x4 LONG 0x0 ADDR (.data_RAM4)
                0x600022cc        0x4 LONG 0x0 SIZEOF (.data_RAM4)
                0x600022d0        0x4 LONG 0x60011c98 LOADADDR (.data_RAM5)
                0x600022d4        0x4 LONG 0x20200000 ADDR (.data_RAM5)
                0x600022d8        0x4 LONG 0x0 SIZEOF (.data_RAM5)
                0x600022dc                __data_section_table_end = .
                0x600022dc                __bss_section_table = .
                0x600022dc        0x4 LONG 0x80000014 ADDR (.bss)
                0x600022e0        0x4 LONG 0x1238 SIZEOF (.bss)
                0x600022e4        0x4 LONG 0x81e00000 ADDR (.bss_RAM2)
                0x600022e8        0x4 LONG 0x0 SIZEOF (.bss_RAM2)
                0x600022ec        0x4 LONG 0x20000000 ADDR (.bss_RAM3)
                0x600022f0        0x4 LONG 0x2e80 SIZEOF (.bss_RAM3)
                0x600022f4        0x4 LONG 0x0 ADDR (.bss_RAM4)
                0x600022f8        0x4 LONG 0x0 SIZEOF (.bss_RAM4)
                0x600022fc        0x4 LONG 0x20200000 ADDR (.bss_RAM5)
                0x60002300        0x4 LONG 0x0 SIZEOF (.bss_RAM5)
                0x60002304                __bss_section_table_end = .
                0x60002304                __section_table_end = .
 *(SORT_BY_ALIGNMENT(.after_vectors*))
 .after_vectors.reset
                0x60002304       0x54 ./startup/startup_mimxrt1052.o
                0x60002304                ResetISR
 .after_vectors.init_data
                0x60002358       0x1e ./startup/startup_mimxrt1052.o
                0x60002358                data_init
 .after_vectors.init_bss
                0x60002376       0x12 ./startup/startup_mimxrt1052.o
                0x60002376                bss_init
 .after_vectors
                0x60002388       0x14 ./startup/startup_mimxrt1052.o
                0x60002388                NMI_Handler
                0x6000238c                MemManage_Handler
                0x6000238e                BusFault_Handler
                0x60002390                UsageFault_Handler
                0x60002392                SVC_Handler
                0x60002394                DebugMon_Handler
                0x60002396                PendSV_Handler
                0x60002398                SysTick_Handler
                0x6000239a                PIT_DriverIRQHandler
                0x6000239a                PMU_EVENT_DriverIRQHandler
                0x6000239a                PWM4_FAULT_DriverIRQHandler
                0x6000239a                DMA13_DMA29_DriverIRQHandler
                0x6000239a                SAI3_RX_DriverIRQHandler
                0x6000239a                LPSPI4_DriverIRQHandler
                0x6000239a                SEMC_DriverIRQHandler
                0x6000239a                SPDIF_DriverIRQHandler
                0x6000239a                CCM_2_DriverIRQHandler
                0x6000239a                PWM4_3_DriverIRQHandler
                0x6000239a                FLEXRAM_DriverIRQHandler
                0x6000239a                LCDIF_DriverIRQHandler
                0x6000239a                USB_PHY1_DriverIRQHandler
                0x6000239a                GPIO3_Combined_0_15_DriverIRQHandler
                0x6000239a                DMA7_DMA23_DriverIRQHandler
                0x6000239a                BEE_DriverIRQHandler
                0x6000239a                LPI2C3_DriverIRQHandler
                0x6000239a                GPR_IRQ_DriverIRQHandler
                0x6000239a                PWM2_FAULT_DriverIRQHandler
                0x6000239a                PWM3_1_DriverIRQHandler
                0x6000239a                DMA14_DMA30_DriverIRQHandler
                0x6000239a                TMR1_DriverIRQHandler
                0x6000239a                TRNG_DriverIRQHandler
                0x6000239a                PWM3_2_DriverIRQHandler
                0x6000239a                ENET_1588_Timer_DriverIRQHandler
                0x6000239a                FLEXIO2_DriverIRQHandler
                0x6000239a                GPIO2_Combined_16_31_DriverIRQHandler
                0x6000239a                Reserved143_DriverIRQHandler
                0x6000239a                LPSPI2_DriverIRQHandler
                0x6000239a                PWM4_1_DriverIRQHandler
                0x6000239a                PWM3_3_DriverIRQHandler
                0x6000239a                DMA0_DMA16_DriverIRQHandler
                0x6000239a                IntDefaultHandler
                0x6000239a                DMA2_DMA18_DriverIRQHandler
                0x6000239a                SRC_DriverIRQHandler
                0x6000239a                GPIO1_INT4_DriverIRQHandler
                0x6000239a                Reserved144_DriverIRQHandler
                0x6000239a                USDHC1_DriverIRQHandler
                0x6000239a                ENC3_DriverIRQHandler
                0x6000239a                PWM3_FAULT_DriverIRQHandler
                0x6000239a                EWM_DriverIRQHandler
                0x6000239a                TSC_DIG_DriverIRQHandler
                0x6000239a                KPP_DriverIRQHandler
                0x6000239a                FLEXIO1_DriverIRQHandler
                0x6000239a                ENET_DriverIRQHandler
                0x6000239a                Reserved78_DriverIRQHandler
                0x6000239a                TMR4_DriverIRQHandler
                0x6000239a                ENC2_DriverIRQHandler
                0x6000239a                ADC_ETC_IRQ2_DriverIRQHandler
                0x6000239a                GPIO1_Combined_16_31_DriverIRQHandler
                0x6000239a                GPIO1_INT7_DriverIRQHandler
                0x6000239a                SAI1_DriverIRQHandler
                0x6000239a                DCDC_DriverIRQHandler
                0x6000239a                DMA12_DMA28_DriverIRQHandler
                0x6000239a                PWM4_0_DriverIRQHandler
                0x6000239a                ADC_ETC_ERROR_IRQ_DriverIRQHandler
                0x6000239a                ACMP2_DriverIRQHandler
                0x6000239a                GPIO5_Combined_0_15_DriverIRQHandler
                0x6000239a                GPIO1_INT0_DriverIRQHandler
                0x6000239a                GPIO1_INT2_DriverIRQHandler
                0x6000239a                RTWDOG_DriverIRQHandler
                0x6000239a                FLEXSPI_DriverIRQHandler
                0x6000239a                GPT2_DriverIRQHandler
                0x6000239a                USB_PHY2_DriverIRQHandler
                0x6000239a                DMA10_DMA26_DriverIRQHandler
                0x6000239a                PWM2_1_DriverIRQHandler
                0x6000239a                PWM1_1_DriverIRQHandler
                0x6000239a                PXP_DriverIRQHandler
                0x6000239a                ADC1_DriverIRQHandler
                0x6000239a                PWM1_0_DriverIRQHandler
                0x6000239a                SJC_DriverIRQHandler
                0x6000239a                DMA1_DMA17_DriverIRQHandler
                0x6000239a                ENC1_DriverIRQHandler
                0x6000239a                ENC4_DriverIRQHandler
                0x6000239a                CAN2_DriverIRQHandler
                0x6000239a                DCP_DriverIRQHandler
                0x6000239a                CTI0_ERROR_DriverIRQHandler
                0x6000239a                DMA8_DMA24_DriverIRQHandler
                0x6000239a                GPT1_DriverIRQHandler
                0x6000239a                ACMP3_DriverIRQHandler
                0x6000239a                DMA6_DMA22_DriverIRQHandler
                0x6000239a                CSU_DriverIRQHandler
                0x6000239a                GPIO1_INT5_DriverIRQHandler
                0x6000239a                TMR3_DriverIRQHandler
                0x6000239a                TMR2_DriverIRQHandler
                0x6000239a                CTI1_ERROR_DriverIRQHandler
                0x6000239a                GPIO1_Combined_0_15_DriverIRQHandler
                0x6000239a                USDHC2_DriverIRQHandler
                0x6000239a                PWM4_2_DriverIRQHandler
                0x6000239a                Reserved87_DriverIRQHandler
                0x6000239a                SAI2_DriverIRQHandler
                0x6000239a                CORE_DriverIRQHandler
                0x6000239a                WDOG1_DriverIRQHandler
                0x6000239a                DMA11_DMA27_DriverIRQHandler
                0x6000239a                CSI_DriverIRQHandler
                0x6000239a                PWM2_3_DriverIRQHandler
                0x6000239a                XBAR1_IRQ_2_3_DriverIRQHandler
                0x6000239a                SNVS_HP_WRAPPER_TZ_DriverIRQHandler
                0x6000239a                GPIO3_Combined_16_31_DriverIRQHandler
                0x6000239a                PWM1_FAULT_DriverIRQHandler
                0x6000239a                LPI2C1_DriverIRQHandler
                0x6000239a                PWM2_2_DriverIRQHandler
                0x6000239a                DMA4_DMA20_DriverIRQHandler
                0x6000239a                DMA9_DMA25_DriverIRQHandler
                0x6000239a                SNVS_HP_WRAPPER_DriverIRQHandler
                0x6000239a                XBAR1_IRQ_0_1_DriverIRQHandler
                0x6000239a                ADC_ETC_IRQ1_DriverIRQHandler
                0x6000239a                LPSPI1_DriverIRQHandler
                0x6000239a                DMA3_DMA19_DriverIRQHandler
                0x6000239a                GPIO1_INT3_DriverIRQHandler
                0x6000239a                DCP_VMI_DriverIRQHandler
                0x6000239a                LPI2C4_DriverIRQHandler
                0x6000239a                GPC_DriverIRQHandler
                0x6000239a                Reserved123_DriverIRQHandler
                0x6000239a                GPIO2_Combined_0_15_DriverIRQHandler
                0x6000239a                PWM1_2_DriverIRQHandler
                0x6000239a                USB_OTG1_DriverIRQHandler
                0x6000239a                TEMP_LOW_HIGH_DriverIRQHandler
                0x6000239a                SAI3_TX_DriverIRQHandler
                0x6000239a                WDOG2_DriverIRQHandler
                0x6000239a                Reserved68_DriverIRQHandler
                0x6000239a                PWM3_0_DriverIRQHandler
                0x6000239a                GPIO4_Combined_0_15_DriverIRQHandler
                0x6000239a                GPIO4_Combined_16_31_DriverIRQHandler
                0x6000239a                GPIO5_Combined_16_31_DriverIRQHandler
                0x6000239a                DMA5_DMA21_DriverIRQHandler
                0x6000239a                CCM_1_DriverIRQHandler
                0x6000239a                ADC2_DriverIRQHandler
                0x6000239a                Reserved115_DriverIRQHandler
                0x6000239a                TEMP_PANIC_DriverIRQHandler
                0x6000239a                ACMP4_DriverIRQHandler
                0x6000239a                DMA15_DMA31_DriverIRQHandler
                0x6000239a                LPSPI3_DriverIRQHandler
                0x6000239a                PWM1_3_DriverIRQHandler
                0x6000239a                ACMP1_DriverIRQHandler
                0x6000239a                LPI2C2_DriverIRQHandler
                0x6000239a                Reserved86_DriverIRQHandler
                0x6000239a                DMA_ERROR_DriverIRQHandler
                0x6000239a                ADC_ETC_IRQ0_DriverIRQHandler
                0x6000239a                CAN1_DriverIRQHandler
                0x6000239a                GPIO1_INT6_DriverIRQHandler
                0x6000239a                GPIO1_INT1_DriverIRQHandler
                0x6000239a                PWM2_0_DriverIRQHandler
                0x6000239a                SNVS_LP_WRAPPER_DriverIRQHandler
                0x6000239a                USB_OTG2_DriverIRQHandler
 *(SORT_BY_ALIGNMENT(.text*))
 .text.__assertion_failed
                0x6000239c       0x18 ./utilities/fsl_assert.o
                0x6000239c                __assertion_failed
 .text.DbgConsole_Init
                0x600023b4       0x74 ./utilities/fsl_debug_console.o
                0x600023b4                DbgConsole_Init
 .text.DbgConsole_Vprintf
                0x60002428       0x3c ./utilities/fsl_debug_console.o
                0x60002428                DbgConsole_Vprintf
 .text.DbgConsole_Putchar
                0x60002464       0x30 ./utilities/fsl_debug_console.o
                0x60002464                DbgConsole_Putchar
 .text.DbgConsole_PrintfFormattedData
                0x60002494      0x9d8 ./utilities/fsl_debug_console.o
 .text.USB_EhciPhyGetBase
                0x60002e6c       0xdc ./usb/phy/usb_phy.o
                0x60002e6c                USB_EhciPhyGetBase
 .text.USB_EhciPhyInit
                0x60002f48       0xc8 ./usb/phy/usb_phy.o
                0x60002f48                USB_EhciPhyInit
 .text.USB_HostHubClassRequestCommon
                0x60003010       0xcc ./usb/host/class/usb_host_hub.o
 .text.USB_HostHubInterruptRecv
                0x600030dc       0x94 ./usb/host/class/usb_host_hub.o
                0x600030dc                USB_HostHubInterruptRecv
 .text.USB_HostHubGetHubList
                0x60003170       0xe4 ./usb/host/class/usb_host_hub_app.o
 .text.USB_HostHubGetInterruptStatus
                0x60003254       0x5c ./usb/host/class/usb_host_hub_app.o
 .text.USB_HostHubProcess
                0x600032b0      0x2e0 ./usb/host/class/usb_host_hub_app.o
 .text.USB_HostHubProcessPortAttach
                0x60003590      0x458 ./usb/host/class/usb_host_hub_app.o
 .text.USB_HostHubProcessPortDetach
                0x600039e8      0x264 ./usb/host/class/usb_host_hub_app.o
 .text.USB_HostHubProcessData
                0x60003c4c      0x110 ./usb/host/class/usb_host_hub_app.o
 .text.USB_HostHubDeviceEvent
                0x60003d5c      0x360 ./usb/host/class/usb_host_hub_app.o
                0x60003d5c                USB_HostHubDeviceEvent
 .text.USB_HostMsdMassResetClearInCallback
                0x600040bc       0x5c ./usb/host/class/usb_host_msd.o
 .text.USB_HostMsdMassResetCallback
                0x60004118       0x60 ./usb/host/class/usb_host_msd.o
 .text.USB_HostMsdCswCallback
                0x60004178      0x1ac ./usb/host/class/usb_host_msd.o
 .text.USB_HostMsdCbwCallback
                0x60004324      0x180 ./usb/host/class/usb_host_msd.o
 .text.USB_HostMsdDataCallback
                0x600044a4       0xf4 ./usb/host/class/usb_host_msd.o
 .text.USB_HostMsdProcessCommand
                0x60004598      0x188 ./usb/host/class/usb_host_msd.o
 .text.USB_HostMsdInit
                0x60004720       0x98 ./usb/host/class/usb_host_msd.o
                0x60004720                USB_HostMsdInit
 .text.USB_HostMsdSetInterface
                0x600047b8      0x148 ./usb/host/class/usb_host_msd.o
                0x600047b8                USB_HostMsdSetInterface
 .text.USB_HostMsdMassStorageReset
                0x60004900       0x3c ./usb/host/class/usb_host_msd.o
                0x60004900                USB_HostMsdMassStorageReset
 .text.USB_HostEnumerationTransferCallback
                0x6000493c      0x194 ./usb/host/usb_host_devices.o
 .text.USB_HostProcessState
                0x60004ad0      0x1f8 ./usb/host/usb_host_devices.o
 .text.USB_HostProcessCallback
                0x60004cc8      0x208 ./usb/host/usb_host_devices.o
 .text.USB_HostOpenDeviceInterface
                0x60004ed0       0xf4 ./usb/host/usb_host_devices.o
                0x60004ed0                USB_HostOpenDeviceInterface
 .text.USB_HostCloseDeviceInterface
                0x60004fc4      0x160 ./usb/host/usb_host_devices.o
                0x60004fc4                USB_HostCloseDeviceInterface
 .text.USB_HostBandwidthComputeTime
                0x60005124      0x128 ./usb/host/usb_host_ehci.o
 .text.USB_HostBandwidthHsHostComputeCurrentFsls
                0x6000524c      0x1e8 ./usb/host/usb_host_ehci.o
 .text.USB_HostBandwidthHsHostAllocateHsCommon
                0x60005434       0xec ./usb/host/usb_host_ehci.o
 .text.USB_HostBandwidthHsHostAllocateInterrupt
                0x60005520      0x400 ./usb/host/usb_host_ehci.o
 .text.USB_HostBandwidthFslsHostAllocate
                0x60005920      0x114 ./usb/host/usb_host_ehci.o
 .text.USB_HostEhciQhQtdListInit
                0x60005a34      0x3a8 ./usb/host/usb_host_ehci.o
 .text.USB_HostEhciStartIP
                0x60005ddc       0xb8 ./usb/host/usb_host_ehci.o
 .text.USB_HostEhciControlBus
                0x60005e94       0xd4 ./usb/host/usb_host_ehci.o
 .text.USB_HostEhciCreate
                0x60005f68      0x314 ./usb/host/usb_host_ehci.o
                0x60005f68                USB_HostEhciCreate
 .text.USB_HostEhciDestory
                0x6000627c       0x74 ./usb/host/usb_host_ehci.o
                0x6000627c                USB_HostEhciDestory
 .text.USB_HostEhciIoctl
                0x600062f0      0x148 ./usb/host/usb_host_ehci.o
                0x600062f0                USB_HostEhciIoctl
 .text.USB_HostEhciIsrFunction
                0x60006438       0xc8 ./usb/host/usb_host_ehci.o
                0x60006438                USB_HostEhciIsrFunction
 .text.USB_HostGetInstance
                0x60006500       0xf8 ./usb/host/usb_host_hci.o
 .text.USB_HostGetControllerInterface
                0x600065f8       0x30 ./usb/host/usb_host_hci.o
 .text.USB_HostHelperGetPeripheralInformation
                0x60006628      0x188 ./usb/host/usb_host_hci.o
                0x60006628                USB_HostHelperGetPeripheralInformation
 .text.__NVIC_EnableIRQ
                0x600067b0       0x3c ./source/flexspi_romapi.o
 .text.__NVIC_SetPriority
                0x600067ec       0x54 ./source/flexspi_romapi.o
 .text.CLOCK_ControlGate
                0x60006840       0x60 ./source/flexspi_romapi.o
 .text.USB_OTG1_IRQHandler
                0x600068a0       0x18 ./source/flexspi_romapi.o
                0x600068a0                USB_OTG1_IRQHandler
 .text.USB_OTG2_IRQHandler
                0x600068b8       0x18 ./source/flexspi_romapi.o
                0x600068b8                USB_OTG2_IRQHandler
 .text.USB_HostClockInit
                0x600068d0       0x48 ./source/flexspi_romapi.o
                0x600068d0                USB_HostClockInit
 .text.USB_HostEvent
                0x60006918       0x88 ./source/flexspi_romapi.o
 .text.USB_HostApplicationInit
                0x600069a0       0x4c ./source/flexspi_romapi.o
 .text.FLEXSPI_NorFlash_GetConfig
                0x600069ec      0x328 ./source/flexspi_romapi.o
                0x600069ec                FLEXSPI_NorFlash_GetConfig
 .text.error_trap
                0x60006d14       0x10 ./source/flexspi_romapi.o
                0x60006d14                error_trap
 .text.app_finalize
                0x60006d24       0x40 ./source/flexspi_romapi.o
                0x60006d24                app_finalize
 .text.get_cache_status
                0x60006d64       0x50 ./source/flexspi_romapi.o
                0x60006d64                get_cache_status
 .text.flexspi_nor_handle_cache
                0x60006db4      0x1d8 ./source/flexspi_romapi.o
                0x60006db4                flexspi_nor_handle_cache
 .text.HyperFlash
                0x60006f8c      0x15c ./source/flexspi_romapi.o
                0x60006f8c                HyperFlash
 .text.ReadFromPendrive
                0x600070e8      0x3d8 ./source/flexspi_romapi.o
                0x600070e8                ReadFromPendrive
 .text.AsciiToDecimal
                0x600074c0      0x1c8 ./source/flexspi_romapi.o
                0x600074c0                AsciiToDecimal
 .text.decimalToBCD
                0x60007688       0x50 ./source/flexspi_romapi.o
                0x60007688                decimalToBCD
 .text.jump_to_hyperflash_location
                0x600076d8       0xec ./source/flexspi_romapi.o
                0x600076d8                jump_to_hyperflash_location
 .text.main     0x600077c4       0x28 ./source/flexspi_romapi.o
                0x600077c4                main
 .text.USB_HostMsdControlCallback
                0x600077ec       0x48 ./source/host_msd_fatfs.o
                0x600077ec                USB_HostMsdControlCallback
 .text.USB_HostMsdTask
                0x60007834      0x11c ./source/host_msd_fatfs.o
                0x60007834                USB_HostMsdTask
 .text.USB_HostMsdEvent
                0x60007950      0x1a0 ./source/host_msd_fatfs.o
                0x60007950                USB_HostMsdEvent
 .text.USB_HostMsdUfiCallback
                0x60007af0       0x30 ./fatfs/source/fsl_usb_disk/fsl_usb_disk_bm.o
 .text.USB_HostMsdInitializeDisk
                0x60007b20      0x140 ./fatfs/source/fsl_usb_disk/fsl_usb_disk_bm.o
                0x60007b20                USB_HostMsdInitializeDisk
 .text.USB_HostMsdReadDisk
                0x60007c60      0x11c ./fatfs/source/fsl_usb_disk/fsl_usb_disk_bm.o
                0x60007c60                USB_HostMsdReadDisk
 .text.USB_HostMsdWriteDisk
                0x60007d7c      0x11c ./fatfs/source/fsl_usb_disk/fsl_usb_disk_bm.o
                0x60007d7c                USB_HostMsdWriteDisk
 .text.USB_HostMsdIoctlDisk
                0x60007e98      0x198 ./fatfs/source/fsl_usb_disk/fsl_usb_disk_bm.o
                0x60007e98                USB_HostMsdIoctlDisk
 .text.sync_fs  0x60008030       0xdc ./fatfs/source/ff.o
 .text.create_name
                0x6000810c      0x190 ./fatfs/source/ff.o
 .text.check_fs
                0x6000829c      0x148 ./fatfs/source/ff.o
 .text.mount_volume
                0x600083e4      0x3fc ./fatfs/source/ff.o
 .text.f_mount  0x600087e0       0x80 ./fatfs/source/ff.o
                0x600087e0                f_mount
 .text.f_open   0x60008860      0x314 ./fatfs/source/ff.o
                0x60008860                f_open
 .text.f_sync   0x60008b74      0x100 ./fatfs/source/ff.o
                0x60008b74                f_sync
 .text.L1CACHE_InvalidateDCacheByRange
                0x60008c74       0x68 ./drivers/fsl_cache.o
 .text.CLOCK_GetOscFreq
                0x60008cdc       0x30 ./drivers/fsl_clock.o
 .text.CLOCK_InitExternalClk
                0x60008d0c       0x6c ./drivers/fsl_clock.o
                0x60008d0c                CLOCK_InitExternalClk
 .text.CLOCK_SwitchOsc
                0x60008d78       0x34 ./drivers/fsl_clock.o
                0x60008d78                CLOCK_SwitchOsc
 .text.CLOCK_InitRcOsc24M
                0x60008dac       0x24 ./drivers/fsl_clock.o
                0x60008dac                CLOCK_InitRcOsc24M
 .text.CLOCK_EnableUsbhs0Clock
                0x60008dd0       0x7c ./drivers/fsl_clock.o
                0x60008dd0                CLOCK_EnableUsbhs0Clock
 .text.CLOCK_EnableUsbhs0PhyPllClock
                0x60008e4c       0x6c ./drivers/fsl_clock.o
                0x60008e4c                CLOCK_EnableUsbhs0PhyPllClock
 .text.CLOCK_InitArmPll
                0x60008eb8       0x68 ./drivers/fsl_clock.o
                0x60008eb8                CLOCK_InitArmPll
 .text.CLOCK_InitUsb1Pll
                0x60008f20       0x68 ./drivers/fsl_clock.o
                0x60008f20                CLOCK_InitUsb1Pll
 .text.CLOCK_DeinitUsb2Pll
                0x60008f88       0x18 ./drivers/fsl_clock.o
                0x60008f88                CLOCK_DeinitUsb2Pll
 .text.CLOCK_DeinitAudioPll
                0x60008fa0       0x1c ./drivers/fsl_clock.o
                0x60008fa0                CLOCK_DeinitAudioPll
 .text.CLOCK_DeinitEnetPll
                0x60008fbc       0x1c ./drivers/fsl_clock.o
                0x60008fbc                CLOCK_DeinitEnetPll
 .text.CLOCK_GetPllFreq
                0x60008fd8      0x3a8 ./drivers/fsl_clock.o
                0x60008fd8                CLOCK_GetPllFreq
 .text.CLOCK_ControlGate
                0x60009380       0x60 ./drivers/fsl_lpuart.o
 .text.LPUART_GetInstance
                0x600093e0       0x4c ./drivers/fsl_lpuart.o
                0x600093e0                LPUART_GetInstance
 .text.LPUART_Init
                0x6000942c      0x310 ./drivers/fsl_lpuart.o
                0x6000942c                LPUART_Init
 .text.LPUART_GetDefaultConfig
                0x6000973c       0x88 ./drivers/fsl_lpuart.o
                0x6000973c                LPUART_GetDefaultConfig
 .text.LPUART_GetStatusFlags
                0x600097c4       0x38 ./drivers/fsl_lpuart.o
                0x600097c4                LPUART_GetStatusFlags
 .text.LPUART_ClearStatusFlags
                0x600097fc       0x7c ./drivers/fsl_lpuart.o
                0x600097fc                LPUART_ClearStatusFlags
 .text.LPUART_WriteBlocking
                0x60009878       0x68 ./drivers/fsl_lpuart.o
                0x60009878                LPUART_WriteBlocking
 .text.LPUART_ReadBlocking
                0x600098e0      0x160 ./drivers/fsl_lpuart.o
                0x600098e0                LPUART_ReadBlocking
 .text.LPUART1_DriverIRQHandler
                0x60009a40       0x28 ./drivers/fsl_lpuart.o
                0x60009a40                LPUART1_DriverIRQHandler
 .text.LPUART2_DriverIRQHandler
                0x60009a68       0x28 ./drivers/fsl_lpuart.o
                0x60009a68                LPUART2_DriverIRQHandler
 .text.LPUART3_DriverIRQHandler
                0x60009a90       0x28 ./drivers/fsl_lpuart.o
                0x60009a90                LPUART3_DriverIRQHandler
 .text.LPUART4_DriverIRQHandler
                0x60009ab8       0x28 ./drivers/fsl_lpuart.o
                0x60009ab8                LPUART4_DriverIRQHandler
 .text.LPUART5_DriverIRQHandler
                0x60009ae0       0x28 ./drivers/fsl_lpuart.o
                0x60009ae0                LPUART5_DriverIRQHandler
 .text.LPUART6_DriverIRQHandler
                0x60009b08       0x28 ./drivers/fsl_lpuart.o
                0x60009b08                LPUART6_DriverIRQHandler
 .text.LPUART7_DriverIRQHandler
                0x60009b30       0x28 ./drivers/fsl_lpuart.o
                0x60009b30                LPUART7_DriverIRQHandler
 .text.LPUART8_DriverIRQHandler
                0x60009b58       0x28 ./drivers/fsl_lpuart.o
                0x60009b58                LPUART8_DriverIRQHandler
 .text.ROM_FLEXSPI_NorFlash_Init
                0x60009b80       0x28 ./drivers/fsl_romapi.o
                0x60009b80                ROM_FLEXSPI_NorFlash_Init
 .text.ROM_FLEXSPI_NorFlash_ProgramPage
                0x60009ba8       0x30 ./drivers/fsl_romapi.o
                0x60009ba8                ROM_FLEXSPI_NorFlash_ProgramPage
 .text.ROM_FLEXSPI_NorFlash_Erase
                0x60009bd8       0x30 ./drivers/fsl_romapi.o
                0x60009bd8                ROM_FLEXSPI_NorFlash_Erase
 .text.ROM_FLEXSPI_NorFlash_ClearCache
                0x60009c08       0x20 ./drivers/fsl_romapi.o
                0x60009c08                ROM_FLEXSPI_NorFlash_ClearCache
 .text.SystemInit
                0x60009c28      0x144 ./device/system_MIMXRT1052.o
                0x60009c28                SystemInit
 .text.HAL_UartInitCommon
                0x60009d6c       0xac ./component/uart/fsl_adapter_lpuart.o
 .text.HAL_UartInit
                0x60009e18       0x84 ./component/uart/fsl_adapter_lpuart.o
                0x60009e18                HAL_UartInit
 .text.HAL_UartReceiveBlocking
                0x60009e9c       0x6c ./component/uart/fsl_adapter_lpuart.o
                0x60009e9c                HAL_UartReceiveBlocking
 .text.HAL_UartSendBlocking
                0x60009f08       0x64 ./component/uart/fsl_adapter_lpuart.o
                0x60009f08                HAL_UartSendBlocking
 .text.OSA_MutexCreate
                0x60009f6c       0x34 ./component/osa/fsl_os_abstraction_bm.o
                0x60009f6c                OSA_MutexCreate
 .text.OSA_MutexUnlock
                0x60009fa0       0x40 ./component/osa/fsl_os_abstraction_bm.o
                0x60009fa0                OSA_MutexUnlock
 .text.OSA_MutexDestroy
                0x60009fe0       0x30 ./component/osa/fsl_os_abstraction_bm.o
                0x60009fe0                OSA_MutexDestroy
 .text.OSA_EventCreate
                0x6000a010       0x48 ./component/osa/fsl_os_abstraction_bm.o
                0x6000a010                OSA_EventCreate
 .text.OSA_EventDestroy
                0x6000a058       0x30 ./component/osa/fsl_os_abstraction_bm.o
                0x6000a058                OSA_EventDestroy
 .text.CLOCK_GetMux
                0x6000a088       0x44 ./board/board.o
 .text.CLOCK_GetDiv
                0x6000a0cc       0x44 ./board/board.o
 .text.CLOCK_GetOscFreq
                0x6000a110       0x30 ./board/board.o
 .text.BOARD_DebugConsoleSrcFreq
                0x6000a140       0x64 ./board/board.o
                0x6000a140                BOARD_DebugConsoleSrcFreq
 .text.CLOCK_SetMux
                0x6000a1a4       0x9c ./board/clock_config.o
 .text.CLOCK_SetDiv
                0x6000a240       0x9c ./board/clock_config.o
 .text.CLOCK_ControlGate
                0x6000a2dc       0x60 ./board/clock_config.o
 .text.CLOCK_SetXtalFreq
                0x6000a33c       0x20 ./board/clock_config.o
 .text.CLOCK_SetRtcXtalFreq
                0x6000a35c       0x20 ./board/clock_config.o
 .text.IOMUXC_EnableMode
                0x6000a37c       0x48 ./board/clock_config.o
 .text.IOMUXC_MQSConfig
                0x6000a3c4       0x44 ./board/clock_config.o
 .text.BOARD_BootClockRUN
                0x6000a408      0x620 ./board/clock_config.o
                0x6000a408                BOARD_BootClockRUN
 .text.CLOCK_ControlGate
                0x6000aa28       0x60 ./board/pin_mux.o
 .text.BOARD_InitPins
                0x6000aa88      0x1f0 ./board/pin_mux.o
                0x6000aa88                BOARD_InitPins
 .text.malloc   0x6000ac78       0xc8 c:/nxp/mcuxpressoide_11.6.1_8255/ide/plugins/com.nxp.mcuxpresso.tools.win32_11.6.1.202207200623/tools/bin/../lib/gcc/arm-none-eabi/10.3.1/../../../../arm-none-eabi/lib/thumb/v7e-m+dp/hard\libcr_c.a(alloc.o)
                0x6000ac78                malloc
 .text._initio  0x6000ad40       0x78 c:/nxp/mcuxpressoide_11.6.1_8255/ide/plugins/com.nxp.mcuxpresso.tools.win32_11.6.1.202207200623/tools/bin/../lib/gcc/arm-none-eabi/10.3.1/../../../../arm-none-eabi/lib/thumb/v7e-m+dp/hard\libcr_c.a(initio.o)
                0x6000ad40                _initio
 .text._sbrk    0x6000adb8       0x3c c:/nxp/mcuxpressoide_11.6.1_8255/ide/plugins/com.nxp.mcuxpresso.tools.win32_11.6.1.202207200623/tools/bin/../lib/gcc/arm-none-eabi/10.3.1/../../../../arm-none-eabi/lib/thumb/v7e-m+dp/hard\libcr_c.a(_cr_sbrk.o)
                0x6000adb8                _sbrk
 .text._Cwritebuf
                0x6000adf4       0x6c c:/nxp/mcuxpressoide_11.6.1_8255/ide/plugins/com.nxp.mcuxpresso.tools.win32_11.6.1.202207200623/tools/bin/../lib/gcc/arm-none-eabi/10.3.1/../../../../arm-none-eabi/lib/thumb/v7e-m+dp/hard\libcr_c.a(_writebuf.o)
                0x6000adf4                _Cwritebuf
 .text.fflush   0x6000ae60       0x3c c:/nxp/mcuxpressoide_11.6.1_8255/ide/plugins/com.nxp.mcuxpresso.tools.win32_11.6.1.202207200623/tools/bin/../lib/gcc/arm-none-eabi/10.3.1/../../../../arm-none-eabi/lib/thumb/v7e-m+dp/hard\libcr_c.a(fflush.o)
                0x6000ae60                fflush
 .text.fseek    0x6000ae9c       0xfc c:/nxp/mcuxpressoide_11.6.1_8255/ide/plugins/com.nxp.mcuxpresso.tools.win32_11.6.1.202207200623/tools/bin/../lib/gcc/arm-none-eabi/10.3.1/../../../../arm-none-eabi/lib/thumb/v7e-m+dp/hard\libcr_c.a(fseek.o)
                0x6000ae9c                fseek
 .text.ftell    0x6000af98       0x44 c:/nxp/mcuxpressoide_11.6.1_8255/ide/plugins/com.nxp.mcuxpresso.tools.win32_11.6.1.202207200623/tools/bin/../lib/gcc/arm-none-eabi/10.3.1/../../../../arm-none-eabi/lib/thumb/v7e-m+dp/hard\libcr_c.a(ftell.o)
                0x6000af98                ftell
 .text.__check_heap_overflow
                0x6000afdc       0x18 c:/nxp/mcuxpressoide_11.6.1_8255/ide/plugins/com.nxp.mcuxpresso.tools.win32_11.6.1.202207200623/tools/bin/../lib/gcc/arm-none-eabi/10.3.1/../../../../arm-none-eabi/lib/thumb/v7e-m+dp/hard\libcr_c.a(_cr_check_heap.o)
                0x6000afdc                __check_heap_overflow
 .text.DbgConsole_Printf
                0x6000aff4       0x2c ./utilities/fsl_debug_console.o
                0x6000aff4                DbgConsole_Printf
 .text.DbgConsole_PrintfPaddingCharacter
                0x6000b020       0x40 ./utilities/fsl_debug_console.o
 .text.DbgConsole_ConvertRadixNumToString
                0x6000b060      0x2b0 ./utilities/fsl_debug_console.o
 .text.USB_EhcihostPhyDisconnectDetectCmd
                0x6000b310       0x4a ./usb/phy/usb_phy.o
                0x6000b310                USB_EhcihostPhyDisconnectDetectCmd
 .text.USB_HostHubControlCallback
                0x6000b35a       0x48 ./usb/host/class/usb_host_hub.o
 .text.USB_HostHubInPipeCallback
                0x6000b3a2       0x42 ./usb/host/class/usb_host_hub.o
 .text.USB_HostHubInit
                0x6000b3e4       0x84 ./usb/host/class/usb_host_hub.o
                0x6000b3e4                USB_HostHubInit
 .text.USB_HostHubSetInterface
                0x6000b468      0x168 ./usb/host/class/usb_host_hub.o
                0x6000b468                USB_HostHubSetInterface
 .text.USB_HostHubDeinit
                0x6000b5d0       0xa4 ./usb/host/class/usb_host_hub.o
                0x6000b5d0                USB_HostHubDeinit
 .text.USB_HostHubGetDescriptor
                0x6000b674       0x3a ./usb/host/class/usb_host_hub.o
                0x6000b674                USB_HostHubGetDescriptor
 .text.USB_HostHubClearFeature
                0x6000b6ae       0x3e ./usb/host/class/usb_host_hub.o
                0x6000b6ae                USB_HostHubClearFeature
 .text.USB_HostHubGetStatus
                0x6000b6ec       0x3a ./usb/host/class/usb_host_hub.o
                0x6000b6ec                USB_HostHubGetStatus
 .text.USB_HostHubSetPortFeature
                0x6000b726       0x42 ./usb/host/class/usb_host_hub.o
                0x6000b726                USB_HostHubSetPortFeature
 .text.USB_HostHubClearPortFeature
                0x6000b768       0x42 ./usb/host/class/usb_host_hub.o
                0x6000b768                USB_HostHubClearPortFeature
 .text.USB_HostHubGetPortStatus
                0x6000b7aa       0x40 ./usb/host/class/usb_host_hub.o
                0x6000b7aa                USB_HostHubGetPortStatus
 .text.USB_HostHubProcessPort
                0x6000b7ea       0x3e ./usb/host/class/usb_host_hub_app.o
 .text.USB_HostHubControlCallback
                0x6000b828       0x92 ./usb/host/class/usb_host_hub_app.o
 .text.USB_HostHubInterruptInCallback
                0x6000b8ba       0x70 ./usb/host/class/usb_host_hub_app.o
                0x6000b8ba                USB_HostHubInterruptInCallback
 .text.USB_HostHubGetHsHubNumber
                0x6000b92a       0x96 ./usb/host/class/usb_host_hub_app.o
                0x6000b92a                USB_HostHubGetHsHubNumber
 .text.USB_HostHubGetHsHubPort
                0x6000b9c0       0x9a ./usb/host/class/usb_host_hub_app.o
                0x6000b9c0                USB_HostHubGetHsHubPort
 .text.USB_HostHubGetTotalThinkTime
                0x6000ba5a       0x68 ./usb/host/class/usb_host_hub_app.o
                0x6000ba5a                USB_HostHubGetTotalThinkTime
 .text.USB_HostMsdClearHaltCallback
                0x6000bac2       0x42 ./usb/host/class/usb_host_msd.o
 .text.USB_HostMsdClearHalt
                0x6000bb04       0xa6 ./usb/host/class/usb_host_msd.o
 .text.USB_HostMsdResetDone
                0x6000bbaa       0x60 ./usb/host/class/usb_host_msd.o
 .text.USB_HostMsdMassResetClearOutCallback
                0x6000bc0a       0x36 ./usb/host/class/usb_host_msd.o
 .text.USB_HostMsdCommandDone
                0x6000bc40       0x38 ./usb/host/class/usb_host_msd.o
 .text.USB_HostMsdCommand
                0x6000bc78       0xd2 ./usb/host/class/usb_host_msd.o
                0x6000bc78                USB_HostMsdCommand
 .text.USB_HostMsdOpenInterface
                0x6000bd4a      0x194 ./usb/host/class/usb_host_msd.o
 .text.USB_HostMsdSetInterfaceCallback
                0x6000bede       0x54 ./usb/host/class/usb_host_msd.o
 .text.USB_HostMsdDeinit
                0x6000bf32       0xd8 ./usb/host/class/usb_host_msd.o
                0x6000bf32                USB_HostMsdDeinit
 .text.USB_HostMsdControl
                0x6000c00a       0xc2 ./usb/host/class/usb_host_msd.o
 .text.USB_HostMsdRead10
                0x6000c0cc       0x74 ./usb/host/class/usb_host_msd_ufi.o
                0x6000c0cc                USB_HostMsdRead10
 .text.USB_HostMsdWrite10
                0x6000c140       0x74 ./usb/host/class/usb_host_msd_ufi.o
                0x6000c140                USB_HostMsdWrite10
 .text.USB_HostMsdReadCapacity
                0x6000c1b4       0x60 ./usb/host/class/usb_host_msd_ufi.o
                0x6000c1b4                USB_HostMsdReadCapacity
 .text.USB_HostMsdTestUnitReady
                0x6000c214       0x48 ./usb/host/class/usb_host_msd_ufi.o
                0x6000c214                USB_HostMsdTestUnitReady
 .text.USB_HostMsdRequestSense
                0x6000c25c       0x62 ./usb/host/class/usb_host_msd_ufi.o
                0x6000c25c                USB_HostMsdRequestSense
 .text.USB_HostNotifyDevice
                0x6000c2be       0xe6 ./usb/host/usb_host_devices.o
 .text.USB_HostAllocateDeviceAddress
                0x6000c3a4       0xa6 ./usb/host/usb_host_devices.o
 .text.USB_HostReleaseDeviceAddress
                0x6000c44a       0x60 ./usb/host/usb_host_devices.o
 .text.USB_HostRemoveDeviceInstance
                0x6000c4aa       0x76 ./usb/host/usb_host_devices.o
 .text.USB_HostReleaseDeviceResource
                0x6000c520       0xb6 ./usb/host/usb_host_devices.o
 .text.USB_HostParseDeviceConfigurationDescriptor
                0x6000c5d6      0x43c ./usb/host/usb_host_devices.o
 .text.USB_HostAttachDevice
                0x6000ca12      0x262 ./usb/host/usb_host_devices.o
                0x6000ca12                USB_HostAttachDevice
 .text.USB_HostDetachDevice
                0x6000cc74       0x82 ./usb/host/usb_host_devices.o
                0x6000cc74                USB_HostDetachDevice
 .text.USB_HostDetachDeviceInternal
                0x6000ccf6       0x80 ./usb/host/usb_host_devices.o
                0x6000ccf6                USB_HostDetachDeviceInternal
 .text.USB_HostValidateDevice
                0x6000cd76       0x4a ./usb/host/usb_host_devices.o
                0x6000cd76                USB_HostValidateDevice
 .text.USB_HostControlBus
                0x6000cdc0       0x3e ./usb/host/usb_host_devices.o
 .text.USB_HostBandwidthFslsHostComputeCurrent
                0x6000cdfe       0x78 ./usb/host/usb_host_ehci.o
 .text.USB_HostBandwidthHsHostComputeCurrentHsAll
                0x6000ce76      0x1b2 ./usb/host/usb_host_ehci.o
 .text.USB_HostEhciGet2PowerValue
                0x6000d028       0x88 ./usb/host/usb_host_ehci.o
 .text.USB_HostEhciZeroMem
                0x6000d0b0       0x32 ./usb/host/usb_host_ehci.o
 .text.USB_HostEhciDelay
                0x6000d0e2       0x4a ./usb/host/usb_host_ehci.o
 .text.USB_HostEhciStartAsync
                0x6000d12c       0x80 ./usb/host/usb_host_ehci.o
 .text.USB_HostEhciStopAsync
                0x6000d1ac       0x66 ./usb/host/usb_host_ehci.o
 .text.USB_HostEhciStartPeriodic
                0x6000d212       0x92 ./usb/host/usb_host_ehci.o
 .text.USB_HostEhciStopPeriodic
                0x6000d2a4       0x66 ./usb/host/usb_host_ehci.o
 .text.USB_HostEhciQtdListRelease
                0x6000d30a       0xc4 ./usb/host/usb_host_ehci.o
 .text.USB_HostEhciQhQtdListDeinit
                0x6000d3ce      0x100 ./usb/host/usb_host_ehci.o
 .text.USB_HostEhciTransferQtdListDeinit
                0x6000d4ce      0x17e ./usb/host/usb_host_ehci.o
 .text.USB_HostEhciQhInit
                0x6000d64c      0x1d4 ./usb/host/usb_host_ehci.o
 .text.USB_HostEhciQhDeinit
                0x6000d820       0x48 ./usb/host/usb_host_ehci.o
 .text.USB_HostEhciAddQhToFrame
                0x6000d868       0x9e ./usb/host/usb_host_ehci.o
 .text.USB_HostEhciRemoveFromFrame
                0x6000d906       0x62 ./usb/host/usb_host_ehci.o
 .text.USB_HostEhciOpenControlBulk
                0x6000d968       0x42 ./usb/host/usb_host_ehci.o
 .text.USB_HostEhciCloseControlBulk
                0x6000d9aa       0xcc ./usb/host/usb_host_ehci.o
 .text.USB_HostEhciOpenInterrupt
                0x6000da76       0x8c ./usb/host/usb_host_ehci.o
 .text.USB_HostEhciCloseInterrupt
                0x6000db02       0x5e ./usb/host/usb_host_ehci.o
 .text.USB_HostEhciResetIP
                0x6000db60       0x4e ./usb/host/usb_host_ehci.o
 .text.USB_HostEhciCancelPipe
                0x6000dbae       0x88 ./usb/host/usb_host_ehci.o
 .text.USB_HostEhciTransactionDone
                0x6000dc36      0x2d0 ./usb/host/usb_host_ehci.o
                0x6000dc36                USB_HostEhciTransactionDone
 .text.USB_HostEhciPortChange
                0x6000df06      0x1d0 ./usb/host/usb_host_ehci.o
 .text.USB_HostEhciTimer0
                0x6000e0d6      0x1c2 ./usb/host/usb_host_ehci.o
 .text.USB_HostEhciOpenPipe
                0x6000e298      0x1ec ./usb/host/usb_host_ehci.o
                0x6000e298                USB_HostEhciOpenPipe
 .text.USB_HostEhciClosePipe
                0x6000e484       0xd0 ./usb/host/usb_host_ehci.o
                0x6000e484                USB_HostEhciClosePipe
 .text.USB_HostEhciWritePipe
                0x6000e554       0x46 ./usb/host/usb_host_ehci.o
                0x6000e554                USB_HostEhciWritePipe
 .text.USB_HostEhciReadpipe
                0x6000e59a       0x20 ./usb/host/usb_host_ehci.o
                0x6000e59a                USB_HostEhciReadpipe
 .text.USB_HostEhciTaskFunction
                0x6000e5ba       0xf2 ./usb/host/usb_host_ehci.o
                0x6000e5ba                USB_HostEhciTaskFunction
 .text.USB_HostCh9RequestCommon
                0x6000e6ac       0x56 ./usb/host/usb_host_framework.o
                0x6000e6ac                USB_HostCh9RequestCommon
 .text.USB_HostStandardSetAddress
                0x6000e702       0x32 ./usb/host/usb_host_framework.o
                0x6000e702                USB_HostStandardSetAddress
 .text.USB_HostStandardSetGetDescriptor
                0x6000e734       0x4e ./usb/host/usb_host_framework.o
                0x6000e734                USB_HostStandardSetGetDescriptor
 .text.USB_HostReleaseInstance
                0x6000e782       0x2e ./usb/host/usb_host_hci.o
 .text.USB_HostInit
                0x6000e7b0      0x168 ./usb/host/usb_host_hci.o
                0x6000e7b0                USB_HostInit
 .text.USB_HostOpenPipe
                0x6000e918       0x44 ./usb/host/usb_host_hci.o
                0x6000e918                USB_HostOpenPipe
 .text.USB_HostClosePipe
                0x6000e95c       0x42 ./usb/host/usb_host_hci.o
                0x6000e95c                USB_HostClosePipe
 .text.USB_HostSend
                0x6000e99e       0x6e ./usb/host/usb_host_hci.o
                0x6000e99e                USB_HostSend
 .text.USB_HostSendSetup
                0x6000ea0c       0x92 ./usb/host/usb_host_hci.o
                0x6000ea0c                USB_HostSendSetup
 .text.USB_HostRecv
                0x6000ea9e       0x6e ./usb/host/usb_host_hci.o
                0x6000ea9e                USB_HostRecv
 .text.USB_HostCancelTransfer
                0x6000eb0c       0x4e ./usb/host/usb_host_hci.o
                0x6000eb0c                USB_HostCancelTransfer
 .text.USB_HostMallocTransfer
                0x6000eb5a       0x74 ./usb/host/usb_host_hci.o
                0x6000eb5a                USB_HostMallocTransfer
 .text.USB_HostFreeTransfer
                0x6000ebce       0x54 ./usb/host/usb_host_hci.o
                0x6000ebce                USB_HostFreeTransfer
 .text.DMA0_DMA16_IRQHandler
                0x6000ec22        0x8 ./startup/startup_mimxrt1052.o
                0x6000ec22                DMA0_DMA16_IRQHandler
 .text.DMA1_DMA17_IRQHandler
                0x6000ec2a        0x8 ./startup/startup_mimxrt1052.o
                0x6000ec2a                DMA1_DMA17_IRQHandler
 .text.DMA2_DMA18_IRQHandler
                0x6000ec32        0x8 ./startup/startup_mimxrt1052.o
                0x6000ec32                DMA2_DMA18_IRQHandler
 .text.DMA3_DMA19_IRQHandler
                0x6000ec3a        0x8 ./startup/startup_mimxrt1052.o
                0x6000ec3a                DMA3_DMA19_IRQHandler
 .text.DMA4_DMA20_IRQHandler
                0x6000ec42        0x8 ./startup/startup_mimxrt1052.o
                0x6000ec42                DMA4_DMA20_IRQHandler
 .text.DMA5_DMA21_IRQHandler
                0x6000ec4a        0x8 ./startup/startup_mimxrt1052.o
                0x6000ec4a                DMA5_DMA21_IRQHandler
 .text.DMA6_DMA22_IRQHandler
                0x6000ec52        0x8 ./startup/startup_mimxrt1052.o
                0x6000ec52                DMA6_DMA22_IRQHandler
 .text.DMA7_DMA23_IRQHandler
                0x6000ec5a        0x8 ./startup/startup_mimxrt1052.o
                0x6000ec5a                DMA7_DMA23_IRQHandler
 .text.DMA8_DMA24_IRQHandler
                0x6000ec62        0x8 ./startup/startup_mimxrt1052.o
                0x6000ec62                DMA8_DMA24_IRQHandler
 .text.DMA9_DMA25_IRQHandler
                0x6000ec6a        0x8 ./startup/startup_mimxrt1052.o
                0x6000ec6a                DMA9_DMA25_IRQHandler
 .text.DMA10_DMA26_IRQHandler
                0x6000ec72        0x8 ./startup/startup_mimxrt1052.o
                0x6000ec72                DMA10_DMA26_IRQHandler
 .text.DMA11_DMA27_IRQHandler
                0x6000ec7a        0x8 ./startup/startup_mimxrt1052.o
                0x6000ec7a                DMA11_DMA27_IRQHandler
 .text.DMA12_DMA28_IRQHandler
                0x6000ec82        0x8 ./startup/startup_mimxrt1052.o
                0x6000ec82                DMA12_DMA28_IRQHandler
 .text.DMA13_DMA29_IRQHandler
                0x6000ec8a        0x8 ./startup/startup_mimxrt1052.o
                0x6000ec8a                DMA13_DMA29_IRQHandler
 .text.DMA14_DMA30_IRQHandler
                0x6000ec92        0x8 ./startup/startup_mimxrt1052.o
                0x6000ec92                DMA14_DMA30_IRQHandler
 .text.DMA15_DMA31_IRQHandler
                0x6000ec9a        0x8 ./startup/startup_mimxrt1052.o
                0x6000ec9a                DMA15_DMA31_IRQHandler
 .text.DMA_ERROR_IRQHandler
                0x6000eca2        0x8 ./startup/startup_mimxrt1052.o
                0x6000eca2                DMA_ERROR_IRQHandler
 .text.CTI0_ERROR_IRQHandler
                0x6000ecaa        0x8 ./startup/startup_mimxrt1052.o
                0x6000ecaa                CTI0_ERROR_IRQHandler
 .text.CTI1_ERROR_IRQHandler
                0x6000ecb2        0x8 ./startup/startup_mimxrt1052.o
                0x6000ecb2                CTI1_ERROR_IRQHandler
 .text.CORE_IRQHandler
                0x6000ecba        0x8 ./startup/startup_mimxrt1052.o
                0x6000ecba                CORE_IRQHandler
 .text.LPUART1_IRQHandler
                0x6000ecc2        0x8 ./startup/startup_mimxrt1052.o
                0x6000ecc2                LPUART1_IRQHandler
 .text.LPUART2_IRQHandler
                0x6000ecca        0x8 ./startup/startup_mimxrt1052.o
                0x6000ecca                LPUART2_IRQHandler
 .text.LPUART3_IRQHandler
                0x6000ecd2        0x8 ./startup/startup_mimxrt1052.o
                0x6000ecd2                LPUART3_IRQHandler
 .text.LPUART4_IRQHandler
                0x6000ecda        0x8 ./startup/startup_mimxrt1052.o
                0x6000ecda                LPUART4_IRQHandler
 .text.LPUART5_IRQHandler
                0x6000ece2        0x8 ./startup/startup_mimxrt1052.o
                0x6000ece2                LPUART5_IRQHandler
 .text.LPUART6_IRQHandler
                0x6000ecea        0x8 ./startup/startup_mimxrt1052.o
                0x6000ecea                LPUART6_IRQHandler
 .text.LPUART7_IRQHandler
                0x6000ecf2        0x8 ./startup/startup_mimxrt1052.o
                0x6000ecf2                LPUART7_IRQHandler
 .text.LPUART8_IRQHandler
                0x6000ecfa        0x8 ./startup/startup_mimxrt1052.o
                0x6000ecfa                LPUART8_IRQHandler
 .text.LPI2C1_IRQHandler
                0x6000ed02        0x8 ./startup/startup_mimxrt1052.o
                0x6000ed02                LPI2C1_IRQHandler
 .text.LPI2C2_IRQHandler
                0x6000ed0a        0x8 ./startup/startup_mimxrt1052.o
                0x6000ed0a                LPI2C2_IRQHandler
 .text.LPI2C3_IRQHandler
                0x6000ed12        0x8 ./startup/startup_mimxrt1052.o
                0x6000ed12                LPI2C3_IRQHandler
 .text.LPI2C4_IRQHandler
                0x6000ed1a        0x8 ./startup/startup_mimxrt1052.o
                0x6000ed1a                LPI2C4_IRQHandler
 .text.LPSPI1_IRQHandler
                0x6000ed22        0x8 ./startup/startup_mimxrt1052.o
                0x6000ed22                LPSPI1_IRQHandler
 .text.LPSPI2_IRQHandler
                0x6000ed2a        0x8 ./startup/startup_mimxrt1052.o
                0x6000ed2a                LPSPI2_IRQHandler
 .text.LPSPI3_IRQHandler
                0x6000ed32        0x8 ./startup/startup_mimxrt1052.o
                0x6000ed32                LPSPI3_IRQHandler
 .text.LPSPI4_IRQHandler
                0x6000ed3a        0x8 ./startup/startup_mimxrt1052.o
                0x6000ed3a                LPSPI4_IRQHandler
 .text.CAN1_IRQHandler
                0x6000ed42        0x8 ./startup/startup_mimxrt1052.o
                0x6000ed42                CAN1_IRQHandler
 .text.CAN2_IRQHandler
                0x6000ed4a        0x8 ./startup/startup_mimxrt1052.o
                0x6000ed4a                CAN2_IRQHandler
 .text.FLEXRAM_IRQHandler
                0x6000ed52        0x8 ./startup/startup_mimxrt1052.o
                0x6000ed52                FLEXRAM_IRQHandler
 .text.KPP_IRQHandler
                0x6000ed5a        0x8 ./startup/startup_mimxrt1052.o
                0x6000ed5a                KPP_IRQHandler
 .text.TSC_DIG_IRQHandler
                0x6000ed62        0x8 ./startup/startup_mimxrt1052.o
                0x6000ed62                TSC_DIG_IRQHandler
 .text.GPR_IRQ_IRQHandler
                0x6000ed6a        0x8 ./startup/startup_mimxrt1052.o
                0x6000ed6a                GPR_IRQ_IRQHandler
 .text.LCDIF_IRQHandler
                0x6000ed72        0x8 ./startup/startup_mimxrt1052.o
                0x6000ed72                LCDIF_IRQHandler
 .text.CSI_IRQHandler
                0x6000ed7a        0x8 ./startup/startup_mimxrt1052.o
                0x6000ed7a                CSI_IRQHandler
 .text.PXP_IRQHandler
                0x6000ed82        0x8 ./startup/startup_mimxrt1052.o
                0x6000ed82                PXP_IRQHandler
 .text.WDOG2_IRQHandler
                0x6000ed8a        0x8 ./startup/startup_mimxrt1052.o
                0x6000ed8a                WDOG2_IRQHandler
 .text.SNVS_HP_WRAPPER_IRQHandler
                0x6000ed92        0x8 ./startup/startup_mimxrt1052.o
                0x6000ed92                SNVS_HP_WRAPPER_IRQHandler
 .text.SNVS_HP_WRAPPER_TZ_IRQHandler
                0x6000ed9a        0x8 ./startup/startup_mimxrt1052.o
                0x6000ed9a                SNVS_HP_WRAPPER_TZ_IRQHandler
 .text.SNVS_LP_WRAPPER_IRQHandler
                0x6000eda2        0x8 ./startup/startup_mimxrt1052.o
                0x6000eda2                SNVS_LP_WRAPPER_IRQHandler
 .text.CSU_IRQHandler
                0x6000edaa        0x8 ./startup/startup_mimxrt1052.o
                0x6000edaa                CSU_IRQHandler
 .text.DCP_IRQHandler
                0x6000edb2        0x8 ./startup/startup_mimxrt1052.o
                0x6000edb2                DCP_IRQHandler
 .text.DCP_VMI_IRQHandler
                0x6000edba        0x8 ./startup/startup_mimxrt1052.o
                0x6000edba                DCP_VMI_IRQHandler
 .text.Reserved68_IRQHandler
                0x6000edc2        0x8 ./startup/startup_mimxrt1052.o
                0x6000edc2                Reserved68_IRQHandler
 .text.TRNG_IRQHandler
                0x6000edca        0x8 ./startup/startup_mimxrt1052.o
                0x6000edca                TRNG_IRQHandler
 .text.SJC_IRQHandler
                0x6000edd2        0x8 ./startup/startup_mimxrt1052.o
                0x6000edd2                SJC_IRQHandler
 .text.BEE_IRQHandler
                0x6000edda        0x8 ./startup/startup_mimxrt1052.o
                0x6000edda                BEE_IRQHandler
 .text.SAI1_IRQHandler
                0x6000ede2        0x8 ./startup/startup_mimxrt1052.o
                0x6000ede2                SAI1_IRQHandler
 .text.SAI2_IRQHandler
                0x6000edea        0x8 ./startup/startup_mimxrt1052.o
                0x6000edea                SAI2_IRQHandler
 .text.SAI3_RX_IRQHandler
                0x6000edf2        0x8 ./startup/startup_mimxrt1052.o
                0x6000edf2                SAI3_RX_IRQHandler
 .text.SAI3_TX_IRQHandler
                0x6000edfa        0x8 ./startup/startup_mimxrt1052.o
                0x6000edfa                SAI3_TX_IRQHandler
 .text.SPDIF_IRQHandler
                0x6000ee02        0x8 ./startup/startup_mimxrt1052.o
                0x6000ee02                SPDIF_IRQHandler
 .text.PMU_EVENT_IRQHandler
                0x6000ee0a        0x8 ./startup/startup_mimxrt1052.o
                0x6000ee0a                PMU_EVENT_IRQHandler
 .text.Reserved78_IRQHandler
                0x6000ee12        0x8 ./startup/startup_mimxrt1052.o
                0x6000ee12                Reserved78_IRQHandler
 .text.TEMP_LOW_HIGH_IRQHandler
                0x6000ee1a        0x8 ./startup/startup_mimxrt1052.o
                0x6000ee1a                TEMP_LOW_HIGH_IRQHandler
 .text.TEMP_PANIC_IRQHandler
                0x6000ee22        0x8 ./startup/startup_mimxrt1052.o
                0x6000ee22                TEMP_PANIC_IRQHandler
 .text.USB_PHY1_IRQHandler
                0x6000ee2a        0x8 ./startup/startup_mimxrt1052.o
                0x6000ee2a                USB_PHY1_IRQHandler
 .text.USB_PHY2_IRQHandler
                0x6000ee32        0x8 ./startup/startup_mimxrt1052.o
                0x6000ee32                USB_PHY2_IRQHandler
 .text.ADC1_IRQHandler
                0x6000ee3a        0x8 ./startup/startup_mimxrt1052.o
                0x6000ee3a                ADC1_IRQHandler
 .text.ADC2_IRQHandler
                0x6000ee42        0x8 ./startup/startup_mimxrt1052.o
                0x6000ee42                ADC2_IRQHandler
 .text.DCDC_IRQHandler
                0x6000ee4a        0x8 ./startup/startup_mimxrt1052.o
                0x6000ee4a                DCDC_IRQHandler
 .text.Reserved86_IRQHandler
                0x6000ee52        0x8 ./startup/startup_mimxrt1052.o
                0x6000ee52                Reserved86_IRQHandler
 .text.Reserved87_IRQHandler
                0x6000ee5a        0x8 ./startup/startup_mimxrt1052.o
                0x6000ee5a                Reserved87_IRQHandler
 .text.GPIO1_INT0_IRQHandler
                0x6000ee62        0x8 ./startup/startup_mimxrt1052.o
                0x6000ee62                GPIO1_INT0_IRQHandler
 .text.GPIO1_INT1_IRQHandler
                0x6000ee6a        0x8 ./startup/startup_mimxrt1052.o
                0x6000ee6a                GPIO1_INT1_IRQHandler
 .text.GPIO1_INT2_IRQHandler
                0x6000ee72        0x8 ./startup/startup_mimxrt1052.o
                0x6000ee72                GPIO1_INT2_IRQHandler
 .text.GPIO1_INT3_IRQHandler
                0x6000ee7a        0x8 ./startup/startup_mimxrt1052.o
                0x6000ee7a                GPIO1_INT3_IRQHandler
 .text.GPIO1_INT4_IRQHandler
                0x6000ee82        0x8 ./startup/startup_mimxrt1052.o
                0x6000ee82                GPIO1_INT4_IRQHandler
 .text.GPIO1_INT5_IRQHandler
                0x6000ee8a        0x8 ./startup/startup_mimxrt1052.o
                0x6000ee8a                GPIO1_INT5_IRQHandler
 .text.GPIO1_INT6_IRQHandler
                0x6000ee92        0x8 ./startup/startup_mimxrt1052.o
                0x6000ee92                GPIO1_INT6_IRQHandler
 .text.GPIO1_INT7_IRQHandler
                0x6000ee9a        0x8 ./startup/startup_mimxrt1052.o
                0x6000ee9a                GPIO1_INT7_IRQHandler
 .text.GPIO1_Combined_0_15_IRQHandler
                0x6000eea2        0x8 ./startup/startup_mimxrt1052.o
                0x6000eea2                GPIO1_Combined_0_15_IRQHandler
 .text.GPIO1_Combined_16_31_IRQHandler
                0x6000eeaa        0x8 ./startup/startup_mimxrt1052.o
                0x6000eeaa                GPIO1_Combined_16_31_IRQHandler
 .text.GPIO2_Combined_0_15_IRQHandler
                0x6000eeb2        0x8 ./startup/startup_mimxrt1052.o
                0x6000eeb2                GPIO2_Combined_0_15_IRQHandler
 .text.GPIO2_Combined_16_31_IRQHandler
                0x6000eeba        0x8 ./startup/startup_mimxrt1052.o
                0x6000eeba                GPIO2_Combined_16_31_IRQHandler
 .text.GPIO3_Combined_0_15_IRQHandler
                0x6000eec2        0x8 ./startup/startup_mimxrt1052.o
                0x6000eec2                GPIO3_Combined_0_15_IRQHandler
 .text.GPIO3_Combined_16_31_IRQHandler
                0x6000eeca        0x8 ./startup/startup_mimxrt1052.o
                0x6000eeca                GPIO3_Combined_16_31_IRQHandler
 .text.GPIO4_Combined_0_15_IRQHandler
                0x6000eed2        0x8 ./startup/startup_mimxrt1052.o
                0x6000eed2                GPIO4_Combined_0_15_IRQHandler
 .text.GPIO4_Combined_16_31_IRQHandler
                0x6000eeda        0x8 ./startup/startup_mimxrt1052.o
                0x6000eeda                GPIO4_Combined_16_31_IRQHandler
 .text.GPIO5_Combined_0_15_IRQHandler
                0x6000eee2        0x8 ./startup/startup_mimxrt1052.o
                0x6000eee2                GPIO5_Combined_0_15_IRQHandler
 .text.GPIO5_Combined_16_31_IRQHandler
                0x6000eeea        0x8 ./startup/startup_mimxrt1052.o
                0x6000eeea                GPIO5_Combined_16_31_IRQHandler
 .text.FLEXIO1_IRQHandler
                0x6000eef2        0x8 ./startup/startup_mimxrt1052.o
                0x6000eef2                FLEXIO1_IRQHandler
 .text.FLEXIO2_IRQHandler
                0x6000eefa        0x8 ./startup/startup_mimxrt1052.o
                0x6000eefa                FLEXIO2_IRQHandler
 .text.WDOG1_IRQHandler
                0x6000ef02        0x8 ./startup/startup_mimxrt1052.o
                0x6000ef02                WDOG1_IRQHandler
 .text.RTWDOG_IRQHandler
                0x6000ef0a        0x8 ./startup/startup_mimxrt1052.o
                0x6000ef0a                RTWDOG_IRQHandler
 .text.EWM_IRQHandler
                0x6000ef12        0x8 ./startup/startup_mimxrt1052.o
                0x6000ef12                EWM_IRQHandler
 .text.CCM_1_IRQHandler
                0x6000ef1a        0x8 ./startup/startup_mimxrt1052.o
                0x6000ef1a                CCM_1_IRQHandler
 .text.CCM_2_IRQHandler
                0x6000ef22        0x8 ./startup/startup_mimxrt1052.o
                0x6000ef22                CCM_2_IRQHandler
 .text.GPC_IRQHandler
                0x6000ef2a        0x8 ./startup/startup_mimxrt1052.o
                0x6000ef2a                GPC_IRQHandler
 .text.SRC_IRQHandler
                0x6000ef32        0x8 ./startup/startup_mimxrt1052.o
                0x6000ef32                SRC_IRQHandler
 .text.Reserved115_IRQHandler
                0x6000ef3a        0x8 ./startup/startup_mimxrt1052.o
                0x6000ef3a                Reserved115_IRQHandler
 .text.GPT1_IRQHandler
                0x6000ef42        0x8 ./startup/startup_mimxrt1052.o
                0x6000ef42                GPT1_IRQHandler
 .text.GPT2_IRQHandler
                0x6000ef4a        0x8 ./startup/startup_mimxrt1052.o
                0x6000ef4a                GPT2_IRQHandler
 .text.PWM1_0_IRQHandler
                0x6000ef52        0x8 ./startup/startup_mimxrt1052.o
                0x6000ef52                PWM1_0_IRQHandler
 .text.PWM1_1_IRQHandler
                0x6000ef5a        0x8 ./startup/startup_mimxrt1052.o
                0x6000ef5a                PWM1_1_IRQHandler
 .text.PWM1_2_IRQHandler
                0x6000ef62        0x8 ./startup/startup_mimxrt1052.o
                0x6000ef62                PWM1_2_IRQHandler
 .text.PWM1_3_IRQHandler
                0x6000ef6a        0x8 ./startup/startup_mimxrt1052.o
                0x6000ef6a                PWM1_3_IRQHandler
 .text.PWM1_FAULT_IRQHandler
                0x6000ef72        0x8 ./startup/startup_mimxrt1052.o
                0x6000ef72                PWM1_FAULT_IRQHandler
 .text.Reserved123_IRQHandler
                0x6000ef7a        0x8 ./startup/startup_mimxrt1052.o
                0x6000ef7a                Reserved123_IRQHandler
 .text.FLEXSPI_IRQHandler
                0x6000ef82        0x8 ./startup/startup_mimxrt1052.o
                0x6000ef82                FLEXSPI_IRQHandler
 .text.SEMC_IRQHandler
                0x6000ef8a        0x8 ./startup/startup_mimxrt1052.o
                0x6000ef8a                SEMC_IRQHandler
 .text.USDHC1_IRQHandler
                0x6000ef92        0x8 ./startup/startup_mimxrt1052.o
                0x6000ef92                USDHC1_IRQHandler
 .text.USDHC2_IRQHandler
                0x6000ef9a        0x8 ./startup/startup_mimxrt1052.o
                0x6000ef9a                USDHC2_IRQHandler
 .text.ENET_IRQHandler
                0x6000efa2        0x8 ./startup/startup_mimxrt1052.o
                0x6000efa2                ENET_IRQHandler
 .text.ENET_1588_Timer_IRQHandler
                0x6000efaa        0x8 ./startup/startup_mimxrt1052.o
                0x6000efaa                ENET_1588_Timer_IRQHandler
 .text.XBAR1_IRQ_0_1_IRQHandler
                0x6000efb2        0x8 ./startup/startup_mimxrt1052.o
                0x6000efb2                XBAR1_IRQ_0_1_IRQHandler
 .text.XBAR1_IRQ_2_3_IRQHandler
                0x6000efba        0x8 ./startup/startup_mimxrt1052.o
                0x6000efba                XBAR1_IRQ_2_3_IRQHandler
 .text.ADC_ETC_IRQ0_IRQHandler
                0x6000efc2        0x8 ./startup/startup_mimxrt1052.o
                0x6000efc2                ADC_ETC_IRQ0_IRQHandler
 .text.ADC_ETC_IRQ1_IRQHandler
                0x6000efca        0x8 ./startup/startup_mimxrt1052.o
                0x6000efca                ADC_ETC_IRQ1_IRQHandler
 .text.ADC_ETC_IRQ2_IRQHandler
                0x6000efd2        0x8 ./startup/startup_mimxrt1052.o
                0x6000efd2                ADC_ETC_IRQ2_IRQHandler
 .text.ADC_ETC_ERROR_IRQ_IRQHandler
                0x6000efda        0x8 ./startup/startup_mimxrt1052.o
                0x6000efda                ADC_ETC_ERROR_IRQ_IRQHandler
 .text.PIT_IRQHandler
                0x6000efe2        0x8 ./startup/startup_mimxrt1052.o
                0x6000efe2                PIT_IRQHandler
 .text.ACMP1_IRQHandler
                0x6000efea        0x8 ./startup/startup_mimxrt1052.o
                0x6000efea                ACMP1_IRQHandler
 .text.ACMP2_IRQHandler
                0x6000eff2        0x8 ./startup/startup_mimxrt1052.o
                0x6000eff2                ACMP2_IRQHandler
 .text.ACMP3_IRQHandler
                0x6000effa        0x8 ./startup/startup_mimxrt1052.o
                0x6000effa                ACMP3_IRQHandler
 .text.ACMP4_IRQHandler
                0x6000f002        0x8 ./startup/startup_mimxrt1052.o
                0x6000f002                ACMP4_IRQHandler
 .text.Reserved143_IRQHandler
                0x6000f00a        0x8 ./startup/startup_mimxrt1052.o
                0x6000f00a                Reserved143_IRQHandler
 .text.Reserved144_IRQHandler
                0x6000f012        0x8 ./startup/startup_mimxrt1052.o
                0x6000f012                Reserved144_IRQHandler
 .text.ENC1_IRQHandler
                0x6000f01a        0x8 ./startup/startup_mimxrt1052.o
                0x6000f01a                ENC1_IRQHandler
 .text.ENC2_IRQHandler
                0x6000f022        0x8 ./startup/startup_mimxrt1052.o
                0x6000f022                ENC2_IRQHandler
 .text.ENC3_IRQHandler
                0x6000f02a        0x8 ./startup/startup_mimxrt1052.o
                0x6000f02a                ENC3_IRQHandler
 .text.ENC4_IRQHandler
                0x6000f032        0x8 ./startup/startup_mimxrt1052.o
                0x6000f032                ENC4_IRQHandler
 .text.TMR1_IRQHandler
                0x6000f03a        0x8 ./startup/startup_mimxrt1052.o
                0x6000f03a                TMR1_IRQHandler
 .text.TMR2_IRQHandler
                0x6000f042        0x8 ./startup/startup_mimxrt1052.o
                0x6000f042                TMR2_IRQHandler
 .text.TMR3_IRQHandler
                0x6000f04a        0x8 ./startup/startup_mimxrt1052.o
                0x6000f04a                TMR3_IRQHandler
 .text.TMR4_IRQHandler
                0x6000f052        0x8 ./startup/startup_mimxrt1052.o
                0x6000f052                TMR4_IRQHandler
 .text.PWM2_0_IRQHandler
                0x6000f05a        0x8 ./startup/startup_mimxrt1052.o
                0x6000f05a                PWM2_0_IRQHandler
 .text.PWM2_1_IRQHandler
                0x6000f062        0x8 ./startup/startup_mimxrt1052.o
                0x6000f062                PWM2_1_IRQHandler
 .text.PWM2_2_IRQHandler
                0x6000f06a        0x8 ./startup/startup_mimxrt1052.o
                0x6000f06a                PWM2_2_IRQHandler
 .text.PWM2_3_IRQHandler
                0x6000f072        0x8 ./startup/startup_mimxrt1052.o
                0x6000f072                PWM2_3_IRQHandler
 .text.PWM2_FAULT_IRQHandler
                0x6000f07a        0x8 ./startup/startup_mimxrt1052.o
                0x6000f07a                PWM2_FAULT_IRQHandler
 .text.PWM3_0_IRQHandler
                0x6000f082        0x8 ./startup/startup_mimxrt1052.o
                0x6000f082                PWM3_0_IRQHandler
 .text.PWM3_1_IRQHandler
                0x6000f08a        0x8 ./startup/startup_mimxrt1052.o
                0x6000f08a                PWM3_1_IRQHandler
 .text.PWM3_2_IRQHandler
                0x6000f092        0x8 ./startup/startup_mimxrt1052.o
                0x6000f092                PWM3_2_IRQHandler
 .text.PWM3_3_IRQHandler
                0x6000f09a        0x8 ./startup/startup_mimxrt1052.o
                0x6000f09a                PWM3_3_IRQHandler
 .text.PWM3_FAULT_IRQHandler
                0x6000f0a2        0x8 ./startup/startup_mimxrt1052.o
                0x6000f0a2                PWM3_FAULT_IRQHandler
 .text.PWM4_0_IRQHandler
                0x6000f0aa        0x8 ./startup/startup_mimxrt1052.o
                0x6000f0aa                PWM4_0_IRQHandler
 .text.PWM4_1_IRQHandler
                0x6000f0b2        0x8 ./startup/startup_mimxrt1052.o
                0x6000f0b2                PWM4_1_IRQHandler
 .text.PWM4_2_IRQHandler
                0x6000f0ba        0x8 ./startup/startup_mimxrt1052.o
                0x6000f0ba                PWM4_2_IRQHandler
 .text.PWM4_3_IRQHandler
                0x6000f0c2        0x8 ./startup/startup_mimxrt1052.o
                0x6000f0c2                PWM4_3_IRQHandler
 .text.PWM4_FAULT_IRQHandler
                0x6000f0ca        0x8 ./startup/startup_mimxrt1052.o
                0x6000f0ca                PWM4_FAULT_IRQHandler
 .text._SDK_AtomicLocalClearAndSet4Byte
                0x6000f0d2       0x50 ./source/flexspi_romapi.o
 .text.CLOCK_DisableClock
                0x6000f122       0x1e ./source/flexspi_romapi.o
 .text.EnableIRQ
                0x6000f140       0x32 ./source/flexspi_romapi.o
 .text.USB_HostIsrEnable
                0x6000f172       0x2e ./source/flexspi_romapi.o
                0x6000f172                USB_HostIsrEnable
 .text.USB_HostTaskFn
                0x6000f1a0       0x16 ./source/flexspi_romapi.o
                0x6000f1a0                USB_HostTaskFn
 .text.ASCII2HEX
                0x6000f1b6       0x30 ./source/flexspi_romapi.o
                0x6000f1b6                ASCII2HEX
 .text.funcDelayUs
                0x6000f1e6       0x44 ./source/flexspi_romapi.o
                0x6000f1e6                funcDelayUs
 .text.dummy    0x6000f22a       0x10 ./source/flexspi_romapi.o
                0x6000f22a                dummy
 .text.HardFault_Handler
                0x6000f23a       0x2c ./source/semihost_hardfault.o
                0x6000f23a                HardFault_Handler
 .text.USB_HostControllerTaskFunction
                0x6000f266       0x16 ./fatfs/source/fsl_usb_disk/fsl_usb_disk_bm.o
 .text.USB_HostMsdGetDiskStatus
                0x6000f27c       0x18 ./fatfs/source/fsl_usb_disk/fsl_usb_disk_bm.o
                0x6000f27c                USB_HostMsdGetDiskStatus
 .text.disk_status
                0x6000f294       0x2c ./fatfs/source/diskio.o
                0x6000f294                disk_status
 .text.disk_initialize
                0x6000f2c0       0x2c ./fatfs/source/diskio.o
                0x6000f2c0                disk_initialize
 .text.disk_read
                0x6000f2ec       0x36 ./fatfs/source/diskio.o
                0x6000f2ec                disk_read
 .text.disk_write
                0x6000f322       0x36 ./fatfs/source/diskio.o
                0x6000f322                disk_write
 .text.disk_ioctl
                0x6000f358       0x36 ./fatfs/source/diskio.o
                0x6000f358                disk_ioctl
 .text.ld_word  0x6000f38e       0x30 ./fatfs/source/ff.o
 .text.ld_dword
                0x6000f3be       0x46 ./fatfs/source/ff.o
 .text.st_word  0x6000f404       0x36 ./fatfs/source/ff.o
 .text.st_dword
                0x6000f43a       0x58 ./fatfs/source/ff.o
 .text.dbc_1st  0x6000f492       0x40 ./fatfs/source/ff.o
 .text.dbc_2nd  0x6000f4d2       0x54 ./fatfs/source/ff.o
 .text.sync_window
                0x6000f526       0x78 ./fatfs/source/ff.o
 .text.move_window
                0x6000f59e       0x5a ./fatfs/source/ff.o
 .text.clst2sect
                0x6000f5f8       0x3e ./fatfs/source/ff.o
 .text.get_fat  0x6000f636      0x150 ./fatfs/source/ff.o
 .text.put_fat  0x6000f786      0x1d8 ./fatfs/source/ff.o
 .text.remove_chain
                0x6000f95e       0xca ./fatfs/source/ff.o
 .text.create_chain
                0x6000fa28      0x1a2 ./fatfs/source/ff.o
 .text.dir_clear
                0x6000fbca       0x90 ./fatfs/source/ff.o
 .text.dir_sdi  0x6000fc5a       0xf6 ./fatfs/source/ff.o
 .text.dir_next
                0x6000fd50      0x12c ./fatfs/source/ff.o
 .text.dir_alloc
                0x6000fe7c       0x8e ./fatfs/source/ff.o
 .text.ld_clust
                0x6000ff0a       0x3e ./fatfs/source/ff.o
 .text.st_clust
                0x6000ff48       0x40 ./fatfs/source/ff.o
 .text.dir_find
                0x6000ff88       0xaa ./fatfs/source/ff.o
 .text.dir_register
                0x60010032       0x64 ./fatfs/source/ff.o
 .text.follow_path
                0x60010096       0xde ./fatfs/source/ff.o
 .text.get_ldnumber
                0x60010174       0x8a ./fatfs/source/ff.o
 .text.find_volume
                0x600101fe       0xbe ./fatfs/source/ff.o
 .text.validate
                0x600102bc       0x6a ./fatfs/source/ff.o
 .text.f_read   0x60010326      0x266 ./fatfs/source/ff.o
                0x60010326                f_read
 .text.f_close  0x6001058c       0x40 ./fatfs/source/ff.o
                0x6001058c                f_close
 .text.f_gets   0x600105cc       0x78 ./fatfs/source/ff.o
                0x600105cc                f_gets
 .text.DCACHE_InvalidateByRange
                0x60010644       0x1a ./drivers/fsl_cache.o
                0x60010644                DCACHE_InvalidateByRange
 .text.CLOCK_IsPllBypassed
                0x6001065e       0x32 ./drivers/fsl_clock.o
 .text.CLOCK_IsPllEnabled
                0x60010690       0x3c ./drivers/fsl_clock.o
 .text.CLOCK_GetPllBypassRefClk
                0x600106cc       0x34 ./drivers/fsl_clock.o
 .text._SDK_AtomicLocalClearAndSet4Byte
                0x60010700       0x50 ./drivers/fsl_lpuart.o
 .text.CLOCK_EnableClock
                0x60010750       0x1e ./drivers/fsl_lpuart.o
 .text.LPUART_SoftwareReset
                0x6001076e       0x2c ./drivers/fsl_lpuart.o
 .text.SystemInitHook
                0x6001079a        0xe ./device/system_MIMXRT1052.o
                0x6001079a                SystemInitHook
 .text.HAL_UartGetStatus
                0x600107a8       0x28 ./component/uart/fsl_adapter_lpuart.o
 .text.DisableGlobalIRQ
                0x600107d0       0x22 ./component/osa/fsl_os_abstraction_bm.o
 .text.EnableGlobalIRQ
                0x600107f2       0x20 ./component/osa/fsl_os_abstraction_bm.o
 .text.OSA_MemoryAllocate
                0x60010812       0x2a ./component/osa/fsl_os_abstraction_bm.o
                0x60010812                OSA_MemoryAllocate
 .text.OSA_MemoryFree
                0x6001083c       0x16 ./component/osa/fsl_os_abstraction_bm.o
                0x6001083c                OSA_MemoryFree
 .text.OSA_EnterCritical
                0x60010852       0x1a ./component/osa/fsl_os_abstraction_bm.o
                0x60010852                OSA_EnterCritical
 .text.OSA_ExitCritical
                0x6001086c       0x16 ./component/osa/fsl_os_abstraction_bm.o
                0x6001086c                OSA_ExitCritical
 .text.OSA_MutexLock
                0x60010882       0x52 ./component/osa/fsl_os_abstraction_bm.o
                0x60010882                OSA_MutexLock
 .text.OSA_EventSet
                0x600108d4       0x36 ./component/osa/fsl_os_abstraction_bm.o
                0x600108d4                OSA_EventSet
 .text.OSA_EventWait
                0x6001090a       0x94 ./component/osa/fsl_os_abstraction_bm.o
                0x6001090a                OSA_EventWait
 .text.BOARD_InitDebugConsole
                0x6001099e       0x22 ./board/board.o
                0x6001099e                BOARD_InitDebugConsole
 .text._SDK_AtomicLocalClearAndSet4Byte
                0x600109c0       0x50 ./board/clock_config.o
 .text.CLOCK_DisableClock
                0x60010a10       0x1e ./board/clock_config.o
 .text.CLOCK_SetPllBypass
                0x60010a2e       0x4e ./board/clock_config.o
 .text.IOMUXC_SetSaiMClkClockSource
                0x60010a7c       0x6c ./board/clock_config.o
 .text.BOARD_InitBootClocks
                0x60010ae8        0xc ./board/clock_config.o
                0x60010ae8                BOARD_InitBootClocks
 .text._SDK_AtomicLocalClearAndSet4Byte
                0x60010af4       0x50 ./board/pin_mux.o
 .text.CLOCK_EnableClock
                0x60010b44       0x1e ./board/pin_mux.o
 .text.IOMUXC_SetPinMux
                0x60010b62       0x3a ./board/pin_mux.o
 .text.IOMUXC_SetPinConfig
                0x60010b9c       0x26 ./board/pin_mux.o
 .text.BOARD_InitBootPins
                0x60010bc2        0xc ./board/pin_mux.o
                0x60010bc2                BOARD_InitBootPins
 .text.__main   0x60010bce        0xe c:/nxp/mcuxpressoide_11.6.1_8255/ide/plugins/com.nxp.mcuxpresso.tools.win32_11.6.1.202207200623/tools/bin/../lib/gcc/arm-none-eabi/10.3.1/../../../../arm-none-eabi/lib/thumb/v7e-m+dp/hard\libcr_nohost_nf.a(_cr__main.o)
                0x60010bce                __main
 .text.memcpy   0x60010bdc        0x4 c:/nxp/mcuxpressoide_11.6.1_8255/ide/plugins/com.nxp.mcuxpresso.tools.win32_11.6.1.202207200623/tools/bin/../lib/gcc/arm-none-eabi/10.3.1/../../../../arm-none-eabi/lib/thumb/v7e-m+dp/hard\libcr_c.a(memcpy.o)
                0x60010bdc                memcpy
 .text.memset   0x60010be0        0x4 c:/nxp/mcuxpressoide_11.6.1_8255/ide/plugins/com.nxp.mcuxpresso.tools.win32_11.6.1.202207200623/tools/bin/../lib/gcc/arm-none-eabi/10.3.1/../../../../arm-none-eabi/lib/thumb/v7e-m+dp/hard\libcr_c.a(memset.o)
                0x60010be0                memset
 .text.free     0x60010be4       0x30 c:/nxp/mcuxpressoide_11.6.1_8255/ide/plugins/com.nxp.mcuxpresso.tools.win32_11.6.1.202207200623/tools/bin/../lib/gcc/arm-none-eabi/10.3.1/../../../../arm-none-eabi/lib/thumb/v7e-m+dp/hard\libcr_c.a(alloc.o)
                0x60010be4                free
 .text.memcmp   0x60010c14       0x40 c:/nxp/mcuxpressoide_11.6.1_8255/ide/plugins/com.nxp.mcuxpresso.tools.win32_11.6.1.202207200623/tools/bin/../lib/gcc/arm-none-eabi/10.3.1/../../../../arm-none-eabi/lib/thumb/v7e-m+dp/hard\libcr_c.a(memcmp.o)
                0x60010c14                memcmp
 .text.setvbuf  0x60010c54       0x3e c:/nxp/mcuxpressoide_11.6.1_8255/ide/plugins/com.nxp.mcuxpresso.tools.win32_11.6.1.202207200623/tools/bin/../lib/gcc/arm-none-eabi/10.3.1/../../../../arm-none-eabi/lib/thumb/v7e-m+dp/hard\libcr_c.a(setvbuf.o)
                0x60010c54                setvbuf
 .text.strchr   0x60010c92       0x16 c:/nxp/mcuxpressoide_11.6.1_8255/ide/plugins/com.nxp.mcuxpresso.tools.win32_11.6.1.202207200623/tools/bin/../lib/gcc/arm-none-eabi/10.3.1/../../../../arm-none-eabi/lib/thumb/v7e-m+dp/hard\libcr_c.a(strchr.o)
                0x60010c92                strchr
 .text.strlen   0x60010ca8       0x48 c:/nxp/mcuxpressoide_11.6.1_8255/ide/plugins/com.nxp.mcuxpresso.tools.win32_11.6.1.202207200623/tools/bin/../lib/gcc/arm-none-eabi/10.3.1/../../../../arm-none-eabi/lib/thumb/v7e-m+dp/hard\libcr_c.a(strlen.o)
                0x60010ca8                strlen
 .text._deferredlazyseek
                0x60010cf0       0x40 c:/nxp/mcuxpressoide_11.6.1_8255/ide/plugins/com.nxp.mcuxpresso.tools.win32_11.6.1.202207200623/tools/bin/../lib/gcc/arm-none-eabi/10.3.1/../../../../arm-none-eabi/lib/thumb/v7e-m+dp/hard\libcr_c.a(_deferredlazyseek.o)
                0x60010cf0                _deferredlazyseek
 .text._fdopen  0x60010d30       0x68 c:/nxp/mcuxpressoide_11.6.1_8255/ide/plugins/com.nxp.mcuxpresso.tools.win32_11.6.1.202207200623/tools/bin/../lib/gcc/arm-none-eabi/10.3.1/../../../../arm-none-eabi/lib/thumb/v7e-m+dp/hard\libcr_c.a(_fdopen.o)
                0x60010d30                _fdopen
 .text._fflush  0x60010d98       0x52 c:/nxp/mcuxpressoide_11.6.1_8255/ide/plugins/com.nxp.mcuxpresso.tools.win32_11.6.1.202207200623/tools/bin/../lib/gcc/arm-none-eabi/10.3.1/../../../../arm-none-eabi/lib/thumb/v7e-m+dp/hard\libcr_c.a(_fflush.o)
                0x60010d98                _fflush
 .text.fclose   0x60010dea       0x58 c:/nxp/mcuxpressoide_11.6.1_8255/ide/plugins/com.nxp.mcuxpresso.tools.win32_11.6.1.202207200623/tools/bin/../lib/gcc/arm-none-eabi/10.3.1/../../../../arm-none-eabi/lib/thumb/v7e-m+dp/hard\libcr_c.a(fclose.o)
                0x60010dea                fclose
 .text.remove   0x60010e42       0x14 c:/nxp/mcuxpressoide_11.6.1_8255/ide/plugins/com.nxp.mcuxpresso.tools.win32_11.6.1.202207200623/tools/bin/../lib/gcc/arm-none-eabi/10.3.1/../../../../arm-none-eabi/lib/thumb/v7e-m+dp/hard\libcr_c.a(remove.o)
                0x60010e42                remove
 .text._do_fflush
                0x60010e56       0x40 c:/nxp/mcuxpressoide_11.6.1_8255/ide/plugins/com.nxp.mcuxpresso.tools.win32_11.6.1.202207200623/tools/bin/../lib/gcc/arm-none-eabi/10.3.1/../../../../arm-none-eabi/lib/thumb/v7e-m+dp/hard\libcr_c.a(_do_fflush.o)
                0x60010e56                _do_fflush
 .text.__aeabi_division_ldivmod
                0x60010e96       0x26 c:/nxp/mcuxpressoide_11.6.1_8255/ide/plugins/com.nxp.mcuxpresso.tools.win32_11.6.1.202207200623/tools/bin/../lib/gcc/arm-none-eabi/10.3.1/thumb/v7e-m+dp/hard\libcr_eabihelpers.a(division_64.o)
                0x60010e96                __aeabi_ldivmod
 .text.__aeabi_division_uldivmod
                0x60010ebc      0x174 c:/nxp/mcuxpressoide_11.6.1_8255/ide/plugins/com.nxp.mcuxpresso.tools.win32_11.6.1.202207200623/tools/bin/../lib/gcc/arm-none-eabi/10.3.1/thumb/v7e-m+dp/hard\libcr_eabihelpers.a(division_64.o)
                0x60010ebc                __aeabi_uldivmod
                0x60010ec0                __bhs_ldivmod1
 .text.__aeabi_division_idiv0
                0x60011030        0x2 c:/nxp/mcuxpressoide_11.6.1_8255/ide/plugins/com.nxp.mcuxpresso.tools.win32_11.6.1.202207200623/tools/bin/../lib/gcc/arm-none-eabi/10.3.1/thumb/v7e-m+dp/hard\libcr_eabihelpers.a(division_idiv0.o)
                0x60011030                __aeabi_idiv0
 .text.__aeabi_memcpy
                0x60011032       0x34 c:/nxp/mcuxpressoide_11.6.1_8255/ide/plugins/com.nxp.mcuxpresso.tools.win32_11.6.1.202207200623/tools/bin/../lib/gcc/arm-none-eabi/10.3.1/thumb/v7e-m+dp/hard\libcr_eabihelpers.a(memcpy.o)
                0x60011032                __aeabi_memcpy
                0x6001103c                __aeabi_memcpy8
                0x6001103c                __aeabi_memcpy4
 .text.__aeabi_memset_lowlevel
                0x60011066       0x32 c:/nxp/mcuxpressoide_11.6.1_8255/ide/plugins/com.nxp.mcuxpresso.tools.win32_11.6.1.202207200623/tools/bin/../lib/gcc/arm-none-eabi/10.3.1/thumb/v7e-m+dp/hard\libcr_eabihelpers.a(memcpy.o)
                0x60011066                __aeabi_lowlevel_memset
 .text.__sys_close
                0x60011098        0x6 c:/nxp/mcuxpressoide_11.6.1_8255/ide/plugins/com.nxp.mcuxpresso.tools.win32_11.6.1.202207200623/tools/bin/../lib/gcc/arm-none-eabi/10.3.1/../../../../arm-none-eabi/lib/thumb/v7e-m+dp/hard\libcr_nohost_nf.a(__sys_close.o)
                0x60011098                __sys_close
 .text.__sys_flen
                0x6001109e        0x6 c:/nxp/mcuxpressoide_11.6.1_8255/ide/plugins/com.nxp.mcuxpresso.tools.win32_11.6.1.202207200623/tools/bin/../lib/gcc/arm-none-eabi/10.3.1/../../../../arm-none-eabi/lib/thumb/v7e-m+dp/hard\libcr_nohost_nf.a(__sys_flen.o)
                0x6001109e                __sys_flen
 .text.__sys_istty
                0x600110a4        0x6 c:/nxp/mcuxpressoide_11.6.1_8255/ide/plugins/com.nxp.mcuxpresso.tools.win32_11.6.1.202207200623/tools/bin/../lib/gcc/arm-none-eabi/10.3.1/../../../../arm-none-eabi/lib/thumb/v7e-m+dp/hard\libcr_nohost_nf.a(__sys_istty.o)
                0x600110a4                __sys_istty
 .text.__sys_remove
                0x600110aa        0x6 c:/nxp/mcuxpressoide_11.6.1_8255/ide/plugins/com.nxp.mcuxpresso.tools.win32_11.6.1.202207200623/tools/bin/../lib/gcc/arm-none-eabi/10.3.1/../../../../arm-none-eabi/lib/thumb/v7e-m+dp/hard\libcr_nohost_nf.a(__sys_remove.o)
                0x600110aa                __sys_remove
 .text.__sys_seek
                0x600110b0        0x6 c:/nxp/mcuxpressoide_11.6.1_8255/ide/plugins/com.nxp.mcuxpresso.tools.win32_11.6.1.202207200623/tools/bin/../lib/gcc/arm-none-eabi/10.3.1/../../../../arm-none-eabi/lib/thumb/v7e-m+dp/hard\libcr_nohost_nf.a(__sys_seek.o)
                0x600110b0                __sys_seek
 .text.__sys_tmpnam
                0x600110b6        0x6 c:/nxp/mcuxpressoide_11.6.1_8255/ide/plugins/com.nxp.mcuxpresso.tools.win32_11.6.1.202207200623/tools/bin/../lib/gcc/arm-none-eabi/10.3.1/../../../../arm-none-eabi/lib/thumb/v7e-m+dp/hard\libcr_nohost_nf.a(__sys_tmpnam.o)
                0x600110b6                __sys_tmpnam
 .text.__sys_write
                0x600110bc        0x4 c:/nxp/mcuxpressoide_11.6.1_8255/ide/plugins/com.nxp.mcuxpresso.tools.win32_11.6.1.202207200623/tools/bin/../lib/gcc/arm-none-eabi/10.3.1/../../../../arm-none-eabi/lib/thumb/v7e-m+dp/hard\libcr_nohost_nf.a(__sys_write.o)
                0x600110bc                __sys_write
 *(SORT_BY_ALIGNMENT(.rodata) SORT_BY_ALIGNMENT(.rodata.*) SORT_BY_ALIGNMENT(.constdata) SORT_BY_ALIGNMENT(.constdata.*))
 .rodata.__assertion_failed.str1.4
                0x600110c0       0x14 ./utilities/fsl_assert.o
 .rodata        0x600110d4        0xc ./usb/phy/usb_phy.o
 .rodata.USB_HostHubDeviceEvent.str1.4
                0x600110e0       0x3f ./usb/host/class/usb_host_hub_app.o
 *fill*         0x6001111f        0x1 ff
 .rodata.s_EnumEntries
                0x60011120       0x38 ./usb/host/usb_host_devices.o
 .rodata        0x60011158        0x8 ./usb/host/usb_host_ehci.o
 .rodata.s_EhciInterface
                0x60011160       0x1c ./usb/host/usb_host_hci.o
 .rodata.CLOCK_ControlGate.str1.4
                0x6001117c       0x77 ./source/flexspi_romapi.o
 *fill*         0x600111f3        0x1 ff
 .rodata        0x600111f4        0x3 ./source/flexspi_romapi.o
 *fill*         0x600111f7        0x1 ff
 .rodata.USB_HostEvent.str1.4
                0x600111f8       0x2d ./source/flexspi_romapi.o
 *fill*         0x60011225        0x3 ff
 .rodata.USB_HostApplicationInit.str1.4
                0x60011228       0x25 ./source/flexspi_romapi.o
 *fill*         0x6001124d        0x3 ff
 .rodata.error_trap.str1.4
                0x60011250       0x32 ./source/flexspi_romapi.o
 *fill*         0x60011282        0x2 ff
 .rodata.app_finalize.str1.4
                0x60011284       0x22 ./source/flexspi_romapi.o
 *fill*         0x600112a6        0x2 ff
 .rodata.HyperFlash.str1.4
                0x600112a8      0x17b ./source/flexspi_romapi.o
 *fill*         0x60011423        0x1 ff
 .rodata.ReadFromPendrive.str1.4
                0x60011424       0xdd ./source/flexspi_romapi.o
 *fill*         0x60011501        0x3 ff
 .rodata.USB_HostMsdTask.str1.4
                0x60011504       0x51 ./source/host_msd_fatfs.o
 *fill*         0x60011555        0x3 ff
 .rodata.USB_HostMsdEvent.str1.4
                0x60011558       0x5c ./source/host_msd_fatfs.o
 .rodata.create_name.str1.4
                0x600115b4        0xf ./fatfs/source/ff.o
 *fill*         0x600115c3        0x1 ff
 .rodata.check_fs.str1.4
                0x600115c4        0x9 ./fatfs/source/ff.o
 *fill*         0x600115cd        0x3 ff
 .rodata.CLOCK_InitExternalClk.str1.4
                0x600115d0       0x21 ./drivers/fsl_clock.o
 *fill*         0x600115f1        0x3 ff
 .rodata.CLOCK_GetPllFreq.str1.4
                0x600115f4       0x6d ./drivers/fsl_clock.o
 *fill*         0x60011661        0x3 ff
 .rodata.g_ccmConfigUsbPll.2
                0x60011664        0x2 ./drivers/fsl_clock.o
 *fill*         0x60011666        0x2 ff
 .rodata.enetRefClkFreq.1
                0x60011668       0x10 ./drivers/fsl_clock.o
 .rodata.CLOCK_ControlGate.str1.4
                0x60011678       0x20 ./drivers/fsl_lpuart.o
 .rodata.s_lpuartBases
                0x60011698       0x24 ./drivers/fsl_lpuart.o
 .rodata.s_lpuartClock
                0x600116bc       0x12 ./drivers/fsl_lpuart.o
 *fill*         0x600116ce        0x2 ff
 .rodata.LPUART_GetInstance.str1.4
                0x600116d0       0x38 ./drivers/fsl_lpuart.o
 .rodata.LPUART_Init.str1.4
                0x60011708      0x10a ./drivers/fsl_lpuart.o
 *fill*         0x60011812        0x2 ff
 .rodata.LPUART_GetDefaultConfig.str1.4
                0x60011814       0x22 ./drivers/fsl_lpuart.o
 *fill*         0x60011836        0x2 ff
 .rodata.LPUART_WriteBlocking.str1.4
                0x60011838       0x20 ./drivers/fsl_lpuart.o
 .rodata.LPUART_ReadBlocking.str1.4
                0x60011858       0x20 ./drivers/fsl_lpuart.o
 .rodata.s_LpuartAdapterBase
                0x60011878       0x24 ./component/uart/fsl_adapter_lpuart.o
 .rodata.HAL_UartInit.str1.4
                0x6001189c      0x105 ./component/uart/fsl_adapter_lpuart.o
 *fill*         0x600119a1        0x3 ff
 .rodata.HAL_UartReceiveBlocking.str1.4
                0x600119a4       0x7b ./component/uart/fsl_adapter_lpuart.o
 *fill*         0x60011a1f        0x1 ff
 .rodata.HAL_UartSendBlocking.str1.4
                0x60011a20       0x7b ./component/uart/fsl_adapter_lpuart.o
 *fill*         0x60011a9b        0x1 ff
 .rodata.OSA_MutexCreate.str1.4
                0x60011a9c       0x2a ./component/osa/fsl_os_abstraction_bm.o