Archive member included to satisfy reference by file (symbol)

c:/nxp/mcuxpressoide_11.6.1_8255/ide/plugins/com.nxp.mcuxpresso.tools.win32_11.6.1.202207200623/tools/bin/../lib/gcc/arm-none-eabi/10.3.1/../../../../arm-none-eabi/lib/thumb/v7e-m+dp/hard\libcr_nohost_nf.a(_cr__main.o)
                              ./startup/startup_mimxrt1052.o (__main)
c:/nxp/mcuxpressoide_11.6.1_8255/ide/plugins/com.nxp.mcuxpresso.tools.win32_11.6.1.202207200623/tools/bin/../lib/gcc/arm-none-eabi/10.3.1/../../../../arm-none-eabi/lib/thumb/v7e-m+dp/hard\libcr_c.a(memcpy.o)
                              ./utilities/fsl_debug_console.o (memcpy)
c:/nxp/mcuxpressoide_11.6.1_8255/ide/plugins/com.nxp.mcuxpresso.tools.win32_11.6.1.202207200623/tools/bin/../lib/gcc/arm-none-eabi/10.3.1/../../../../arm-none-eabi/lib/thumb/v7e-m+dp/hard\libcr_c.a(memset.o)
                              ./source/flexspi_romapi.o (memset)
c:/nxp/mcuxpressoide_11.6.1_8255/ide/plugins/com.nxp.mcuxpresso.tools.win32_11.6.1.202207200623/tools/bin/../lib/gcc/arm-none-eabi/10.3.1/../../../../arm-none-eabi/lib/thumb/v7e-m+dp/hard\libcr_c.a(alloc.o)
                              ./drivers/fsl_common.o (malloc)
c:/nxp/mcuxpressoide_11.6.1_8255/ide/plugins/com.nxp.mcuxpresso.tools.win32_11.6.1.202207200623/tools/bin/../lib/gcc/arm-none-eabi/10.3.1/../../../../arm-none-eabi/lib/thumb/v7e-m+dp/hard\libcr_c.a(initio.o)
                              c:/nxp/mcuxpressoide_11.6.1_8255/ide/plugins/com.nxp.mcuxpresso.tools.win32_11.6.1.202207200623/tools/bin/../lib/gcc/arm-none-eabi/10.3.1/../../../../arm-none-eabi/lib/thumb/v7e-m+dp/hard\libcr_nohost_nf.a(_cr__main.o) (_initio)
c:/nxp/mcuxpressoide_11.6.1_8255/ide/plugins/com.nxp.mcuxpresso.tools.win32_11.6.1.202207200623/tools/bin/../lib/gcc/arm-none-eabi/10.3.1/../../../../arm-none-eabi/lib/thumb/v7e-m+dp/hard\libcr_c.a(memcmp.o)
                              ./source/flexspi_romapi.o (memcmp)
c:/nxp/mcuxpressoide_11.6.1_8255/ide/plugins/com.nxp.mcuxpresso.tools.win32_11.6.1.202207200623/tools/bin/../lib/gcc/arm-none-eabi/10.3.1/../../../../arm-none-eabi/lib/thumb/v7e-m+dp/hard\libcr_c.a(printf.o)
                              ./source/host_msd_fatfs.o (_sprintf)
c:/nxp/mcuxpressoide_11.6.1_8255/ide/plugins/com.nxp.mcuxpresso.tools.win32_11.6.1.202207200623/tools/bin/../lib/gcc/arm-none-eabi/10.3.1/../../../../arm-none-eabi/lib/thumb/v7e-m+dp/hard\libcr_c.a(setvbuf.o)
                              c:/nxp/mcuxpressoide_11.6.1_8255/ide/plugins/com.nxp.mcuxpresso.tools.win32_11.6.1.202207200623/tools/bin/../lib/gcc/arm-none-eabi/10.3.1/../../../../arm-none-eabi/lib/thumb/v7e-m+dp/hard\libcr_c.a(initio.o) (setvbuf)
c:/nxp/mcuxpressoide_11.6.1_8255/ide/plugins/com.nxp.mcuxpresso.tools.win32_11.6.1.202207200623/tools/bin/../lib/gcc/arm-none-eabi/10.3.1/../../../../arm-none-eabi/lib/thumb/v7e-m+dp/hard\libcr_c.a(strchr.o)
                              ./fatfs/source/ff.o (strchr)
c:/nxp/mcuxpressoide_11.6.1_8255/ide/plugins/com.nxp.mcuxpresso.tools.win32_11.6.1.202207200623/tools/bin/../lib/gcc/arm-none-eabi/10.3.1/../../../../arm-none-eabi/lib/thumb/v7e-m+dp/hard\libcr_c.a(strlen.o)
                              ./utilities/fsl_debug_console.o (strlen)
c:/nxp/mcuxpressoide_11.6.1_8255/ide/plugins/com.nxp.mcuxpresso.tools.win32_11.6.1.202207200623/tools/bin/../lib/gcc/arm-none-eabi/10.3.1/../../../../arm-none-eabi/lib/thumb/v7e-m+dp/hard\libcr_c.a(__init_alloc.o)
                              c:/nxp/mcuxpressoide_11.6.1_8255/ide/plugins/com.nxp.mcuxpresso.tools.win32_11.6.1.202207200623/tools/bin/../lib/gcc/arm-none-eabi/10.3.1/../../../../arm-none-eabi/lib/thumb/v7e-m+dp/hard\libcr_c.a(alloc.o) (__heaps)
c:/nxp/mcuxpressoide_11.6.1_8255/ide/plugins/com.nxp.mcuxpresso.tools.win32_11.6.1.202207200623/tools/bin/../lib/gcc/arm-none-eabi/10.3.1/../../../../arm-none-eabi/lib/thumb/v7e-m+dp/hard\libcr_c.a(_cr_sbrk.o)
                              c:/nxp/mcuxpressoide_11.6.1_8255/ide/plugins/com.nxp.mcuxpresso.tools.win32_11.6.1.202207200623/tools/bin/../lib/gcc/arm-none-eabi/10.3.1/../../../../arm-none-eabi/lib/thumb/v7e-m+dp/hard\libcr_c.a(alloc.o) (_sbrk)
c:/nxp/mcuxpressoide_11.6.1_8255/ide/plugins/com.nxp.mcuxpresso.tools.win32_11.6.1.202207200623/tools/bin/../lib/gcc/arm-none-eabi/10.3.1/../../../../arm-none-eabi/lib/thumb/v7e-m+dp/hard\libcr_c.a(_deferredlazyseek.o)
                              c:/nxp/mcuxpressoide_11.6.1_8255/ide/plugins/com.nxp.mcuxpresso.tools.win32_11.6.1.202207200623/tools/bin/../lib/gcc/arm-none-eabi/10.3.1/../../../../arm-none-eabi/lib/thumb/v7e-m+dp/hard\libcr_c.a(printf.o) (__flsbuf)
c:/nxp/mcuxpressoide_11.6.1_8255/ide/plugins/com.nxp.mcuxpresso.tools.win32_11.6.1.202207200623/tools/bin/../lib/gcc/arm-none-eabi/10.3.1/../../../../arm-none-eabi/lib/thumb/v7e-m+dp/hard\libcr_c.a(_fdopen.o)
[...]
Memory Configuration

Name             Origin             Length             Attributes
BOARD_FLASH      0x60000000         0x04000000         xr
SRAM_ITC         0x00000000         0x00020000         xrw
BOARD_SDRAM      0x80000000         0x01e00000         xrw
SRAM_DTC         0x20000000         0x00020000         xrw
SRAM_OC          0x20200000         0x00040000         xrw
NCACHE_REGION    0x81e00000         0x00200000         xrw
*default*        0x00000000         0xffffffff

Linker script and memory map

LOAD ./xip/evkbimxrt1050_flexspi_nor_config.o
LOAD ./xip/fsl_flexspi_nor_boot.o
LOAD ./utilities/fsl_assert.o
LOAD ./utilities/fsl_debug_console.o
LOAD ./usb/phy/usb_phy.o
LOAD ./usb/host/class/usb_host_hub.o
LOAD ./usb/host/class/usb_host_hub_app.o
LOAD ./usb/host/class/usb_host_msd.o
LOAD ./usb/host/class/usb_host_msd_ufi.o
LOAD ./usb/host/usb_host_devices.o
LOAD ./usb/host/usb_host_ehci.o
LOAD ./usb/host/usb_host_framework.o
LOAD ./usb/host/usb_host_hci.o
LOAD ./startup/startup_mimxrt1052.o
LOAD ./source/flexspi_romapi.o
LOAD ./source/flexspi_romapi_ops.o
LOAD ./source/host_msd_fatfs.o
LOAD ./source/semihost_hardfault.o
LOAD ./fatfs/source/fsl_usb_disk/fsl_usb_disk_bm.o
LOAD ./fatfs/source/fsl_ram_disk/fsl_ram_disk.o
LOAD ./fatfs/source/diskio.o
LOAD ./fatfs/source/ff.o
LOAD ./fatfs/source/ffsystem.o
LOAD ./fatfs/source/ffunicode.o
LOAD ./drivers/fsl_cache.o
LOAD ./drivers/fsl_clock.o
LOAD ./drivers/fsl_common.o
LOAD ./drivers/fsl_common_arm.o
LOAD ./drivers/fsl_gpio.o
LOAD ./drivers/fsl_lpuart.o
LOAD ./drivers/fsl_romapi.o
LOAD ./device/system_MIMXRT1052.o
LOAD ./component/uart/fsl_adapter_lpuart.o
LOAD ./component/silicon_id/fsl_silicon_id.o
LOAD ./component/osa/fsl_os_abstraction_bm.o
LOAD ./component/lists/fsl_component_generic_list.o
LOAD ./board/board.o
LOAD ./board/clock_config.o
LOAD ./board/dcd.o
LOAD ./board/pin_mux.o
START GROUP
LOAD c:/nxp/mcuxpressoide_11.6.1_8255/ide/plugins/com.nxp.mcuxpresso.tools.win32_11.6.1.202207200623/tools/bin/../lib/gcc/arm-none-eabi/10.3.1/../../../../arm-none-eabi/lib/thumb/v7e-m+dp/hard\libcr_nohost_nf.a
LOAD c:/nxp/mcuxpressoide_11.6.1_8255/ide/plugins/com.nxp.mcuxpresso.tools.win32_11.6.1.202207200623/tools/bin/../lib/gcc/arm-none-eabi/10.3.1/../../../../arm-none-eabi/lib/thumb/v7e-m+dp/hard\libcr_c.a
LOAD c:/nxp/mcuxpressoide_11.6.1_8255/ide/plugins/com.nxp.mcuxpresso.tools.win32_11.6.1.202207200623/tools/bin/../lib/gcc/arm-none-eabi/10.3.1/thumb/v7e-m+dp/hard\libcr_eabihelpers.a
LOAD c:/nxp/mcuxpressoide_11.6.1_8255/ide/plugins/com.nxp.mcuxpresso.tools.win32_11.6.1.202207200623/tools/bin/../lib/gcc/arm-none-eabi/10.3.1/thumb/v7e-m+dp/hard\libgcc.a
END GROUP
                0x60000000                __base_BOARD_FLASH = 0x60000000
                0x60000000                __base_Flash = 0x60000000
                0x64000000                __top_BOARD_FLASH = 0x64000000
                0x64000000                __top_Flash = 0x64000000
                0x00000000                __base_SRAM_ITC = 0x0
                0x00000000                __base_RAM = 0x0
                0x00020000                __top_SRAM_ITC = 0x20000
                0x00020000                __top_RAM = 0x20000
                0x80000000                __base_BOARD_SDRAM = 0x80000000
                0x80000000                __base_RAM2 = 0x80000000
                0x81e00000                __top_BOARD_SDRAM = 0x81e00000
                0x81e00000                __top_RAM2 = 0x81e00000
                0x20000000                __base_SRAM_DTC = 0x20000000
                0x20000000                __base_RAM3 = 0x20000000
                0x20020000                __top_SRAM_DTC = 0x20020000
                0x20020000                __top_RAM3 = 0x20020000
                0x20200000                __base_SRAM_OC = 0x20200000
                0x20200000                __base_RAM4 = 0x20200000
                0x20240000                __top_SRAM_OC = 0x20240000
                0x20240000                __top_RAM4 = 0x20240000
                0x81e00000                __base_NCACHE_REGION = 0x81e00000
                0x81e00000                __base_RAM5 = 0x81e00000
                0x82000000                __top_NCACHE_REGION = 0x82000000
                0x82000000                __top_RAM5 = 0x82000000

.text           0x00000000     0xfe4c
 FILL mask 0xff
                0x00000000                __vectors_start__ = ABSOLUTE (.)
 *(SORT_BY_ALIGNMENT(.isr_vector))
 .isr_vector    0x00000000      0x2a0 ./startup/startup_mimxrt1052.o
                0x00000000                g_pfnVectors
                0x00000000                __Vectors
                0x000002a0                . = ALIGN (0x4)
                0x000002a0                __section_table_start = .
                0x000002a0                __data_section_table = .
                0x000002a0        0x4 LONG 0xfe4c LOADADDR (.data)
                0x000002a4        0x4 LONG 0xfe4c ADDR (.data)
                0x000002a8        0x4 LONG 0x14 SIZEOF (.data)
                0x000002ac        0x4 LONG 0xfe4c LOADADDR (.data_RAM2)
                0x000002b0        0x4 LONG 0x80000000 ADDR (.data_RAM2)
                0x000002b4        0x4 LONG 0x0 SIZEOF (.data_RAM2)
                0x000002b8        0x4 LONG 0xfe4c LOADADDR (.data_RAM3)
                0x000002bc        0x4 LONG 0x20000000 ADDR (.data_RAM3)
                0x000002c0        0x4 LONG 0x0 SIZEOF (.data_RAM3)
                0x000002c4        0x4 LONG 0xfe4c LOADADDR (.data_RAM4)
                0x000002c8        0x4 LONG 0x20200000 ADDR (.data_RAM4)
                0x000002cc        0x4 LONG 0x0 SIZEOF (.data_RAM4)
                0x000002d0        0x4 LONG 0xfe4c LOADADDR (.data_RAM5)
                0x000002d4        0x4 LONG 0x81e00000 ADDR (.data_RAM5)
                0x000002d8        0x4 LONG 0x0 SIZEOF (.data_RAM5)
                0x000002dc                __data_section_table_end = .
                0x000002dc                __bss_section_table = .
                0x000002dc        0x4 LONG 0x10000 ADDR (.bss)
                0x000002e0        0x4 LONG 0x40cc SIZEOF (.bss)
                0x000002e4        0x4 LONG 0x80000000 ADDR (.bss_RAM2)
                0x000002e8        0x4 LONG 0x0 SIZEOF (.bss_RAM2)
                0x000002ec        0x4 LONG 0x20000000 ADDR (.bss_RAM3)
                0x000002f0        0x4 LONG 0x0 SIZEOF (.bss_RAM3)
                0x000002f4        0x4 LONG 0x20200000 ADDR (.bss_RAM4)
                0x000002f8        0x4 LONG 0x0 SIZEOF (.bss_RAM4)
                0x000002fc        0x4 LONG 0x81e00000 ADDR (.bss_RAM5)
                0x00000300        0x4 LONG 0x0 SIZEOF (.bss_RAM5)
                0x00000304                __bss_section_table_end = .
                0x00000304                __section_table_end = .
 *(SORT_BY_ALIGNMENT(.after_vectors*))
 .after_vectors.reset
                0x00000304       0x54 ./startup/startup_mimxrt1052.o
                0x00000304                ResetISR
 .after_vectors.init_data
                0x00000358       0x1e ./startup/startup_mimxrt1052.o
                0x00000358                data_init
 .after_vectors.init_bss
                0x00000376       0x12 ./startup/startup_mimxrt1052.o
                0x00000376                bss_init
 .after_vectors
                0x00000388       0x14 ./startup/startup_mimxrt1052.o
                0x00000388                NMI_Handler
                0x0000038c                MemManage_Handler
                0x0000038e                BusFault_Handler
                0x00000390                UsageFault_Handler
                0x00000392                SVC_Handler
                0x00000394                DebugMon_Handler
                0x00000396                PendSV_Handler
                0x00000398                SysTick_Handler
                0x0000039a                PIT_DriverIRQHandler
                0x0000039a                PMU_EVENT_DriverIRQHandler
                0x0000039a                PWM4_FAULT_DriverIRQHandler
                0x0000039a                DMA13_DMA29_DriverIRQHandler
                0x0000039a                SAI3_RX_DriverIRQHandler
                0x0000039a                LPSPI4_DriverIRQHandler
                0x0000039a                SEMC_DriverIRQHandler
                0x0000039a                SPDIF_DriverIRQHandler
                0x0000039a                CCM_2_DriverIRQHandler
                0x0000039a                PWM4_3_DriverIRQHandler
                0x0000039a                FLEXRAM_DriverIRQHandler
                0x0000039a                LCDIF_DriverIRQHandler
                0x0000039a                USB_PHY1_DriverIRQHandler
                0x0000039a                GPIO3_Combined_0_15_DriverIRQHandler
                0x0000039a                DMA7_DMA23_DriverIRQHandler
                0x0000039a                BEE_DriverIRQHandler
                0x0000039a                LPI2C3_DriverIRQHandler
                0x0000039a                GPR_IRQ_DriverIRQHandler
                0x0000039a                PWM2_FAULT_DriverIRQHandler
                0x0000039a                PWM3_1_DriverIRQHandler
                0x0000039a                DMA14_DMA30_DriverIRQHandler
                0x0000039a                TMR1_DriverIRQHandler
                0x0000039a                TRNG_DriverIRQHandler
                0x0000039a                PWM3_2_DriverIRQHandler
                0x0000039a                ENET_1588_Timer_DriverIRQHandler
                0x0000039a                FLEXIO2_DriverIRQHandler
                0x0000039a                GPIO2_Combined_16_31_DriverIRQHandler
                0x0000039a                Reserved143_DriverIRQHandler
                0x0000039a                LPSPI2_DriverIRQHandler
                0x0000039a                PWM4_1_DriverIRQHandler
                0x0000039a                PWM3_3_DriverIRQHandler
                0x0000039a                DMA0_DMA16_DriverIRQHandler
                0x0000039a                IntDefaultHandler
                0x0000039a                DMA2_DMA18_DriverIRQHandler
                0x0000039a                SRC_DriverIRQHandler
                0x0000039a                GPIO1_INT4_DriverIRQHandler
                0x0000039a                Reserved144_DriverIRQHandler
                0x0000039a                USDHC1_DriverIRQHandler
                0x0000039a                ENC3_DriverIRQHandler
                0x0000039a                PWM3_FAULT_DriverIRQHandler
                0x0000039a                EWM_DriverIRQHandler
                0x0000039a                TSC_DIG_DriverIRQHandler
                0x0000039a                KPP_DriverIRQHandler
                0x0000039a                FLEXIO1_DriverIRQHandler
                0x0000039a                ENET_DriverIRQHandler
                0x0000039a                Reserved78_DriverIRQHandler
                0x0000039a                TMR4_DriverIRQHandler
                0x0000039a                ENC2_DriverIRQHandler
                0x0000039a                ADC_ETC_IRQ2_DriverIRQHandler
                0x0000039a                GPIO1_Combined_16_31_DriverIRQHandler
                0x0000039a                GPIO1_INT7_DriverIRQHandler
                0x0000039a                SAI1_DriverIRQHandler
                0x0000039a                DCDC_DriverIRQHandler
                0x0000039a                DMA12_DMA28_DriverIRQHandler
                0x0000039a                PWM4_0_DriverIRQHandler
                0x0000039a                ADC_ETC_ERROR_IRQ_DriverIRQHandler
                0x0000039a                ACMP2_DriverIRQHandler
                0x0000039a                GPIO5_Combined_0_15_DriverIRQHandler
                0x0000039a                GPIO1_INT0_DriverIRQHandler
                0x0000039a                GPIO1_INT2_DriverIRQHandler
                0x0000039a                RTWDOG_DriverIRQHandler
                0x0000039a                FLEXSPI_DriverIRQHandler
                0x0000039a                GPT2_DriverIRQHandler
                0x0000039a                USB_PHY2_DriverIRQHandler
                0x0000039a                DMA10_DMA26_DriverIRQHandler
                0x0000039a                PWM2_1_DriverIRQHandler
                0x0000039a                PWM1_1_DriverIRQHandler
                0x0000039a                PXP_DriverIRQHandler
                0x0000039a                ADC1_DriverIRQHandler
                0x0000039a                PWM1_0_DriverIRQHandler
                0x0000039a                SJC_DriverIRQHandler
                0x0000039a                DMA1_DMA17_DriverIRQHandler
                0x0000039a                ENC1_DriverIRQHandler
                0x0000039a                ENC4_DriverIRQHandler
                0x0000039a                CAN2_DriverIRQHandler
                0x0000039a                DCP_DriverIRQHandler
                0x0000039a                CTI0_ERROR_DriverIRQHandler
                0x0000039a                DMA8_DMA24_DriverIRQHandler
                0x0000039a                GPT1_DriverIRQHandler
                0x0000039a                ACMP3_DriverIRQHandler
                0x0000039a                DMA6_DMA22_DriverIRQHandler
                0x0000039a                CSU_DriverIRQHandler
                0x0000039a                GPIO1_INT5_DriverIRQHandler
                0x0000039a                TMR3_DriverIRQHandler
                0x0000039a                TMR2_DriverIRQHandler
                0x0000039a                CTI1_ERROR_DriverIRQHandler
                0x0000039a                GPIO1_Combined_0_15_DriverIRQHandler
                0x0000039a                USDHC2_DriverIRQHandler
                0x0000039a                PWM4_2_DriverIRQHandler
                0x0000039a                Reserved87_DriverIRQHandler
                0x0000039a                SAI2_DriverIRQHandler
                0x0000039a                CORE_DriverIRQHandler
                0x0000039a                WDOG1_DriverIRQHandler
                0x0000039a                DMA11_DMA27_DriverIRQHandler
                0x0000039a                CSI_DriverIRQHandler
                0x0000039a                PWM2_3_DriverIRQHandler
                0x0000039a                XBAR1_IRQ_2_3_DriverIRQHandler
                0x0000039a                SNVS_HP_WRAPPER_TZ_DriverIRQHandler
                0x0000039a                GPIO3_Combined_16_31_DriverIRQHandler
                0x0000039a                PWM1_FAULT_DriverIRQHandler
                0x0000039a                LPI2C1_DriverIRQHandler
                0x0000039a                PWM2_2_DriverIRQHandler
                0x0000039a                DMA4_DMA20_DriverIRQHandler
                0x0000039a                DMA9_DMA25_DriverIRQHandler
                0x0000039a                SNVS_HP_WRAPPER_DriverIRQHandler
                0x0000039a                XBAR1_IRQ_0_1_DriverIRQHandler
                0x0000039a                ADC_ETC_IRQ1_DriverIRQHandler
                0x0000039a                LPSPI1_DriverIRQHandler
                0x0000039a                DMA3_DMA19_DriverIRQHandler
                0x0000039a                GPIO1_INT3_DriverIRQHandler
                0x0000039a                DCP_VMI_DriverIRQHandler
                0x0000039a                LPI2C4_DriverIRQHandler
                0x0000039a                GPC_DriverIRQHandler
                0x0000039a                Reserved123_DriverIRQHandler
                0x0000039a                GPIO2_Combined_0_15_DriverIRQHandler
                0x0000039a                PWM1_2_DriverIRQHandler
                0x0000039a                USB_OTG1_DriverIRQHandler
                0x0000039a                TEMP_LOW_HIGH_DriverIRQHandler
                0x0000039a                SAI3_TX_DriverIRQHandler
                0x0000039a                WDOG2_DriverIRQHandler
                0x0000039a                Reserved68_DriverIRQHandler
                0x0000039a                PWM3_0_DriverIRQHandler
                0x0000039a                GPIO4_Combined_0_15_DriverIRQHandler
                0x0000039a                GPIO4_Combined_16_31_DriverIRQHandler
                0x0000039a                GPIO5_Combined_16_31_DriverIRQHandler
                0x0000039a                DMA5_DMA21_DriverIRQHandler
                0x0000039a                CCM_1_DriverIRQHandler
                0x0000039a                ADC2_DriverIRQHandler
                0x0000039a                Reserved115_DriverIRQHandler
                0x0000039a                TEMP_PANIC_DriverIRQHandler
                0x0000039a                ACMP4_DriverIRQHandler
                0x0000039a                DMA15_DMA31_DriverIRQHandler
                0x0000039a                LPSPI3_DriverIRQHandler
                0x0000039a                PWM1_3_DriverIRQHandler
                0x0000039a                ACMP1_DriverIRQHandler
                0x0000039a                LPI2C2_DriverIRQHandler
                0x0000039a                Reserved86_DriverIRQHandler
                0x0000039a                DMA_ERROR_DriverIRQHandler
                0x0000039a                ADC_ETC_IRQ0_DriverIRQHandler
                0x0000039a                CAN1_DriverIRQHandler
                0x0000039a                GPIO1_INT6_DriverIRQHandler
                0x0000039a                GPIO1_INT1_DriverIRQHandler
                0x0000039a                PWM2_0_DriverIRQHandler
                0x0000039a                SNVS_LP_WRAPPER_DriverIRQHandler
                0x0000039a                USB_OTG2_DriverIRQHandler
 *(SORT_BY_ALIGNMENT(.text*))
 .text.__assertion_failed
                0x0000039c       0x18 ./utilities/fsl_assert.o
                0x0000039c                __assertion_failed
 .text.DbgConsole_Init
                0x000003b4       0x74 ./utilities/fsl_debug_console.o
                0x000003b4                DbgConsole_Init
 .text.DbgConsole_Vprintf
                0x00000428       0x3c ./utilities/fsl_debug_console.o
                0x00000428                DbgConsole_Vprintf
 .text.DbgConsole_Putchar
                0x00000464       0x30 ./utilities/fsl_debug_console.o
                0x00000464                DbgConsole_Putchar
 .text.DbgConsole_PrintfFormattedData
                0x00000494      0x9d8 ./utilities/fsl_debug_console.o
 .text.USB_EhciPhyGetBase
                0x00000e6c       0xdc ./usb/phy/usb_phy.o
                0x00000e6c                USB_EhciPhyGetBase
 .text.USB_EhciPhyInit
                0x00000f48       0xc8 ./usb/phy/usb_phy.o
                0x00000f48                USB_EhciPhyInit
 .text.USB_HostHubClassRequestCommon
                0x00001010       0xcc ./usb/host/class/usb_host_hub.o
 .text.USB_HostHubInterruptRecv
                0x000010dc       0x94 ./usb/host/class/usb_host_hub.o
                0x000010dc                USB_HostHubInterruptRecv
 .text.USB_HostHubGetHubList
                0x00001170       0xe4 ./usb/host/class/usb_host_hub_app.o
 .text.USB_HostHubGetInterruptStatus
                0x00001254       0x5c ./usb/host/class/usb_host_hub_app.o
 .text.USB_HostHubProcess
                0x000012b0      0x2e0 ./usb/host/class/usb_host_hub_app.o
 .text.USB_HostHubProcessPortAttach
                0x00001590      0x458 ./usb/host/class/usb_host_hub_app.o
 .text.USB_HostHubProcessPortDetach
                0x000019e8      0x264 ./usb/host/class/usb_host_hub_app.o
 .text.USB_HostHubProcessData
                0x00001c4c      0x110 ./usb/host/class/usb_host_hub_app.o
 .text.USB_HostHubDeviceEvent
                0x00001d5c      0x360 ./usb/host/class/usb_host_hub_app.o
                0x00001d5c                USB_HostHubDeviceEvent
 .text.USB_HostMsdMassResetClearInCallback
                0x000020bc       0x5c ./usb/host/class/usb_host_msd.o
 .text.USB_HostMsdMassResetCallback
                0x00002118       0x60 ./usb/host/class/usb_host_msd.o
 .text.USB_HostMsdCswCallback
                0x00002178      0x1ac ./usb/host/class/usb_host_msd.o
 .text.USB_HostMsdCbwCallback
                0x00002324      0x180 ./usb/host/class/usb_host_msd.o
 .text.USB_HostMsdDataCallback
                0x000024a4       0xf4 ./usb/host/class/usb_host_msd.o
 .text.USB_HostMsdProcessCommand
                0x00002598      0x188 ./usb/host/class/usb_host_msd.o
 .text.USB_HostMsdInit
                0x00002720       0x98 ./usb/host/class/usb_host_msd.o
                0x00002720                USB_HostMsdInit
 .text.USB_HostMsdSetInterface
                0x000027b8      0x148 ./usb/host/class/usb_host_msd.o
                0x000027b8                USB_HostMsdSetInterface
 .text.USB_HostMsdMassStorageReset
                0x00002900       0x3c ./usb/host/class/usb_host_msd.o
                0x00002900                USB_HostMsdMassStorageReset
 .text.USB_HostEnumerationTransferCallback
                0x0000293c      0x194 ./usb/host/usb_host_devices.o
 .text.USB_HostProcessState
                0x00002ad0      0x1f8 ./usb/host/usb_host_devices.o
 .text.USB_HostProcessCallback
                0x00002cc8      0x208 ./usb/host/usb_host_devices.o
 .text.USB_HostOpenDeviceInterface
                0x00002ed0       0xf4 ./usb/host/usb_host_devices.o
                0x00002ed0                USB_HostOpenDeviceInterface
 .text.USB_HostCloseDeviceInterface
                0x00002fc4      0x160 ./usb/host/usb_host_devices.o
                0x00002fc4                USB_HostCloseDeviceInterface
 .text.USB_HostBandwidthComputeTime
                0x00003124      0x128 ./usb/host/usb_host_ehci.o
 .text.USB_HostBandwidthHsHostComputeCurrentFsls
                0x0000324c      0x1e8 ./usb/host/usb_host_ehci.o
 .text.USB_HostBandwidthHsHostAllocateHsCommon
                0x00003434       0xec ./usb/host/usb_host_ehci.o
 .text.USB_HostBandwidthHsHostAllocateInterrupt
                0x00003520      0x400 ./usb/host/usb_host_ehci.o
 .text.USB_HostBandwidthFslsHostAllocate
                0x00003920      0x114 ./usb/host/usb_host_ehci.o
 .text.USB_HostEhciQhQtdListInit
                0x00003a34      0x3a8 ./usb/host/usb_host_ehci.o
 .text.USB_HostEhciStartIP
                0x00003ddc       0xb8 ./usb/host/usb_host_ehci.o
 .text.USB_HostEhciControlBus
                0x00003e94       0xd4 ./usb/host/usb_host_ehci.o
 .text.USB_HostEhciCreate
                0x00003f68      0x314 ./usb/host/usb_host_ehci.o
                0x00003f68                USB_HostEhciCreate
 .text.USB_HostEhciDestory
                0x0000427c       0x74 ./usb/host/usb_host_ehci.o
                0x0000427c                USB_HostEhciDestory
 .text.USB_HostEhciIoctl
                0x000042f0      0x148 ./usb/host/usb_host_ehci.o
                0x000042f0                USB_HostEhciIoctl
 .text.USB_HostEhciIsrFunction
                0x00004438       0xc8 ./usb/host/usb_host_ehci.o
                0x00004438                USB_HostEhciIsrFunction
 .text.USB_HostGetInstance
                0x00004500       0xf8 ./usb/host/usb_host_hci.o
 .text.USB_HostGetControllerInterface
                0x000045f8       0x30 ./usb/host/usb_host_hci.o
 .text.USB_HostHelperGetPeripheralInformation
                0x00004628      0x188 ./usb/host/usb_host_hci.o
                0x00004628                USB_HostHelperGetPeripheralInformation
 .text.__NVIC_EnableIRQ
                0x000047b0       0x3c ./source/flexspi_romapi.o
 .text.__NVIC_SetPriority
                0x000047ec       0x54 ./source/flexspi_romapi.o
 .text.USB_OTG1_IRQHandler
                0x00004840       0x18 ./source/flexspi_romapi.o
                0x00004840                USB_OTG1_IRQHandler
 .text.USB_OTG2_IRQHandler
                0x00004858       0x18 ./source/flexspi_romapi.o
                0x00004858                USB_OTG2_IRQHandler
 .text.USB_HostClockInit
                0x00004870       0x48 ./source/flexspi_romapi.o
                0x00004870                USB_HostClockInit
 .text.USB_HostEvent
                0x000048b8       0x88 ./source/flexspi_romapi.o
 .text.USB_HostApplicationInit
                0x00004940       0x4c ./source/flexspi_romapi.o
 .text.FLEXSPI_NorFlash_GetConfig
                0x0000498c      0x328 ./source/flexspi_romapi.o
                0x0000498c                FLEXSPI_NorFlash_GetConfig
 .text.error_trap
                0x00004cb4       0x10 ./source/flexspi_romapi.o
                0x00004cb4                error_trap
 .text.app_finalize
                0x00004cc4       0x40 ./source/flexspi_romapi.o
                0x00004cc4                app_finalize
 .text.get_cache_status
                0x00004d04       0x50 ./source/flexspi_romapi.o
                0x00004d04                get_cache_status
 .text.flexspi_nor_handle_cache
                0x00004d54      0x1d8 ./source/flexspi_romapi.o
                0x00004d54                flexspi_nor_handle_cache
 .text.HyperFlash
                0x00004f2c      0x164 ./source/flexspi_romapi.o
                0x00004f2c                HyperFlash
 .text.ReadFromPendrive
                0x00005090      0x534 ./source/flexspi_romapi.o
                0x00005090                ReadFromPendrive
 .text.AsciiToDecimal
                0x000055c4      0x188 ./source/flexspi_romapi.o
                0x000055c4                AsciiToDecimal
 .text.decimalToBCD
                0x0000574c       0x50 ./source/flexspi_romapi.o
                0x0000574c                decimalToBCD
 .text.jump_to_hyperflash_location
                0x0000579c      0x1e4 ./source/flexspi_romapi.o
                0x0000579c                jump_to_hyperflash_location
 .text.main     0x00005980       0x28 ./source/flexspi_romapi.o
                0x00005980                main
 .text.dummy    0x000059a8       0x30 ./source/flexspi_romapi.o
                0x000059a8                dummy
 .text.USB_HostMsdControlCallback
                0x000059d8       0x48 ./source/host_msd_fatfs.o
                0x000059d8                USB_HostMsdControlCallback
 .text.USB_HostMsdTask
                0x00005a20      0x11c ./source/host_msd_fatfs.o
                0x00005a20                USB_HostMsdTask
 .text.USB_HostMsdEvent
                0x00005b3c      0x1a0 ./source/host_msd_fatfs.o
                0x00005b3c                USB_HostMsdEvent
 .text.USB_HostMsdUfiCallback
                0x00005cdc       0x30 ./fatfs/source/fsl_usb_disk/fsl_usb_disk_bm.o
 .text.USB_HostMsdInitializeDisk
                0x00005d0c      0x140 ./fatfs/source/fsl_usb_disk/fsl_usb_disk_bm.o
                0x00005d0c                USB_HostMsdInitializeDisk
 .text.USB_HostMsdReadDisk
                0x00005e4c      0x11c ./fatfs/source/fsl_usb_disk/fsl_usb_disk_bm.o
                0x00005e4c                USB_HostMsdReadDisk
 .text.USB_HostMsdWriteDisk
                0x00005f68      0x11c ./fatfs/source/fsl_usb_disk/fsl_usb_disk_bm.o
                0x00005f68                USB_HostMsdWriteDisk
 .text.USB_HostMsdIoctlDisk
                0x00006084      0x198 ./fatfs/source/fsl_usb_disk/fsl_usb_disk_bm.o
                0x00006084                USB_HostMsdIoctlDisk
 .text.sync_fs  0x0000621c       0xdc ./fatfs/source/ff.o
 .text.create_name
                0x000062f8      0x190 ./fatfs/source/ff.o
 .text.check_fs
                0x00006488      0x148 ./fatfs/source/ff.o
 .text.mount_volume
                0x000065d0      0x3fc ./fatfs/source/ff.o
 .text.f_mount  0x000069cc       0x80 ./fatfs/source/ff.o
                0x000069cc                f_mount
 .text.f_open   0x00006a4c      0x314 ./fatfs/source/ff.o
                0x00006a4c                f_open
 .text.f_sync   0x00006d60      0x100 ./fatfs/source/ff.o
                0x00006d60                f_sync
 .text.L1CACHE_InvalidateDCacheByRange
                0x00006e60       0x68 ./drivers/fsl_cache.o
 .text.CLOCK_GetOscFreq
                0x00006ec8       0x30 ./drivers/fsl_clock.o
 .text.CLOCK_InitExternalClk
                0x00006ef8       0x6c ./drivers/fsl_clock.o
                0x00006ef8                CLOCK_InitExternalClk
 .text.CLOCK_SwitchOsc
                0x00006f64       0x34 ./drivers/fsl_clock.o
                0x00006f64                CLOCK_SwitchOsc
 .text.CLOCK_InitRcOsc24M
                0x00006f98       0x24 ./drivers/fsl_clock.o
                0x00006f98                CLOCK_InitRcOsc24M
 .text.CLOCK_EnableUsbhs0Clock
                0x00006fbc       0x7c ./drivers/fsl_clock.o
                0x00006fbc                CLOCK_EnableUsbhs0Clock
 .text.CLOCK_EnableUsbhs0PhyPllClock
                0x00007038       0x6c ./drivers/fsl_clock.o
                0x00007038                CLOCK_EnableUsbhs0PhyPllClock
 .text.CLOCK_InitArmPll
                0x000070a4       0x68 ./drivers/fsl_clock.o
                0x000070a4                CLOCK_InitArmPll
 .text.CLOCK_InitUsb1Pll
                0x0000710c       0x68 ./drivers/fsl_clock.o
                0x0000710c                CLOCK_InitUsb1Pll
 .text.CLOCK_DeinitUsb2Pll
                0x00007174       0x18 ./drivers/fsl_clock.o
                0x00007174                CLOCK_DeinitUsb2Pll
 .text.CLOCK_DeinitAudioPll
                0x0000718c       0x1c ./drivers/fsl_clock.o
                0x0000718c                CLOCK_DeinitAudioPll
 .text.CLOCK_DeinitEnetPll
                0x000071a8       0x1c ./drivers/fsl_clock.o
                0x000071a8                CLOCK_DeinitEnetPll
 .text.CLOCK_GetPllFreq
                0x000071c4      0x3a8 ./drivers/fsl_clock.o
                0x000071c4                CLOCK_GetPllFreq
 .text.CLOCK_ControlGate
                0x0000756c       0x60 ./drivers/fsl_lpuart.o
 .text.LPUART_GetInstance
                0x000075cc       0x4c ./drivers/fsl_lpuart.o
                0x000075cc                LPUART_GetInstance
 .text.LPUART_Init
                0x00007618      0x310 ./drivers/fsl_lpuart.o
                0x00007618                LPUART_Init
 .text.LPUART_GetDefaultConfig
                0x00007928       0x88 ./drivers/fsl_lpuart.o
                0x00007928                LPUART_GetDefaultConfig
 .text.LPUART_GetStatusFlags
                0x000079b0       0x38 ./drivers/fsl_lpuart.o
                0x000079b0                LPUART_GetStatusFlags
 .text.LPUART_ClearStatusFlags
                0x000079e8       0x7c ./drivers/fsl_lpuart.o
                0x000079e8                LPUART_ClearStatusFlags
 .text.LPUART_WriteBlocking
                0x00007a64       0x68 ./drivers/fsl_lpuart.o
                0x00007a64                LPUART_WriteBlocking
 .text.LPUART_ReadBlocking
                0x00007acc      0x160 ./drivers/fsl_lpuart.o
                0x00007acc                LPUART_ReadBlocking
 .text.LPUART1_DriverIRQHandler
                0x00007c2c       0x28 ./drivers/fsl_lpuart.o
                0x00007c2c                LPUART1_DriverIRQHandler
 .text.LPUART2_DriverIRQHandler
                0x00007c54       0x28 ./drivers/fsl_lpuart.o
                0x00007c54                LPUART2_DriverIRQHandler
 .text.LPUART3_DriverIRQHandler
                0x00007c7c       0x28 ./drivers/fsl_lpuart.o
                0x00007c7c                LPUART3_DriverIRQHandler
 .text.LPUART4_DriverIRQHandler
                0x00007ca4       0x28 ./drivers/fsl_lpuart.o
                0x00007ca4                LPUART4_DriverIRQHandler
 .text.LPUART5_DriverIRQHandler
                0x00007ccc       0x28 ./drivers/fsl_lpuart.o
                0x00007ccc                LPUART5_DriverIRQHandler
 .text.LPUART6_DriverIRQHandler
                0x00007cf4       0x28 ./drivers/fsl_lpuart.o
                0x00007cf4                LPUART6_DriverIRQHandler
 .text.LPUART7_DriverIRQHandler
                0x00007d1c       0x28 ./drivers/fsl_lpuart.o
                0x00007d1c                LPUART7_DriverIRQHandler
 .text.LPUART8_DriverIRQHandler
                0x00007d44       0x28 ./drivers/fsl_lpuart.o
                0x00007d44                LPUART8_DriverIRQHandler
 .text.ROM_FLEXSPI_NorFlash_Init
                0x00007d6c       0x28 ./drivers/fsl_romapi.o
                0x00007d6c                ROM_FLEXSPI_NorFlash_Init
 .text.ROM_FLEXSPI_NorFlash_ProgramPage
                0x00007d94       0x30 ./drivers/fsl_romapi.o
                0x00007d94                ROM_FLEXSPI_NorFlash_ProgramPage
 .text.ROM_FLEXSPI_NorFlash_Erase
                0x00007dc4       0x30 ./drivers/fsl_romapi.o
                0x00007dc4                ROM_FLEXSPI_NorFlash_Erase
 .text.ROM_FLEXSPI_NorFlash_ClearCache
                0x00007df4       0x20 ./drivers/fsl_romapi.o
                0x00007df4                ROM_FLEXSPI_NorFlash_ClearCache
 .text.SystemInit
                0x00007e14      0x144 ./device/system_MIMXRT1052.o
                0x00007e14                SystemInit
 .text.HAL_UartInitCommon
                0x00007f58       0xac ./component/uart/fsl_adapter_lpuart.o
 .text.HAL_UartInit
                0x00008004       0x84 ./component/uart/fsl_adapter_lpuart.o
                0x00008004                HAL_UartInit
 .text.HAL_UartReceiveBlocking
                0x00008088       0x6c ./component/uart/fsl_adapter_lpuart.o
                0x00008088                HAL_UartReceiveBlocking
 .text.HAL_UartSendBlocking
                0x000080f4       0x64 ./component/uart/fsl_adapter_lpuart.o
                0x000080f4                HAL_UartSendBlocking
 .text.OSA_MutexCreate
                0x00008158       0x34 ./component/osa/fsl_os_abstraction_bm.o
                0x00008158                OSA_MutexCreate
 .text.OSA_MutexUnlock
                0x0000818c       0x40 ./component/osa/fsl_os_abstraction_bm.o
                0x0000818c                OSA_MutexUnlock
 .text.OSA_MutexDestroy
                0x000081cc       0x30 ./component/osa/fsl_os_abstraction_bm.o
                0x000081cc                OSA_MutexDestroy
 .text.OSA_EventCreate
                0x000081fc       0x48 ./component/osa/fsl_os_abstraction_bm.o
                0x000081fc                OSA_EventCreate
 .text.OSA_EventDestroy
                0x00008244       0x30 ./component/osa/fsl_os_abstraction_bm.o
                0x00008244                OSA_EventDestroy
 .text.CLOCK_GetMux
                0x00008274       0x44 ./board/board.o
 .text.CLOCK_GetDiv
                0x000082b8       0x44 ./board/board.o
 .text.CLOCK_GetOscFreq
                0x000082fc       0x30 ./board/board.o
 .text.BOARD_DebugConsoleSrcFreq
                0x0000832c       0x64 ./board/board.o
                0x0000832c                BOARD_DebugConsoleSrcFreq
 .text.CLOCK_SetMux
                0x00008390       0x9c ./board/clock_config.o
 .text.CLOCK_SetDiv
                0x0000842c       0x9c ./board/clock_config.o
 .text.CLOCK_ControlGate
                0x000084c8       0x60 ./board/clock_config.o
 .text.CLOCK_SetXtalFreq
                0x00008528       0x20 ./board/clock_config.o
 .text.CLOCK_SetRtcXtalFreq
                0x00008548       0x20 ./board/clock_config.o
 .text.IOMUXC_EnableMode
                0x00008568       0x48 ./board/clock_config.o
 .text.IOMUXC_MQSConfig
                0x000085b0       0x44 ./board/clock_config.o
 .text.BOARD_BootClockRUN
                0x000085f4      0x620 ./board/clock_config.o
                0x000085f4                BOARD_BootClockRUN
 .text.CLOCK_ControlGate
                0x00008c14       0x60 ./board/pin_mux.o
 .text.BOARD_InitPins
                0x00008c74      0x1f0 ./board/pin_mux.o
                0x00008c74                BOARD_InitPins
 .text.malloc   0x00008e64       0xc8 c:/nxp/mcuxpressoide_11.6.1_8255/ide/plugins/com.nxp.mcuxpresso.tools.win32_11.6.1.202207200623/tools/bin/../lib/gcc/arm-none-eabi/10.3.1/../../../../arm-none-eabi/lib/thumb/v7e-m+dp/hard\libcr_c.a(alloc.o)
                0x00008e64                malloc
 .text._initio  0x00008f2c       0x78 c:/nxp/mcuxpressoide_11.6.1_8255/ide/plugins/com.nxp.mcuxpresso.tools.win32_11.6.1.202207200623/tools/bin/../lib/gcc/arm-none-eabi/10.3.1/../../../../arm-none-eabi/lib/thumb/v7e-m+dp/hard\libcr_c.a(initio.o)
                0x00008f2c                _initio
 .text._sbrk    0x00008fa4       0x3c c:/nxp/mcuxpressoide_11.6.1_8255/ide/plugins/com.nxp.mcuxpresso.tools.win32_11.6.1.202207200623/tools/bin/../lib/gcc/arm-none-eabi/10.3.1/../../../../arm-none-eabi/lib/thumb/v7e-m+dp/hard\libcr_c.a(_cr_sbrk.o)
                0x00008fa4                _sbrk
 .text._Cwritebuf
                0x00008fe0       0x6c c:/nxp/mcuxpressoide_11.6.1_8255/ide/plugins/com.nxp.mcuxpresso.tools.win32_11.6.1.202207200623/tools/bin/../lib/gcc/arm-none-eabi/10.3.1/../../../../arm-none-eabi/lib/thumb/v7e-m+dp/hard\libcr_c.a(_writebuf.o)
                0x00008fe0                _Cwritebuf
 .text.fflush   0x0000904c       0x3c c:/nxp/mcuxpressoide_11.6.1_8255/ide/plugins/com.nxp.mcuxpresso.tools.win32_11.6.1.202207200623/tools/bin/../lib/gcc/arm-none-eabi/10.3.1/../../../../arm-none-eabi/lib/thumb/v7e-m+dp/hard\libcr_c.a(fflush.o)
                0x0000904c                fflush
 .text.fseek    0x00009088       0xfc c:/nxp/mcuxpressoide_11.6.1_8255/ide/plugins/com.nxp.mcuxpresso.tools.win32_11.6.1.202207200623/tools/bin/../lib/gcc/arm-none-eabi/10.3.1/../../../../arm-none-eabi/lib/thumb/v7e-m+dp/hard\libcr_c.a(fseek.o)
                0x00009088                fseek
 .text.ftell    0x00009184       0x44 c:/nxp/mcuxpressoide_11.6.1_8255/ide/plugins/com.nxp.mcuxpresso.tools.win32_11.6.1.202207200623/tools/bin/../lib/gcc/arm-none-eabi/10.3.1/../../../../arm-none-eabi/lib/thumb/v7e-m+dp/hard\libcr_c.a(ftell.o)
                0x00009184                ftell
 .text.__check_heap_overflow
                0x000091c8       0x18 c:/nxp/mcuxpressoide_11.6.1_8255/ide/plugins/com.nxp.mcuxpresso.tools.win32_11.6.1.202207200623/tools/bin/../lib/gcc/arm-none-eabi/10.3.1/../../../../arm-none-eabi/lib/thumb/v7e-m+dp/hard\libcr_c.a(_cr_check_heap.o)
                0x000091c8                __check_heap_overflow
 .text.DbgConsole_Printf
                0x000091e0       0x2c ./utilities/fsl_debug_console.o
                0x000091e0                DbgConsole_Printf
 .text.DbgConsole_PrintfPaddingCharacter
                0x0000920c       0x40 ./utilities/fsl_debug_console.o
 .text.DbgConsole_ConvertRadixNumToString
                0x0000924c      0x2b0 ./utilities/fsl_debug_console.o
 .text.USB_EhcihostPhyDisconnectDetectCmd
                0x000094fc       0x4a ./usb/phy/usb_phy.o
                0x000094fc                USB_EhcihostPhyDisconnectDetectCmd
 .text.USB_HostHubControlCallback
                0x00009546       0x48 ./usb/host/class/usb_host_hub.o
 .text.USB_HostHubInPipeCallback
                0x0000958e       0x42 ./usb/host/class/usb_host_hub.o
 .text.USB_HostHubInit
                0x000095d0       0x84 ./usb/host/class/usb_host_hub.o
                0x000095d0                USB_HostHubInit
 .text.USB_HostHubSetInterface
                0x00009654      0x168 ./usb/host/class/usb_host_hub.o
                0x00009654                USB_HostHubSetInterface
 .text.USB_HostHubDeinit
                0x000097bc       0xa4 ./usb/host/class/usb_host_hub.o
                0x000097bc                USB_HostHubDeinit
 .text.USB_HostHubGetDescriptor
                0x00009860       0x3a ./usb/host/class/usb_host_hub.o
                0x00009860                USB_HostHubGetDescriptor
 .text.USB_HostHubClearFeature
                0x0000989a       0x3e ./usb/host/class/usb_host_hub.o
                0x0000989a                USB_HostHubClearFeature
 .text.USB_HostHubGetStatus
                0x000098d8       0x3a ./usb/host/class/usb_host_hub.o
                0x000098d8                USB_HostHubGetStatus
 .text.USB_HostHubSetPortFeature
                0x00009912       0x42 ./usb/host/class/usb_host_hub.o
                0x00009912                USB_HostHubSetPortFeature
 .text.USB_HostHubClearPortFeature
                0x00009954       0x42 ./usb/host/class/usb_host_hub.o
                0x00009954                USB_HostHubClearPortFeature
 .text.USB_HostHubGetPortStatus
                0x00009996       0x40 ./usb/host/class/usb_host_hub.o
                0x00009996                USB_HostHubGetPortStatus
 .text.USB_HostHubProcessPort
                0x000099d6       0x3e ./usb/host/class/usb_host_hub_app.o
 .text.USB_HostHubControlCallback
                0x00009a14       0x92 ./usb/host/class/usb_host_hub_app.o
 .text.USB_HostHubInterruptInCallback
                0x00009aa6       0x70 ./usb/host/class/usb_host_hub_app.o
                0x00009aa6                USB_HostHubInterruptInCallback
 .text.USB_HostHubGetHsHubNumber
                0x00009b16       0x96 ./usb/host/class/usb_host_hub_app.o
                0x00009b16                USB_HostHubGetHsHubNumber
 .text.USB_HostHubGetHsHubPort
                0x00009bac       0x9a ./usb/host/class/usb_host_hub_app.o
                0x00009bac                USB_HostHubGetHsHubPort
 .text.USB_HostHubGetTotalThinkTime
                0x00009c46       0x68 ./usb/host/class/usb_host_hub_app.o
                0x00009c46                USB_HostHubGetTotalThinkTime
 .text.USB_HostMsdClearHaltCallback
                0x00009cae       0x42 ./usb/host/class/usb_host_msd.o
 .text.USB_HostMsdClearHalt
                0x00009cf0       0xa6 ./usb/host/class/usb_host_msd.o
 .text.USB_HostMsdResetDone
                0x00009d96       0x60 ./usb/host/class/usb_host_msd.o
 .text.USB_HostMsdMassResetClearOutCallback
                0x00009df6       0x36 ./usb/host/class/usb_host_msd.o
 .text.USB_HostMsdCommandDone
                0x00009e2c       0x38 ./usb/host/class/usb_host_msd.o
 .text.USB_HostMsdCommand
                0x00009e64       0xd2 ./usb/host/class/usb_host_msd.o
                0x00009e64                USB_HostMsdCommand
 .text.USB_HostMsdOpenInterface
                0x00009f36      0x194 ./usb/host/class/usb_host_msd.o
 .text.USB_HostMsdSetInterfaceCallback
                0x0000a0ca       0x54 ./usb/host/class/usb_host_msd.o
 .text.USB_HostMsdDeinit
                0x0000a11e       0xd8 ./usb/host/class/usb_host_msd.o
                0x0000a11e                USB_HostMsdDeinit
 .text.USB_HostMsdControl
                0x0000a1f6       0xc2 ./usb/host/class/usb_host_msd.o
 .text.USB_HostMsdRead10
                0x0000a2b8       0x74 ./usb/host/class/usb_host_msd_ufi.o
                0x0000a2b8                USB_HostMsdRead10
 .text.USB_HostMsdWrite10
                0x0000a32c       0x74 ./usb/host/class/usb_host_msd_ufi.o
                0x0000a32c                USB_HostMsdWrite10
 .text.USB_HostMsdReadCapacity
                0x0000a3a0       0x60 ./usb/host/class/usb_host_msd_ufi.o
                0x0000a3a0                USB_HostMsdReadCapacity
 .text.USB_HostMsdTestUnitReady
                0x0000a400       0x48 ./usb/host/class/usb_host_msd_ufi.o
                0x0000a400                USB_HostMsdTestUnitReady
 .text.USB_HostMsdRequestSense
                0x0000a448       0x62 ./usb/host/class/usb_host_msd_ufi.o
                0x0000a448                USB_HostMsdRequestSense
 .text.USB_HostNotifyDevice
                0x0000a4aa       0xe6 ./usb/host/usb_host_devices.o
 .text.USB_HostAllocateDeviceAddress
                0x0000a590       0xa6 ./usb/host/usb_host_devices.o
 .text.USB_HostReleaseDeviceAddress
                0x0000a636       0x60 ./usb/host/usb_host_devices.o
 .text.USB_HostRemoveDeviceInstance
                0x0000a696       0x76 ./usb/host/usb_host_devices.o
 .text.USB_HostReleaseDeviceResource
                0x0000a70c       0xb6 ./usb/host/usb_host_devices.o
 .text.USB_HostParseDeviceConfigurationDescriptor
                0x0000a7c2      0x43c ./usb/host/usb_host_devices.o
 .text.USB_HostAttachDevice
                0x0000abfe      0x262 ./usb/host/usb_host_devices.o
                0x0000abfe                USB_HostAttachDevice
 .text.USB_HostDetachDevice
                0x0000ae60       0x82 ./usb/host/usb_host_devices.o
                0x0000ae60                USB_HostDetachDevice
 .text.USB_HostDetachDeviceInternal
                0x0000aee2       0x80 ./usb/host/usb_host_devices.o
                0x0000aee2                USB_HostDetachDeviceInternal
 .text.USB_HostValidateDevice
                0x0000af62       0x4a ./usb/host/usb_host_devices.o
                0x0000af62                USB_HostValidateDevice
 .text.USB_HostControlBus
                0x0000afac       0x3e ./usb/host/usb_host_devices.o
 .text.USB_HostBandwidthFslsHostComputeCurrent
                0x0000afea       0x78 ./usb/host/usb_host_ehci.o
 .text.USB_HostBandwidthHsHostComputeCurrentHsAll
                0x0000b062      0x1b2 ./usb/host/usb_host_ehci.o
 .text.USB_HostEhciGet2PowerValue
                0x0000b214       0x88 ./usb/host/usb_host_ehci.o
 .text.USB_HostEhciZeroMem
                0x0000b29c       0x32 ./usb/host/usb_host_ehci.o
 .text.USB_HostEhciDelay
                0x0000b2ce       0x4a ./usb/host/usb_host_ehci.o
 .text.USB_HostEhciStartAsync
                0x0000b318       0x80 ./usb/host/usb_host_ehci.o
 .text.USB_HostEhciStopAsync
                0x0000b398       0x66 ./usb/host/usb_host_ehci.o
 .text.USB_HostEhciStartPeriodic
                0x0000b3fe       0x92 ./usb/host/usb_host_ehci.o
 .text.USB_HostEhciStopPeriodic
                0x0000b490       0x66 ./usb/host/usb_host_ehci.o
 .text.USB_HostEhciQtdListRelease
                0x0000b4f6       0xc4 ./usb/host/usb_host_ehci.o
 .text.USB_HostEhciQhQtdListDeinit
                0x0000b5ba      0x100 ./usb/host/usb_host_ehci.o
 .text.USB_HostEhciTransferQtdListDeinit
                0x0000b6ba      0x17e ./usb/host/usb_host_ehci.o
 .text.USB_HostEhciQhInit
                0x0000b838      0x1d4 ./usb/host/usb_host_ehci.o
 .text.USB_HostEhciQhDeinit
                0x0000ba0c       0x48 ./usb/host/usb_host_ehci.o
 .text.USB_HostEhciAddQhToFrame
                0x0000ba54       0x9e ./usb/host/usb_host_ehci.o
 .text.USB_HostEhciRemoveFromFrame
                0x0000baf2       0x62 ./usb/host/usb_host_ehci.o
 .text.USB_HostEhciOpenControlBulk
                0x0000bb54       0x42 ./usb/host/usb_host_ehci.o
 .text.USB_HostEhciCloseControlBulk
                0x0000bb96       0xcc ./usb/host/usb_host_ehci.o
 .text.USB_HostEhciOpenInterrupt
                0x0000bc62       0x8c ./usb/host/usb_host_ehci.o
 .text.USB_HostEhciCloseInterrupt
                0x0000bcee       0x5e ./usb/host/usb_host_ehci.o
 .text.USB_HostEhciResetIP
                0x0000bd4c       0x4e ./usb/host/usb_host_ehci.o
 .text.USB_HostEhciCancelPipe
                0x0000bd9a       0x88 ./usb/host/usb_host_ehci.o
 .text.USB_HostEhciTransactionDone
                0x0000be22      0x2d0 ./usb/host/usb_host_ehci.o
                0x0000be22                USB_HostEhciTransactionDone
 .text.USB_HostEhciPortChange
                0x0000c0f2      0x1d0 ./usb/host/usb_host_ehci.o
 .text.USB_HostEhciTimer0
                0x0000c2c2      0x1c2 ./usb/host/usb_host_ehci.o
 .text.USB_HostEhciOpenPipe
                0x0000c484      0x1ec ./usb/host/usb_host_ehci.o
                0x0000c484                USB_HostEhciOpenPipe
 .text.USB_HostEhciClosePipe
                0x0000c670       0xd0 ./usb/host/usb_host_ehci.o
                0x0000c670                USB_HostEhciClosePipe
 .text.USB_HostEhciWritePipe
                0x0000c740       0x46 ./usb/host/usb_host_ehci.o
                0x0000c740                USB_HostEhciWritePipe
 .text.USB_HostEhciReadpipe
                0x0000c786       0x20 ./usb/host/usb_host_ehci.o
                0x0000c786                USB_HostEhciReadpipe
 .text.USB_HostEhciTaskFunction
                0x0000c7a6       0xf2 ./usb/host/usb_host_ehci.o
                0x0000c7a6                USB_HostEhciTaskFunction
 .text.USB_HostCh9RequestCommon
                0x0000c898       0x56 ./usb/host/usb_host_framework.o
                0x0000c898                USB_HostCh9RequestCommon
 .text.USB_HostStandardSetAddress
                0x0000c8ee       0x32 ./usb/host/usb_host_framework.o
                0x0000c8ee                USB_HostStandardSetAddress
 .text.USB_HostStandardSetGetDescriptor
                0x0000c920       0x4e ./usb/host/usb_host_framework.o
                0x0000c920                USB_HostStandardSetGetDescriptor
 .text.USB_HostReleaseInstance
                0x0000c96e       0x2e ./usb/host/usb_host_hci.o
 .text.USB_HostInit
                0x0000c99c      0x168 ./usb/host/usb_host_hci.o
                0x0000c99c                USB_HostInit
 .text.USB_HostDeinit
                0x0000cb04       0x46 ./usb/host/usb_host_hci.o
                0x0000cb04                USB_HostDeinit
 .text.USB_HostOpenPipe
                0x0000cb4a       0x44 ./usb/host/usb_host_hci.o
                0x0000cb4a                USB_HostOpenPipe
 .text.USB_HostClosePipe
                0x0000cb8e       0x42 ./usb/host/usb_host_hci.o
                0x0000cb8e                USB_HostClosePipe
 .text.USB_HostSend
                0x0000cbd0       0x6e ./usb/host/usb_host_hci.o
                0x0000cbd0                USB_HostSend
 .text.USB_HostSendSetup
                0x0000cc3e       0x92 ./usb/host/usb_host_hci.o
                0x0000cc3e                USB_HostSendSetup
 .text.USB_HostRecv
                0x0000ccd0       0x6e ./usb/host/usb_host_hci.o
                0x0000ccd0                USB_HostRecv
 .text.USB_HostCancelTransfer
                0x0000cd3e       0x4e ./usb/host/usb_host_hci.o
                0x0000cd3e                USB_HostCancelTransfer
 .text.USB_HostMallocTransfer
                0x0000cd8c       0x74 ./usb/host/usb_host_hci.o
                0x0000cd8c                USB_HostMallocTransfer
 .text.USB_HostFreeTransfer
                0x0000ce00       0x54 ./usb/host/usb_host_hci.o
                0x0000ce00                USB_HostFreeTransfer
 .text.DMA0_DMA16_IRQHandler
                0x0000ce54        0x8 ./startup/startup_mimxrt1052.o
                0x0000ce54                DMA0_DMA16_IRQHandler
 .text.DMA1_DMA17_IRQHandler
                0x0000ce5c        0x8 ./startup/startup_mimxrt1052.o
                0x0000ce5c                DMA1_DMA17_IRQHandler
 .text.DMA2_DMA18_IRQHandler
                0x0000ce64        0x8 ./startup/startup_mimxrt1052.o
                0x0000ce64                DMA2_DMA18_IRQHandler
 .text.DMA3_DMA19_IRQHandler
                0x0000ce6c        0x8 ./startup/startup_mimxrt1052.o
                0x0000ce6c                DMA3_DMA19_IRQHandler
 .text.DMA4_DMA20_IRQHandler
                0x0000ce74        0x8 ./startup/startup_mimxrt1052.o
                0x0000ce74                DMA4_DMA20_IRQHandler
 .text.DMA5_DMA21_IRQHandler
                0x0000ce7c        0x8 ./startup/startup_mimxrt1052.o
                0x0000ce7c                DMA5_DMA21_IRQHandler
 .text.DMA6_DMA22_IRQHandler
                0x0000ce84        0x8 ./startup/startup_mimxrt1052.o
                0x0000ce84                DMA6_DMA22_IRQHandler
 .text.DMA7_DMA23_IRQHandler
                0x0000ce8c        0x8 ./startup/startup_mimxrt1052.o
                0x0000ce8c                DMA7_DMA23_IRQHandler
 .text.DMA8_DMA24_IRQHandler
                0x0000ce94        0x8 ./startup/startup_mimxrt1052.o
                0x0000ce94                DMA8_DMA24_IRQHandler
 .text.DMA9_DMA25_IRQHandler
                0x0000ce9c        0x8 ./startup/startup_mimxrt1052.o
                0x0000ce9c                DMA9_DMA25_IRQHandler
 .text.DMA10_DMA26_IRQHandler
                0x0000cea4        0x8 ./startup/startup_mimxrt1052.o
                0x0000cea4                DMA10_DMA26_IRQHandler
 .text.DMA11_DMA27_IRQHandler
                0x0000ceac        0x8 ./startup/startup_mimxrt1052.o
                0x0000ceac                DMA11_DMA27_IRQHandler
 .text.DMA12_DMA28_IRQHandler
                0x0000ceb4        0x8 ./startup/startup_mimxrt1052.o
                0x0000ceb4                DMA12_DMA28_IRQHandler
 .text.DMA13_DMA29_IRQHandler
                0x0000cebc        0x8 ./startup/startup_mimxrt1052.o
                0x0000cebc                DMA13_DMA29_IRQHandler
 .text.DMA14_DMA30_IRQHandler
                0x0000cec4        0x8 ./startup/startup_mimxrt1052.o
                0x0000cec4                DMA14_DMA30_IRQHandler
 .text.DMA15_DMA31_IRQHandler
                0x0000cecc        0x8 ./startup/startup_mimxrt1052.o
                0x0000cecc                DMA15_DMA31_IRQHandler
 .text.DMA_ERROR_IRQHandler
                0x0000ced4        0x8 ./startup/startup_mimxrt1052.o
                0x0000ced4                DMA_ERROR_IRQHandler
 .text.CTI0_ERROR_IRQHandler
                0x0000cedc        0x8 ./startup/startup_mimxrt1052.o
                0x0000cedc                CTI0_ERROR_IRQHandler
 .text.CTI1_ERROR_IRQHandler
                0x0000cee4        0x8 ./startup/startup_mimxrt1052.o
                0x0000cee4                CTI1_ERROR_IRQHandler
 .text.CORE_IRQHandler
                0x0000ceec        0x8 ./startup/startup_mimxrt1052.o
                0x0000ceec                CORE_IRQHandler
 .text.LPUART1_IRQHandler
                0x0000cef4        0x8 ./startup/startup_mimxrt1052.o
                0x0000cef4                LPUART1_IRQHandler
 .text.LPUART2_IRQHandler
                0x0000cefc        0x8 ./startup/startup_mimxrt1052.o
                0x0000cefc                LPUART2_IRQHandler
 .text.LPUART3_IRQHandler
                0x0000cf04        0x8 ./startup/startup_mimxrt1052.o
                0x0000cf04                LPUART3_IRQHandler
 .text.LPUART4_IRQHandler
                0x0000cf0c        0x8 ./startup/startup_mimxrt1052.o
                0x0000cf0c                LPUART4_IRQHandler
 .text.LPUART5_IRQHandler
                0x0000cf14        0x8 ./startup/startup_mimxrt1052.o
                0x0000cf14                LPUART5_IRQHandler
 .text.LPUART6_IRQHandler
                0x0000cf1c        0x8 ./startup/startup_mimxrt1052.o
                0x0000cf1c                LPUART6_IRQHandler
 .text.LPUART7_IRQHandler
                0x0000cf24        0x8 ./startup/startup_mimxrt1052.o
                0x0000cf24                LPUART7_IRQHandler
 .text.LPUART8_IRQHandler
                0x0000cf2c        0x8 ./startup/startup_mimxrt1052.o
                0x0000cf2c                LPUART8_IRQHandler
 .text.LPI2C1_IRQHandler
                0x0000cf34        0x8 ./startup/startup_mimxrt1052.o
                0x0000cf34                LPI2C1_IRQHandler
 .text.LPI2C2_IRQHandler
                0x0000cf3c        0x8 ./startup/startup_mimxrt1052.o
                0x0000cf3c                LPI2C2_IRQHandler
 .text.LPI2C3_IRQHandler
                0x0000cf44        0x8 ./startup/startup_mimxrt1052.o
                0x0000cf44                LPI2C3_IRQHandler
 .text.LPI2C4_IRQHandler
                0x0000cf4c        0x8 ./startup/startup_mimxrt1052.o
                0x0000cf4c                LPI2C4_IRQHandler
 .text.LPSPI1_IRQHandler
                0x0000cf54        0x8 ./startup/startup_mimxrt1052.o
                0x0000cf54                LPSPI1_IRQHandler
 .text.LPSPI2_IRQHandler
                0x0000cf5c        0x8 ./startup/startup_mimxrt1052.o
                0x0000cf5c                LPSPI2_IRQHandler
 .text.LPSPI3_IRQHandler
                0x0000cf64        0x8 ./startup/startup_mimxrt1052.o
                0x0000cf64                LPSPI3_IRQHandler
 .text.LPSPI4_IRQHandler
                0x0000cf6c        0x8 ./startup/startup_mimxrt1052.o
                0x0000cf6c                LPSPI4_IRQHandler
 .text.CAN1_IRQHandler
                0x0000cf74        0x8 ./startup/startup_mimxrt1052.o
                0x0000cf74                CAN1_IRQHandler
 .text.CAN2_IRQHandler
                0x0000cf7c        0x8 ./startup/startup_mimxrt1052.o
                0x0000cf7c                CAN2_IRQHandler
 .text.FLEXRAM_IRQHandler
                0x0000cf84        0x8 ./startup/startup_mimxrt1052.o
                0x0000cf84                FLEXRAM_IRQHandler
 .text.KPP_IRQHandler
                0x0000cf8c        0x8 ./startup/startup_mimxrt1052.o
                0x0000cf8c                KPP_IRQHandler
 .text.TSC_DIG_IRQHandler
                0x0000cf94        0x8 ./startup/startup_mimxrt1052.o
                0x0000cf94                TSC_DIG_IRQHandler
 .text.GPR_IRQ_IRQHandler
                0x0000cf9c        0x8 ./startup/startup_mimxrt1052.o
                0x0000cf9c                GPR_IRQ_IRQHandler
 .text.LCDIF_IRQHandler
                0x0000cfa4        0x8 ./startup/startup_mimxrt1052.o
                0x0000cfa4                LCDIF_IRQHandler
 .text.CSI_IRQHandler
                0x0000cfac        0x8 ./startup/startup_mimxrt1052.o
                0x0000cfac                CSI_IRQHandler
 .text.PXP_IRQHandler
                0x0000cfb4        0x8 ./startup/startup_mimxrt1052.o
                0x0000cfb4                PXP_IRQHandler
 .text.WDOG2_IRQHandler
                0x0000cfbc        0x8 ./startup/startup_mimxrt1052.o
                0x0000cfbc                WDOG2_IRQHandler
 .text.SNVS_HP_WRAPPER_IRQHandler
                0x0000cfc4        0x8 ./startup/startup_mimxrt1052.o
                0x0000cfc4                SNVS_HP_WRAPPER_IRQHandler
 .text.SNVS_HP_WRAPPER_TZ_IRQHandler
                0x0000cfcc        0x8 ./startup/startup_mimxrt1052.o
                0x0000cfcc                SNVS_HP_WRAPPER_TZ_IRQHandler
 .text.SNVS_LP_WRAPPER_IRQHandler
                0x0000cfd4        0x8 ./startup/startup_mimxrt1052.o
                0x0000cfd4                SNVS_LP_WRAPPER_IRQHandler
 .text.CSU_IRQHandler
                0x0000cfdc        0x8 ./startup/startup_mimxrt1052.o
                0x0000cfdc                CSU_IRQHandler
 .text.DCP_IRQHandler
                0x0000cfe4        0x8 ./startup/startup_mimxrt1052.o
                0x0000cfe4                DCP_IRQHandler
 .text.DCP_VMI_IRQHandler
                0x0000cfec        0x8 ./startup/startup_mimxrt1052.o
                0x0000cfec                DCP_VMI_IRQHandler
 .text.Reserved68_IRQHandler
                0x0000cff4        0x8 ./startup/startup_mimxrt1052.o
                0x0000cff4                Reserved68_IRQHandler
 .text.TRNG_IRQHandler
                0x0000cffc        0x8 ./startup/startup_mimxrt1052.o
                0x0000cffc                TRNG_IRQHandler
 .text.SJC_IRQHandler
                0x0000d004        0x8 ./startup/startup_mimxrt1052.o
                0x0000d004                SJC_IRQHandler
 .text.BEE_IRQHandler
                0x0000d00c        0x8 ./startup/startup_mimxrt1052.o
                0x0000d00c                BEE_IRQHandler
 .text.SAI1_IRQHandler
                0x0000d014        0x8 ./startup/startup_mimxrt1052.o
                0x0000d014                SAI1_IRQHandler
 .text.SAI2_IRQHandler
                0x0000d01c        0x8 ./startup/startup_mimxrt1052.o
                0x0000d01c                SAI2_IRQHandler
 .text.SAI3_RX_IRQHandler
                0x0000d024        0x8 ./startup/startup_mimxrt1052.o
                0x0000d024                SAI3_RX_IRQHandler
 .text.SAI3_TX_IRQHandler
                0x0000d02c        0x8 ./startup/startup_mimxrt1052.o
                0x0000d02c                SAI3_TX_IRQHandler
 .text.SPDIF_IRQHandler
                0x0000d034        0x8 ./startup/startup_mimxrt1052.o
                0x0000d034                SPDIF_IRQHandler
 .text.PMU_EVENT_IRQHandler
                0x0000d03c        0x8 ./startup/startup_mimxrt1052.o
                0x0000d03c                PMU_EVENT_IRQHandler
 .text.Reserved78_IRQHandler
                0x0000d044        0x8 ./startup/startup_mimxrt1052.o
                0x0000d044                Reserved78_IRQHandler
 .text.TEMP_LOW_HIGH_IRQHandler
                0x0000d04c        0x8 ./startup/startup_mimxrt1052.o
                0x0000d04c                TEMP_LOW_HIGH_IRQHandler
 .text.TEMP_PANIC_IRQHandler
                0x0000d054        0x8 ./startup/startup_mimxrt1052.o
                0x0000d054                TEMP_PANIC_IRQHandler
 .text.USB_PHY1_IRQHandler
                0x0000d05c        0x8 ./startup/startup_mimxrt1052.o
                0x0000d05c                USB_PHY1_IRQHandler
 .text.USB_PHY2_IRQHandler
                0x0000d064        0x8 ./startup/startup_mimxrt1052.o
                0x0000d064                USB_PHY2_IRQHandler
 .text.ADC1_IRQHandler
                0x0000d06c        0x8 ./startup/startup_mimxrt1052.o
                0x0000d06c                ADC1_IRQHandler
 .text.ADC2_IRQHandler
                0x0000d074        0x8 ./startup/startup_mimxrt1052.o
                0x0000d074                ADC2_IRQHandler
 .text.DCDC_IRQHandler
                0x0000d07c        0x8 ./startup/startup_mimxrt1052.o
                0x0000d07c                DCDC_IRQHandler
 .text.Reserved86_IRQHandler
                0x0000d084        0x8 ./startup/startup_mimxrt1052.o
                0x0000d084                Reserved86_IRQHandler
 .text.Reserved87_IRQHandler
                0x0000d08c        0x8 ./startup/startup_mimxrt1052.o
                0x0000d08c                Reserved87_IRQHandler
 .text.GPIO1_INT0_IRQHandler
                0x0000d094        0x8 ./startup/startup_mimxrt1052.o
                0x0000d094                GPIO1_INT0_IRQHandler
 .text.GPIO1_INT1_IRQHandler
                0x0000d09c        0x8 ./startup/startup_mimxrt1052.o
                0x0000d09c                GPIO1_INT1_IRQHandler
 .text.GPIO1_INT2_IRQHandler
                0x0000d0a4        0x8 ./startup/startup_mimxrt1052.o
                0x0000d0a4                GPIO1_INT2_IRQHandler
 .text.GPIO1_INT3_IRQHandler
                0x0000d0ac        0x8 ./startup/startup_mimxrt1052.o
                0x0000d0ac                GPIO1_INT3_IRQHandler
 .text.GPIO1_INT4_IRQHandler
                0x0000d0b4        0x8 ./startup/startup_mimxrt1052.o
                0x0000d0b4                GPIO1_INT4_IRQHandler
 .text.GPIO1_INT5_IRQHandler
                0x0000d0bc        0x8 ./startup/startup_mimxrt1052.o
                0x0000d0bc                GPIO1_INT5_IRQHandler
 .text.GPIO1_INT6_IRQHandler
                0x0000d0c4        0x8 ./startup/startup_mimxrt1052.o
                0x0000d0c4                GPIO1_INT6_IRQHandler
 .text.GPIO1_INT7_IRQHandler
                0x0000d0cc        0x8 ./startup/startup_mimxrt1052.o
                0x0000d0cc                GPIO1_INT7_IRQHandler
 .text.GPIO1_Combined_0_15_IRQHandler
                0x0000d0d4        0x8 ./startup/startup_mimxrt1052.o
                0x0000d0d4                GPIO1_Combined_0_15_IRQHandler
 .text.GPIO1_Combined_16_31_IRQHandler
                0x0000d0dc        0x8 ./startup/startup_mimxrt1052.o
                0x0000d0dc                GPIO1_Combined_16_31_IRQHandler
 .text.GPIO2_Combined_0_15_IRQHandler
                0x0000d0e4        0x8 ./startup/startup_mimxrt1052.o
                0x0000d0e4                GPIO2_Combined_0_15_IRQHandler
 .text.GPIO2_Combined_16_31_IRQHandler
                0x0000d0ec        0x8 ./startup/startup_mimxrt1052.o
                0x0000d0ec                GPIO2_Combined_16_31_IRQHandler
 .text.GPIO3_Combined_0_15_IRQHandler
                0x0000d0f4        0x8 ./startup/startup_mimxrt1052.o
                0x0000d0f4                GPIO3_Combined_0_15_IRQHandler
 .text.GPIO3_Combined_16_31_IRQHandler
                0x0000d0fc        0x8 ./startup/startup_mimxrt1052.o
                0x0000d0fc                GPIO3_Combined_16_31_IRQHandler
 .text.GPIO4_Combined_0_15_IRQHandler
                0x0000d104        0x8 ./startup/startup_mimxrt1052.o
                0x0000d104                GPIO4_Combined_0_15_IRQHandler
 .text.GPIO4_Combined_16_31_IRQHandler
                0x0000d10c        0x8 ./startup/startup_mimxrt1052.o
                0x0000d10c                GPIO4_Combined_16_31_IRQHandler
 .text.GPIO5_Combined_0_15_IRQHandler
                0x0000d114        0x8 ./startup/startup_mimxrt1052.o
                0x0000d114                GPIO5_Combined_0_15_IRQHandler
 .text.GPIO5_Combined_16_31_IRQHandler
                0x0000d11c        0x8 ./startup/startup_mimxrt1052.o
                0x0000d11c                GPIO5_Combined_16_31_IRQHandler
 .text.FLEXIO1_IRQHandler
                0x0000d124        0x8 ./startup/startup_mimxrt1052.o
                0x0000d124                FLEXIO1_IRQHandler
 .text.FLEXIO2_IRQHandler
                0x0000d12c        0x8 ./startup/startup_mimxrt1052.o
                0x0000d12c                FLEXIO2_IRQHandler
 .text.WDOG1_IRQHandler
                0x0000d134        0x8 ./startup/startup_mimxrt1052.o
                0x0000d134                WDOG1_IRQHandler
 .text.RTWDOG_IRQHandler
                0x0000d13c        0x8 ./startup/startup_mimxrt1052.o
                0x0000d13c                RTWDOG_IRQHandler
 .text.EWM_IRQHandler
                0x0000d144        0x8 ./startup/startup_mimxrt1052.o
                0x0000d144                EWM_IRQHandler
 .text.CCM_1_IRQHandler
                0x0000d14c        0x8 ./startup/startup_mimxrt1052.o
                0x0000d14c                CCM_1_IRQHandler
 .text.CCM_2_IRQHandler
                0x0000d154        0x8 ./startup/startup_mimxrt1052.o
                0x0000d154                CCM_2_IRQHandler
 .text.GPC_IRQHandler
                0x0000d15c        0x8 ./startup/startup_mimxrt1052.o
                0x0000d15c                GPC_IRQHandler
 .text.SRC_IRQHandler
                0x0000d164        0x8 ./startup/startup_mimxrt1052.o
                0x0000d164                SRC_IRQHandler
 .text.Reserved115_IRQHandler
                0x0000d16c        0x8 ./startup/startup_mimxrt1052.o
                0x0000d16c                Reserved115_IRQHandler
 .text.GPT1_IRQHandler
                0x0000d174        0x8 ./startup/startup_mimxrt1052.o
                0x0000d174                GPT1_IRQHandler
 .text.GPT2_IRQHandler
                0x0000d17c        0x8 ./startup/startup_mimxrt1052.o
                0x0000d17c                GPT2_IRQHandler
 .text.PWM1_0_IRQHandler
                0x0000d184        0x8 ./startup/startup_mimxrt1052.o
                0x0000d184                PWM1_0_IRQHandler
 .text.PWM1_1_IRQHandler
                0x0000d18c        0x8 ./startup/startup_mimxrt1052.o
                0x0000d18c                PWM1_1_IRQHandler
 .text.PWM1_2_IRQHandler
                0x0000d194        0x8 ./startup/startup_mimxrt1052.o
                0x0000d194                PWM1_2_IRQHandler
 .text.PWM1_3_IRQHandler
                0x0000d19c        0x8 ./startup/startup_mimxrt1052.o
                0x0000d19c                PWM1_3_IRQHandler
 .text.PWM1_FAULT_IRQHandler
                0x0000d1a4        0x8 ./startup/startup_mimxrt1052.o
                0x0000d1a4                PWM1_FAULT_IRQHandler
 .text.Reserved123_IRQHandler
                0x0000d1ac        0x8 ./startup/startup_mimxrt1052.o
                0x0000d1ac                Reserved123_IRQHandler
 .text.FLEXSPI_IRQHandler
                0x0000d1b4        0x8 ./startup/startup_mimxrt1052.o
                0x0000d1b4                FLEXSPI_IRQHandler
 .text.SEMC_IRQHandler
                0x0000d1bc        0x8 ./startup/startup_mimxrt1052.o
                0x0000d1bc                SEMC_IRQHandler
 .text.USDHC1_IRQHandler
                0x0000d1c4        0x8 ./startup/startup_mimxrt1052.o
                0x0000d1c4                USDHC1_IRQHandler
 .text.USDHC2_IRQHandler
                0x0000d1cc        0x8 ./startup/startup_mimxrt1052.o
                0x0000d1cc                USDHC2_IRQHandler
 .text.ENET_IRQHandler
                0x0000d1d4        0x8 ./startup/startup_mimxrt1052.o
                0x0000d1d4                ENET_IRQHandler
 .text.ENET_1588_Timer_IRQHandler
                0x0000d1dc        0x8 ./startup/startup_mimxrt1052.o
                0x0000d1dc                ENET_1588_Timer_IRQHandler
 .text.XBAR1_IRQ_0_1_IRQHandler
                0x0000d1e4        0x8 ./startup/startup_mimxrt1052.o
                0x0000d1e4                XBAR1_IRQ_0_1_IRQHandler
 .text.XBAR1_IRQ_2_3_IRQHandler
                0x0000d1ec        0x8 ./startup/startup_mimxrt1052.o
                0x0000d1ec                XBAR1_IRQ_2_3_IRQHandler
 .text.ADC_ETC_IRQ0_IRQHandler
                0x0000d1f4        0x8 ./startup/startup_mimxrt1052.o
                0x0000d1f4                ADC_ETC_IRQ0_IRQHandler
 .text.ADC_ETC_IRQ1_IRQHandler
                0x0000d1fc        0x8 ./startup/startup_mimxrt1052.o
                0x0000d1fc                ADC_ETC_IRQ1_IRQHandler
 .text.ADC_ETC_IRQ2_IRQHandler
                0x0000d204        0x8 ./startup/startup_mimxrt1052.o
                0x0000d204                ADC_ETC_IRQ2_IRQHandler
 .text.ADC_ETC_ERROR_IRQ_IRQHandler
                0x0000d20c        0x8 ./startup/startup_mimxrt1052.o
                0x0000d20c                ADC_ETC_ERROR_IRQ_IRQHandler
 .text.PIT_IRQHandler
                0x0000d214        0x8 ./startup/startup_mimxrt1052.o
                0x0000d214                PIT_IRQHandler
 .text.ACMP1_IRQHandler
                0x0000d21c        0x8 ./startup/startup_mimxrt1052.o
                0x0000d21c                ACMP1_IRQHandler
 .text.ACMP2_IRQHandler
                0x0000d224        0x8 ./startup/startup_mimxrt1052.o
                0x0000d224                ACMP2_IRQHandler
 .text.ACMP3_IRQHandler
                0x0000d22c        0x8 ./startup/startup_mimxrt1052.o
                0x0000d22c                ACMP3_IRQHandler
 .text.ACMP4_IRQHandler
                0x0000d234        0x8 ./startup/startup_mimxrt1052.o
                0x0000d234                ACMP4_IRQHandler
 .text.Reserved143_IRQHandler
                0x0000d23c        0x8 ./startup/startup_mimxrt1052.o
                0x0000d23c                Reserved143_IRQHandler
 .text.Reserved144_IRQHandler
                0x0000d244        0x8 ./startup/startup_mimxrt1052.o
                0x0000d244                Reserved144_IRQHandler
 .text.ENC1_IRQHandler
                0x0000d24c        0x8 ./startup/startup_mimxrt1052.o
                0x0000d24c                ENC1_IRQHandler
 .text.ENC2_IRQHandler
                0x0000d254        0x8 ./startup/startup_mimxrt1052.o
                0x0000d254                ENC2_IRQHandler
 .text.ENC3_IRQHandler
                0x0000d25c        0x8 ./startup/startup_mimxrt1052.o
                0x0000d25c                ENC3_IRQHandler
 .text.ENC4_IRQHandler
                0x0000d264        0x8 ./startup/startup_mimxrt1052.o
                0x0000d264                ENC4_IRQHandler
 .text.TMR1_IRQHandler
                0x0000d26c        0x8 ./startup/startup_mimxrt1052.o
                0x0000d26c                TMR1_IRQHandler
 .text.TMR2_IRQHandler
                0x0000d274        0x8 ./startup/startup_mimxrt1052.o
                0x0000d274                TMR2_IRQHandler
 .text.TMR3_IRQHandler
                0x0000d27c        0x8 ./startup/startup_mimxrt1052.o
                0x0000d27c                TMR3_IRQHandler
 .text.TMR4_IRQHandler
                0x0000d284        0x8 ./startup/startup_mimxrt1052.o
                0x0000d284                TMR4_IRQHandler
 .text.PWM2_0_IRQHandler
                0x0000d28c        0x8 ./startup/startup_mimxrt1052.o
                0x0000d28c                PWM2_0_IRQHandler
 .text.PWM2_1_IRQHandler
                0x0000d294        0x8 ./startup/startup_mimxrt1052.o
                0x0000d294                PWM2_1_IRQHandler
 .text.PWM2_2_IRQHandler
                0x0000d29c        0x8 ./startup/startup_mimxrt1052.o
                0x0000d29c                PWM2_2_IRQHandler
 .text.PWM2_3_IRQHandler
                0x0000d2a4        0x8 ./startup/startup_mimxrt1052.o
                0x0000d2a4                PWM2_3_IRQHandler
 .text.PWM2_FAULT_IRQHandler
                0x0000d2ac        0x8 ./startup/startup_mimxrt1052.o
                0x0000d2ac                PWM2_FAULT_IRQHandler
 .text.PWM3_0_IRQHandler
                0x0000d2b4        0x8 ./startup/startup_mimxrt1052.o
                0x0000d2b4                PWM3_0_IRQHandler
 .text.PWM3_1_IRQHandler
                0x0000d2bc        0x8 ./startup/startup_mimxrt1052.o
                0x0000d2bc                PWM3_1_IRQHandler
 .text.PWM3_2_IRQHandler
                0x0000d2c4        0x8 ./startup/startup_mimxrt1052.o
                0x0000d2c4                PWM3_2_IRQHandler
 .text.PWM3_3_IRQHandler
                0x0000d2cc        0x8 ./startup/startup_mimxrt1052.o
                0x0000d2cc                PWM3_3_IRQHandler
 .text.PWM3_FAULT_IRQHandler
                0x0000d2d4        0x8 ./startup/startup_mimxrt1052.o
                0x0000d2d4                PWM3_FAULT_IRQHandler
 .text.PWM4_0_IRQHandler
                0x0000d2dc        0x8 ./startup/startup_mimxrt1052.o
                0x0000d2dc                PWM4_0_IRQHandler
 .text.PWM4_1_IRQHandler
                0x0000d2e4        0x8 ./startup/startup_mimxrt1052.o
                0x0000d2e4                PWM4_1_IRQHandler
 .text.PWM4_2_IRQHandler
                0x0000d2ec        0x8 ./startup/startup_mimxrt1052.o
                0x0000d2ec                PWM4_2_IRQHandler
 .text.PWM4_3_IRQHandler
                0x0000d2f4        0x8 ./startup/startup_mimxrt1052.o
                0x0000d2f4                PWM4_3_IRQHandler
 .text.PWM4_FAULT_IRQHandler
                0x0000d2fc        0x8 ./startup/startup_mimxrt1052.o
                0x0000d2fc                PWM4_FAULT_IRQHandler
 .text.EnableIRQ
                0x0000d304       0x32 ./source/flexspi_romapi.o
 .text.USB_HostIsrEnable
                0x0000d336       0x2e ./source/flexspi_romapi.o
                0x0000d336                USB_HostIsrEnable
 .text.USB_HostTaskFn
                0x0000d364       0x16 ./source/flexspi_romapi.o
                0x0000d364                USB_HostTaskFn
 .text.ASCII2HEX
                0x0000d37a       0x30 ./source/flexspi_romapi.o
                0x0000d37a                ASCII2HEX
 .text.funcDelayUs
                0x0000d3aa       0x44 ./source/flexspi_romapi.o
                0x0000d3aa                funcDelayUs
 .text.HardFault_Handler
                0x0000d3ee       0x2c ./source/semihost_hardfault.o
                0x0000d3ee                HardFault_Handler
 .text.USB_HostControllerTaskFunction
                0x0000d41a       0x16 ./fatfs/source/fsl_usb_disk/fsl_usb_disk_bm.o
 .text.USB_HostMsdGetDiskStatus
                0x0000d430       0x18 ./fatfs/source/fsl_usb_disk/fsl_usb_disk_bm.o
                0x0000d430                USB_HostMsdGetDiskStatus
 .text.disk_status
                0x0000d448       0x2c ./fatfs/source/diskio.o
                0x0000d448                disk_status
 .text.disk_initialize
                0x0000d474       0x2c ./fatfs/source/diskio.o
                0x0000d474                disk_initialize
 .text.disk_read
                0x0000d4a0       0x36 ./fatfs/source/diskio.o
                0x0000d4a0                disk_read
 .text.disk_write
                0x0000d4d6       0x36 ./fatfs/source/diskio.o
                0x0000d4d6                disk_write
 .text.disk_ioctl
                0x0000d50c       0x36 ./fatfs/source/diskio.o
                0x0000d50c                disk_ioctl
 .text.ld_word  0x0000d542       0x30 ./fatfs/source/ff.o
 .text.ld_dword
                0x0000d572       0x46 ./fatfs/source/ff.o
 .text.st_word  0x0000d5b8       0x36 ./fatfs/source/ff.o
 .text.st_dword
                0x0000d5ee       0x58 ./fatfs/source/ff.o
 .text.dbc_1st  0x0000d646       0x40 ./fatfs/source/ff.o
 .text.dbc_2nd  0x0000d686       0x54 ./fatfs/source/ff.o
 .text.sync_window
                0x0000d6da       0x78 ./fatfs/source/ff.o
 .text.move_window
                0x0000d752       0x5a ./fatfs/source/ff.o
 .text.clst2sect
                0x0000d7ac       0x3e ./fatfs/source/ff.o
 .text.get_fat  0x0000d7ea      0x150 ./fatfs/source/ff.o
 .text.put_fat  0x0000d93a      0x1d8 ./fatfs/source/ff.o
 .text.remove_chain
                0x0000db12       0xca ./fatfs/source/ff.o
 .text.create_chain
                0x0000dbdc      0x1a2 ./fatfs/source/ff.o
 .text.dir_clear
                0x0000dd7e       0x90 ./fatfs/source/ff.o
 .text.dir_sdi  0x0000de0e       0xf6 ./fatfs/source/ff.o
 .text.dir_next
                0x0000df04      0x12c ./fatfs/source/ff.o
 .text.dir_alloc
                0x0000e030       0x8e ./fatfs/source/ff.o
 .text.ld_clust
                0x0000e0be       0x3e ./fatfs/source/ff.o
 .text.st_clust
                0x0000e0fc       0x40 ./fatfs/source/ff.o
 .text.dir_find
                0x0000e13c       0xaa ./fatfs/source/ff.o
 .text.dir_register
                0x0000e1e6       0x64 ./fatfs/source/ff.o
 .text.follow_path
                0x0000e24a       0xde ./fatfs/source/ff.o
 .text.get_ldnumber
                0x0000e328       0x8a ./fatfs/source/ff.o
 .text.find_volume
                0x0000e3b2       0xbe ./fatfs/source/ff.o
 .text.validate
                0x0000e470       0x6a ./fatfs/source/ff.o
 .text.f_read   0x0000e4da      0x266 ./fatfs/source/ff.o
                0x0000e4da                f_read
 .text.f_close  0x0000e740       0x40 ./fatfs/source/ff.o
                0x0000e740                f_close
 .text.f_gets   0x0000e780       0x78 ./fatfs/source/ff.o
                0x0000e780                f_gets
 .text.DCACHE_InvalidateByRange
                0x0000e7f8       0x1a ./drivers/fsl_cache.o
                0x0000e7f8                DCACHE_InvalidateByRange
 .text.CLOCK_IsPllBypassed
                0x0000e812       0x32 ./drivers/fsl_clock.o
 .text.CLOCK_IsPllEnabled
                0x0000e844       0x3c ./drivers/fsl_clock.o
 .text.CLOCK_GetPllBypassRefClk
                0x0000e880       0x34 ./drivers/fsl_clock.o
 .text._SDK_AtomicLocalClearAndSet4Byte
                0x0000e8b4       0x50 ./drivers/fsl_lpuart.o
 .text.CLOCK_EnableClock
                0x0000e904       0x1e ./drivers/fsl_lpuart.o
 .text.LPUART_SoftwareReset
                0x0000e922       0x2c ./drivers/fsl_lpuart.o
 .text.SystemInitHook
                0x0000e94e        0xe ./device/system_MIMXRT1052.o
                0x0000e94e                SystemInitHook
 .text.HAL_UartGetStatus
                0x0000e95c       0x28 ./component/uart/fsl_adapter_lpuart.o
 .text.DisableGlobalIRQ
                0x0000e984       0x22 ./component/osa/fsl_os_abstraction_bm.o
 .text.EnableGlobalIRQ
                0x0000e9a6       0x20 ./component/osa/fsl_os_abstraction_bm.o
 .text.OSA_MemoryAllocate
                0x0000e9c6       0x2a ./component/osa/fsl_os_abstraction_bm.o
                0x0000e9c6                OSA_MemoryAllocate
 .text.OSA_MemoryFree
                0x0000e9f0       0x16 ./component/osa/fsl_os_abstraction_bm.o
                0x0000e9f0                OSA_MemoryFree
 .text.OSA_EnterCritical
                0x0000ea06       0x1a ./component/osa/fsl_os_abstraction_bm.o
                0x0000ea06                OSA_EnterCritical
 .text.OSA_ExitCritical
                0x0000ea20       0x16 ./component/osa/fsl_os_abstraction_bm.o
                0x0000ea20                OSA_ExitCritical
 .text.OSA_MutexLock
                0x0000ea36       0x52 ./component/osa/fsl_os_abstraction_bm.o
                0x0000ea36                OSA_MutexLock
 .text.OSA_EventSet
                0x0000ea88       0x36 ./component/osa/fsl_os_abstraction_bm.o
                0x0000ea88                OSA_EventSet
 .text.OSA_EventWait
                0x0000eabe       0x94 ./component/osa/fsl_os_abstraction_bm.o
                0x0000eabe                OSA_EventWait
 .text.BOARD_InitDebugConsole
                0x0000eb52       0x22 ./board/board.o
                0x0000eb52                BOARD_InitDebugConsole
 .text._SDK_AtomicLocalClearAndSet4Byte
                0x0000eb74       0x50 ./board/clock_config.o
 .text.CLOCK_DisableClock
                0x0000ebc4       0x1e ./board/clock_config.o
 .text.CLOCK_SetPllBypass
                0x0000ebe2       0x4e ./board/clock_config.o
 .text.IOMUXC_SetSaiMClkClockSource
                0x0000ec30       0x6c ./board/clock_config.o
 .text.BOARD_InitBootClocks
                0x0000ec9c        0xc ./board/clock_config.o
                0x0000ec9c                BOARD_InitBootClocks
 .text._SDK_AtomicLocalClearAndSet4Byte
                0x0000eca8       0x50 ./board/pin_mux.o
 .text.CLOCK_EnableClock
                0x0000ecf8       0x1e ./board/pin_mux.o
 .text.IOMUXC_SetPinMux
                0x0000ed16       0x3a ./board/pin_mux.o
 .text.IOMUXC_SetPinConfig
                0x0000ed50       0x26 ./board/pin_mux.o
 .text.BOARD_InitBootPins
                0x0000ed76        0xc ./board/pin_mux.o
                0x0000ed76                BOARD_InitBootPins
 .text.__main   0x0000ed82        0xe c:/nxp/mcuxpressoide_11.6.1_8255/ide/plugins/com.nxp.mcuxpresso.tools.win32_11.6.1.202207200623/tools/bin/../lib/gcc/arm-none-eabi/10.3.1/../../../../arm-none-eabi/lib/thumb/v7e-m+dp/hard\libcr_nohost_nf.a(_cr__main.o)
                0x0000ed82                __main
 .text.memcpy   0x0000ed90        0x4 c:/nxp/mcuxpressoide_11.6.1_8255/ide/plugins/com.nxp.mcuxpresso.tools.win32_11.6.1.202207200623/tools/bin/../lib/gcc/arm-none-eabi/10.3.1/../../../../arm-none-eabi/lib/thumb/v7e-m+dp/hard\libcr_c.a(memcpy.o)
                0x0000ed90                memcpy
 .text.memset   0x0000ed94        0x4 c:/nxp/mcuxpressoide_11.6.1_8255/ide/plugins/com.nxp.mcuxpresso.tools.win32_11.6.1.202207200623/tools/bin/../lib/gcc/arm-none-eabi/10.3.1/../../../../arm-none-eabi/lib/thumb/v7e-m+dp/hard\libcr_c.a(memset.o)
                0x0000ed94                memset
 .text.free     0x0000ed98       0x30 c:/nxp/mcuxpressoide_11.6.1_8255/ide/plugins/com.nxp.mcuxpresso.tools.win32_11.6.1.202207200623/tools/bin/../lib/gcc/arm-none-eabi/10.3.1/../../../../arm-none-eabi/lib/thumb/v7e-m+dp/hard\libcr_c.a(alloc.o)
                0x0000ed98                free
 .text.memcmp   0x0000edc8       0x40 c:/nxp/mcuxpressoide_11.6.1_8255/ide/plugins/com.nxp.mcuxpresso.tools.win32_11.6.1.202207200623/tools/bin/../lib/gcc/arm-none-eabi/10.3.1/../../../../arm-none-eabi/lib/thumb/v7e-m+dp/hard\libcr_c.a(memcmp.o)
                0x0000edc8                memcmp
 .text.setvbuf  0x0000ee08       0x3e c:/nxp/mcuxpressoide_11.6.1_8255/ide/plugins/com.nxp.mcuxpresso.tools.win32_11.6.1.202207200623/tools/bin/../lib/gcc/arm-none-eabi/10.3.1/../../../../arm-none-eabi/lib/thumb/v7e-m+dp/hard\libcr_c.a(setvbuf.o)
                0x0000ee08                setvbuf
 .text.strchr   0x0000ee46       0x16 c:/nxp/mcuxpressoide_11.6.1_8255/ide/plugins/com.nxp.mcuxpresso.tools.win32_11.6.1.202207200623/tools/bin/../lib/gcc/arm-none-eabi/10.3.1/../../../../arm-none-eabi/lib/thumb/v7e-m+dp/hard\libcr_c.a(strchr.o)
                0x0000ee46                strchr
 .text.strlen   0x0000ee5c       0x48 c:/nxp/mcuxpressoide_11.6.1_8255/ide/plugins/com.nxp.mcuxpresso.tools.win32_11.6.1.202207200623/tools/bin/../lib/gcc/arm-none-eabi/10.3.1/../../../../arm-none-eabi/lib/thumb/v7e-m+dp/hard\libcr_c.a(strlen.o)
                0x0000ee5c                strlen
 .text._deferredlazyseek
                0x0000eea4       0x40 c:/nxp/mcuxpressoide_11.6.1_8255/ide/plugins/com.nxp.mcuxpresso.tools.win32_11.6.1.202207200623/tools/bin/../lib/gcc/arm-none-eabi/10.3.1/../../../../arm-none-eabi/lib/thumb/v7e-m+dp/hard\libcr_c.a(_deferredlazyseek.o)
                0x0000eea4                _deferredlazyseek
 .text._fdopen  0x0000eee4       0x68 c:/nxp/mcuxpressoide_11.6.1_8255/ide/plugins/com.nxp.mcuxpresso.tools.win32_11.6.1.202207200623/tools/bin/../lib/gcc/arm-none-eabi/10.3.1/../../../../arm-none-eabi/lib/thumb/v7e-m+dp/hard\libcr_c.a(_fdopen.o)
                0x0000eee4                _fdopen
 .text._fflush  0x0000ef4c       0x52 c:/nxp/mcuxpressoide_11.6.1_8255/ide/plugins/com.nxp.mcuxpresso.tools.win32_11.6.1.202207200623/tools/bin/../lib/gcc/arm-none-eabi/10.3.1/../../../../arm-none-eabi/lib/thumb/v7e-m+dp/hard\libcr_c.a(_fflush.o)
                0x0000ef4c                _fflush
 .text.fclose   0x0000ef9e       0x58 c:/nxp/mcuxpressoide_11.6.1_8255/ide/plugins/com.nxp.mcuxpresso.tools.win32_11.6.1.202207200623/tools/bin/../lib/gcc/arm-none-eabi/10.3.1/../../../../arm-none-eabi/lib/thumb/v7e-m+dp/hard\libcr_c.a(fclose.o)
                0x0000ef9e                fclose
 .text.remove   0x0000eff6       0x14 c:/nxp/mcuxpressoide_11.6.1_8255/ide/plugins/com.nxp.mcuxpresso.tools.win32_11.6.1.202207200623/tools/bin/../lib/gcc/arm-none-eabi/10.3.1/../../../../arm-none-eabi/lib/thumb/v7e-m+dp/hard\libcr_c.a(remove.o)
                0x0000eff6                remove
 .text._do_fflush
                0x0000f00a       0x40 c:/nxp/mcuxpressoide_11.6.1_8255/ide/plugins/com.nxp.mcuxpresso.tools.win32_11.6.1.202207200623/tools/bin/../lib/gcc/arm-none-eabi/10.3.1/../../../../arm-none-eabi/lib/thumb/v7e-m+dp/hard\libcr_c.a(_do_fflush.o)
                0x0000f00a                _do_fflush
 .text.__aeabi_division_ldivmod
                0x0000f04a       0x26 c:/nxp/mcuxpressoide_11.6.1_8255/ide/plugins/com.nxp.mcuxpresso.tools.win32_11.6.1.202207200623/tools/bin/../lib/gcc/arm-none-eabi/10.3.1/thumb/v7e-m+dp/hard\libcr_eabihelpers.a(division_64.o)
                0x0000f04a                __aeabi_ldivmod
 .text.__aeabi_division_uldivmod
                0x0000f070      0x174 c:/nxp/mcuxpressoide_11.6.1_8255/ide/plugins/com.nxp.mcuxpresso.tools.win32_11.6.1.202207200623/tools/bin/../lib/gcc/arm-none-eabi/10.3.1/thumb/v7e-m+dp/hard\libcr_eabihelpers.a(division_64.o)
                0x0000f070                __aeabi_uldivmod
                0x0000f074                __bhs_ldivmod1
 .text.__aeabi_division_idiv0
                0x0000f1e4        0x2 c:/nxp/mcuxpressoide_11.6.1_8255/ide/plugins/com.nxp.mcuxpresso.tools.win32_11.6.1.202207200623/tools/bin/../lib/gcc/arm-none-eabi/10.3.1/thumb/v7e-m+dp/hard\libcr_eabihelpers.a(division_idiv0.o)
                0x0000f1e4                __aeabi_idiv0
 .text.__aeabi_memcpy
                0x0000f1e6       0x34 c:/nxp/mcuxpressoide_11.6.1_8255/ide/plugins/com.nxp.mcuxpresso.tools.win32_11.6.1.202207200623/tools/bin/../lib/gcc/arm-none-eabi/10.3.1/thumb/v7e-m+dp/hard\libcr_eabihelpers.a(memcpy.o)
                0x0000f1e6                __aeabi_memcpy
                0x0000f1f0                __aeabi_memcpy8
                0x0000f1f0                __aeabi_memcpy4
 .text.__aeabi_memset_lowlevel
                0x0000f21a       0x32 c:/nxp/mcuxpressoide_11.6.1_8255/ide/plugins/com.nxp.mcuxpresso.tools.win32_11.6.1.202207200623/tools/bin/../lib/gcc/arm-none-eabi/10.3.1/thumb/v7e-m+dp/hard\libcr_eabihelpers.a(memcpy.o)
                0x0000f21a                __aeabi_lowlevel_memset
 .text.__sys_close
                0x0000f24c        0x6 c:/nxp/mcuxpressoide_11.6.1_8255/ide/plugins/com.nxp.mcuxpresso.tools.win32_11.6.1.202207200623/tools/bin/../lib/gcc/arm-none-eabi/10.3.1/../../../../arm-none-eabi/lib/thumb/v7e-m+dp/hard\libcr_nohost_nf.a(__sys_close.o)
                0x0000f24c                __sys_close
 .text.__sys_flen
                0x0000f252        0x6 c:/nxp/mcuxpressoide_11.6.1_8255/ide/plugins/com.nxp.mcuxpresso.tools.win32_11.6.1.202207200623/tools/bin/../lib/gcc/arm-none-eabi/10.3.1/../../../../arm-none-eabi/lib/thumb/v7e-m+dp/hard\libcr_nohost_nf.a(__sys_flen.o)
                0x0000f252                __sys_flen
 .text.__sys_istty
                0x0000f258        0x6 c:/nxp/mcuxpressoide_11.6.1_8255/ide/plugins/com.nxp.mcuxpresso.tools.win32_11.6.1.202207200623/tools/bin/../lib/gcc/arm-none-eabi/10.3.1/../../../../arm-none-eabi/lib/thumb/v7e-m+dp/hard\libcr_nohost_nf.a(__sys_istty.o)
                0x0000f258                __sys_istty
 .text.__sys_remove
                0x0000f25e        0x6 c:/nxp/mcuxpressoide_11.6.1_8255/ide/plugins/com.nxp.mcuxpresso.tools.win32_11.6.1.202207200623/tools/bin/../lib/gcc/arm-none-eabi/10.3.1/../../../../arm-none-eabi/lib/thumb/v7e-m+dp/hard\libcr_nohost_nf.a(__sys_remove.o)
                0x0000f25e                __sys_remove
 .text.__sys_seek
                0x0000f264        0x6 c:/nxp/mcuxpressoide_11.6.1_8255/ide/plugins/com.nxp.mcuxpresso.tools.win32_11.6.1.202207200623/tools/bin/../lib/gcc/arm-none-eabi/10.3.1/../../../../arm-none-eabi/lib/thumb/v7e-m+dp/hard\libcr_nohost_nf.a(__sys_seek.o)
                0x0000f264                __sys_seek
 .text.__sys_tmpnam
                0x0000f26a        0x6 c:/nxp/mcuxpressoide_11.6.1_8255/ide/plugins/com.nxp.mcuxpresso.tools.win32_11.6.1.202207200623/tools/bin/../lib/gcc/arm-none-eabi/10.3.1/../../../../arm-none-eabi/lib/thumb/v7e-m+dp/hard\libcr_nohost_nf.a(__sys_tmpnam.o)
                0x0000f26a                __sys_tmpnam
 .text.__sys_write
                0x0000f270        0x4 c:/nxp/mcuxpressoide_11.6.1_8255/ide/plugins/com.nxp.mcuxpresso.tools.win32_11.6.1.202207200623/tools/bin/../lib/gcc/arm-none-eabi/10.3.1/../../../../arm-none-eabi/lib/thumb/v7e-m+dp/hard\libcr_nohost_nf.a(__sys_write.o)
                0x0000f270                __sys_write
 *(SORT_BY_ALIGNMENT(.rodata) SORT_BY_ALIGNMENT(.rodata.*) SORT_BY_ALIGNMENT(.constdata) SORT_BY_ALIGNMENT(.constdata.*))
 .rodata.__assertion_failed.str1.4
                0x0000f274       0x14 ./utilities/fsl_assert.o
 .rodata        0x0000f288        0xc ./usb/phy/usb_phy.o
 .rodata.USB_HostHubDeviceEvent.str1.4
                0x0000f294       0x3f ./usb/host/class/usb_host_hub_app.o
 *fill*         0x0000f2d3        0x1 ff
 .rodata.s_EnumEntries
                0x0000f2d4       0x38 ./usb/host/usb_host_devices.o
 .rodata        0x0000f30c        0x8 ./usb/host/usb_host_ehci.o
 .rodata.s_EhciInterface
                0x0000f314       0x1c ./usb/host/usb_host_hci.o
 .rodata        0x0000f330        0x3 ./source/flexspi_romapi.o
 *fill*         0x0000f333        0x1 ff
 .rodata.USB_HostEvent.str1.4
                0x0000f334       0x2d ./source/flexspi_romapi.o
 *fill*         0x0000f361        0x3 ff
 .rodata.USB_HostApplicationInit.str1.4
                0x0000f364       0x25 ./source/flexspi_romapi.o
 *fill*         0x0000f389        0x3 ff
 .rodata.error_trap.str1.4
                0x0000f38c       0x32 ./source/flexspi_romapi.o
 *fill*         0x0000f3be        0x2 ff
 .rodata.app_finalize.str1.4
                0x0000f3c0       0x22 ./source/flexspi_romapi.o
 *fill*         0x0000f3e2        0x2 ff
 .rodata.HyperFlash.str1.4
                0x0000f3e4      0x17b ./source/flexspi_romapi.o
 *fill*         0x0000f55f        0x1 ff
 .rodata.ReadFromPendrive.str1.4
                0x0000f560       0xdd ./source/flexspi_romapi.o
 *fill*         0x0000f63d        0x3 ff
 .rodata.USB_HostMsdTask.str1.4
                0x0000f640       0x51 ./source/host_msd_fatfs.o
 *fill*         0x0000f691        0x3 ff
 .rodata.USB_HostMsdEvent.str1.4
                0x0000f694       0x5c ./source/host_msd_fatfs.o
 .rodata.create_name.str1.4
                0x0000f6f0        0xf ./fatfs/source/ff.o
 *fill*         0x0000f6ff        0x1 ff
 .rodata.check_fs.str1.4
                0x0000f700        0x9 ./fatfs/source/ff.o
 *fill*         0x0000f709        0x3 ff
 .rodata.CLOCK_InitExternalClk.str1.4
                0x0000f70c       0x21 ./drivers/fsl_clock.o
 *fill*         0x0000f72d        0x3 ff
 .rodata.CLOCK_GetPllFreq.str1.4
                0x0000f730       0x6d ./drivers/fsl_clock.o
 *fill*         0x0000f79d        0x3 ff
 .rodata.g_ccmConfigUsbPll.2
                0x0000f7a0        0x2 ./drivers/fsl_clock.o
 *fill*         0x0000f7a2        0x2 ff
 .rodata.enetRefClkFreq.1
                0x0000f7a4       0x10 ./drivers/fsl_clock.o
 .rodata.CLOCK_ControlGate.str1.4
                0x0000f7b4       0x20 ./drivers/fsl_lpuart.o
 .rodata.s_lpuartBases
                0x0000f7d4       0x24 ./drivers/fsl_lpuart.o
 .rodata.s_lpuartClock
                0x0000f7f8       0x12 ./drivers/fsl_lpuart.o
 *fill*         0x0000f80a        0x2 ff
 .rodata.LPUART_GetInstance.str1.4
                0x0000f80c       0x38 ./drivers/fsl_lpuart.o
 .rodata.LPUART_Init.str1.4
                0x0000f844      0x10a ./drivers/fsl_lpuart.o
 *fill*         0x0000f94e        0x2 ff
 .rodata.LPUART_GetDefaultConfig.str1.4
                0x0000f950       0x22 ./drivers/fsl_lpuart.o
 *fill*         0x0000f972        0x2 ff
 .rodata.LPUART_WriteBlocking.str1.4
                0x0000f974       0x20 ./drivers/fsl_lpuart.o
 .rodata.LPUART_ReadBlocking.str1.4
                0x0000f994       0x20 ./drivers/fsl_lpuart.o
 .rodata.s_LpuartAdapterBase
                0x0000f9b4       0x24 ./component/uart/fsl_adapter_lpuart.o
 .rodata.HAL_UartInit.str1.4
                0x0000f9d8      0x105 ./component/uart/fsl_adapter_lpuart.o
 *fill*         0x0000fadd        0x3 ff
 .rodata.HAL_UartReceiveBlocking.str1.4
                0x0000fae0       0x7b ./component/uart/fsl_adapter_lpuart.o
 *fill*         0x0000fb5b        0x1 ff
 .rodata.HAL_UartSendBlocking.str1.4
                0x0000fb5c       0x7b ./component/uart/fsl_adapter_lpuart.o
 *fill*         0x0000fbd7        0x1 ff
 .rodata.OSA_MutexCreate.str1.4
                0x0000fbd8       0x2a ./component/osa/fsl_os_abstraction_bm.o
 *fill*         0x0000fc02        0x2 ff
 .rodata.OSA_MutexUnlock.str1.4
                0x0000fc04       0x2a ./component/osa/fsl_os_abstraction_bm.o
 *fill*         0x0000fc2e        0x2 ff
 .rodata.OSA_MutexDestroy.str1.4
                0x0000fc30       0x2a ./component/osa/fsl_os_abstraction_bm.o
 *fill*         0x0000fc5a        0x2 ff
 .rodata.OSA_EventCreate.str1.4
                0x0000fc5c       0x2a ./component/osa/fsl_os_abstraction_bm.o
 *fill*         0x0000fc86        0x2 ff
 .rodata.OSA_EventDestroy.str1.4
                0x0000fc88       0x2b ./component/osa/fsl_os_abstraction_bm.o
 *fill*         0x0000fcb3        0x1 ff
 .rodata.CLOCK_SetMux.str1.4
                0x0000fcb4       0x88 ./board/clock_config.o
 .rodata.CLOCK_SetDiv.str1.4
                0x0000fd3c       0x88 ./board/clock_config.o
 .rodata.CLOCK_ControlGate.str1.4
                0x0000fdc4       0x77 ./board/clock_config.o
 *fill*         0x0000fe3b        0x1 ff
 .rodata.armPllConfig_BOARD_BootClockRUN
                0x0000fe3c        0x8 ./board/clock_config.o
                0x0000fe3c                armPllConfig_BOARD_BootClockRUN
 .rodata.CLOCK_ControlGate.str1.4
                0x0000fe44       0x77 ./board/pin_mux.o
 .rodata.__num_Ciob_streams