Archive member included to satisfy reference by file (symbol)

c:/nxp/mcuxpressoide_11.6.1_8255/ide/plugins/com.nxp.mcuxpresso.tools.win32_11.6.1.202207200623/tools/bin/../lib/gcc/arm-none-eabi/10.3.1/../../../../arm-none-eabi/lib/thumb/v7e-m+dp/hard\libcr_nohost_nf.a(_cr__main.o)
                              ./startup/startup_mimxrt1052.o (__main)
c:/nxp/mcuxpressoide_11.6.1_8255/ide/plugins/com.nxp.mcuxpresso.tools.win32_11.6.1.202207200623/tools/bin/../lib/gcc/arm-none-eabi/10.3.1/../../../../arm-none-eabi/lib/thumb/v7e-m+dp/hard\libcr_c.a(memcpy.o)
                              ./utilities/fsl_debug_console.o (memcpy)
c:/nxp/mcuxpressoide_11.6.1_8255/ide/plugins/com.nxp.mcuxpresso.tools.win32_11.6.1.202207200623/tools/bin/../lib/gcc/arm-none-eabi/10.3.1/../../../../arm-none-eabi/lib/thumb/v7e-m+dp/hard\libcr_c.a(memset.o)
                              ./source/flexspi_romapi.o (memset)
c:/nxp/mcuxpressoide_11.6.1_8255/ide/plugins/com.nxp.mcuxpresso.tools.win32_11.6.1.202207200623/tools/bin/../lib/gcc/arm-none-eabi/10.3.1/../../../../arm-none-eabi/lib/thumb/v7e-m+dp/hard\libcr_c.a(alloc.o)
                              ./drivers/fsl_common.o (malloc)
c:/nxp/mcuxpressoide_11.6.1_8255/ide/plugins/com.nxp.mcuxpresso.tools.win32_11.6.1.202207200623/tools/bin/../lib/gcc/arm-none-eabi/10.3.1/../../../../arm-none-eabi/lib/thumb/v7e-m+dp/hard\libcr_c.a(initio.o)
                              c:/nxp/mcuxpressoide_11.6.1_8255/ide/plugins/com.nxp.mcuxpresso.tools.win32_11.6.1.202207200623/tools/bin/../lib/gcc/arm-none-eabi/10.3.1/../../../../arm-none-eabi/lib/thumb/v7e-m+dp/hard\libcr_nohost_nf.a(_cr__main.o) (_initio)
c:/nxp/mcuxpressoide_11.6.1_8255/ide/plugins/com.nxp.mcuxpresso.tools.win32_11.6.1.202207200623/tools/bin/../lib/gcc/arm-none-eabi/10.3.1/../../../../arm-none-eabi/lib/thumb/v7e-m+dp/hard\libcr_c.a(memcmp.o)
                              ./source/flexspi_romapi.o (memcmp)
c:/nxp/mcuxpressoide_11.6.1_8255/ide/plugins/com.nxp.mcuxpresso.tools.win32_11.6.1.202207200623/tools/bin/../lib/gcc/arm-none-eabi/10.3.1/../../../../arm-none-eabi/lib/thumb/v7e-m+dp/hard\libcr_c.a(printf.o)
                              ./source/host_msd_fatfs.o (_sprintf)
c:/nxp/mcuxpressoide_11.6.1_8255/ide/plugins/com.nxp.mcuxpresso.tools.win32_11.6.1.202207200623/tools/bin/../lib/gcc/arm-none-eabi/10.3.1/../../../../arm-none-eabi/lib/thumb/v7e-m+dp/hard\libcr_c.a(setvbuf.o)
                              c:/nxp/mcuxpressoide_11.6.1_8255/ide/plugins/com.nxp.mcuxpresso.tools.win32_11.6.1.202207200623/tools/bin/../lib/gcc/arm-none-eabi/10.3.1/../../../../arm-none-eabi/lib/thumb/v7e-m+dp/hard\libcr_c.a(initio.o) (setvbuf)
c:/nxp/mcuxpressoide_11.6.1_8255/ide/plugins/com.nxp.mcuxpresso.tools.win32_11.6.1.202207200623/tools/bin/../lib/gcc/arm-none-eabi/10.3.1/../../../../arm-none-eabi/lib/thumb/v7e-m+dp/hard\libcr_c.a(strchr.o)
                              ./fatfs/source/ff.o (strchr)
c:/nxp/mcuxpressoide_11.6.1_8255/ide/plugins/com.nxp.mcuxpresso.tools.win32_11.6.1.202207200623/tools/bin/../lib/gcc/arm-none-eabi/10.3.1/../../../../arm-none-eabi/lib/thumb/v7e-m+dp/hard\libcr_c.a(strlen.o)
                              ./utilities/fsl_debug_console.o (strlen)
c:/nxp/mcuxpressoide_11.6.1_8255/ide/plugins/com.nxp.mcuxpresso.tools.win32_11.6.1.202207200623/tools/bin/../lib/gcc/arm-none-eabi/10.3.1/../../../../arm-none-eabi/lib/thumb/v7e-m+dp/hard\libcr_c.a(__init_alloc.o)
                              c:/nxp/mcuxpressoide_11.6.1_8255/ide/plugins/com.nxp.mcuxpresso.tools.win32_11.6.1.202207200623/tools/bin/../lib/gcc/arm-none-eabi/10.3.1/../../../../arm-none-eabi/lib/thumb/v7e-m+dp/hard\libcr_c.a(alloc.o) (__heaps)
c:/nxp/mcuxpressoide_11.6.1_8255/ide/plugins/com.nxp.mcuxpresso.tools.win32_11.6.1.202207200623/tools/bin/../lib/gcc/arm-none-eabi/10.3.1/../../../../arm-none-eabi/lib/thumb/v7e-m+dp/hard\libcr_c.a(_cr_sbrk.o)
                              c:/nxp/mcuxpressoide_11.6.1_8255/ide/plugins/com.nxp.mcuxpresso.tools.win32_11.6.1.202207200623/tools/bin/../lib/gcc/arm-none-eabi/10.3.1/../../../../arm-none-eabi/lib/thumb/v7e-m+dp/hard\libcr_c.a(alloc.o) (_sbrk)
c:/nxp/mcuxpressoide_11.6.1_8255/ide/plugins/com.nxp.mcuxpresso.tools.win32_11.6.1.202207200623/tools/bin/../lib/gcc/arm-none-eabi/10.3.1/../../../../arm-none-eabi/lib/thumb/v7e-m+dp/hard\libcr_c.a(_deferredlazyseek.o)
                              c:/nxp/mcuxpressoide_11.6.1_8255/ide/plugins/com.nxp.mcuxpresso.tools.win32_11.6.1.202207200623/tools/bin/../lib/gcc/arm-none-eabi/10.3.1/../../../../arm-none-eabi/lib/thumb/v7e-m+dp/hard\libcr_c.a(printf.o) (__flsbuf)
c:/nxp/mcuxpressoide_11.6.1_8255/ide/plugins/com.nxp.mcuxpresso.tools.win32_11.6.1.202207200623/tools/bin/../lib/gcc/arm-none-eabi/10.3.1/../../../../arm-none-eabi/lib/thumb/v7e-m+dp/hard\libcr_c.a(_fdopen.o)
[...]
Memory Configuration

Name             Origin             Length             Attributes
BOARD_FLASH      0x60000000         0x04000000         xr
SRAM_ITC         0x00000000         0x00020000         xrw
BOARD_SDRAM      0x80000000         0x01e00000         xrw
SRAM_DTC         0x20000000         0x00020000         xrw
SRAM_OC          0x20200000         0x00040000         xrw
NCACHE_REGION    0x81e00000         0x00200000         xrw
*default*        0x00000000         0xffffffff

Linker script and memory map

LOAD ./xip/evkbimxrt1050_flexspi_nor_config.o
LOAD ./xip/fsl_flexspi_nor_boot.o
LOAD ./utilities/fsl_assert.o
LOAD ./utilities/fsl_debug_console.o
LOAD ./usb/phy/usb_phy.o
LOAD ./usb/host/class/usb_host_hub.o
LOAD ./usb/host/class/usb_host_hub_app.o
LOAD ./usb/host/class/usb_host_msd.o
LOAD ./usb/host/class/usb_host_msd_ufi.o
LOAD ./usb/host/usb_host_devices.o
LOAD ./usb/host/usb_host_ehci.o
LOAD ./usb/host/usb_host_framework.o
LOAD ./usb/host/usb_host_hci.o
LOAD ./startup/startup_mimxrt1052.o
LOAD ./source/flexspi_romapi.o
LOAD ./source/flexspi_romapi_ops.o
LOAD ./source/host_msd_fatfs.o
LOAD ./source/semihost_hardfault.o
LOAD ./fatfs/source/fsl_usb_disk/fsl_usb_disk_bm.o
LOAD ./fatfs/source/fsl_ram_disk/fsl_ram_disk.o
LOAD ./fatfs/source/diskio.o
LOAD ./fatfs/source/ff.o
LOAD ./fatfs/source/ffsystem.o
LOAD ./fatfs/source/ffunicode.o
LOAD ./drivers/fsl_cache.o
LOAD ./drivers/fsl_clock.o
LOAD ./drivers/fsl_common.o
LOAD ./drivers/fsl_common_arm.o
LOAD ./drivers/fsl_gpio.o
LOAD ./drivers/fsl_lpuart.o
LOAD ./drivers/fsl_romapi.o
LOAD ./device/system_MIMXRT1052.o
LOAD ./component/uart/fsl_adapter_lpuart.o
LOAD ./component/silicon_id/fsl_silicon_id.o
LOAD ./component/osa/fsl_os_abstraction_bm.o
LOAD ./component/lists/fsl_component_generic_list.o
LOAD ./board/board.o
LOAD ./board/clock_config.o
LOAD ./board/dcd.o
LOAD ./board/pin_mux.o
START GROUP
LOAD c:/nxp/mcuxpressoide_11.6.1_8255/ide/plugins/com.nxp.mcuxpresso.tools.win32_11.6.1.202207200623/tools/bin/../lib/gcc/arm-none-eabi/10.3.1/../../../../arm-none-eabi/lib/thumb/v7e-m+dp/hard\libcr_nohost_nf.a
LOAD c:/nxp/mcuxpressoide_11.6.1_8255/ide/plugins/com.nxp.mcuxpresso.tools.win32_11.6.1.202207200623/tools/bin/../lib/gcc/arm-none-eabi/10.3.1/../../../../arm-none-eabi/lib/thumb/v7e-m+dp/hard\libcr_c.a
LOAD c:/nxp/mcuxpressoide_11.6.1_8255/ide/plugins/com.nxp.mcuxpresso.tools.win32_11.6.1.202207200623/tools/bin/../lib/gcc/arm-none-eabi/10.3.1/thumb/v7e-m+dp/hard\libcr_eabihelpers.a
LOAD c:/nxp/mcuxpressoide_11.6.1_8255/ide/plugins/com.nxp.mcuxpresso.tools.win32_11.6.1.202207200623/tools/bin/../lib/gcc/arm-none-eabi/10.3.1/thumb/v7e-m+dp/hard\libgcc.a
END GROUP
                0x60000000                __base_BOARD_FLASH = 0x60000000
                0x60000000                __base_Flash = 0x60000000
                0x64000000                __top_BOARD_FLASH = 0x64000000
                0x64000000                __top_Flash = 0x64000000
                0x00000000                __base_SRAM_ITC = 0x0
                0x00000000                __base_RAM = 0x0
                0x00020000                __top_SRAM_ITC = 0x20000
                0x00020000                __top_RAM = 0x20000
                0x80000000                __base_BOARD_SDRAM = 0x80000000
                0x80000000                __base_RAM2 = 0x80000000
                0x81e00000                __top_BOARD_SDRAM = 0x81e00000
                0x81e00000                __top_RAM2 = 0x81e00000
                0x20000000                __base_SRAM_DTC = 0x20000000
                0x20000000                __base_RAM3 = 0x20000000
                0x20020000                __top_SRAM_DTC = 0x20020000
                0x20020000                __top_RAM3 = 0x20020000
                0x20200000                __base_SRAM_OC = 0x20200000
                0x20200000                __base_RAM4 = 0x20200000
                0x20240000                __top_SRAM_OC = 0x20240000
                0x20240000                __top_RAM4 = 0x20240000
                0x81e00000                __base_NCACHE_REGION = 0x81e00000
                0x81e00000                __base_RAM5 = 0x81e00000
                0x82000000                __top_NCACHE_REGION = 0x82000000
                0x82000000                __top_RAM5 = 0x82000000

.text           0x00000000     0xfcbc
 FILL mask 0xff
                0x00000000                __vectors_start__ = ABSOLUTE (.)
 *(SORT_BY_ALIGNMENT(.isr_vector))
 .isr_vector    0x00000000      0x2a0 ./startup/startup_mimxrt1052.o
                0x00000000                g_pfnVectors
                0x00000000                __Vectors
                0x000002a0                . = ALIGN (0x4)
                0x000002a0                __section_table_start = .
                0x000002a0                __data_section_table = .
                0x000002a0        0x4 LONG 0xfcbc LOADADDR (.data)
                0x000002a4        0x4 LONG 0xfcbc ADDR (.data)
                0x000002a8        0x4 LONG 0x14 SIZEOF (.data)
                0x000002ac        0x4 LONG 0xfcbc LOADADDR (.data_RAM2)
                0x000002b0        0x4 LONG 0x80000000 ADDR (.data_RAM2)
                0x000002b4        0x4 LONG 0x0 SIZEOF (.data_RAM2)
                0x000002b8        0x4 LONG 0xfcbc LOADADDR (.data_RAM3)
                0x000002bc        0x4 LONG 0x20000000 ADDR (.data_RAM3)
                0x000002c0        0x4 LONG 0x0 SIZEOF (.data_RAM3)
                0x000002c4        0x4 LONG 0xfcbc LOADADDR (.data_RAM4)
                0x000002c8        0x4 LONG 0x20200000 ADDR (.data_RAM4)
                0x000002cc        0x4 LONG 0x0 SIZEOF (.data_RAM4)
                0x000002d0        0x4 LONG 0xfcbc LOADADDR (.data_RAM5)
                0x000002d4        0x4 LONG 0x81e00000 ADDR (.data_RAM5)
                0x000002d8        0x4 LONG 0x0 SIZEOF (.data_RAM5)
                0x000002dc                __data_section_table_end = .
                0x000002dc                __bss_section_table = .
                0x000002dc        0x4 LONG 0x10000 ADDR (.bss)
                0x000002e0        0x4 LONG 0x40b8 SIZEOF (.bss)
                0x000002e4        0x4 LONG 0x80000000 ADDR (.bss_RAM2)
                0x000002e8        0x4 LONG 0x0 SIZEOF (.bss_RAM2)
                0x000002ec        0x4 LONG 0x20000000 ADDR (.bss_RAM3)
                0x000002f0        0x4 LONG 0x0 SIZEOF (.bss_RAM3)
                0x000002f4        0x4 LONG 0x20200000 ADDR (.bss_RAM4)
                0x000002f8        0x4 LONG 0x0 SIZEOF (.bss_RAM4)
                0x000002fc        0x4 LONG 0x81e00000 ADDR (.bss_RAM5)
                0x00000300        0x4 LONG 0x0 SIZEOF (.bss_RAM5)
                0x00000304                __bss_section_table_end = .
                0x00000304                __section_table_end = .
 *(SORT_BY_ALIGNMENT(.after_vectors*))
 .after_vectors.reset
                0x00000304       0x54 ./startup/startup_mimxrt1052.o
                0x00000304                ResetISR
 .after_vectors.init_data
                0x00000358       0x1e ./startup/startup_mimxrt1052.o
                0x00000358                data_init
 .after_vectors.init_bss
                0x00000376       0x12 ./startup/startup_mimxrt1052.o
                0x00000376                bss_init
 .after_vectors
                0x00000388       0x14 ./startup/startup_mimxrt1052.o
                0x00000388                NMI_Handler
                0x0000038c                MemManage_Handler
                0x0000038e                BusFault_Handler
                0x00000390                UsageFault_Handler
                0x00000392                SVC_Handler
                0x00000394                DebugMon_Handler
                0x00000396                PendSV_Handler
                0x00000398                SysTick_Handler
                0x0000039a                PIT_DriverIRQHandler
                0x0000039a                PMU_EVENT_DriverIRQHandler
                0x0000039a                PWM4_FAULT_DriverIRQHandler
                0x0000039a                DMA13_DMA29_DriverIRQHandler
                0x0000039a                SAI3_RX_DriverIRQHandler
                0x0000039a                LPSPI4_DriverIRQHandler
                0x0000039a                SEMC_DriverIRQHandler
                0x0000039a                SPDIF_DriverIRQHandler
                0x0000039a                CCM_2_DriverIRQHandler
                0x0000039a                PWM4_3_DriverIRQHandler
                0x0000039a                FLEXRAM_DriverIRQHandler
                0x0000039a                LCDIF_DriverIRQHandler
                0x0000039a                USB_PHY1_DriverIRQHandler
                0x0000039a                GPIO3_Combined_0_15_DriverIRQHandler
                0x0000039a                DMA7_DMA23_DriverIRQHandler
                0x0000039a                BEE_DriverIRQHandler
                0x0000039a                LPI2C3_DriverIRQHandler
                0x0000039a                GPR_IRQ_DriverIRQHandler
                0x0000039a                PWM2_FAULT_DriverIRQHandler
                0x0000039a                PWM3_1_DriverIRQHandler
                0x0000039a                DMA14_DMA30_DriverIRQHandler
                0x0000039a                TMR1_DriverIRQHandler
                0x0000039a                TRNG_DriverIRQHandler
                0x0000039a                PWM3_2_DriverIRQHandler
                0x0000039a                ENET_1588_Timer_DriverIRQHandler
                0x0000039a                FLEXIO2_DriverIRQHandler
                0x0000039a                GPIO2_Combined_16_31_DriverIRQHandler
                0x0000039a                Reserved143_DriverIRQHandler
                0x0000039a                LPSPI2_DriverIRQHandler
                0x0000039a                PWM4_1_DriverIRQHandler
                0x0000039a                PWM3_3_DriverIRQHandler
                0x0000039a                DMA0_DMA16_DriverIRQHandler
                0x0000039a                IntDefaultHandler
                0x0000039a                DMA2_DMA18_DriverIRQHandler
                0x0000039a                SRC_DriverIRQHandler
                0x0000039a                GPIO1_INT4_DriverIRQHandler
                0x0000039a                Reserved144_DriverIRQHandler
                0x0000039a                USDHC1_DriverIRQHandler
                0x0000039a                ENC3_DriverIRQHandler
                0x0000039a                PWM3_FAULT_DriverIRQHandler
                0x0000039a                EWM_DriverIRQHandler
                0x0000039a                TSC_DIG_DriverIRQHandler
                0x0000039a                KPP_DriverIRQHandler
                0x0000039a                FLEXIO1_DriverIRQHandler
                0x0000039a                ENET_DriverIRQHandler
                0x0000039a                Reserved78_DriverIRQHandler
                0x0000039a                TMR4_DriverIRQHandler
                0x0000039a                ENC2_DriverIRQHandler
                0x0000039a                ADC_ETC_IRQ2_DriverIRQHandler
                0x0000039a                GPIO1_Combined_16_31_DriverIRQHandler
                0x0000039a                GPIO1_INT7_DriverIRQHandler
                0x0000039a                SAI1_DriverIRQHandler
                0x0000039a                DCDC_DriverIRQHandler
                0x0000039a                DMA12_DMA28_DriverIRQHandler
                0x0000039a                PWM4_0_DriverIRQHandler
                0x0000039a                ADC_ETC_ERROR_IRQ_DriverIRQHandler
                0x0000039a                ACMP2_DriverIRQHandler
                0x0000039a                GPIO5_Combined_0_15_DriverIRQHandler
                0x0000039a                GPIO1_INT0_DriverIRQHandler
                0x0000039a                GPIO1_INT2_DriverIRQHandler
                0x0000039a                RTWDOG_DriverIRQHandler
                0x0000039a                FLEXSPI_DriverIRQHandler
                0x0000039a                GPT2_DriverIRQHandler
                0x0000039a                USB_PHY2_DriverIRQHandler
                0x0000039a                DMA10_DMA26_DriverIRQHandler
                0x0000039a                PWM2_1_DriverIRQHandler
                0x0000039a                PWM1_1_DriverIRQHandler
                0x0000039a                PXP_DriverIRQHandler
                0x0000039a                ADC1_DriverIRQHandler
                0x0000039a                PWM1_0_DriverIRQHandler
                0x0000039a                SJC_DriverIRQHandler
                0x0000039a                DMA1_DMA17_DriverIRQHandler
                0x0000039a                ENC1_DriverIRQHandler
                0x0000039a                ENC4_DriverIRQHandler
                0x0000039a                CAN2_DriverIRQHandler
                0x0000039a                DCP_DriverIRQHandler
                0x0000039a                CTI0_ERROR_DriverIRQHandler
                0x0000039a                DMA8_DMA24_DriverIRQHandler
                0x0000039a                GPT1_DriverIRQHandler
                0x0000039a                ACMP3_DriverIRQHandler
                0x0000039a                DMA6_DMA22_DriverIRQHandler
                0x0000039a                CSU_DriverIRQHandler
                0x0000039a                GPIO1_INT5_DriverIRQHandler
                0x0000039a                TMR3_DriverIRQHandler
                0x0000039a                TMR2_DriverIRQHandler
                0x0000039a                CTI1_ERROR_DriverIRQHandler
                0x0000039a                GPIO1_Combined_0_15_DriverIRQHandler
                0x0000039a                USDHC2_DriverIRQHandler
                0x0000039a                PWM4_2_DriverIRQHandler
                0x0000039a                Reserved87_DriverIRQHandler
                0x0000039a                SAI2_DriverIRQHandler
                0x0000039a                CORE_DriverIRQHandler
                0x0000039a                WDOG1_DriverIRQHandler
                0x0000039a                DMA11_DMA27_DriverIRQHandler
                0x0000039a                CSI_DriverIRQHandler
                0x0000039a                PWM2_3_DriverIRQHandler
                0x0000039a                XBAR1_IRQ_2_3_DriverIRQHandler
                0x0000039a                SNVS_HP_WRAPPER_TZ_DriverIRQHandler
                0x0000039a                GPIO3_Combined_16_31_DriverIRQHandler
                0x0000039a                PWM1_FAULT_DriverIRQHandler
                0x0000039a                LPI2C1_DriverIRQHandler
                0x0000039a                PWM2_2_DriverIRQHandler
                0x0000039a                DMA4_DMA20_DriverIRQHandler
                0x0000039a                DMA9_DMA25_DriverIRQHandler
                0x0000039a                SNVS_HP_WRAPPER_DriverIRQHandler
                0x0000039a                XBAR1_IRQ_0_1_DriverIRQHandler
                0x0000039a                ADC_ETC_IRQ1_DriverIRQHandler
                0x0000039a                LPSPI1_DriverIRQHandler
                0x0000039a                DMA3_DMA19_DriverIRQHandler
                0x0000039a                GPIO1_INT3_DriverIRQHandler
                0x0000039a                DCP_VMI_DriverIRQHandler
                0x0000039a                LPI2C4_DriverIRQHandler
                0x0000039a                GPC_DriverIRQHandler
                0x0000039a                Reserved123_DriverIRQHandler
                0x0000039a                GPIO2_Combined_0_15_DriverIRQHandler
                0x0000039a                PWM1_2_DriverIRQHandler
                0x0000039a                USB_OTG1_DriverIRQHandler
                0x0000039a                TEMP_LOW_HIGH_DriverIRQHandler
                0x0000039a                SAI3_TX_DriverIRQHandler
                0x0000039a                WDOG2_DriverIRQHandler
                0x0000039a                Reserved68_DriverIRQHandler
                0x0000039a                PWM3_0_DriverIRQHandler
                0x0000039a                GPIO4_Combined_0_15_DriverIRQHandler
                0x0000039a                GPIO4_Combined_16_31_DriverIRQHandler
                0x0000039a                GPIO5_Combined_16_31_DriverIRQHandler
                0x0000039a                DMA5_DMA21_DriverIRQHandler
                0x0000039a                CCM_1_DriverIRQHandler
                0x0000039a                ADC2_DriverIRQHandler
                0x0000039a                Reserved115_DriverIRQHandler
                0x0000039a                TEMP_PANIC_DriverIRQHandler
                0x0000039a                ACMP4_DriverIRQHandler
                0x0000039a                DMA15_DMA31_DriverIRQHandler
                0x0000039a                LPSPI3_DriverIRQHandler
                0x0000039a                PWM1_3_DriverIRQHandler
                0x0000039a                ACMP1_DriverIRQHandler
                0x0000039a                LPI2C2_DriverIRQHandler
                0x0000039a                Reserved86_DriverIRQHandler
                0x0000039a                DMA_ERROR_DriverIRQHandler
                0x0000039a                ADC_ETC_IRQ0_DriverIRQHandler
                0x0000039a                CAN1_DriverIRQHandler
                0x0000039a                GPIO1_INT6_DriverIRQHandler
                0x0000039a                GPIO1_INT1_DriverIRQHandler
                0x0000039a                PWM2_0_DriverIRQHandler
                0x0000039a                SNVS_LP_WRAPPER_DriverIRQHandler
                0x0000039a                USB_OTG2_DriverIRQHandler
 *(SORT_BY_ALIGNMENT(.text*))
 .text.__assertion_failed
                0x0000039c       0x18 ./utilities/fsl_assert.o
                0x0000039c                __assertion_failed
 .text.DbgConsole_Init
                0x000003b4       0x74 ./utilities/fsl_debug_console.o
                0x000003b4                DbgConsole_Init
 .text.DbgConsole_Vprintf
                0x00000428       0x3c ./utilities/fsl_debug_console.o
                0x00000428                DbgConsole_Vprintf
 .text.DbgConsole_Putchar
                0x00000464       0x30 ./utilities/fsl_debug_console.o
                0x00000464                DbgConsole_Putchar
 .text.DbgConsole_PrintfFormattedData
                0x00000494      0x9d8 ./utilities/fsl_debug_console.o
 .text.USB_EhciPhyGetBase
                0x00000e6c       0xdc ./usb/phy/usb_phy.o
                0x00000e6c                USB_EhciPhyGetBase
 .text.USB_EhciPhyInit
                0x00000f48       0xc8 ./usb/phy/usb_phy.o
                0x00000f48                USB_EhciPhyInit
 .text.USB_HostHubClassRequestCommon
                0x00001010       0xcc ./usb/host/class/usb_host_hub.o
 .text.USB_HostHubInterruptRecv
                0x000010dc       0x94 ./usb/host/class/usb_host_hub.o
                0x000010dc                USB_HostHubInterruptRecv
 .text.USB_HostHubGetHubList
                0x00001170       0xe4 ./usb/host/class/usb_host_hub_app.o
 .text.USB_HostHubGetInterruptStatus
                0x00001254       0x5c ./usb/host/class/usb_host_hub_app.o
 .text.USB_HostHubProcess
                0x000012b0      0x2e0 ./usb/host/class/usb_host_hub_app.o
 .text.USB_HostHubProcessPortAttach
                0x00001590      0x458 ./usb/host/class/usb_host_hub_app.o
 .text.USB_HostHubProcessPortDetach
                0x000019e8      0x264 ./usb/host/class/usb_host_hub_app.o
 .text.USB_HostHubProcessData
                0x00001c4c      0x110 ./usb/host/class/usb_host_hub_app.o
 .text.USB_HostHubDeviceEvent
                0x00001d5c      0x360 ./usb/host/class/usb_host_hub_app.o
                0x00001d5c                USB_HostHubDeviceEvent
 .text.USB_HostMsdMassResetClearInCallback
                0x000020bc       0x5c ./usb/host/class/usb_host_msd.o
 .text.USB_HostMsdMassResetCallback
                0x00002118       0x60 ./usb/host/class/usb_host_msd.o
 .text.USB_HostMsdCswCallback
                0x00002178      0x1ac ./usb/host/class/usb_host_msd.o
 .text.USB_HostMsdCbwCallback
                0x00002324      0x180 ./usb/host/class/usb_host_msd.o
 .text.USB_HostMsdDataCallback
                0x000024a4       0xf4 ./usb/host/class/usb_host_msd.o
 .text.USB_HostMsdProcessCommand
                0x00002598      0x188 ./usb/host/class/usb_host_msd.o
 .text.USB_HostMsdInit
                0x00002720       0x98 ./usb/host/class/usb_host_msd.o
                0x00002720                USB_HostMsdInit
 .text.USB_HostMsdSetInterface
                0x000027b8      0x148 ./usb/host/class/usb_host_msd.o
                0x000027b8                USB_HostMsdSetInterface
 .text.USB_HostMsdMassStorageReset
                0x00002900       0x3c ./usb/host/class/usb_host_msd.o
                0x00002900                USB_HostMsdMassStorageReset
 .text.USB_HostEnumerationTransferCallback
                0x0000293c      0x194 ./usb/host/usb_host_devices.o
 .text.USB_HostProcessState
                0x00002ad0      0x1f8 ./usb/host/usb_host_devices.o
 .text.USB_HostProcessCallback
                0x00002cc8      0x208 ./usb/host/usb_host_devices.o
 .text.USB_HostOpenDeviceInterface
                0x00002ed0       0xf4 ./usb/host/usb_host_devices.o
                0x00002ed0                USB_HostOpenDeviceInterface
 .text.USB_HostCloseDeviceInterface
                0x00002fc4      0x160 ./usb/host/usb_host_devices.o
                0x00002fc4                USB_HostCloseDeviceInterface
 .text.USB_HostBandwidthComputeTime
                0x00003124      0x128 ./usb/host/usb_host_ehci.o
 .text.USB_HostBandwidthHsHostComputeCurrentFsls
                0x0000324c      0x1e8 ./usb/host/usb_host_ehci.o
 .text.USB_HostBandwidthHsHostAllocateHsCommon
                0x00003434       0xec ./usb/host/usb_host_ehci.o
 .text.USB_HostBandwidthHsHostAllocateInterrupt
                0x00003520      0x400 ./usb/host/usb_host_ehci.o
 .text.USB_HostBandwidthFslsHostAllocate
                0x00003920      0x114 ./usb/host/usb_host_ehci.o
 .text.USB_HostEhciQhQtdListInit
                0x00003a34      0x3a8 ./usb/host/usb_host_ehci.o
 .text.USB_HostEhciStartIP
                0x00003ddc       0xb8 ./usb/host/usb_host_ehci.o
 .text.USB_HostEhciControlBus
                0x00003e94       0xd4 ./usb/host/usb_host_ehci.o
 .text.USB_HostEhciCreate
                0x00003f68      0x314 ./usb/host/usb_host_ehci.o
                0x00003f68                USB_HostEhciCreate
 .text.USB_HostEhciDestory
                0x0000427c       0x74 ./usb/host/usb_host_ehci.o
                0x0000427c                USB_HostEhciDestory
 .text.USB_HostEhciIoctl
                0x000042f0      0x148 ./usb/host/usb_host_ehci.o
                0x000042f0                USB_HostEhciIoctl
 .text.USB_HostEhciIsrFunction
                0x00004438       0xc8 ./usb/host/usb_host_ehci.o
                0x00004438                USB_HostEhciIsrFunction
 .text.USB_HostGetInstance
                0x00004500       0xf8 ./usb/host/usb_host_hci.o
 .text.USB_HostGetControllerInterface
                0x000045f8       0x30 ./usb/host/usb_host_hci.o
 .text.USB_HostHelperGetPeripheralInformation
                0x00004628      0x188 ./usb/host/usb_host_hci.o
                0x00004628                USB_HostHelperGetPeripheralInformation
 .text.__NVIC_EnableIRQ
                0x000047b0       0x3c ./source/flexspi_romapi.o
 .text.__NVIC_SetPriority
                0x000047ec       0x54 ./source/flexspi_romapi.o
 .text.CLOCK_ControlGate
                0x00004840       0x60 ./source/flexspi_romapi.o
 .text.USB_OTG1_IRQHandler
                0x000048a0       0x18 ./source/flexspi_romapi.o
                0x000048a0                USB_OTG1_IRQHandler
 .text.USB_OTG2_IRQHandler
                0x000048b8       0x18 ./source/flexspi_romapi.o
                0x000048b8                USB_OTG2_IRQHandler
 .text.USB_HostClockInit
                0x000048d0       0x48 ./source/flexspi_romapi.o
                0x000048d0                USB_HostClockInit
 .text.USB_HostEvent
                0x00004918       0x88 ./source/flexspi_romapi.o
 .text.USB_HostApplicationInit
                0x000049a0       0x4c ./source/flexspi_romapi.o
 .text.FLEXSPI_NorFlash_GetConfig
                0x000049ec      0x328 ./source/flexspi_romapi.o
                0x000049ec                FLEXSPI_NorFlash_GetConfig
 .text.error_trap
                0x00004d14       0x10 ./source/flexspi_romapi.o
                0x00004d14                error_trap
 .text.app_finalize
                0x00004d24       0x40 ./source/flexspi_romapi.o
                0x00004d24                app_finalize
 .text.get_cache_status
                0x00004d64       0x50 ./source/flexspi_romapi.o
                0x00004d64                get_cache_status
 .text.flexspi_nor_handle_cache
                0x00004db4      0x1d8 ./source/flexspi_romapi.o
                0x00004db4                flexspi_nor_handle_cache
 .text.HyperFlash
                0x00004f8c      0x15c ./source/flexspi_romapi.o
                0x00004f8c                HyperFlash
 .text.ReadFromPendrive
                0x000050e8      0x3d8 ./source/flexspi_romapi.o
                0x000050e8                ReadFromPendrive
 .text.AsciiToDecimal
                0x000054c0      0x1c8 ./source/flexspi_romapi.o
                0x000054c0                AsciiToDecimal
 .text.decimalToBCD
                0x00005688       0x50 ./source/flexspi_romapi.o
                0x00005688                decimalToBCD
 .text.jump_to_hyperflash_location
                0x000056d8       0xec ./source/flexspi_romapi.o
                0x000056d8                jump_to_hyperflash_location
 .text.main     0x000057c4       0x28 ./source/flexspi_romapi.o
                0x000057c4                main
 .text.dummy    0x000057ec       0x30 ./source/flexspi_romapi.o
                0x000057ec                dummy
 .text.USB_HostMsdControlCallback
                0x0000581c       0x48 ./source/host_msd_fatfs.o
                0x0000581c                USB_HostMsdControlCallback
 .text.USB_HostMsdTask
                0x00005864      0x11c ./source/host_msd_fatfs.o
                0x00005864                USB_HostMsdTask
 .text.USB_HostMsdEvent
                0x00005980      0x1a0 ./source/host_msd_fatfs.o
                0x00005980                USB_HostMsdEvent
 .text.USB_HostMsdUfiCallback
                0x00005b20       0x30 ./fatfs/source/fsl_usb_disk/fsl_usb_disk_bm.o
 .text.USB_HostMsdInitializeDisk
                0x00005b50      0x140 ./fatfs/source/fsl_usb_disk/fsl_usb_disk_bm.o
                0x00005b50                USB_HostMsdInitializeDisk
 .text.USB_HostMsdReadDisk
                0x00005c90      0x11c ./fatfs/source/fsl_usb_disk/fsl_usb_disk_bm.o
                0x00005c90                USB_HostMsdReadDisk
 .text.USB_HostMsdWriteDisk
                0x00005dac      0x11c ./fatfs/source/fsl_usb_disk/fsl_usb_disk_bm.o
                0x00005dac                USB_HostMsdWriteDisk
 .text.USB_HostMsdIoctlDisk
                0x00005ec8      0x198 ./fatfs/source/fsl_usb_disk/fsl_usb_disk_bm.o
                0x00005ec8                USB_HostMsdIoctlDisk
 .text.sync_fs  0x00006060       0xdc ./fatfs/source/ff.o
 .text.create_name
                0x0000613c      0x190 ./fatfs/source/ff.o
 .text.check_fs
                0x000062cc      0x148 ./fatfs/source/ff.o
 .text.mount_volume
                0x00006414      0x3fc ./fatfs/source/ff.o
 .text.f_mount  0x00006810       0x80 ./fatfs/source/ff.o
                0x00006810                f_mount
 .text.f_open   0x00006890      0x314 ./fatfs/source/ff.o
                0x00006890                f_open
 .text.f_sync   0x00006ba4      0x100 ./fatfs/source/ff.o
                0x00006ba4                f_sync
 .text.L1CACHE_InvalidateDCacheByRange
                0x00006ca4       0x68 ./drivers/fsl_cache.o
 .text.CLOCK_GetOscFreq
                0x00006d0c       0x30 ./drivers/fsl_clock.o
 .text.CLOCK_InitExternalClk
                0x00006d3c       0x6c ./drivers/fsl_clock.o
                0x00006d3c                CLOCK_InitExternalClk
 .text.CLOCK_SwitchOsc
                0x00006da8       0x34 ./drivers/fsl_clock.o
                0x00006da8                CLOCK_SwitchOsc
 .text.CLOCK_InitRcOsc24M
                0x00006ddc       0x24 ./drivers/fsl_clock.o
                0x00006ddc                CLOCK_InitRcOsc24M
 .text.CLOCK_EnableUsbhs0Clock
                0x00006e00       0x7c ./drivers/fsl_clock.o
                0x00006e00                CLOCK_EnableUsbhs0Clock
 .text.CLOCK_EnableUsbhs0PhyPllClock
                0x00006e7c       0x6c ./drivers/fsl_clock.o
                0x00006e7c                CLOCK_EnableUsbhs0PhyPllClock
 .text.CLOCK_InitArmPll
                0x00006ee8       0x68 ./drivers/fsl_clock.o
                0x00006ee8                CLOCK_InitArmPll
 .text.CLOCK_InitUsb1Pll
                0x00006f50       0x68 ./drivers/fsl_clock.o
                0x00006f50                CLOCK_InitUsb1Pll
 .text.CLOCK_DeinitUsb2Pll
                0x00006fb8       0x18 ./drivers/fsl_clock.o
                0x00006fb8                CLOCK_DeinitUsb2Pll
 .text.CLOCK_DeinitAudioPll
                0x00006fd0       0x1c ./drivers/fsl_clock.o
                0x00006fd0                CLOCK_DeinitAudioPll
 .text.CLOCK_DeinitEnetPll
                0x00006fec       0x1c ./drivers/fsl_clock.o
                0x00006fec                CLOCK_DeinitEnetPll
 .text.CLOCK_GetPllFreq
                0x00007008      0x3a8 ./drivers/fsl_clock.o
                0x00007008                CLOCK_GetPllFreq
 .text.CLOCK_ControlGate
                0x000073b0       0x60 ./drivers/fsl_lpuart.o
 .text.LPUART_GetInstance
                0x00007410       0x4c ./drivers/fsl_lpuart.o
                0x00007410                LPUART_GetInstance
 .text.LPUART_Init
                0x0000745c      0x310 ./drivers/fsl_lpuart.o
                0x0000745c                LPUART_Init
 .text.LPUART_GetDefaultConfig
                0x0000776c       0x88 ./drivers/fsl_lpuart.o
                0x0000776c                LPUART_GetDefaultConfig
 .text.LPUART_GetStatusFlags
                0x000077f4       0x38 ./drivers/fsl_lpuart.o
                0x000077f4                LPUART_GetStatusFlags
 .text.LPUART_ClearStatusFlags
                0x0000782c       0x7c ./drivers/fsl_lpuart.o
                0x0000782c                LPUART_ClearStatusFlags
 .text.LPUART_WriteBlocking
                0x000078a8       0x68 ./drivers/fsl_lpuart.o
                0x000078a8                LPUART_WriteBlocking
 .text.LPUART_ReadBlocking
                0x00007910      0x160 ./drivers/fsl_lpuart.o
                0x00007910                LPUART_ReadBlocking
 .text.LPUART1_DriverIRQHandler
                0x00007a70       0x28 ./drivers/fsl_lpuart.o
                0x00007a70                LPUART1_DriverIRQHandler
 .text.LPUART2_DriverIRQHandler
                0x00007a98       0x28 ./drivers/fsl_lpuart.o
                0x00007a98                LPUART2_DriverIRQHandler
 .text.LPUART3_DriverIRQHandler
                0x00007ac0       0x28 ./drivers/fsl_lpuart.o
                0x00007ac0                LPUART3_DriverIRQHandler
 .text.LPUART4_DriverIRQHandler
                0x00007ae8       0x28 ./drivers/fsl_lpuart.o
                0x00007ae8                LPUART4_DriverIRQHandler
 .text.LPUART5_DriverIRQHandler
                0x00007b10       0x28 ./drivers/fsl_lpuart.o
                0x00007b10                LPUART5_DriverIRQHandler
 .text.LPUART6_DriverIRQHandler
                0x00007b38       0x28 ./drivers/fsl_lpuart.o
                0x00007b38                LPUART6_DriverIRQHandler
 .text.LPUART7_DriverIRQHandler
                0x00007b60       0x28 ./drivers/fsl_lpuart.o
                0x00007b60                LPUART7_DriverIRQHandler
 .text.LPUART8_DriverIRQHandler
                0x00007b88       0x28 ./drivers/fsl_lpuart.o
                0x00007b88                LPUART8_DriverIRQHandler
 .text.ROM_FLEXSPI_NorFlash_Init
                0x00007bb0       0x28 ./drivers/fsl_romapi.o
                0x00007bb0                ROM_FLEXSPI_NorFlash_Init
 .text.ROM_FLEXSPI_NorFlash_ProgramPage
                0x00007bd8       0x30 ./drivers/fsl_romapi.o
                0x00007bd8                ROM_FLEXSPI_NorFlash_ProgramPage
 .text.ROM_FLEXSPI_NorFlash_Erase
                0x00007c08       0x30 ./drivers/fsl_romapi.o
                0x00007c08                ROM_FLEXSPI_NorFlash_Erase
 .text.ROM_FLEXSPI_NorFlash_ClearCache
                0x00007c38       0x20 ./drivers/fsl_romapi.o
                0x00007c38                ROM_FLEXSPI_NorFlash_ClearCache
 .text.SystemInit
                0x00007c58      0x144 ./device/system_MIMXRT1052.o
                0x00007c58                SystemInit
 .text.HAL_UartInitCommon
                0x00007d9c       0xac ./component/uart/fsl_adapter_lpuart.o
 .text.HAL_UartInit
                0x00007e48       0x84 ./component/uart/fsl_adapter_lpuart.o
                0x00007e48                HAL_UartInit
 .text.HAL_UartReceiveBlocking
                0x00007ecc       0x6c ./component/uart/fsl_adapter_lpuart.o
                0x00007ecc                HAL_UartReceiveBlocking
 .text.HAL_UartSendBlocking
                0x00007f38       0x64 ./component/uart/fsl_adapter_lpuart.o
                0x00007f38                HAL_UartSendBlocking
 .text.OSA_MutexCreate
                0x00007f9c       0x34 ./component/osa/fsl_os_abstraction_bm.o
                0x00007f9c                OSA_MutexCreate
 .text.OSA_MutexUnlock
                0x00007fd0       0x40 ./component/osa/fsl_os_abstraction_bm.o
                0x00007fd0                OSA_MutexUnlock
 .text.OSA_MutexDestroy
                0x00008010       0x30 ./component/osa/fsl_os_abstraction_bm.o
                0x00008010                OSA_MutexDestroy
 .text.OSA_EventCreate
                0x00008040       0x48 ./component/osa/fsl_os_abstraction_bm.o
                0x00008040                OSA_EventCreate
 .text.OSA_EventDestroy
                0x00008088       0x30 ./component/osa/fsl_os_abstraction_bm.o
                0x00008088                OSA_EventDestroy
 .text.CLOCK_GetMux
                0x000080b8       0x44 ./board/board.o
 .text.CLOCK_GetDiv
                0x000080fc       0x44 ./board/board.o
 .text.CLOCK_GetOscFreq
                0x00008140       0x30 ./board/board.o
 .text.BOARD_DebugConsoleSrcFreq
                0x00008170       0x64 ./board/board.o
                0x00008170                BOARD_DebugConsoleSrcFreq
 .text.CLOCK_SetMux
                0x000081d4       0x9c ./board/clock_config.o
 .text.CLOCK_SetDiv
                0x00008270       0x9c ./board/clock_config.o
 .text.CLOCK_ControlGate
                0x0000830c       0x60 ./board/clock_config.o
 .text.CLOCK_SetXtalFreq
                0x0000836c       0x20 ./board/clock_config.o
 .text.CLOCK_SetRtcXtalFreq
                0x0000838c       0x20 ./board/clock_config.o
 .text.IOMUXC_EnableMode
                0x000083ac       0x48 ./board/clock_config.o
 .text.IOMUXC_MQSConfig
                0x000083f4       0x44 ./board/clock_config.o
 .text.BOARD_BootClockRUN
                0x00008438      0x620 ./board/clock_config.o
                0x00008438                BOARD_BootClockRUN
 .text.CLOCK_ControlGate
                0x00008a58       0x60 ./board/pin_mux.o
 .text.BOARD_InitPins
                0x00008ab8      0x1f0 ./board/pin_mux.o
                0x00008ab8                BOARD_InitPins
 .text.malloc   0x00008ca8       0xc8 c:/nxp/mcuxpressoide_11.6.1_8255/ide/plugins/com.nxp.mcuxpresso.tools.win32_11.6.1.202207200623/tools/bin/../lib/gcc/arm-none-eabi/10.3.1/../../../../arm-none-eabi/lib/thumb/v7e-m+dp/hard\libcr_c.a(alloc.o)
                0x00008ca8                malloc
 .text._initio  0x00008d70       0x78 c:/nxp/mcuxpressoide_11.6.1_8255/ide/plugins/com.nxp.mcuxpresso.tools.win32_11.6.1.202207200623/tools/bin/../lib/gcc/arm-none-eabi/10.3.1/../../../../arm-none-eabi/lib/thumb/v7e-m+dp/hard\libcr_c.a(initio.o)
                0x00008d70                _initio
 .text._sbrk    0x00008de8       0x3c c:/nxp/mcuxpressoide_11.6.1_8255/ide/plugins/com.nxp.mcuxpresso.tools.win32_11.6.1.202207200623/tools/bin/../lib/gcc/arm-none-eabi/10.3.1/../../../../arm-none-eabi/lib/thumb/v7e-m+dp/hard\libcr_c.a(_cr_sbrk.o)
                0x00008de8                _sbrk
 .text._Cwritebuf
                0x00008e24       0x6c c:/nxp/mcuxpressoide_11.6.1_8255/ide/plugins/com.nxp.mcuxpresso.tools.win32_11.6.1.202207200623/tools/bin/../lib/gcc/arm-none-eabi/10.3.1/../../../../arm-none-eabi/lib/thumb/v7e-m+dp/hard\libcr_c.a(_writebuf.o)
                0x00008e24                _Cwritebuf
 .text.fflush   0x00008e90       0x3c c:/nxp/mcuxpressoide_11.6.1_8255/ide/plugins/com.nxp.mcuxpresso.tools.win32_11.6.1.202207200623/tools/bin/../lib/gcc/arm-none-eabi/10.3.1/../../../../arm-none-eabi/lib/thumb/v7e-m+dp/hard\libcr_c.a(fflush.o)
                0x00008e90                fflush
 .text.fseek    0x00008ecc       0xfc c:/nxp/mcuxpressoide_11.6.1_8255/ide/plugins/com.nxp.mcuxpresso.tools.win32_11.6.1.202207200623/tools/bin/../lib/gcc/arm-none-eabi/10.3.1/../../../../arm-none-eabi/lib/thumb/v7e-m+dp/hard\libcr_c.a(fseek.o)
                0x00008ecc                fseek
 .text.ftell    0x00008fc8       0x44 c:/nxp/mcuxpressoide_11.6.1_8255/ide/plugins/com.nxp.mcuxpresso.tools.win32_11.6.1.202207200623/tools/bin/../lib/gcc/arm-none-eabi/10.3.1/../../../../arm-none-eabi/lib/thumb/v7e-m+dp/hard\libcr_c.a(ftell.o)
                0x00008fc8                ftell
 .text.__check_heap_overflow
                0x0000900c       0x18 c:/nxp/mcuxpressoide_11.6.1_8255/ide/plugins/com.nxp.mcuxpresso.tools.win32_11.6.1.202207200623/tools/bin/../lib/gcc/arm-none-eabi/10.3.1/../../../../arm-none-eabi/lib/thumb/v7e-m+dp/hard\libcr_c.a(_cr_check_heap.o)
                0x0000900c                __check_heap_overflow
 .text.DbgConsole_Printf
                0x00009024       0x2c ./utilities/fsl_debug_console.o
                0x00009024                DbgConsole_Printf
 .text.DbgConsole_PrintfPaddingCharacter
                0x00009050       0x40 ./utilities/fsl_debug_console.o
 .text.DbgConsole_ConvertRadixNumToString
                0x00009090      0x2b0 ./utilities/fsl_debug_console.o
 .text.USB_EhcihostPhyDisconnectDetectCmd
                0x00009340       0x4a ./usb/phy/usb_phy.o
                0x00009340                USB_EhcihostPhyDisconnectDetectCmd
 .text.USB_HostHubControlCallback
                0x0000938a       0x48 ./usb/host/class/usb_host_hub.o
 .text.USB_HostHubInPipeCallback
                0x000093d2       0x42 ./usb/host/class/usb_host_hub.o
 .text.USB_HostHubInit
                0x00009414       0x84 ./usb/host/class/usb_host_hub.o
                0x00009414                USB_HostHubInit
 .text.USB_HostHubSetInterface
                0x00009498      0x168 ./usb/host/class/usb_host_hub.o
                0x00009498                USB_HostHubSetInterface
 .text.USB_HostHubDeinit
                0x00009600       0xa4 ./usb/host/class/usb_host_hub.o
                0x00009600                USB_HostHubDeinit
 .text.USB_HostHubGetDescriptor
                0x000096a4       0x3a ./usb/host/class/usb_host_hub.o
                0x000096a4                USB_HostHubGetDescriptor
 .text.USB_HostHubClearFeature
                0x000096de       0x3e ./usb/host/class/usb_host_hub.o
                0x000096de                USB_HostHubClearFeature
 .text.USB_HostHubGetStatus
                0x0000971c       0x3a ./usb/host/class/usb_host_hub.o
                0x0000971c                USB_HostHubGetStatus
 .text.USB_HostHubSetPortFeature
                0x00009756       0x42 ./usb/host/class/usb_host_hub.o
                0x00009756                USB_HostHubSetPortFeature
 .text.USB_HostHubClearPortFeature
                0x00009798       0x42 ./usb/host/class/usb_host_hub.o
                0x00009798                USB_HostHubClearPortFeature
 .text.USB_HostHubGetPortStatus
                0x000097da       0x40 ./usb/host/class/usb_host_hub.o
                0x000097da                USB_HostHubGetPortStatus
 .text.USB_HostHubProcessPort
                0x0000981a       0x3e ./usb/host/class/usb_host_hub_app.o
 .text.USB_HostHubControlCallback
                0x00009858       0x92 ./usb/host/class/usb_host_hub_app.o
 .text.USB_HostHubInterruptInCallback
                0x000098ea       0x70 ./usb/host/class/usb_host_hub_app.o
                0x000098ea                USB_HostHubInterruptInCallback
 .text.USB_HostHubGetHsHubNumber
                0x0000995a       0x96 ./usb/host/class/usb_host_hub_app.o
                0x0000995a                USB_HostHubGetHsHubNumber
 .text.USB_HostHubGetHsHubPort
                0x000099f0       0x9a ./usb/host/class/usb_host_hub_app.o
                0x000099f0                USB_HostHubGetHsHubPort
 .text.USB_HostHubGetTotalThinkTime
                0x00009a8a       0x68 ./usb/host/class/usb_host_hub_app.o
                0x00009a8a                USB_HostHubGetTotalThinkTime
 .text.USB_HostMsdClearHaltCallback
                0x00009af2       0x42 ./usb/host/class/usb_host_msd.o
 .text.USB_HostMsdClearHalt
                0x00009b34       0xa6 ./usb/host/class/usb_host_msd.o
 .text.USB_HostMsdResetDone
                0x00009bda       0x60 ./usb/host/class/usb_host_msd.o
 .text.USB_HostMsdMassResetClearOutCallback
                0x00009c3a       0x36 ./usb/host/class/usb_host_msd.o
 .text.USB_HostMsdCommandDone
                0x00009c70       0x38 ./usb/host/class/usb_host_msd.o
 .text.USB_HostMsdCommand
                0x00009ca8       0xd2 ./usb/host/class/usb_host_msd.o
                0x00009ca8                USB_HostMsdCommand
 .text.USB_HostMsdOpenInterface
                0x00009d7a      0x194 ./usb/host/class/usb_host_msd.o
 .text.USB_HostMsdSetInterfaceCallback
                0x00009f0e       0x54 ./usb/host/class/usb_host_msd.o
 .text.USB_HostMsdDeinit
                0x00009f62       0xd8 ./usb/host/class/usb_host_msd.o
                0x00009f62                USB_HostMsdDeinit
 .text.USB_HostMsdControl
                0x0000a03a       0xc2 ./usb/host/class/usb_host_msd.o
 .text.USB_HostMsdRead10
                0x0000a0fc       0x74 ./usb/host/class/usb_host_msd_ufi.o
                0x0000a0fc                USB_HostMsdRead10
 .text.USB_HostMsdWrite10
                0x0000a170       0x74 ./usb/host/class/usb_host_msd_ufi.o
                0x0000a170                USB_HostMsdWrite10
 .text.USB_HostMsdReadCapacity
                0x0000a1e4       0x60 ./usb/host/class/usb_host_msd_ufi.o
                0x0000a1e4                USB_HostMsdReadCapacity
 .text.USB_HostMsdTestUnitReady
                0x0000a244       0x48 ./usb/host/class/usb_host_msd_ufi.o
                0x0000a244                USB_HostMsdTestUnitReady
 .text.USB_HostMsdRequestSense
                0x0000a28c       0x62 ./usb/host/class/usb_host_msd_ufi.o
                0x0000a28c                USB_HostMsdRequestSense
 .text.USB_HostNotifyDevice
                0x0000a2ee       0xe6 ./usb/host/usb_host_devices.o
 .text.USB_HostAllocateDeviceAddress
                0x0000a3d4       0xa6 ./usb/host/usb_host_devices.o
 .text.USB_HostReleaseDeviceAddress
                0x0000a47a       0x60 ./usb/host/usb_host_devices.o
 .text.USB_HostRemoveDeviceInstance
                0x0000a4da       0x76 ./usb/host/usb_host_devices.o
 .text.USB_HostReleaseDeviceResource
                0x0000a550       0xb6 ./usb/host/usb_host_devices.o
 .text.USB_HostParseDeviceConfigurationDescriptor
                0x0000a606      0x43c ./usb/host/usb_host_devices.o
 .text.USB_HostAttachDevice
                0x0000aa42      0x262 ./usb/host/usb_host_devices.o
                0x0000aa42                USB_HostAttachDevice
 .text.USB_HostDetachDevice
                0x0000aca4       0x82 ./usb/host/usb_host_devices.o
                0x0000aca4                USB_HostDetachDevice
 .text.USB_HostDetachDeviceInternal
                0x0000ad26       0x80 ./usb/host/usb_host_devices.o
                0x0000ad26                USB_HostDetachDeviceInternal
 .text.USB_HostValidateDevice
                0x0000ada6       0x4a ./usb/host/usb_host_devices.o
                0x0000ada6                USB_HostValidateDevice
 .text.USB_HostControlBus
                0x0000adf0       0x3e ./usb/host/usb_host_devices.o
 .text.USB_HostBandwidthFslsHostComputeCurrent
                0x0000ae2e       0x78 ./usb/host/usb_host_ehci.o
 .text.USB_HostBandwidthHsHostComputeCurrentHsAll
                0x0000aea6      0x1b2 ./usb/host/usb_host_ehci.o
 .text.USB_HostEhciGet2PowerValue
                0x0000b058       0x88 ./usb/host/usb_host_ehci.o
 .text.USB_HostEhciZeroMem
                0x0000b0e0       0x32 ./usb/host/usb_host_ehci.o
 .text.USB_HostEhciDelay
                0x0000b112       0x4a ./usb/host/usb_host_ehci.o
 .text.USB_HostEhciStartAsync
                0x0000b15c       0x80 ./usb/host/usb_host_ehci.o
 .text.USB_HostEhciStopAsync
                0x0000b1dc       0x66 ./usb/host/usb_host_ehci.o
 .text.USB_HostEhciStartPeriodic
                0x0000b242       0x92 ./usb/host/usb_host_ehci.o
 .text.USB_HostEhciStopPeriodic
                0x0000b2d4       0x66 ./usb/host/usb_host_ehci.o
 .text.USB_HostEhciQtdListRelease
                0x0000b33a       0xc4 ./usb/host/usb_host_ehci.o
 .text.USB_HostEhciQhQtdListDeinit
                0x0000b3fe      0x100 ./usb/host/usb_host_ehci.o
 .text.USB_HostEhciTransferQtdListDeinit
                0x0000b4fe      0x17e ./usb/host/usb_host_ehci.o
 .text.USB_HostEhciQhInit
                0x0000b67c      0x1d4 ./usb/host/usb_host_ehci.o
 .text.USB_HostEhciQhDeinit
                0x0000b850       0x48 ./usb/host/usb_host_ehci.o
 .text.USB_HostEhciAddQhToFrame
                0x0000b898       0x9e ./usb/host/usb_host_ehci.o
 .text.USB_HostEhciRemoveFromFrame
                0x0000b936       0x62 ./usb/host/usb_host_ehci.o
 .text.USB_HostEhciOpenControlBulk
                0x0000b998       0x42 ./usb/host/usb_host_ehci.o
 .text.USB_HostEhciCloseControlBulk
                0x0000b9da       0xcc ./usb/host/usb_host_ehci.o
 .text.USB_HostEhciOpenInterrupt
                0x0000baa6       0x8c ./usb/host/usb_host_ehci.o
 .text.USB_HostEhciCloseInterrupt
                0x0000bb32       0x5e ./usb/host/usb_host_ehci.o
 .text.USB_HostEhciResetIP
                0x0000bb90       0x4e ./usb/host/usb_host_ehci.o
 .text.USB_HostEhciCancelPipe
                0x0000bbde       0x88 ./usb/host/usb_host_ehci.o
 .text.USB_HostEhciTransactionDone
                0x0000bc66      0x2d0 ./usb/host/usb_host_ehci.o
                0x0000bc66                USB_HostEhciTransactionDone
 .text.USB_HostEhciPortChange
                0x0000bf36      0x1d0 ./usb/host/usb_host_ehci.o
 .text.USB_HostEhciTimer0
                0x0000c106      0x1c2 ./usb/host/usb_host_ehci.o
 .text.USB_HostEhciOpenPipe
                0x0000c2c8      0x1ec ./usb/host/usb_host_ehci.o
                0x0000c2c8                USB_HostEhciOpenPipe
 .text.USB_HostEhciClosePipe
                0x0000c4b4       0xd0 ./usb/host/usb_host_ehci.o
                0x0000c4b4                USB_HostEhciClosePipe
 .text.USB_HostEhciWritePipe
                0x0000c584       0x46 ./usb/host/usb_host_ehci.o
                0x0000c584                USB_HostEhciWritePipe
 .text.USB_HostEhciReadpipe
                0x0000c5ca       0x20 ./usb/host/usb_host_ehci.o
                0x0000c5ca                USB_HostEhciReadpipe
 .text.USB_HostEhciTaskFunction
                0x0000c5ea       0xf2 ./usb/host/usb_host_ehci.o
                0x0000c5ea                USB_HostEhciTaskFunction
 .text.USB_HostCh9RequestCommon
                0x0000c6dc       0x56 ./usb/host/usb_host_framework.o
                0x0000c6dc                USB_HostCh9RequestCommon
 .text.USB_HostStandardSetAddress
                0x0000c732       0x32 ./usb/host/usb_host_framework.o
                0x0000c732                USB_HostStandardSetAddress
 .text.USB_HostStandardSetGetDescriptor
                0x0000c764       0x4e ./usb/host/usb_host_framework.o
                0x0000c764                USB_HostStandardSetGetDescriptor
 .text.USB_HostReleaseInstance
                0x0000c7b2       0x2e ./usb/host/usb_host_hci.o
 .text.USB_HostInit
                0x0000c7e0      0x168 ./usb/host/usb_host_hci.o
                0x0000c7e0                USB_HostInit
 .text.USB_HostOpenPipe
                0x0000c948       0x44 ./usb/host/usb_host_hci.o
                0x0000c948                USB_HostOpenPipe
 .text.USB_HostClosePipe
                0x0000c98c       0x42 ./usb/host/usb_host_hci.o
                0x0000c98c                USB_HostClosePipe
 .text.USB_HostSend
                0x0000c9ce       0x6e ./usb/host/usb_host_hci.o
                0x0000c9ce                USB_HostSend
 .text.USB_HostSendSetup
                0x0000ca3c       0x92 ./usb/host/usb_host_hci.o
                0x0000ca3c                USB_HostSendSetup
 .text.USB_HostRecv
                0x0000cace       0x6e ./usb/host/usb_host_hci.o
                0x0000cace                USB_HostRecv
 .text.USB_HostCancelTransfer
                0x0000cb3c       0x4e ./usb/host/usb_host_hci.o
                0x0000cb3c                USB_HostCancelTransfer
 .text.USB_HostMallocTransfer
                0x0000cb8a       0x74 ./usb/host/usb_host_hci.o
                0x0000cb8a                USB_HostMallocTransfer
 .text.USB_HostFreeTransfer
                0x0000cbfe       0x54 ./usb/host/usb_host_hci.o
                0x0000cbfe                USB_HostFreeTransfer
 .text.DMA0_DMA16_IRQHandler
                0x0000cc52        0x8 ./startup/startup_mimxrt1052.o
                0x0000cc52                DMA0_DMA16_IRQHandler
 .text.DMA1_DMA17_IRQHandler
                0x0000cc5a        0x8 ./startup/startup_mimxrt1052.o
                0x0000cc5a                DMA1_DMA17_IRQHandler
 .text.DMA2_DMA18_IRQHandler
                0x0000cc62        0x8 ./startup/startup_mimxrt1052.o
                0x0000cc62                DMA2_DMA18_IRQHandler
 .text.DMA3_DMA19_IRQHandler
                0x0000cc6a        0x8 ./startup/startup_mimxrt1052.o
                0x0000cc6a                DMA3_DMA19_IRQHandler
 .text.DMA4_DMA20_IRQHandler
                0x0000cc72        0x8 ./startup/startup_mimxrt1052.o
                0x0000cc72                DMA4_DMA20_IRQHandler
 .text.DMA5_DMA21_IRQHandler
                0x0000cc7a        0x8 ./startup/startup_mimxrt1052.o
                0x0000cc7a                DMA5_DMA21_IRQHandler
 .text.DMA6_DMA22_IRQHandler
                0x0000cc82        0x8 ./startup/startup_mimxrt1052.o
                0x0000cc82                DMA6_DMA22_IRQHandler
 .text.DMA7_DMA23_IRQHandler
                0x0000cc8a        0x8 ./startup/startup_mimxrt1052.o
                0x0000cc8a                DMA7_DMA23_IRQHandler
 .text.DMA8_DMA24_IRQHandler
                0x0000cc92        0x8 ./startup/startup_mimxrt1052.o
                0x0000cc92                DMA8_DMA24_IRQHandler
 .text.DMA9_DMA25_IRQHandler
                0x0000cc9a        0x8 ./startup/startup_mimxrt1052.o
                0x0000cc9a                DMA9_DMA25_IRQHandler
 .text.DMA10_DMA26_IRQHandler
                0x0000cca2        0x8 ./startup/startup_mimxrt1052.o
                0x0000cca2                DMA10_DMA26_IRQHandler
 .text.DMA11_DMA27_IRQHandler
                0x0000ccaa        0x8 ./startup/startup_mimxrt1052.o
                0x0000ccaa                DMA11_DMA27_IRQHandler
 .text.DMA12_DMA28_IRQHandler
                0x0000ccb2        0x8 ./startup/startup_mimxrt1052.o
                0x0000ccb2                DMA12_DMA28_IRQHandler
 .text.DMA13_DMA29_IRQHandler
                0x0000ccba        0x8 ./startup/startup_mimxrt1052.o
                0x0000ccba                DMA13_DMA29_IRQHandler
 .text.DMA14_DMA30_IRQHandler
                0x0000ccc2        0x8 ./startup/startup_mimxrt1052.o
                0x0000ccc2                DMA14_DMA30_IRQHandler
 .text.DMA15_DMA31_IRQHandler
                0x0000ccca        0x8 ./startup/startup_mimxrt1052.o
                0x0000ccca                DMA15_DMA31_IRQHandler
 .text.DMA_ERROR_IRQHandler
                0x0000ccd2        0x8 ./startup/startup_mimxrt1052.o
                0x0000ccd2                DMA_ERROR_IRQHandler
 .text.CTI0_ERROR_IRQHandler
                0x0000ccda        0x8 ./startup/startup_mimxrt1052.o
                0x0000ccda                CTI0_ERROR_IRQHandler
 .text.CTI1_ERROR_IRQHandler
                0x0000cce2        0x8 ./startup/startup_mimxrt1052.o
                0x0000cce2                CTI1_ERROR_IRQHandler
 .text.CORE_IRQHandler
                0x0000ccea        0x8 ./startup/startup_mimxrt1052.o
                0x0000ccea                CORE_IRQHandler
 .text.LPUART1_IRQHandler
                0x0000ccf2        0x8 ./startup/startup_mimxrt1052.o
                0x0000ccf2                LPUART1_IRQHandler
 .text.LPUART2_IRQHandler
                0x0000ccfa        0x8 ./startup/startup_mimxrt1052.o
                0x0000ccfa                LPUART2_IRQHandler
 .text.LPUART3_IRQHandler
                0x0000cd02        0x8 ./startup/startup_mimxrt1052.o
                0x0000cd02                LPUART3_IRQHandler
 .text.LPUART4_IRQHandler
                0x0000cd0a        0x8 ./startup/startup_mimxrt1052.o
                0x0000cd0a                LPUART4_IRQHandler
 .text.LPUART5_IRQHandler
                0x0000cd12        0x8 ./startup/startup_mimxrt1052.o
                0x0000cd12                LPUART5_IRQHandler
 .text.LPUART6_IRQHandler
                0x0000cd1a        0x8 ./startup/startup_mimxrt1052.o
                0x0000cd1a                LPUART6_IRQHandler
 .text.LPUART7_IRQHandler
                0x0000cd22        0x8 ./startup/startup_mimxrt1052.o
                0x0000cd22                LPUART7_IRQHandler
 .text.LPUART8_IRQHandler
                0x0000cd2a        0x8 ./startup/startup_mimxrt1052.o
                0x0000cd2a                LPUART8_IRQHandler
 .text.LPI2C1_IRQHandler
                0x0000cd32        0x8 ./startup/startup_mimxrt1052.o
                0x0000cd32                LPI2C1_IRQHandler
 .text.LPI2C2_IRQHandler
                0x0000cd3a        0x8 ./startup/startup_mimxrt1052.o
                0x0000cd3a                LPI2C2_IRQHandler
 .text.LPI2C3_IRQHandler
                0x0000cd42        0x8 ./startup/startup_mimxrt1052.o
                0x0000cd42                LPI2C3_IRQHandler
 .text.LPI2C4_IRQHandler
                0x0000cd4a        0x8 ./startup/startup_mimxrt1052.o
                0x0000cd4a                LPI2C4_IRQHandler
 .text.LPSPI1_IRQHandler
                0x0000cd52        0x8 ./startup/startup_mimxrt1052.o
                0x0000cd52                LPSPI1_IRQHandler
 .text.LPSPI2_IRQHandler
                0x0000cd5a        0x8 ./startup/startup_mimxrt1052.o
                0x0000cd5a                LPSPI2_IRQHandler
 .text.LPSPI3_IRQHandler
                0x0000cd62        0x8 ./startup/startup_mimxrt1052.o
                0x0000cd62                LPSPI3_IRQHandler
 .text.LPSPI4_IRQHandler
                0x0000cd6a        0x8 ./startup/startup_mimxrt1052.o
                0x0000cd6a                LPSPI4_IRQHandler
 .text.CAN1_IRQHandler
                0x0000cd72        0x8 ./startup/startup_mimxrt1052.o
                0x0000cd72                CAN1_IRQHandler
 .text.CAN2_IRQHandler
                0x0000cd7a        0x8 ./startup/startup_mimxrt1052.o
                0x0000cd7a                CAN2_IRQHandler
 .text.FLEXRAM_IRQHandler
                0x0000cd82        0x8 ./startup/startup_mimxrt1052.o
                0x0000cd82                FLEXRAM_IRQHandler
 .text.KPP_IRQHandler
                0x0000cd8a        0x8 ./startup/startup_mimxrt1052.o
                0x0000cd8a                KPP_IRQHandler
 .text.TSC_DIG_IRQHandler
                0x0000cd92        0x8 ./startup/startup_mimxrt1052.o
                0x0000cd92                TSC_DIG_IRQHandler
 .text.GPR_IRQ_IRQHandler
                0x0000cd9a        0x8 ./startup/startup_mimxrt1052.o
                0x0000cd9a                GPR_IRQ_IRQHandler
 .text.LCDIF_IRQHandler
                0x0000cda2        0x8 ./startup/startup_mimxrt1052.o
                0x0000cda2                LCDIF_IRQHandler
 .text.CSI_IRQHandler
                0x0000cdaa        0x8 ./startup/startup_mimxrt1052.o
                0x0000cdaa                CSI_IRQHandler
 .text.PXP_IRQHandler
                0x0000cdb2        0x8 ./startup/startup_mimxrt1052.o
                0x0000cdb2                PXP_IRQHandler
 .text.WDOG2_IRQHandler
                0x0000cdba        0x8 ./startup/startup_mimxrt1052.o
                0x0000cdba                WDOG2_IRQHandler
 .text.SNVS_HP_WRAPPER_IRQHandler
                0x0000cdc2        0x8 ./startup/startup_mimxrt1052.o
                0x0000cdc2                SNVS_HP_WRAPPER_IRQHandler
 .text.SNVS_HP_WRAPPER_TZ_IRQHandler
                0x0000cdca        0x8 ./startup/startup_mimxrt1052.o
                0x0000cdca                SNVS_HP_WRAPPER_TZ_IRQHandler
 .text.SNVS_LP_WRAPPER_IRQHandler
                0x0000cdd2        0x8 ./startup/startup_mimxrt1052.o
                0x0000cdd2                SNVS_LP_WRAPPER_IRQHandler
 .text.CSU_IRQHandler
                0x0000cdda        0x8 ./startup/startup_mimxrt1052.o
                0x0000cdda                CSU_IRQHandler
 .text.DCP_IRQHandler
                0x0000cde2        0x8 ./startup/startup_mimxrt1052.o
                0x0000cde2                DCP_IRQHandler
 .text.DCP_VMI_IRQHandler
                0x0000cdea        0x8 ./startup/startup_mimxrt1052.o
                0x0000cdea                DCP_VMI_IRQHandler
 .text.Reserved68_IRQHandler
                0x0000cdf2        0x8 ./startup/startup_mimxrt1052.o
                0x0000cdf2                Reserved68_IRQHandler
 .text.TRNG_IRQHandler
                0x0000cdfa        0x8 ./startup/startup_mimxrt1052.o
                0x0000cdfa                TRNG_IRQHandler
 .text.SJC_IRQHandler
                0x0000ce02        0x8 ./startup/startup_mimxrt1052.o
                0x0000ce02                SJC_IRQHandler
 .text.BEE_IRQHandler
                0x0000ce0a        0x8 ./startup/startup_mimxrt1052.o
                0x0000ce0a                BEE_IRQHandler
 .text.SAI1_IRQHandler
                0x0000ce12        0x8 ./startup/startup_mimxrt1052.o
                0x0000ce12                SAI1_IRQHandler
 .text.SAI2_IRQHandler
                0x0000ce1a        0x8 ./startup/startup_mimxrt1052.o
                0x0000ce1a                SAI2_IRQHandler
 .text.SAI3_RX_IRQHandler
                0x0000ce22        0x8 ./startup/startup_mimxrt1052.o
                0x0000ce22                SAI3_RX_IRQHandler
 .text.SAI3_TX_IRQHandler
                0x0000ce2a        0x8 ./startup/startup_mimxrt1052.o
                0x0000ce2a                SAI3_TX_IRQHandler
 .text.SPDIF_IRQHandler
                0x0000ce32        0x8 ./startup/startup_mimxrt1052.o
                0x0000ce32                SPDIF_IRQHandler
 .text.PMU_EVENT_IRQHandler
                0x0000ce3a        0x8 ./startup/startup_mimxrt1052.o
                0x0000ce3a                PMU_EVENT_IRQHandler
 .text.Reserved78_IRQHandler
                0x0000ce42        0x8 ./startup/startup_mimxrt1052.o
                0x0000ce42                Reserved78_IRQHandler
 .text.TEMP_LOW_HIGH_IRQHandler
                0x0000ce4a        0x8 ./startup/startup_mimxrt1052.o
                0x0000ce4a                TEMP_LOW_HIGH_IRQHandler
 .text.TEMP_PANIC_IRQHandler
                0x0000ce52        0x8 ./startup/startup_mimxrt1052.o
                0x0000ce52                TEMP_PANIC_IRQHandler
 .text.USB_PHY1_IRQHandler
                0x0000ce5a        0x8 ./startup/startup_mimxrt1052.o
                0x0000ce5a                USB_PHY1_IRQHandler
 .text.USB_PHY2_IRQHandler
                0x0000ce62        0x8 ./startup/startup_mimxrt1052.o
                0x0000ce62                USB_PHY2_IRQHandler
 .text.ADC1_IRQHandler
                0x0000ce6a        0x8 ./startup/startup_mimxrt1052.o
                0x0000ce6a                ADC1_IRQHandler
 .text.ADC2_IRQHandler
                0x0000ce72        0x8 ./startup/startup_mimxrt1052.o
                0x0000ce72                ADC2_IRQHandler
 .text.DCDC_IRQHandler
                0x0000ce7a        0x8 ./startup/startup_mimxrt1052.o
                0x0000ce7a                DCDC_IRQHandler
 .text.Reserved86_IRQHandler
                0x0000ce82        0x8 ./startup/startup_mimxrt1052.o
                0x0000ce82                Reserved86_IRQHandler
 .text.Reserved87_IRQHandler
                0x0000ce8a        0x8 ./startup/startup_mimxrt1052.o
                0x0000ce8a                Reserved87_IRQHandler
 .text.GPIO1_INT0_IRQHandler
                0x0000ce92        0x8 ./startup/startup_mimxrt1052.o
                0x0000ce92                GPIO1_INT0_IRQHandler
 .text.GPIO1_INT1_IRQHandler
                0x0000ce9a        0x8 ./startup/startup_mimxrt1052.o
                0x0000ce9a                GPIO1_INT1_IRQHandler
 .text.GPIO1_INT2_IRQHandler
                0x0000cea2        0x8 ./startup/startup_mimxrt1052.o
                0x0000cea2                GPIO1_INT2_IRQHandler
 .text.GPIO1_INT3_IRQHandler
                0x0000ceaa        0x8 ./startup/startup_mimxrt1052.o
                0x0000ceaa                GPIO1_INT3_IRQHandler
 .text.GPIO1_INT4_IRQHandler
                0x0000ceb2        0x8 ./startup/startup_mimxrt1052.o
                0x0000ceb2                GPIO1_INT4_IRQHandler
 .text.GPIO1_INT5_IRQHandler
                0x0000ceba        0x8 ./startup/startup_mimxrt1052.o
                0x0000ceba                GPIO1_INT5_IRQHandler
 .text.GPIO1_INT6_IRQHandler
                0x0000cec2        0x8 ./startup/startup_mimxrt1052.o
                0x0000cec2                GPIO1_INT6_IRQHandler
 .text.GPIO1_INT7_IRQHandler
                0x0000ceca        0x8 ./startup/startup_mimxrt1052.o
                0x0000ceca                GPIO1_INT7_IRQHandler
 .text.GPIO1_Combined_0_15_IRQHandler
                0x0000ced2        0x8 ./startup/startup_mimxrt1052.o
                0x0000ced2                GPIO1_Combined_0_15_IRQHandler
 .text.GPIO1_Combined_16_31_IRQHandler
                0x0000ceda        0x8 ./startup/startup_mimxrt1052.o
                0x0000ceda                GPIO1_Combined_16_31_IRQHandler
 .text.GPIO2_Combined_0_15_IRQHandler
                0x0000cee2        0x8 ./startup/startup_mimxrt1052.o
                0x0000cee2                GPIO2_Combined_0_15_IRQHandler
 .text.GPIO2_Combined_16_31_IRQHandler
                0x0000ceea        0x8 ./startup/startup_mimxrt1052.o
                0x0000ceea                GPIO2_Combined_16_31_IRQHandler
 .text.GPIO3_Combined_0_15_IRQHandler
                0x0000cef2        0x8 ./startup/startup_mimxrt1052.o
                0x0000cef2                GPIO3_Combined_0_15_IRQHandler
 .text.GPIO3_Combined_16_31_IRQHandler
                0x0000cefa        0x8 ./startup/startup_mimxrt1052.o
                0x0000cefa                GPIO3_Combined_16_31_IRQHandler
 .text.GPIO4_Combined_0_15_IRQHandler
                0x0000cf02        0x8 ./startup/startup_mimxrt1052.o
                0x0000cf02                GPIO4_Combined_0_15_IRQHandler
 .text.GPIO4_Combined_16_31_IRQHandler
                0x0000cf0a        0x8 ./startup/startup_mimxrt1052.o
                0x0000cf0a                GPIO4_Combined_16_31_IRQHandler
 .text.GPIO5_Combined_0_15_IRQHandler
                0x0000cf12        0x8 ./startup/startup_mimxrt1052.o
                0x0000cf12                GPIO5_Combined_0_15_IRQHandler
 .text.GPIO5_Combined_16_31_IRQHandler
                0x0000cf1a        0x8 ./startup/startup_mimxrt1052.o
                0x0000cf1a                GPIO5_Combined_16_31_IRQHandler
 .text.FLEXIO1_IRQHandler
                0x0000cf22        0x8 ./startup/startup_mimxrt1052.o
                0x0000cf22                FLEXIO1_IRQHandler
 .text.FLEXIO2_IRQHandler
                0x0000cf2a        0x8 ./startup/startup_mimxrt1052.o
                0x0000cf2a                FLEXIO2_IRQHandler
 .text.WDOG1_IRQHandler
                0x0000cf32        0x8 ./startup/startup_mimxrt1052.o
                0x0000cf32                WDOG1_IRQHandler
 .text.RTWDOG_IRQHandler
                0x0000cf3a        0x8 ./startup/startup_mimxrt1052.o
                0x0000cf3a                RTWDOG_IRQHandler
 .text.EWM_IRQHandler
                0x0000cf42        0x8 ./startup/startup_mimxrt1052.o
                0x0000cf42                EWM_IRQHandler
 .text.CCM_1_IRQHandler
                0x0000cf4a        0x8 ./startup/startup_mimxrt1052.o
                0x0000cf4a                CCM_1_IRQHandler
 .text.CCM_2_IRQHandler
                0x0000cf52        0x8 ./startup/startup_mimxrt1052.o
                0x0000cf52                CCM_2_IRQHandler
 .text.GPC_IRQHandler
                0x0000cf5a        0x8 ./startup/startup_mimxrt1052.o
                0x0000cf5a                GPC_IRQHandler
 .text.SRC_IRQHandler
                0x0000cf62        0x8 ./startup/startup_mimxrt1052.o
                0x0000cf62                SRC_IRQHandler
 .text.Reserved115_IRQHandler
                0x0000cf6a        0x8 ./startup/startup_mimxrt1052.o
                0x0000cf6a                Reserved115_IRQHandler
 .text.GPT1_IRQHandler
                0x0000cf72        0x8 ./startup/startup_mimxrt1052.o
                0x0000cf72                GPT1_IRQHandler
 .text.GPT2_IRQHandler
                0x0000cf7a        0x8 ./startup/startup_mimxrt1052.o
                0x0000cf7a                GPT2_IRQHandler
 .text.PWM1_0_IRQHandler
                0x0000cf82        0x8 ./startup/startup_mimxrt1052.o
                0x0000cf82                PWM1_0_IRQHandler
 .text.PWM1_1_IRQHandler
                0x0000cf8a        0x8 ./startup/startup_mimxrt1052.o
                0x0000cf8a                PWM1_1_IRQHandler
 .text.PWM1_2_IRQHandler
                0x0000cf92        0x8 ./startup/startup_mimxrt1052.o
                0x0000cf92                PWM1_2_IRQHandler
 .text.PWM1_3_IRQHandler
                0x0000cf9a        0x8 ./startup/startup_mimxrt1052.o
                0x0000cf9a                PWM1_3_IRQHandler
 .text.PWM1_FAULT_IRQHandler
                0x0000cfa2        0x8 ./startup/startup_mimxrt1052.o
                0x0000cfa2                PWM1_FAULT_IRQHandler
 .text.Reserved123_IRQHandler
                0x0000cfaa        0x8 ./startup/startup_mimxrt1052.o
                0x0000cfaa                Reserved123_IRQHandler
 .text.FLEXSPI_IRQHandler
                0x0000cfb2        0x8 ./startup/startup_mimxrt1052.o
                0x0000cfb2                FLEXSPI_IRQHandler
 .text.SEMC_IRQHandler
                0x0000cfba        0x8 ./startup/startup_mimxrt1052.o
                0x0000cfba                SEMC_IRQHandler
 .text.USDHC1_IRQHandler
                0x0000cfc2        0x8 ./startup/startup_mimxrt1052.o
                0x0000cfc2                USDHC1_IRQHandler
 .text.USDHC2_IRQHandler
                0x0000cfca        0x8 ./startup/startup_mimxrt1052.o
                0x0000cfca                USDHC2_IRQHandler
 .text.ENET_IRQHandler
                0x0000cfd2        0x8 ./startup/startup_mimxrt1052.o
                0x0000cfd2                ENET_IRQHandler
 .text.ENET_1588_Timer_IRQHandler
                0x0000cfda        0x8 ./startup/startup_mimxrt1052.o
                0x0000cfda                ENET_1588_Timer_IRQHandler
 .text.XBAR1_IRQ_0_1_IRQHandler
                0x0000cfe2        0x8 ./startup/startup_mimxrt1052.o
                0x0000cfe2                XBAR1_IRQ_0_1_IRQHandler
 .text.XBAR1_IRQ_2_3_IRQHandler
                0x0000cfea        0x8 ./startup/startup_mimxrt1052.o
                0x0000cfea                XBAR1_IRQ_2_3_IRQHandler
 .text.ADC_ETC_IRQ0_IRQHandler
                0x0000cff2        0x8 ./startup/startup_mimxrt1052.o
                0x0000cff2                ADC_ETC_IRQ0_IRQHandler
 .text.ADC_ETC_IRQ1_IRQHandler
                0x0000cffa        0x8 ./startup/startup_mimxrt1052.o
                0x0000cffa                ADC_ETC_IRQ1_IRQHandler
 .text.ADC_ETC_IRQ2_IRQHandler
                0x0000d002        0x8 ./startup/startup_mimxrt1052.o
                0x0000d002                ADC_ETC_IRQ2_IRQHandler
 .text.ADC_ETC_ERROR_IRQ_IRQHandler
                0x0000d00a        0x8 ./startup/startup_mimxrt1052.o
                0x0000d00a                ADC_ETC_ERROR_IRQ_IRQHandler
 .text.PIT_IRQHandler
                0x0000d012        0x8 ./startup/startup_mimxrt1052.o
                0x0000d012                PIT_IRQHandler
 .text.ACMP1_IRQHandler
                0x0000d01a        0x8 ./startup/startup_mimxrt1052.o
                0x0000d01a                ACMP1_IRQHandler
 .text.ACMP2_IRQHandler
                0x0000d022        0x8 ./startup/startup_mimxrt1052.o
                0x0000d022                ACMP2_IRQHandler
 .text.ACMP3_IRQHandler
                0x0000d02a        0x8 ./startup/startup_mimxrt1052.o
                0x0000d02a                ACMP3_IRQHandler
 .text.ACMP4_IRQHandler
                0x0000d032        0x8 ./startup/startup_mimxrt1052.o
                0x0000d032                ACMP4_IRQHandler
 .text.Reserved143_IRQHandler
                0x0000d03a        0x8 ./startup/startup_mimxrt1052.o
                0x0000d03a                Reserved143_IRQHandler
 .text.Reserved144_IRQHandler
                0x0000d042        0x8 ./startup/startup_mimxrt1052.o
                0x0000d042                Reserved144_IRQHandler
 .text.ENC1_IRQHandler
                0x0000d04a        0x8 ./startup/startup_mimxrt1052.o
                0x0000d04a                ENC1_IRQHandler
 .text.ENC2_IRQHandler
                0x0000d052        0x8 ./startup/startup_mimxrt1052.o
                0x0000d052                ENC2_IRQHandler
 .text.ENC3_IRQHandler
                0x0000d05a        0x8 ./startup/startup_mimxrt1052.o
                0x0000d05a                ENC3_IRQHandler
 .text.ENC4_IRQHandler
                0x0000d062        0x8 ./startup/startup_mimxrt1052.o
                0x0000d062                ENC4_IRQHandler
 .text.TMR1_IRQHandler
                0x0000d06a        0x8 ./startup/startup_mimxrt1052.o
                0x0000d06a                TMR1_IRQHandler
 .text.TMR2_IRQHandler
                0x0000d072        0x8 ./startup/startup_mimxrt1052.o
                0x0000d072                TMR2_IRQHandler
 .text.TMR3_IRQHandler
                0x0000d07a        0x8 ./startup/startup_mimxrt1052.o
                0x0000d07a                TMR3_IRQHandler
 .text.TMR4_IRQHandler
                0x0000d082        0x8 ./startup/startup_mimxrt1052.o
                0x0000d082                TMR4_IRQHandler
 .text.PWM2_0_IRQHandler
                0x0000d08a        0x8 ./startup/startup_mimxrt1052.o
                0x0000d08a                PWM2_0_IRQHandler
 .text.PWM2_1_IRQHandler
                0x0000d092        0x8 ./startup/startup_mimxrt1052.o
                0x0000d092                PWM2_1_IRQHandler
 .text.PWM2_2_IRQHandler
                0x0000d09a        0x8 ./startup/startup_mimxrt1052.o
                0x0000d09a                PWM2_2_IRQHandler
 .text.PWM2_3_IRQHandler
                0x0000d0a2        0x8 ./startup/startup_mimxrt1052.o
                0x0000d0a2                PWM2_3_IRQHandler
 .text.PWM2_FAULT_IRQHandler
                0x0000d0aa        0x8 ./startup/startup_mimxrt1052.o
                0x0000d0aa                PWM2_FAULT_IRQHandler
 .text.PWM3_0_IRQHandler
                0x0000d0b2        0x8 ./startup/startup_mimxrt1052.o
                0x0000d0b2                PWM3_0_IRQHandler
 .text.PWM3_1_IRQHandler
                0x0000d0ba        0x8 ./startup/startup_mimxrt1052.o
                0x0000d0ba                PWM3_1_IRQHandler
 .text.PWM3_2_IRQHandler
                0x0000d0c2        0x8 ./startup/startup_mimxrt1052.o
                0x0000d0c2                PWM3_2_IRQHandler
 .text.PWM3_3_IRQHandler
                0x0000d0ca        0x8 ./startup/startup_mimxrt1052.o
                0x0000d0ca                PWM3_3_IRQHandler
 .text.PWM3_FAULT_IRQHandler
                0x0000d0d2        0x8 ./startup/startup_mimxrt1052.o
                0x0000d0d2                PWM3_FAULT_IRQHandler
 .text.PWM4_0_IRQHandler
                0x0000d0da        0x8 ./startup/startup_mimxrt1052.o
                0x0000d0da                PWM4_0_IRQHandler
 .text.PWM4_1_IRQHandler
                0x0000d0e2        0x8 ./startup/startup_mimxrt1052.o
                0x0000d0e2                PWM4_1_IRQHandler
 .text.PWM4_2_IRQHandler
                0x0000d0ea        0x8 ./startup/startup_mimxrt1052.o
                0x0000d0ea                PWM4_2_IRQHandler
 .text.PWM4_3_IRQHandler
                0x0000d0f2        0x8 ./startup/startup_mimxrt1052.o
                0x0000d0f2                PWM4_3_IRQHandler
 .text.PWM4_FAULT_IRQHandler
                0x0000d0fa        0x8 ./startup/startup_mimxrt1052.o
                0x0000d0fa                PWM4_FAULT_IRQHandler
 .text._SDK_AtomicLocalClearAndSet4Byte
                0x0000d102       0x50 ./source/flexspi_romapi.o
 .text.CLOCK_DisableClock
                0x0000d152       0x1e ./source/flexspi_romapi.o
 .text.EnableIRQ
                0x0000d170       0x32 ./source/flexspi_romapi.o
 .text.USB_HostIsrEnable
                0x0000d1a2       0x2e ./source/flexspi_romapi.o
                0x0000d1a2                USB_HostIsrEnable
 .text.USB_HostTaskFn
                0x0000d1d0       0x16 ./source/flexspi_romapi.o
                0x0000d1d0                USB_HostTaskFn
 .text.ASCII2HEX
                0x0000d1e6       0x30 ./source/flexspi_romapi.o
                0x0000d1e6                ASCII2HEX
 .text.funcDelayUs
                0x0000d216       0x44 ./source/flexspi_romapi.o
                0x0000d216                funcDelayUs
 .text.HardFault_Handler
                0x0000d25a       0x2c ./source/semihost_hardfault.o
                0x0000d25a                HardFault_Handler
 .text.USB_HostControllerTaskFunction
                0x0000d286       0x16 ./fatfs/source/fsl_usb_disk/fsl_usb_disk_bm.o
 .text.USB_HostMsdGetDiskStatus
                0x0000d29c       0x18 ./fatfs/source/fsl_usb_disk/fsl_usb_disk_bm.o
                0x0000d29c                USB_HostMsdGetDiskStatus
 .text.disk_status
                0x0000d2b4       0x2c ./fatfs/source/diskio.o
                0x0000d2b4                disk_status
 .text.disk_initialize
                0x0000d2e0       0x2c ./fatfs/source/diskio.o
                0x0000d2e0                disk_initialize
 .text.disk_read
                0x0000d30c       0x36 ./fatfs/source/diskio.o
                0x0000d30c                disk_read
 .text.disk_write
                0x0000d342       0x36 ./fatfs/source/diskio.o
                0x0000d342                disk_write
 .text.disk_ioctl
                0x0000d378       0x36 ./fatfs/source/diskio.o
                0x0000d378                disk_ioctl
 .text.ld_word  0x0000d3ae       0x30 ./fatfs/source/ff.o
 .text.ld_dword
                0x0000d3de       0x46 ./fatfs/source/ff.o
 .text.st_word  0x0000d424       0x36 ./fatfs/source/ff.o
 .text.st_dword
                0x0000d45a       0x58 ./fatfs/source/ff.o
 .text.dbc_1st  0x0000d4b2       0x40 ./fatfs/source/ff.o
 .text.dbc_2nd  0x0000d4f2       0x54 ./fatfs/source/ff.o
 .text.sync_window
                0x0000d546       0x78 ./fatfs/source/ff.o
 .text.move_window
                0x0000d5be       0x5a ./fatfs/source/ff.o
 .text.clst2sect
                0x0000d618       0x3e ./fatfs/source/ff.o
 .text.get_fat  0x0000d656      0x150 ./fatfs/source/ff.o
 .text.put_fat  0x0000d7a6      0x1d8 ./fatfs/source/ff.o
 .text.remove_chain
                0x0000d97e       0xca ./fatfs/source/ff.o
 .text.create_chain
                0x0000da48      0x1a2 ./fatfs/source/ff.o
 .text.dir_clear
                0x0000dbea       0x90 ./fatfs/source/ff.o
 .text.dir_sdi  0x0000dc7a       0xf6 ./fatfs/source/ff.o
 .text.dir_next
                0x0000dd70      0x12c ./fatfs/source/ff.o
 .text.dir_alloc
                0x0000de9c       0x8e ./fatfs/source/ff.o
 .text.ld_clust
                0x0000df2a       0x3e ./fatfs/source/ff.o
 .text.st_clust
                0x0000df68       0x40 ./fatfs/source/ff.o
 .text.dir_find
                0x0000dfa8       0xaa ./fatfs/source/ff.o
 .text.dir_register
                0x0000e052       0x64 ./fatfs/source/ff.o
 .text.follow_path
                0x0000e0b6       0xde ./fatfs/source/ff.o
 .text.get_ldnumber
                0x0000e194       0x8a ./fatfs/source/ff.o
 .text.find_volume
                0x0000e21e       0xbe ./fatfs/source/ff.o
 .text.validate
                0x0000e2dc       0x6a ./fatfs/source/ff.o
 .text.f_read   0x0000e346      0x266 ./fatfs/source/ff.o
                0x0000e346                f_read
 .text.f_close  0x0000e5ac       0x40 ./fatfs/source/ff.o
                0x0000e5ac                f_close
 .text.f_gets   0x0000e5ec       0x78 ./fatfs/source/ff.o
                0x0000e5ec                f_gets
 .text.DCACHE_InvalidateByRange
                0x0000e664       0x1a ./drivers/fsl_cache.o
                0x0000e664                DCACHE_InvalidateByRange
 .text.CLOCK_IsPllBypassed
                0x0000e67e       0x32 ./drivers/fsl_clock.o
 .text.CLOCK_IsPllEnabled
                0x0000e6b0       0x3c ./drivers/fsl_clock.o
 .text.CLOCK_GetPllBypassRefClk
                0x0000e6ec       0x34 ./drivers/fsl_clock.o
 .text._SDK_AtomicLocalClearAndSet4Byte
                0x0000e720       0x50 ./drivers/fsl_lpuart.o
 .text.CLOCK_EnableClock
                0x0000e770       0x1e ./drivers/fsl_lpuart.o
 .text.LPUART_SoftwareReset
                0x0000e78e       0x2c ./drivers/fsl_lpuart.o
 .text.SystemInitHook
                0x0000e7ba        0xe ./device/system_MIMXRT1052.o
                0x0000e7ba                SystemInitHook
 .text.HAL_UartGetStatus
                0x0000e7c8       0x28 ./component/uart/fsl_adapter_lpuart.o
 .text.DisableGlobalIRQ
                0x0000e7f0       0x22 ./component/osa/fsl_os_abstraction_bm.o
 .text.EnableGlobalIRQ
                0x0000e812       0x20 ./component/osa/fsl_os_abstraction_bm.o
 .text.OSA_MemoryAllocate
                0x0000e832       0x2a ./component/osa/fsl_os_abstraction_bm.o
                0x0000e832                OSA_MemoryAllocate
 .text.OSA_MemoryFree
                0x0000e85c       0x16 ./component/osa/fsl_os_abstraction_bm.o
                0x0000e85c                OSA_MemoryFree
 .text.OSA_EnterCritical
                0x0000e872       0x1a ./component/osa/fsl_os_abstraction_bm.o
                0x0000e872                OSA_EnterCritical
 .text.OSA_ExitCritical
                0x0000e88c       0x16 ./component/osa/fsl_os_abstraction_bm.o
                0x0000e88c                OSA_ExitCritical
 .text.OSA_MutexLock
                0x0000e8a2       0x52 ./component/osa/fsl_os_abstraction_bm.o
                0x0000e8a2                OSA_MutexLock
 .text.OSA_EventSet
                0x0000e8f4       0x36 ./component/osa/fsl_os_abstraction_bm.o
                0x0000e8f4                OSA_EventSet
 .text.OSA_EventWait
                0x0000e92a       0x94 ./component/osa/fsl_os_abstraction_bm.o
                0x0000e92a                OSA_EventWait
 .text.BOARD_InitDebugConsole
                0x0000e9be       0x22 ./board/board.o
                0x0000e9be                BOARD_InitDebugConsole
 .text._SDK_AtomicLocalClearAndSet4Byte
                0x0000e9e0       0x50 ./board/clock_config.o
 .text.CLOCK_DisableClock
                0x0000ea30       0x1e ./board/clock_config.o
 .text.CLOCK_SetPllBypass
                0x0000ea4e       0x4e ./board/clock_config.o
 .text.IOMUXC_SetSaiMClkClockSource
                0x0000ea9c       0x6c ./board/clock_config.o
 .text.BOARD_InitBootClocks
                0x0000eb08        0xc ./board/clock_config.o
                0x0000eb08                BOARD_InitBootClocks
 .text._SDK_AtomicLocalClearAndSet4Byte
                0x0000eb14       0x50 ./board/pin_mux.o
 .text.CLOCK_EnableClock
                0x0000eb64       0x1e ./board/pin_mux.o
 .text.IOMUXC_SetPinMux
                0x0000eb82       0x3a ./board/pin_mux.o
 .text.IOMUXC_SetPinConfig
                0x0000ebbc       0x26 ./board/pin_mux.o
 .text.BOARD_InitBootPins
                0x0000ebe2        0xc ./board/pin_mux.o
                0x0000ebe2                BOARD_InitBootPins
 .text.__main   0x0000ebee        0xe c:/nxp/mcuxpressoide_11.6.1_8255/ide/plugins/com.nxp.mcuxpresso.tools.win32_11.6.1.202207200623/tools/bin/../lib/gcc/arm-none-eabi/10.3.1/../../../../arm-none-eabi/lib/thumb/v7e-m+dp/hard\libcr_nohost_nf.a(_cr__main.o)
                0x0000ebee                __main
 .text.memcpy   0x0000ebfc        0x4 c:/nxp/mcuxpressoide_11.6.1_8255/ide/plugins/com.nxp.mcuxpresso.tools.win32_11.6.1.202207200623/tools/bin/../lib/gcc/arm-none-eabi/10.3.1/../../../../arm-none-eabi/lib/thumb/v7e-m+dp/hard\libcr_c.a(memcpy.o)
                0x0000ebfc                memcpy
 .text.memset   0x0000ec00        0x4 c:/nxp/mcuxpressoide_11.6.1_8255/ide/plugins/com.nxp.mcuxpresso.tools.win32_11.6.1.202207200623/tools/bin/../lib/gcc/arm-none-eabi/10.3.1/../../../../arm-none-eabi/lib/thumb/v7e-m+dp/hard\libcr_c.a(memset.o)
                0x0000ec00                memset
 .text.free     0x0000ec04       0x30 c:/nxp/mcuxpressoide_11.6.1_8255/ide/plugins/com.nxp.mcuxpresso.tools.win32_11.6.1.202207200623/tools/bin/../lib/gcc/arm-none-eabi/10.3.1/../../../../arm-none-eabi/lib/thumb/v7e-m+dp/hard\libcr_c.a(alloc.o)
                0x0000ec04                free
 .text.memcmp   0x0000ec34       0x40 c:/nxp/mcuxpressoide_11.6.1_8255/ide/plugins/com.nxp.mcuxpresso.tools.win32_11.6.1.202207200623/tools/bin/../lib/gcc/arm-none-eabi/10.3.1/../../../../arm-none-eabi/lib/thumb/v7e-m+dp/hard\libcr_c.a(memcmp.o)
                0x0000ec34                memcmp
 .text.setvbuf  0x0000ec74       0x3e c:/nxp/mcuxpressoide_11.6.1_8255/ide/plugins/com.nxp.mcuxpresso.tools.win32_11.6.1.202207200623/tools/bin/../lib/gcc/arm-none-eabi/10.3.1/../../../../arm-none-eabi/lib/thumb/v7e-m+dp/hard\libcr_c.a(setvbuf.o)
                0x0000ec74                setvbuf
 .text.strchr   0x0000ecb2       0x16 c:/nxp/mcuxpressoide_11.6.1_8255/ide/plugins/com.nxp.mcuxpresso.tools.win32_11.6.1.202207200623/tools/bin/../lib/gcc/arm-none-eabi/10.3.1/../../../../arm-none-eabi/lib/thumb/v7e-m+dp/hard\libcr_c.a(strchr.o)
                0x0000ecb2                strchr
 .text.strlen   0x0000ecc8       0x48 c:/nxp/mcuxpressoide_11.6.1_8255/ide/plugins/com.nxp.mcuxpresso.tools.win32_11.6.1.202207200623/tools/bin/../lib/gcc/arm-none-eabi/10.3.1/../../../../arm-none-eabi/lib/thumb/v7e-m+dp/hard\libcr_c.a(strlen.o)
                0x0000ecc8                strlen
 .text._deferredlazyseek
                0x0000ed10       0x40 c:/nxp/mcuxpressoide_11.6.1_8255/ide/plugins/com.nxp.mcuxpresso.tools.win32_11.6.1.202207200623/tools/bin/../lib/gcc/arm-none-eabi/10.3.1/../../../../arm-none-eabi/lib/thumb/v7e-m+dp/hard\libcr_c.a(_deferredlazyseek.o)
                0x0000ed10                _deferredlazyseek
 .text._fdopen  0x0000ed50       0x68 c:/nxp/mcuxpressoide_11.6.1_8255/ide/plugins/com.nxp.mcuxpresso.tools.win32_11.6.1.202207200623/tools/bin/../lib/gcc/arm-none-eabi/10.3.1/../../../../arm-none-eabi/lib/thumb/v7e-m+dp/hard\libcr_c.a(_fdopen.o)
                0x0000ed50                _fdopen
 .text._fflush  0x0000edb8       0x52 c:/nxp/mcuxpressoide_11.6.1_8255/ide/plugins/com.nxp.mcuxpresso.tools.win32_11.6.1.202207200623/tools/bin/../lib/gcc/arm-none-eabi/10.3.1/../../../../arm-none-eabi/lib/thumb/v7e-m+dp/hard\libcr_c.a(_fflush.o)
                0x0000edb8                _fflush
 .text.fclose   0x0000ee0a       0x58 c:/nxp/mcuxpressoide_11.6.1_8255/ide/plugins/com.nxp.mcuxpresso.tools.win32_11.6.1.202207200623/tools/bin/../lib/gcc/arm-none-eabi/10.3.1/../../../../arm-none-eabi/lib/thumb/v7e-m+dp/hard\libcr_c.a(fclose.o)
                0x0000ee0a                fclose
 .text.remove   0x0000ee62       0x14 c:/nxp/mcuxpressoide_11.6.1_8255/ide/plugins/com.nxp.mcuxpresso.tools.win32_11.6.1.202207200623/tools/bin/../lib/gcc/arm-none-eabi/10.3.1/../../../../arm-none-eabi/lib/thumb/v7e-m+dp/hard\libcr_c.a(remove.o)
                0x0000ee62                remove
 .text._do_fflush
                0x0000ee76       0x40 c:/nxp/mcuxpressoide_11.6.1_8255/ide/plugins/com.nxp.mcuxpresso.tools.win32_11.6.1.202207200623/tools/bin/../lib/gcc/arm-none-eabi/10.3.1/../../../../arm-none-eabi/lib/thumb/v7e-m+dp/hard\libcr_c.a(_do_fflush.o)
                0x0000ee76                _do_fflush
 .text.__aeabi_division_ldivmod
                0x0000eeb6       0x26 c:/nxp/mcuxpressoide_11.6.1_8255/ide/plugins/com.nxp.mcuxpresso.tools.win32_11.6.1.202207200623/tools/bin/../lib/gcc/arm-none-eabi/10.3.1/thumb/v7e-m+dp/hard\libcr_eabihelpers.a(division_64.o)
                0x0000eeb6                __aeabi_ldivmod
 .text.__aeabi_division_uldivmod
                0x0000eedc      0x174 c:/nxp/mcuxpressoide_11.6.1_8255/ide/plugins/com.nxp.mcuxpresso.tools.win32_11.6.1.202207200623/tools/bin/../lib/gcc/arm-none-eabi/10.3.1/thumb/v7e-m+dp/hard\libcr_eabihelpers.a(division_64.o)
                0x0000eedc                __aeabi_uldivmod
                0x0000eee0                __bhs_ldivmod1
 .text.__aeabi_division_idiv0
                0x0000f050        0x2 c:/nxp/mcuxpressoide_11.6.1_8255/ide/plugins/com.nxp.mcuxpresso.tools.win32_11.6.1.202207200623/tools/bin/../lib/gcc/arm-none-eabi/10.3.1/thumb/v7e-m+dp/hard\libcr_eabihelpers.a(division_idiv0.o)
                0x0000f050                __aeabi_idiv0
 .text.__aeabi_memcpy
                0x0000f052       0x34 c:/nxp/mcuxpressoide_11.6.1_8255/ide/plugins/com.nxp.mcuxpresso.tools.win32_11.6.1.202207200623/tools/bin/../lib/gcc/arm-none-eabi/10.3.1/thumb/v7e-m+dp/hard\libcr_eabihelpers.a(memcpy.o)
                0x0000f052                __aeabi_memcpy
                0x0000f05c                __aeabi_memcpy8
                0x0000f05c                __aeabi_memcpy4
 .text.__aeabi_memset_lowlevel
                0x0000f086       0x32 c:/nxp/mcuxpressoide_11.6.1_8255/ide/plugins/com.nxp.mcuxpresso.tools.win32_11.6.1.202207200623/tools/bin/../lib/gcc/arm-none-eabi/10.3.1/thumb/v7e-m+dp/hard\libcr_eabihelpers.a(memcpy.o)
                0x0000f086                __aeabi_lowlevel_memset
 .text.__sys_close
                0x0000f0b8        0x6 c:/nxp/mcuxpressoide_11.6.1_8255/ide/plugins/com.nxp.mcuxpresso.tools.win32_11.6.1.202207200623/tools/bin/../lib/gcc/arm-none-eabi/10.3.1/../../../../arm-none-eabi/lib/thumb/v7e-m+dp/hard\libcr_nohost_nf.a(__sys_close.o)
                0x0000f0b8                __sys_close
 .text.__sys_flen
                0x0000f0be        0x6 c:/nxp/mcuxpressoide_11.6.1_8255/ide/plugins/com.nxp.mcuxpresso.tools.win32_11.6.1.202207200623/tools/bin/../lib/gcc/arm-none-eabi/10.3.1/../../../../arm-none-eabi/lib/thumb/v7e-m+dp/hard\libcr_nohost_nf.a(__sys_flen.o)
                0x0000f0be                __sys_flen
 .text.__sys_istty
                0x0000f0c4        0x6 c:/nxp/mcuxpressoide_11.6.1_8255/ide/plugins/com.nxp.mcuxpresso.tools.win32_11.6.1.202207200623/tools/bin/../lib/gcc/arm-none-eabi/10.3.1/../../../../arm-none-eabi/lib/thumb/v7e-m+dp/hard\libcr_nohost_nf.a(__sys_istty.o)
                0x0000f0c4                __sys_istty
 .text.__sys_remove
                0x0000f0ca        0x6 c:/nxp/mcuxpressoide_11.6.1_8255/ide/plugins/com.nxp.mcuxpresso.tools.win32_11.6.1.202207200623/tools/bin/../lib/gcc/arm-none-eabi/10.3.1/../../../../arm-none-eabi/lib/thumb/v7e-m+dp/hard\libcr_nohost_nf.a(__sys_remove.o)
                0x0000f0ca                __sys_remove
 .text.__sys_seek
                0x0000f0d0        0x6 c:/nxp/mcuxpressoide_11.6.1_8255/ide/plugins/com.nxp.mcuxpresso.tools.win32_11.6.1.202207200623/tools/bin/../lib/gcc/arm-none-eabi/10.3.1/../../../../arm-none-eabi/lib/thumb/v7e-m+dp/hard\libcr_nohost_nf.a(__sys_seek.o)
                0x0000f0d0                __sys_seek
 .text.__sys_tmpnam
                0x0000f0d6        0x6 c:/nxp/mcuxpressoide_11.6.1_8255/ide/plugins/com.nxp.mcuxpresso.tools.win32_11.6.1.202207200623/tools/bin/../lib/gcc/arm-none-eabi/10.3.1/../../../../arm-none-eabi/lib/thumb/v7e-m+dp/hard\libcr_nohost_nf.a(__sys_tmpnam.o)
                0x0000f0d6                __sys_tmpnam
 .text.__sys_write
                0x0000f0dc        0x4 c:/nxp/mcuxpressoide_11.6.1_8255/ide/plugins/com.nxp.mcuxpresso.tools.win32_11.6.1.202207200623/tools/bin/../lib/gcc/arm-none-eabi/10.3.1/../../../../arm-none-eabi/lib/thumb/v7e-m+dp/hard\libcr_nohost_nf.a(__sys_write.o)
                0x0000f0dc                __sys_write
 *(SORT_BY_ALIGNMENT(.rodata) SORT_BY_ALIGNMENT(.rodata.*) SORT_BY_ALIGNMENT(.constdata) SORT_BY_ALIGNMENT(.constdata.*))
 .rodata.__assertion_failed.str1.4
                0x0000f0e0       0x14 ./utilities/fsl_assert.o
 .rodata        0x0000f0f4        0xc ./usb/phy/usb_phy.o
 .rodata.USB_HostHubDeviceEvent.str1.4
                0x0000f100       0x3f ./usb/host/class/usb_host_hub_app.o
 *fill*         0x0000f13f        0x1 ff
 .rodata.s_EnumEntries
                0x0000f140       0x38 ./usb/host/usb_host_devices.o
 .rodata        0x0000f178        0x8 ./usb/host/usb_host_ehci.o
 .rodata.s_EhciInterface
                0x0000f180       0x1c ./usb/host/usb_host_hci.o
 .rodata.CLOCK_ControlGate.str1.4
                0x0000f19c       0x77 ./source/flexspi_romapi.o
 *fill*         0x0000f213        0x1 ff
 .rodata        0x0000f214        0x3 ./source/flexspi_romapi.o
 *fill*         0x0000f217        0x1 ff
 .rodata.USB_HostEvent.str1.4
                0x0000f218       0x2d ./source/flexspi_romapi.o
 *fill*         0x0000f245        0x3 ff
 .rodata.USB_HostApplicationInit.str1.4
                0x0000f248       0x25 ./source/flexspi_romapi.o
 *fill*         0x0000f26d        0x3 ff
 .rodata.error_trap.str1.4
                0x0000f270       0x32 ./source/flexspi_romapi.o
 *fill*         0x0000f2a2        0x2 ff
 .rodata.app_finalize.str1.4
                0x0000f2a4       0x22 ./source/flexspi_romapi.o
 *fill*         0x0000f2c6        0x2 ff
 .rodata.HyperFlash.str1.4
                0x0000f2c8      0x17b ./source/flexspi_romapi.o
 *fill*         0x0000f443        0x1 ff
 .rodata.ReadFromPendrive.str1.4
                0x0000f444       0xe1 ./source/flexspi_romapi.o
 *fill*         0x0000f525        0x3 ff
 .rodata.USB_HostMsdTask.str1.4
                0x0000f528       0x51 ./source/host_msd_fatfs.o
 *fill*         0x0000f579        0x3 ff
 .rodata.USB_HostMsdEvent.str1.4
                0x0000f57c       0x5c ./source/host_msd_fatfs.o
 .rodata.create_name.str1.4
                0x0000f5d8        0xf ./fatfs/source/ff.o
 *fill*         0x0000f5e7        0x1 ff
 .rodata.check_fs.str1.4
                0x0000f5e8        0x9 ./fatfs/source/ff.o
 *fill*         0x0000f5f1        0x3 ff
 .rodata.CLOCK_InitExternalClk.str1.4
                0x0000f5f4       0x21 ./drivers/fsl_clock.o
 *fill*         0x0000f615        0x3 ff
 .rodata.CLOCK_GetPllFreq.str1.4
                0x0000f618       0x6d ./drivers/fsl_clock.o
 *fill*         0x0000f685        0x3 ff
 .rodata.g_ccmConfigUsbPll.2
                0x0000f688        0x2 ./drivers/fsl_clock.o
 *fill*         0x0000f68a        0x2 ff
 .rodata.enetRefClkFreq.1
                0x0000f68c       0x10 ./drivers/fsl_clock.o
 .rodata.CLOCK_ControlGate.str1.4
                0x0000f69c       0x20 ./drivers/fsl_lpuart.o
 .rodata.s_lpuartBases
                0x0000f6bc       0x24 ./drivers/fsl_lpuart.o
 .rodata.s_lpuartClock
                0x0000f6e0       0x12 ./drivers/fsl_lpuart.o
 *fill*         0x0000f6f2        0x2 ff
 .rodata.LPUART_GetInstance.str1.4
                0x0000f6f4       0x38 ./drivers/fsl_lpuart.o
 .rodata.LPUART_Init.str1.4
                0x0000f72c      0x10a ./drivers/fsl_lpuart.o
 *fill*         0x0000f836        0x2 ff
 .rodata.LPUART_GetDefaultConfig.str1.4
                0x0000f838       0x22 ./drivers/fsl_lpuart.o
 *fill*         0x0000f85a        0x2 ff
 .rodata.LPUART_WriteBlocking.str1.4
                0x0000f85c       0x20 ./drivers/fsl_lpuart.o
 .rodata.LPUART_ReadBlocking.str1.4
                0x0000f87c       0x20 ./drivers/fsl_lpuart.o
 .rodata.s_LpuartAdapterBase
                0x0000f89c       0x24 ./component/uart/fsl_adapter_lpuart.o
 .rodata.HAL_UartInit.str1.4
                0x0000f8c0      0x105 ./component/uart/fsl_adapter_lpuart.o
 *fill*         0x0000f9c5        0x3 ff
 .rodata.HAL_UartReceiveBlocking.str1.4
                0x0000f9c8       0x7b ./component/uart/fsl_adapter_lpuart.o
 *fill*         0x0000fa43        0x1 ff
 .rodata.HAL_UartSendBlocking.str1.4
                0x0000fa44       0x7b ./component/uart/fsl_adapter_lpuart.o
 *fill*         0x0000fabf        0x1 ff
 .rodata.OSA_MutexCreate.str1.4
                0x0000fac0       0x2a ./component/osa/fsl_os_abstraction_bm.o
 *fill*         0x0000faea        0x2 ff
 .rodata.OSA_MutexUnlock.str1.4
                0x0000faec       0x2a ./component/osa/fsl_os_abstraction_bm.o
 *fill*         0x0000fb16        0x2 ff
 .rodata.OSA_MutexDestroy.str1.4
                0x0000fb18       0x2a ./component/osa/fsl_os_abstraction_bm.o
 *fill*         0x0000fb42        0x2 ff
 .rodata.OSA_EventCreate.str1.4
                0x0000fb44       0x2a ./component/osa/fsl_os_abstraction_bm.o
 *fill*         0x0000fb6e        0x2 ff
 .rodata.OSA_EventDestroy.str1.4
                0x0000fb70       0x2b ./component/osa/fsl_os_abstraction_bm.o
 *fill*         0x0000fb9b        0x1 ff
 .rodata.CLOCK_SetMux.str1.4
                0x0000fb9c       0x88 ./board/clock_config.o
 .rodata.CLOCK_SetDiv.str1.4
                0x0000fc24       0x88 ./board/clock_config.o
 .rodata.CLOCK_ControlGate.str1.4
                0x0000fcac       0x77 ./board/clock_config.o
 .rodata.armPllConfig_BOARD_BootClockRUN
                0x0000fcac        0x8 ./board/clock_config.o
                0x0000fcac                armPllConfig_BOARD_BootClockRUN
 .rodata.CLOCK_ControlGate.str1.4
                0x0000fcb4       0x77 ./board/pin_mux.o
 .rodata.__num_Ciob_streams