Archive member included to satisfy reference by file (symbol)

c:/nxp/mcuxpressoide_11.6.1_8255/ide/plugins/com.nxp.mcuxpresso.tools.win32_11.6.1.202207200623/tools/bin/../lib/gcc/arm-none-eabi/10.3.1/../../../../arm-none-eabi/lib/thumb/v7e-m+dp/hard\libcr_nohost_nf.a(_cr__main.o)
                              ./startup/startup_mimxrt1052.o (__main)
c:/nxp/mcuxpressoide_11.6.1_8255/ide/plugins/com.nxp.mcuxpresso.tools.win32_11.6.1.202207200623/tools/bin/../lib/gcc/arm-none-eabi/10.3.1/../../../../arm-none-eabi/lib/thumb/v7e-m+dp/hard\libcr_c.a(memcpy.o)
                              ./utilities/fsl_debug_console.o (memcpy)
c:/nxp/mcuxpressoide_11.6.1_8255/ide/plugins/com.nxp.mcuxpresso.tools.win32_11.6.1.202207200623/tools/bin/../lib/gcc/arm-none-eabi/10.3.1/../../../../arm-none-eabi/lib/thumb/v7e-m+dp/hard\libcr_c.a(memset.o)
                              ./source/flexspi_romapi.o (memset)
c:/nxp/mcuxpressoide_11.6.1_8255/ide/plugins/com.nxp.mcuxpresso.tools.win32_11.6.1.202207200623/tools/bin/../lib/gcc/arm-none-eabi/10.3.1/../../../../arm-none-eabi/lib/thumb/v7e-m+dp/hard\libcr_c.a(alloc.o)
                              ./drivers/fsl_common.o (malloc)
c:/nxp/mcuxpressoide_11.6.1_8255/ide/plugins/com.nxp.mcuxpresso.tools.win32_11.6.1.202207200623/tools/bin/../lib/gcc/arm-none-eabi/10.3.1/../../../../arm-none-eabi/lib/thumb/v7e-m+dp/hard\libcr_c.a(initio.o)
                              c:/nxp/mcuxpressoide_11.6.1_8255/ide/plugins/com.nxp.mcuxpresso.tools.win32_11.6.1.202207200623/tools/bin/../lib/gcc/arm-none-eabi/10.3.1/../../../../arm-none-eabi/lib/thumb/v7e-m+dp/hard\libcr_nohost_nf.a(_cr__main.o) (_initio)
c:/nxp/mcuxpressoide_11.6.1_8255/ide/plugins/com.nxp.mcuxpresso.tools.win32_11.6.1.202207200623/tools/bin/../lib/gcc/arm-none-eabi/10.3.1/../../../../arm-none-eabi/lib/thumb/v7e-m+dp/hard\libcr_c.a(memcmp.o)
                              ./source/flexspi_romapi.o (memcmp)
c:/nxp/mcuxpressoide_11.6.1_8255/ide/plugins/com.nxp.mcuxpresso.tools.win32_11.6.1.202207200623/tools/bin/../lib/gcc/arm-none-eabi/10.3.1/../../../../arm-none-eabi/lib/thumb/v7e-m+dp/hard\libcr_c.a(printf.o)
                              ./source/host_msd_fatfs.o (_sprintf)
c:/nxp/mcuxpressoide_11.6.1_8255/ide/plugins/com.nxp.mcuxpresso.tools.win32_11.6.1.202207200623/tools/bin/../lib/gcc/arm-none-eabi/10.3.1/../../../../arm-none-eabi/lib/thumb/v7e-m+dp/hard\libcr_c.a(setvbuf.o)
                              c:/nxp/mcuxpressoide_11.6.1_8255/ide/plugins/com.nxp.mcuxpresso.tools.win32_11.6.1.202207200623/tools/bin/../lib/gcc/arm-none-eabi/10.3.1/../../../../arm-none-eabi/lib/thumb/v7e-m+dp/hard\libcr_c.a(initio.o) (setvbuf)
c:/nxp/mcuxpressoide_11.6.1_8255/ide/plugins/com.nxp.mcuxpresso.tools.win32_11.6.1.202207200623/tools/bin/../lib/gcc/arm-none-eabi/10.3.1/../../../../arm-none-eabi/lib/thumb/v7e-m+dp/hard\libcr_c.a(strchr.o)
                              ./fatfs/source/ff.o (strchr)
c:/nxp/mcuxpressoide_11.6.1_8255/ide/plugins/com.nxp.mcuxpresso.tools.win32_11.6.1.202207200623/tools/bin/../lib/gcc/arm-none-eabi/10.3.1/../../../../arm-none-eabi/lib/thumb/v7e-m+dp/hard\libcr_c.a(strlen.o)
                              ./utilities/fsl_debug_console.o (strlen)
c:/nxp/mcuxpressoide_11.6.1_8255/ide/plugins/com.nxp.mcuxpresso.tools.win32_11.6.1.202207200623/tools/bin/../lib/gcc/arm-none-eabi/10.3.1/../../../../arm-none-eabi/lib/thumb/v7e-m+dp/hard\libcr_c.a(__init_alloc.o)
                              c:/nxp/mcuxpressoide_11.6.1_8255/ide/plugins/com.nxp.mcuxpresso.tools.win32_11.6.1.202207200623/tools/bin/../lib/gcc/arm-none-eabi/10.3.1/../../../../arm-none-eabi/lib/thumb/v7e-m+dp/hard\libcr_c.a(alloc.o) (__heaps)
c:/nxp/mcuxpressoide_11.6.1_8255/ide/plugins/com.nxp.mcuxpresso.tools.win32_11.6.1.202207200623/tools/bin/../lib/gcc/arm-none-eabi/10.3.1/../../../../arm-none-eabi/lib/thumb/v7e-m+dp/hard\libcr_c.a(_cr_sbrk.o)
                              c:/nxp/mcuxpressoide_11.6.1_8255/ide/plugins/com.nxp.mcuxpresso.tools.win32_11.6.1.202207200623/tools/bin/../lib/gcc/arm-none-eabi/10.3.1/../../../../arm-none-eabi/lib/thumb/v7e-m+dp/hard\libcr_c.a(alloc.o) (_sbrk)
c:/nxp/mcuxpressoide_11.6.1_8255/ide/plugins/com.nxp.mcuxpresso.tools.win32_11.6.1.202207200623/tools/bin/../lib/gcc/arm-none-eabi/10.3.1/../../../../arm-none-eabi/lib/thumb/v7e-m+dp/hard\libcr_c.a(_deferredlazyseek.o)
                              c:/nxp/mcuxpressoide_11.6.1_8255/ide/plugins/com.nxp.mcuxpresso.tools.win32_11.6.1.202207200623/tools/bin/../lib/gcc/arm-none-eabi/10.3.1/../../../../arm-none-eabi/lib/thumb/v7e-m+dp/hard\libcr_c.a(printf.o) (__flsbuf)
c:/nxp/mcuxpressoide_11.6.1_8255/ide/plugins/com.nxp.mcuxpresso.tools.win32_11.6.1.202207200623/tools/bin/../lib/gcc/arm-none-eabi/10.3.1/../../../../arm-none-eabi/lib/thumb/v7e-m+dp/hard\libcr_c.a(_fdopen.o)
[...]
Memory Configuration

Name             Origin             Length             Attributes
BOARD_FLASH      0x60000000         0x04000000         xr
SRAM_DTC         0x20000000         0x00020000         xrw
SRAM_ITC         0x00000000         0x00020000         xrw
SRAM_OC          0x20200000         0x00040000         xrw
BOARD_SDRAM      0x80000000         0x01e00000         xrw
NCACHE_REGION    0x81e00000         0x00200000         xrw
*default*        0x00000000         0xffffffff

Linker script and memory map

LOAD ./xip/evkbimxrt1050_flexspi_nor_config.o
LOAD ./xip/fsl_flexspi_nor_boot.o
LOAD ./utilities/fsl_assert.o
LOAD ./utilities/fsl_debug_console.o
LOAD ./usb/phy/usb_phy.o
LOAD ./usb/host/class/usb_host_hub.o
LOAD ./usb/host/class/usb_host_hub_app.o
LOAD ./usb/host/class/usb_host_msd.o
LOAD ./usb/host/class/usb_host_msd_ufi.o
LOAD ./usb/host/usb_host_devices.o
LOAD ./usb/host/usb_host_ehci.o
LOAD ./usb/host/usb_host_framework.o
LOAD ./usb/host/usb_host_hci.o
LOAD ./startup/startup_mimxrt1052.o
LOAD ./source/flexspi_romapi.o
LOAD ./source/flexspi_romapi_ops.o
LOAD ./source/host_msd_fatfs.o
LOAD ./source/semihost_hardfault.o
LOAD ./fatfs/source/fsl_usb_disk/fsl_usb_disk_bm.o
LOAD ./fatfs/source/fsl_ram_disk/fsl_ram_disk.o
LOAD ./fatfs/source/diskio.o
LOAD ./fatfs/source/ff.o
LOAD ./fatfs/source/ffsystem.o
LOAD ./fatfs/source/ffunicode.o
LOAD ./drivers/fsl_cache.o
LOAD ./drivers/fsl_clock.o
LOAD ./drivers/fsl_common.o
LOAD ./drivers/fsl_common_arm.o
LOAD ./drivers/fsl_gpio.o
LOAD ./drivers/fsl_lpuart.o
LOAD ./drivers/fsl_romapi.o
LOAD ./device/system_MIMXRT1052.o
LOAD ./component/uart/fsl_adapter_lpuart.o
LOAD ./component/silicon_id/fsl_silicon_id.o
LOAD ./component/osa/fsl_os_abstraction_bm.o
LOAD ./component/lists/fsl_component_generic_list.o
LOAD ./board/board.o
LOAD ./board/clock_config.o
LOAD ./board/dcd.o
LOAD ./board/pin_mux.o
START GROUP
LOAD c:/nxp/mcuxpressoide_11.6.1_8255/ide/plugins/com.nxp.mcuxpresso.tools.win32_11.6.1.202207200623/tools/bin/../lib/gcc/arm-none-eabi/10.3.1/../../../../arm-none-eabi/lib/thumb/v7e-m+dp/hard\libcr_nohost_nf.a
LOAD c:/nxp/mcuxpressoide_11.6.1_8255/ide/plugins/com.nxp.mcuxpresso.tools.win32_11.6.1.202207200623/tools/bin/../lib/gcc/arm-none-eabi/10.3.1/../../../../arm-none-eabi/lib/thumb/v7e-m+dp/hard\libcr_c.a
LOAD c:/nxp/mcuxpressoide_11.6.1_8255/ide/plugins/com.nxp.mcuxpresso.tools.win32_11.6.1.202207200623/tools/bin/../lib/gcc/arm-none-eabi/10.3.1/thumb/v7e-m+dp/hard\libcr_eabihelpers.a
LOAD c:/nxp/mcuxpressoide_11.6.1_8255/ide/plugins/com.nxp.mcuxpresso.tools.win32_11.6.1.202207200623/tools/bin/../lib/gcc/arm-none-eabi/10.3.1/thumb/v7e-m+dp/hard\libgcc.a
END GROUP
                0x60000000                __base_BOARD_FLASH = 0x60000000
                0x60000000                __base_Flash = 0x60000000
                0x64000000                __top_BOARD_FLASH = 0x64000000
                0x64000000                __top_Flash = 0x64000000
                0x20000000                __base_SRAM_DTC = 0x20000000
                0x20000000                __base_RAM = 0x20000000
                0x20020000                __top_SRAM_DTC = 0x20020000
                0x20020000                __top_RAM = 0x20020000
                0x00000000                __base_SRAM_ITC = 0x0
                0x00000000                __base_RAM2 = 0x0
                0x00020000                __top_SRAM_ITC = 0x20000
                0x00020000                __top_RAM2 = 0x20000
                0x20200000                __base_SRAM_OC = 0x20200000
                0x20200000                __base_RAM3 = 0x20200000
                0x20240000                __top_SRAM_OC = 0x20240000
                0x20240000                __top_RAM3 = 0x20240000
                0x80000000                __base_BOARD_SDRAM = 0x80000000
                0x80000000                __base_RAM4 = 0x80000000
                0x81e00000                __top_BOARD_SDRAM = 0x81e00000
                0x81e00000                __top_RAM4 = 0x81e00000
                0x81e00000                __base_NCACHE_REGION = 0x81e00000
                0x81e00000                __base_RAM5 = 0x81e00000
                0x82000000                __top_NCACHE_REGION = 0x82000000
                0x82000000                __top_RAM5 = 0x82000000

.boot_hdr       0x60000000     0x2000
 FILL mask 0xff
                0x60000000                __boot_hdr_start__ = ABSOLUTE (.)
 *(SORT_BY_ALIGNMENT(.boot_hdr.conf))
 .boot_hdr.conf
                0x60000000      0x200 ./xip/evkbimxrt1050_flexspi_nor_config.o
                0x60000000                hyperflash_config
                0x00001000                . = 0x1000
 *fill*         0x60000200      0xe00 ff
 *(SORT_BY_ALIGNMENT(.boot_hdr.ivt))
 .boot_hdr.ivt  0x60001000       0x20 ./xip/fsl_flexspi_nor_boot.o
                0x60001000                image_vector_table
                0x00001020                . = 0x1020
 *(SORT_BY_ALIGNMENT(.boot_hdr.boot_data))
 .boot_hdr.boot_data
                0x60001020       0x10 ./xip/fsl_flexspi_nor_boot.o
                0x60001020                g_boot_data
                0x00001030                . = 0x1030
 *(SORT_BY_ALIGNMENT(.boot_hdr.dcd_data))
                0x60001030                __boot_hdr_end__ = ABSOLUTE (.)
                0x00002000                . = 0x2000
 *fill*         0x60001030      0xfd0 ff

.text           0x60002000     0xf808
 FILL mask 0xff
                0x60002000                __vectors_start__ = ABSOLUTE (.)
 *(SORT_BY_ALIGNMENT(.isr_vector))
 .isr_vector    0x60002000      0x2a0 ./startup/startup_mimxrt1052.o
                0x60002000                g_pfnVectors
                0x60002000                __Vectors
                0x600022a0                . = ALIGN (0x4)
                0x600022a0                __section_table_start = .
                0x600022a0                __data_section_table = .
                0x600022a0        0x4 LONG 0x60011808 LOADADDR (.data)
                0x600022a4        0x4 LONG 0x20000000 ADDR (.data)
                0x600022a8        0x4 LONG 0x14 SIZEOF (.data)
                0x600022ac        0x4 LONG 0x60011808 LOADADDR (.data_RAM2)
                0x600022b0        0x4 LONG 0x0 ADDR (.data_RAM2)
                0x600022b4        0x4 LONG 0x0 SIZEOF (.data_RAM2)
                0x600022b8        0x4 LONG 0x60011808 LOADADDR (.data_RAM3)
                0x600022bc        0x4 LONG 0x20200000 ADDR (.data_RAM3)
                0x600022c0        0x4 LONG 0x0 SIZEOF (.data_RAM3)
                0x600022c4        0x4 LONG 0x60011808 LOADADDR (.data_RAM4)
                0x600022c8        0x4 LONG 0x80000000 ADDR (.data_RAM4)
                0x600022cc        0x4 LONG 0x0 SIZEOF (.data_RAM4)
                0x600022d0        0x4 LONG 0x60011808 LOADADDR (.data_RAM5)
                0x600022d4        0x4 LONG 0x81e00000 ADDR (.data_RAM5)
                0x600022d8        0x4 LONG 0x0 SIZEOF (.data_RAM5)
                0x600022dc                __data_section_table_end = .
                0x600022dc                __bss_section_table = .
                0x600022dc        0x4 LONG 0x20001000 ADDR (.bss)
                0x600022e0        0x4 LONG 0x3ecc SIZEOF (.bss)
                0x600022e4        0x4 LONG 0x0 ADDR (.bss_RAM2)
                0x600022e8        0x4 LONG 0x0 SIZEOF (.bss_RAM2)
                0x600022ec        0x4 LONG 0x20200000 ADDR (.bss_RAM3)
                0x600022f0        0x4 LONG 0x0 SIZEOF (.bss_RAM3)
                0x600022f4        0x4 LONG 0x80000000 ADDR (.bss_RAM4)
                0x600022f8        0x4 LONG 0x0 SIZEOF (.bss_RAM4)
                0x600022fc        0x4 LONG 0x81e00000 ADDR (.bss_RAM5)
                0x60002300        0x4 LONG 0x0 SIZEOF (.bss_RAM5)
                0x60002304                __bss_section_table_end = .
                0x60002304                __section_table_end = .
 *(SORT_BY_ALIGNMENT(.after_vectors*))
 .after_vectors.reset
                0x60002304       0x54 ./startup/startup_mimxrt1052.o
                0x60002304                ResetISR
 .after_vectors.init_data
                0x60002358       0x1e ./startup/startup_mimxrt1052.o
                0x60002358                data_init
 .after_vectors.init_bss
                0x60002376       0x12 ./startup/startup_mimxrt1052.o
                0x60002376                bss_init
 .after_vectors
                0x60002388       0x14 ./startup/startup_mimxrt1052.o
                0x60002388                NMI_Handler
                0x6000238c                MemManage_Handler
                0x6000238e                BusFault_Handler
                0x60002390                UsageFault_Handler
                0x60002392                SVC_Handler
                0x60002394                DebugMon_Handler
                0x60002396                PendSV_Handler
                0x60002398                SysTick_Handler
                0x6000239a                PIT_DriverIRQHandler
                0x6000239a                PMU_EVENT_DriverIRQHandler
                0x6000239a                PWM4_FAULT_DriverIRQHandler
                0x6000239a                DMA13_DMA29_DriverIRQHandler
                0x6000239a                SAI3_RX_DriverIRQHandler
                0x6000239a                LPSPI4_DriverIRQHandler
                0x6000239a                SEMC_DriverIRQHandler
                0x6000239a                SPDIF_DriverIRQHandler
                0x6000239a                CCM_2_DriverIRQHandler
                0x6000239a                PWM4_3_DriverIRQHandler
                0x6000239a                FLEXRAM_DriverIRQHandler
                0x6000239a                LCDIF_DriverIRQHandler
                0x6000239a                USB_PHY1_DriverIRQHandler
                0x6000239a                GPIO3_Combined_0_15_DriverIRQHandler
                0x6000239a                DMA7_DMA23_DriverIRQHandler
                0x6000239a                BEE_DriverIRQHandler
                0x6000239a                LPI2C3_DriverIRQHandler
                0x6000239a                GPR_IRQ_DriverIRQHandler
                0x6000239a                PWM2_FAULT_DriverIRQHandler
                0x6000239a                PWM3_1_DriverIRQHandler
                0x6000239a                DMA14_DMA30_DriverIRQHandler
                0x6000239a                TMR1_DriverIRQHandler
                0x6000239a                TRNG_DriverIRQHandler
                0x6000239a                PWM3_2_DriverIRQHandler
                0x6000239a                ENET_1588_Timer_DriverIRQHandler
                0x6000239a                FLEXIO2_DriverIRQHandler
                0x6000239a                GPIO2_Combined_16_31_DriverIRQHandler
                0x6000239a                Reserved143_DriverIRQHandler
                0x6000239a                LPSPI2_DriverIRQHandler
                0x6000239a                PWM4_1_DriverIRQHandler
                0x6000239a                PWM3_3_DriverIRQHandler
                0x6000239a                DMA0_DMA16_DriverIRQHandler
                0x6000239a                IntDefaultHandler
                0x6000239a                DMA2_DMA18_DriverIRQHandler
                0x6000239a                SRC_DriverIRQHandler
                0x6000239a                GPIO1_INT4_DriverIRQHandler
                0x6000239a                Reserved144_DriverIRQHandler
                0x6000239a                USDHC1_DriverIRQHandler
                0x6000239a                ENC3_DriverIRQHandler
                0x6000239a                PWM3_FAULT_DriverIRQHandler
                0x6000239a                EWM_DriverIRQHandler
                0x6000239a                TSC_DIG_DriverIRQHandler
                0x6000239a                KPP_DriverIRQHandler
                0x6000239a                FLEXIO1_DriverIRQHandler
                0x6000239a                ENET_DriverIRQHandler
                0x6000239a                Reserved78_DriverIRQHandler
                0x6000239a                TMR4_DriverIRQHandler
                0x6000239a                ENC2_DriverIRQHandler
                0x6000239a                ADC_ETC_IRQ2_DriverIRQHandler
                0x6000239a                GPIO1_Combined_16_31_DriverIRQHandler
                0x6000239a                GPIO1_INT7_DriverIRQHandler
                0x6000239a                SAI1_DriverIRQHandler
                0x6000239a                DCDC_DriverIRQHandler
                0x6000239a                DMA12_DMA28_DriverIRQHandler
                0x6000239a                PWM4_0_DriverIRQHandler
                0x6000239a                ADC_ETC_ERROR_IRQ_DriverIRQHandler
                0x6000239a                ACMP2_DriverIRQHandler
                0x6000239a                GPIO5_Combined_0_15_DriverIRQHandler
                0x6000239a                GPIO1_INT0_DriverIRQHandler
                0x6000239a                GPIO1_INT2_DriverIRQHandler
                0x6000239a                RTWDOG_DriverIRQHandler
                0x6000239a                FLEXSPI_DriverIRQHandler
                0x6000239a                GPT2_DriverIRQHandler
                0x6000239a                USB_PHY2_DriverIRQHandler
                0x6000239a                DMA10_DMA26_DriverIRQHandler
                0x6000239a                PWM2_1_DriverIRQHandler
                0x6000239a                PWM1_1_DriverIRQHandler
                0x6000239a                PXP_DriverIRQHandler
                0x6000239a                ADC1_DriverIRQHandler
                0x6000239a                PWM1_0_DriverIRQHandler
                0x6000239a                SJC_DriverIRQHandler
                0x6000239a                DMA1_DMA17_DriverIRQHandler
                0x6000239a                ENC1_DriverIRQHandler
                0x6000239a                ENC4_DriverIRQHandler
                0x6000239a                CAN2_DriverIRQHandler
                0x6000239a                DCP_DriverIRQHandler
                0x6000239a                CTI0_ERROR_DriverIRQHandler
                0x6000239a                DMA8_DMA24_DriverIRQHandler
                0x6000239a                GPT1_DriverIRQHandler
                0x6000239a                ACMP3_DriverIRQHandler
                0x6000239a                DMA6_DMA22_DriverIRQHandler
                0x6000239a                CSU_DriverIRQHandler
                0x6000239a                GPIO1_INT5_DriverIRQHandler
                0x6000239a                TMR3_DriverIRQHandler
                0x6000239a                TMR2_DriverIRQHandler
                0x6000239a                CTI1_ERROR_DriverIRQHandler
                0x6000239a                GPIO1_Combined_0_15_DriverIRQHandler
                0x6000239a                USDHC2_DriverIRQHandler
                0x6000239a                PWM4_2_DriverIRQHandler
                0x6000239a                Reserved87_DriverIRQHandler
                0x6000239a                SAI2_DriverIRQHandler
                0x6000239a                CORE_DriverIRQHandler
                0x6000239a                WDOG1_DriverIRQHandler
                0x6000239a                DMA11_DMA27_DriverIRQHandler
                0x6000239a                CSI_DriverIRQHandler
                0x6000239a                PWM2_3_DriverIRQHandler
                0x6000239a                XBAR1_IRQ_2_3_DriverIRQHandler
                0x6000239a                SNVS_HP_WRAPPER_TZ_DriverIRQHandler
                0x6000239a                GPIO3_Combined_16_31_DriverIRQHandler
                0x6000239a                PWM1_FAULT_DriverIRQHandler
                0x6000239a                LPI2C1_DriverIRQHandler
                0x6000239a                PWM2_2_DriverIRQHandler
                0x6000239a                DMA4_DMA20_DriverIRQHandler
                0x6000239a                DMA9_DMA25_DriverIRQHandler
                0x6000239a                SNVS_HP_WRAPPER_DriverIRQHandler
                0x6000239a                XBAR1_IRQ_0_1_DriverIRQHandler
                0x6000239a                ADC_ETC_IRQ1_DriverIRQHandler
                0x6000239a                LPSPI1_DriverIRQHandler
                0x6000239a                DMA3_DMA19_DriverIRQHandler
                0x6000239a                GPIO1_INT3_DriverIRQHandler
                0x6000239a                DCP_VMI_DriverIRQHandler
                0x6000239a                LPI2C4_DriverIRQHandler
                0x6000239a                GPC_DriverIRQHandler
                0x6000239a                Reserved123_DriverIRQHandler
                0x6000239a                GPIO2_Combined_0_15_DriverIRQHandler
                0x6000239a                PWM1_2_DriverIRQHandler
                0x6000239a                USB_OTG1_DriverIRQHandler
                0x6000239a                TEMP_LOW_HIGH_DriverIRQHandler
                0x6000239a                SAI3_TX_DriverIRQHandler
                0x6000239a                WDOG2_DriverIRQHandler
                0x6000239a                Reserved68_DriverIRQHandler
                0x6000239a                PWM3_0_DriverIRQHandler
                0x6000239a                GPIO4_Combined_0_15_DriverIRQHandler
                0x6000239a                GPIO4_Combined_16_31_DriverIRQHandler
                0x6000239a                GPIO5_Combined_16_31_DriverIRQHandler
                0x6000239a                DMA5_DMA21_DriverIRQHandler
                0x6000239a                CCM_1_DriverIRQHandler
                0x6000239a                ADC2_DriverIRQHandler
                0x6000239a                Reserved115_DriverIRQHandler
                0x6000239a                TEMP_PANIC_DriverIRQHandler
                0x6000239a                ACMP4_DriverIRQHandler
                0x6000239a                DMA15_DMA31_DriverIRQHandler
                0x6000239a                LPSPI3_DriverIRQHandler
                0x6000239a                PWM1_3_DriverIRQHandler
                0x6000239a                ACMP1_DriverIRQHandler
                0x6000239a                LPI2C2_DriverIRQHandler
                0x6000239a                Reserved86_DriverIRQHandler
                0x6000239a                DMA_ERROR_DriverIRQHandler
                0x6000239a                ADC_ETC_IRQ0_DriverIRQHandler
                0x6000239a                CAN1_DriverIRQHandler
                0x6000239a                GPIO1_INT6_DriverIRQHandler
                0x6000239a                GPIO1_INT1_DriverIRQHandler
                0x6000239a                PWM2_0_DriverIRQHandler
                0x6000239a                SNVS_LP_WRAPPER_DriverIRQHandler
                0x6000239a                USB_OTG2_DriverIRQHandler
 *(SORT_BY_ALIGNMENT(.text*))
 .text.__assertion_failed
                0x6000239c       0x18 ./utilities/fsl_assert.o
                0x6000239c                __assertion_failed
 .text.DbgConsole_Init
                0x600023b4       0x74 ./utilities/fsl_debug_console.o
                0x600023b4                DbgConsole_Init
 .text.DbgConsole_Vprintf
                0x60002428       0x3c ./utilities/fsl_debug_console.o
                0x60002428                DbgConsole_Vprintf
 .text.DbgConsole_Putchar
                0x60002464       0x30 ./utilities/fsl_debug_console.o
                0x60002464                DbgConsole_Putchar
 .text.DbgConsole_PrintfFormattedData
                0x60002494      0x3e0 ./utilities/fsl_debug_console.o
 .text.USB_EhciPhyGetBase
                0x60002874       0xdc ./usb/phy/usb_phy.o
                0x60002874                USB_EhciPhyGetBase
 .text.USB_EhciPhyInit
                0x60002950       0xc8 ./usb/phy/usb_phy.o
                0x60002950                USB_EhciPhyInit
 .text.USB_HostHubClassRequestCommon
                0x60002a18       0xcc ./usb/host/class/usb_host_hub.o
 .text.USB_HostHubInterruptRecv
                0x60002ae4       0x94 ./usb/host/class/usb_host_hub.o
                0x60002ae4                USB_HostHubInterruptRecv
 .text.USB_HostHubGetHubList
                0x60002b78       0xe4 ./usb/host/class/usb_host_hub_app.o
 .text.USB_HostHubGetInterruptStatus
                0x60002c5c       0x5c ./usb/host/class/usb_host_hub_app.o
 .text.USB_HostHubProcess
                0x60002cb8      0x2e0 ./usb/host/class/usb_host_hub_app.o
 .text.USB_HostHubProcessPortAttach
                0x60002f98      0x458 ./usb/host/class/usb_host_hub_app.o
 .text.USB_HostHubProcessPortDetach
                0x600033f0      0x264 ./usb/host/class/usb_host_hub_app.o
 .text.USB_HostHubProcessData
                0x60003654      0x110 ./usb/host/class/usb_host_hub_app.o
 .text.USB_HostHubDeviceEvent
                0x60003764      0x360 ./usb/host/class/usb_host_hub_app.o
                0x60003764                USB_HostHubDeviceEvent
 .text.USB_HostMsdMassResetClearInCallback
                0x60003ac4       0x5c ./usb/host/class/usb_host_msd.o
 .text.USB_HostMsdMassResetCallback
                0x60003b20       0x60 ./usb/host/class/usb_host_msd.o
 .text.USB_HostMsdCswCallback
                0x60003b80      0x1ac ./usb/host/class/usb_host_msd.o
 .text.USB_HostMsdCbwCallback
                0x60003d2c      0x180 ./usb/host/class/usb_host_msd.o
 .text.USB_HostMsdDataCallback
                0x60003eac       0xf4 ./usb/host/class/usb_host_msd.o
 .text.USB_HostMsdProcessCommand
                0x60003fa0      0x188 ./usb/host/class/usb_host_msd.o
 .text.USB_HostMsdInit
                0x60004128       0x98 ./usb/host/class/usb_host_msd.o
                0x60004128                USB_HostMsdInit
 .text.USB_HostMsdSetInterface
                0x600041c0      0x148 ./usb/host/class/usb_host_msd.o
                0x600041c0                USB_HostMsdSetInterface
 .text.USB_HostMsdMassStorageReset
                0x60004308       0x3c ./usb/host/class/usb_host_msd.o
                0x60004308                USB_HostMsdMassStorageReset
 .text.USB_HostEnumerationTransferCallback
                0x60004344      0x194 ./usb/host/usb_host_devices.o
 .text.USB_HostProcessState
                0x600044d8      0x1f8 ./usb/host/usb_host_devices.o
 .text.USB_HostProcessCallback
                0x600046d0      0x208 ./usb/host/usb_host_devices.o
 .text.USB_HostOpenDeviceInterface
                0x600048d8       0xf4 ./usb/host/usb_host_devices.o
                0x600048d8                USB_HostOpenDeviceInterface
 .text.USB_HostCloseDeviceInterface
                0x600049cc      0x160 ./usb/host/usb_host_devices.o
                0x600049cc                USB_HostCloseDeviceInterface
 .text.USB_HostBandwidthComputeTime
                0x60004b2c      0x128 ./usb/host/usb_host_ehci.o
 .text.USB_HostBandwidthHsHostComputeCurrentFsls
                0x60004c54      0x1e8 ./usb/host/usb_host_ehci.o
 .text.USB_HostBandwidthHsHostAllocateHsCommon
                0x60004e3c       0xec ./usb/host/usb_host_ehci.o
 .text.USB_HostBandwidthHsHostAllocateInterrupt
                0x60004f28      0x400 ./usb/host/usb_host_ehci.o
 .text.USB_HostBandwidthFslsHostAllocate
                0x60005328      0x114 ./usb/host/usb_host_ehci.o
 .text.USB_HostEhciQhQtdListInit
                0x6000543c      0x3a8 ./usb/host/usb_host_ehci.o
 .text.USB_HostEhciStartIP
                0x600057e4       0xb8 ./usb/host/usb_host_ehci.o
 .text.USB_HostEhciControlBus
                0x6000589c       0xd4 ./usb/host/usb_host_ehci.o
 .text.USB_HostEhciCreate
                0x60005970      0x314 ./usb/host/usb_host_ehci.o
                0x60005970                USB_HostEhciCreate
 .text.USB_HostEhciDestory
                0x60005c84       0x74 ./usb/host/usb_host_ehci.o
                0x60005c84                USB_HostEhciDestory
 .text.USB_HostEhciIoctl
                0x60005cf8      0x148 ./usb/host/usb_host_ehci.o
                0x60005cf8                USB_HostEhciIoctl
 .text.USB_HostEhciIsrFunction
                0x60005e40       0xc8 ./usb/host/usb_host_ehci.o
                0x60005e40                USB_HostEhciIsrFunction
 .text.USB_HostGetInstance
                0x60005f08       0xf8 ./usb/host/usb_host_hci.o
 .text.USB_HostGetControllerInterface
                0x60006000       0x30 ./usb/host/usb_host_hci.o
 .text.USB_HostHelperGetPeripheralInformation
                0x60006030      0x188 ./usb/host/usb_host_hci.o
                0x60006030                USB_HostHelperGetPeripheralInformation
 .text.__NVIC_EnableIRQ
                0x600061b8       0x3c ./source/flexspi_romapi.o
 .text.__NVIC_SetPriority
                0x600061f4       0x54 ./source/flexspi_romapi.o
 .text.CLOCK_ControlGate
                0x60006248       0x60 ./source/flexspi_romapi.o
 .text.USB_OTG1_IRQHandler
                0x600062a8       0x18 ./source/flexspi_romapi.o
                0x600062a8                USB_OTG1_IRQHandler
 .text.USB_OTG2_IRQHandler
                0x600062c0       0x18 ./source/flexspi_romapi.o
                0x600062c0                USB_OTG2_IRQHandler
 .text.USB_HostClockInit
                0x600062d8       0x48 ./source/flexspi_romapi.o
                0x600062d8                USB_HostClockInit
 .text.USB_HostEvent
                0x60006320       0x88 ./source/flexspi_romapi.o
 .text.USB_HostApplicationInit
                0x600063a8       0x4c ./source/flexspi_romapi.o
 .text.FLEXSPI_NorFlash_GetConfig
                0x600063f4      0x328 ./source/flexspi_romapi.o
                0x600063f4                FLEXSPI_NorFlash_GetConfig
 .text.error_trap
                0x6000671c       0x10 ./source/flexspi_romapi.o
                0x6000671c                error_trap
 .text.app_finalize
                0x6000672c       0x40 ./source/flexspi_romapi.o
                0x6000672c                app_finalize
 .text.get_cache_status
                0x6000676c       0x50 ./source/flexspi_romapi.o
                0x6000676c                get_cache_status
 .text.flexspi_nor_handle_cache
                0x600067bc      0x1d8 ./source/flexspi_romapi.o
                0x600067bc                flexspi_nor_handle_cache
 .text.HyperFlash
                0x60006994      0x170 ./source/flexspi_romapi.o
                0x60006994                HyperFlash
 .text.ReadFromPendrive
                0x60006b04      0x3d8 ./source/flexspi_romapi.o
                0x60006b04                ReadFromPendrive
 .text.AsciiToDecimal
                0x60006edc      0x1c8 ./source/flexspi_romapi.o
                0x60006edc                AsciiToDecimal
 .text.decimalToBCD
                0x600070a4       0x50 ./source/flexspi_romapi.o
                0x600070a4                decimalToBCD
 .text.jump_to_hyperflash_location
                0x600070f4       0xec ./source/flexspi_romapi.o
                0x600070f4                jump_to_hyperflash_location
 .text.USB_HostMsdControlCallback
                0x600071e0       0x48 ./source/host_msd_fatfs.o
                0x600071e0                USB_HostMsdControlCallback
 .text.USB_HostMsdTask
                0x60007228      0x11c ./source/host_msd_fatfs.o
                0x60007228                USB_HostMsdTask
 .text.USB_HostMsdEvent
                0x60007344      0x1a0 ./source/host_msd_fatfs.o
                0x60007344                USB_HostMsdEvent
 .text.USB_HostMsdUfiCallback
                0x600074e4       0x30 ./fatfs/source/fsl_usb_disk/fsl_usb_disk_bm.o
 .text.USB_HostMsdInitializeDisk
                0x60007514      0x140 ./fatfs/source/fsl_usb_disk/fsl_usb_disk_bm.o
                0x60007514                USB_HostMsdInitializeDisk
 .text.USB_HostMsdReadDisk
                0x60007654       0xe0 ./fatfs/source/fsl_usb_disk/fsl_usb_disk_bm.o
                0x60007654                USB_HostMsdReadDisk
 .text.USB_HostMsdWriteDisk
                0x60007734       0xe0 ./fatfs/source/fsl_usb_disk/fsl_usb_disk_bm.o
                0x60007734                USB_HostMsdWriteDisk
 .text.USB_HostMsdIoctlDisk
                0x60007814      0x198 ./fatfs/source/fsl_usb_disk/fsl_usb_disk_bm.o
                0x60007814                USB_HostMsdIoctlDisk
 .text.sync_fs  0x600079ac       0xdc ./fatfs/source/ff.o
 .text.create_name
                0x60007a88      0x190 ./fatfs/source/ff.o
 .text.check_fs
                0x60007c18      0x148 ./fatfs/source/ff.o
 .text.mount_volume
                0x60007d60      0x3fc ./fatfs/source/ff.o
 .text.f_mount  0x6000815c       0x80 ./fatfs/source/ff.o
                0x6000815c                f_mount
 .text.f_open   0x600081dc      0x314 ./fatfs/source/ff.o
                0x600081dc                f_open
 .text.f_sync   0x600084f0      0x100 ./fatfs/source/ff.o
                0x600084f0                f_sync
 .text.L1CACHE_InvalidateDCacheByRange
                0x600085f0       0x68 ./drivers/fsl_cache.o
 .text.CLOCK_GetOscFreq
                0x60008658       0x30 ./drivers/fsl_clock.o
 .text.CLOCK_InitExternalClk
                0x60008688       0x6c ./drivers/fsl_clock.o
                0x60008688                CLOCK_InitExternalClk
 .text.CLOCK_SwitchOsc
                0x600086f4       0x34 ./drivers/fsl_clock.o
                0x600086f4                CLOCK_SwitchOsc
 .text.CLOCK_InitRcOsc24M
                0x60008728       0x24 ./drivers/fsl_clock.o
                0x60008728                CLOCK_InitRcOsc24M
 .text.CLOCK_EnableUsbhs0Clock
                0x6000874c       0x7c ./drivers/fsl_clock.o
                0x6000874c                CLOCK_EnableUsbhs0Clock
 .text.CLOCK_EnableUsbhs0PhyPllClock
                0x600087c8       0x6c ./drivers/fsl_clock.o
                0x600087c8                CLOCK_EnableUsbhs0PhyPllClock
 .text.CLOCK_InitArmPll
                0x60008834       0x68 ./drivers/fsl_clock.o
                0x60008834                CLOCK_InitArmPll
 .text.CLOCK_InitSysPll
                0x6000889c       0x9c ./drivers/fsl_clock.o
                0x6000889c                CLOCK_InitSysPll
 .text.CLOCK_InitUsb1Pll
                0x60008938       0x68 ./drivers/fsl_clock.o
                0x60008938                CLOCK_InitUsb1Pll
 .text.CLOCK_DeinitUsb2Pll
                0x600089a0       0x18 ./drivers/fsl_clock.o
                0x600089a0                CLOCK_DeinitUsb2Pll
 .text.CLOCK_DeinitAudioPll
                0x600089b8       0x1c ./drivers/fsl_clock.o
                0x600089b8                CLOCK_DeinitAudioPll
 .text.CLOCK_DeinitEnetPll
                0x600089d4       0x1c ./drivers/fsl_clock.o
                0x600089d4                CLOCK_DeinitEnetPll
 .text.CLOCK_GetPllFreq
                0x600089f0      0x3a8 ./drivers/fsl_clock.o
                0x600089f0                CLOCK_GetPllFreq
 .text.CLOCK_InitSysPfd
                0x60008d98       0x64 ./drivers/fsl_clock.o
                0x60008d98                CLOCK_InitSysPfd
 .text.CLOCK_ControlGate
                0x60008dfc       0x60 ./drivers/fsl_lpuart.o
 .text.LPUART_GetInstance
                0x60008e5c       0x4c ./drivers/fsl_lpuart.o
                0x60008e5c                LPUART_GetInstance
 .text.LPUART_Init
                0x60008ea8      0x310 ./drivers/fsl_lpuart.o
                0x60008ea8                LPUART_Init
 .text.LPUART_GetDefaultConfig
                0x600091b8       0x88 ./drivers/fsl_lpuart.o
                0x600091b8                LPUART_GetDefaultConfig
 .text.LPUART_GetStatusFlags
                0x60009240       0x38 ./drivers/fsl_lpuart.o
                0x60009240                LPUART_GetStatusFlags
 .text.LPUART_ClearStatusFlags
                0x60009278       0x7c ./drivers/fsl_lpuart.o
                0x60009278                LPUART_ClearStatusFlags
 .text.LPUART_WriteBlocking
                0x600092f4       0x68 ./drivers/fsl_lpuart.o
                0x600092f4                LPUART_WriteBlocking
 .text.LPUART_ReadBlocking
                0x6000935c      0x160 ./drivers/fsl_lpuart.o
                0x6000935c                LPUART_ReadBlocking
 .text.LPUART1_DriverIRQHandler
                0x600094bc       0x28 ./drivers/fsl_lpuart.o
                0x600094bc                LPUART1_DriverIRQHandler
 .text.LPUART2_DriverIRQHandler
                0x600094e4       0x28 ./drivers/fsl_lpuart.o
                0x600094e4                LPUART2_DriverIRQHandler
 .text.LPUART3_DriverIRQHandler
                0x6000950c       0x28 ./drivers/fsl_lpuart.o
                0x6000950c                LPUART3_DriverIRQHandler
 .text.LPUART4_DriverIRQHandler
                0x60009534       0x28 ./drivers/fsl_lpuart.o
                0x60009534                LPUART4_DriverIRQHandler
 .text.LPUART5_DriverIRQHandler
                0x6000955c       0x28 ./drivers/fsl_lpuart.o
                0x6000955c                LPUART5_DriverIRQHandler
 .text.LPUART6_DriverIRQHandler
                0x60009584       0x28 ./drivers/fsl_lpuart.o
                0x60009584                LPUART6_DriverIRQHandler
 .text.LPUART7_DriverIRQHandler
                0x600095ac       0x28 ./drivers/fsl_lpuart.o
                0x600095ac                LPUART7_DriverIRQHandler
 .text.LPUART8_DriverIRQHandler
                0x600095d4       0x28 ./drivers/fsl_lpuart.o
                0x600095d4                LPUART8_DriverIRQHandler
 .text.ROM_FLEXSPI_NorFlash_Init
                0x600095fc       0x28 ./drivers/fsl_romapi.o
                0x600095fc                ROM_FLEXSPI_NorFlash_Init
 .text.ROM_FLEXSPI_NorFlash_ProgramPage
                0x60009624       0x30 ./drivers/fsl_romapi.o
                0x60009624                ROM_FLEXSPI_NorFlash_ProgramPage
 .text.ROM_FLEXSPI_NorFlash_Erase
                0x60009654       0x30 ./drivers/fsl_romapi.o
                0x60009654                ROM_FLEXSPI_NorFlash_Erase
 .text.ROM_FLEXSPI_NorFlash_ClearCache
                0x60009684       0x20 ./drivers/fsl_romapi.o
                0x60009684                ROM_FLEXSPI_NorFlash_ClearCache
 .text.SystemInit
                0x600096a4      0x144 ./device/system_MIMXRT1052.o
                0x600096a4                SystemInit
 .text.HAL_UartInitCommon
                0x600097e8       0xac ./component/uart/fsl_adapter_lpuart.o
 .text.HAL_UartInit
                0x60009894       0x84 ./component/uart/fsl_adapter_lpuart.o
                0x60009894                HAL_UartInit
 .text.HAL_UartReceiveBlocking
                0x60009918       0x6c ./component/uart/fsl_adapter_lpuart.o
                0x60009918                HAL_UartReceiveBlocking
 .text.HAL_UartSendBlocking
                0x60009984       0x64 ./component/uart/fsl_adapter_lpuart.o
                0x60009984                HAL_UartSendBlocking
 .text.OSA_MutexCreate
                0x600099e8       0x34 ./component/osa/fsl_os_abstraction_bm.o
                0x600099e8                OSA_MutexCreate
 .text.OSA_MutexUnlock
                0x60009a1c       0x40 ./component/osa/fsl_os_abstraction_bm.o
                0x60009a1c                OSA_MutexUnlock
 .text.OSA_MutexDestroy
                0x60009a5c       0x30 ./component/osa/fsl_os_abstraction_bm.o
                0x60009a5c                OSA_MutexDestroy
 .text.OSA_EventCreate
                0x60009a8c       0x48 ./component/osa/fsl_os_abstraction_bm.o
                0x60009a8c                OSA_EventCreate
 .text.OSA_EventDestroy
                0x60009ad4       0x30 ./component/osa/fsl_os_abstraction_bm.o
                0x60009ad4                OSA_EventDestroy
 .text.ARM_MPU_Enable
                0x60009b04       0x44 ./board/board.o
 .text.ARM_MPU_Disable
                0x60009b48       0x40 ./board/board.o
 .text.CLOCK_GetMux
                0x60009b88       0x44 ./board/board.o
 .text.CLOCK_GetDiv
                0x60009bcc       0x44 ./board/board.o
 .text.CLOCK_GetOscFreq
                0x60009c10       0x30 ./board/board.o
 .text.BOARD_DebugConsoleSrcFreq
                0x60009c40       0x64 ./board/board.o
                0x60009c40                BOARD_DebugConsoleSrcFreq
 .text.BOARD_ConfigMPU
                0x60009ca4      0x324 ./board/board.o
                0x60009ca4                BOARD_ConfigMPU
 .text.CLOCK_SetMux
                0x60009fc8       0x9c ./board/clock_config.o
 .text.CLOCK_SetDiv
                0x6000a064       0x9c ./board/clock_config.o
 .text.CLOCK_ControlGate
                0x6000a100       0x60 ./board/clock_config.o
 .text.CLOCK_SetXtalFreq
                0x6000a160       0x20 ./board/clock_config.o
 .text.CLOCK_SetRtcXtalFreq
                0x6000a180       0x20 ./board/clock_config.o
 .text.IOMUXC_EnableMode
                0x6000a1a0       0x48 ./board/clock_config.o
 .text.IOMUXC_MQSConfig
                0x6000a1e8       0x44 ./board/clock_config.o
 .text.BOARD_BootClockRUN
                0x6000a22c      0x674 ./board/clock_config.o
                0x6000a22c                BOARD_BootClockRUN
 .text.CLOCK_ControlGate
                0x6000a8a0       0x60 ./board/pin_mux.o
 .text.BOARD_InitPins
                0x6000a900      0x1f0 ./board/pin_mux.o
                0x6000a900                BOARD_InitPins
 .text.malloc   0x6000aaf0       0xc8 c:/nxp/mcuxpressoide_11.6.1_8255/ide/plugins/com.nxp.mcuxpresso.tools.win32_11.6.1.202207200623/tools/bin/../lib/gcc/arm-none-eabi/10.3.1/../../../../arm-none-eabi/lib/thumb/v7e-m+dp/hard\libcr_c.a(alloc.o)
                0x6000aaf0                malloc
 .text._initio  0x6000abb8       0x78 c:/nxp/mcuxpressoide_11.6.1_8255/ide/plugins/com.nxp.mcuxpresso.tools.win32_11.6.1.202207200623/tools/bin/../lib/gcc/arm-none-eabi/10.3.1/../../../../arm-none-eabi/lib/thumb/v7e-m+dp/hard\libcr_c.a(initio.o)
                0x6000abb8                _initio
 .text._sbrk    0x6000ac30       0x3c c:/nxp/mcuxpressoide_11.6.1_8255/ide/plugins/com.nxp.mcuxpresso.tools.win32_11.6.1.202207200623/tools/bin/../lib/gcc/arm-none-eabi/10.3.1/../../../../arm-none-eabi/lib/thumb/v7e-m+dp/hard\libcr_c.a(_cr_sbrk.o)
                0x6000ac30                _sbrk
 .text._Cwritebuf
                0x6000ac6c       0x6c c:/nxp/mcuxpressoide_11.6.1_8255/ide/plugins/com.nxp.mcuxpresso.tools.win32_11.6.1.202207200623/tools/bin/../lib/gcc/arm-none-eabi/10.3.1/../../../../arm-none-eabi/lib/thumb/v7e-m+dp/hard\libcr_c.a(_writebuf.o)
                0x6000ac6c                _Cwritebuf
 .text.fflush   0x6000acd8       0x3c c:/nxp/mcuxpressoide_11.6.1_8255/ide/plugins/com.nxp.mcuxpresso.tools.win32_11.6.1.202207200623/tools/bin/../lib/gcc/arm-none-eabi/10.3.1/../../../../arm-none-eabi/lib/thumb/v7e-m+dp/hard\libcr_c.a(fflush.o)
                0x6000acd8                fflush
 .text.fseek    0x6000ad14       0xfc c:/nxp/mcuxpressoide_11.6.1_8255/ide/plugins/com.nxp.mcuxpresso.tools.win32_11.6.1.202207200623/tools/bin/../lib/gcc/arm-none-eabi/10.3.1/../../../../arm-none-eabi/lib/thumb/v7e-m+dp/hard\libcr_c.a(fseek.o)
                0x6000ad14                fseek
 .text.ftell    0x6000ae10       0x44 c:/nxp/mcuxpressoide_11.6.1_8255/ide/plugins/com.nxp.mcuxpresso.tools.win32_11.6.1.202207200623/tools/bin/../lib/gcc/arm-none-eabi/10.3.1/../../../../arm-none-eabi/lib/thumb/v7e-m+dp/hard\libcr_c.a(ftell.o)
                0x6000ae10                ftell
 .text.__check_heap_overflow
                0x6000ae54       0x18 c:/nxp/mcuxpressoide_11.6.1_8255/ide/plugins/com.nxp.mcuxpresso.tools.win32_11.6.1.202207200623/tools/bin/../lib/gcc/arm-none-eabi/10.3.1/../../../../arm-none-eabi/lib/thumb/v7e-m+dp/hard\libcr_c.a(_cr_check_heap.o)
                0x6000ae54                __check_heap_overflow
 .text.DbgConsole_Printf
                0x6000ae6c       0x2c ./utilities/fsl_debug_console.o
                0x6000ae6c                DbgConsole_Printf
 .text.DbgConsole_PrintfPaddingCharacter
                0x6000ae98       0x40 ./utilities/fsl_debug_console.o
 .text.DbgConsole_ConvertRadixNumToString
                0x6000aed8       0xc2 ./utilities/fsl_debug_console.o
 .text.USB_EhcihostPhyDisconnectDetectCmd
                0x6000af9a       0x4a ./usb/phy/usb_phy.o
                0x6000af9a                USB_EhcihostPhyDisconnectDetectCmd
 .text.USB_HostHubControlCallback
                0x6000afe4       0x48 ./usb/host/class/usb_host_hub.o
 .text.USB_HostHubInPipeCallback
                0x6000b02c       0x42 ./usb/host/class/usb_host_hub.o
 .text.USB_HostHubInit
                0x6000b06e       0x84 ./usb/host/class/usb_host_hub.o
                0x6000b06e                USB_HostHubInit
 .text.USB_HostHubSetInterface
                0x6000b0f2      0x168 ./usb/host/class/usb_host_hub.o
                0x6000b0f2                USB_HostHubSetInterface
 .text.USB_HostHubDeinit
                0x6000b25a       0xa4 ./usb/host/class/usb_host_hub.o
                0x6000b25a                USB_HostHubDeinit
 .text.USB_HostHubGetDescriptor
                0x6000b2fe       0x3a ./usb/host/class/usb_host_hub.o
                0x6000b2fe                USB_HostHubGetDescriptor
 .text.USB_HostHubClearFeature
                0x6000b338       0x3e ./usb/host/class/usb_host_hub.o
                0x6000b338                USB_HostHubClearFeature
 .text.USB_HostHubGetStatus
                0x6000b376       0x3a ./usb/host/class/usb_host_hub.o
                0x6000b376                USB_HostHubGetStatus
 .text.USB_HostHubSetPortFeature
                0x6000b3b0       0x42 ./usb/host/class/usb_host_hub.o
                0x6000b3b0                USB_HostHubSetPortFeature
 .text.USB_HostHubClearPortFeature
                0x6000b3f2       0x42 ./usb/host/class/usb_host_hub.o
                0x6000b3f2                USB_HostHubClearPortFeature
 .text.USB_HostHubGetPortStatus
                0x6000b434       0x40 ./usb/host/class/usb_host_hub.o
                0x6000b434                USB_HostHubGetPortStatus
 .text.USB_HostHubProcessPort
                0x6000b474       0x3e ./usb/host/class/usb_host_hub_app.o
 .text.USB_HostHubControlCallback
                0x6000b4b2       0x92 ./usb/host/class/usb_host_hub_app.o
 .text.USB_HostHubInterruptInCallback
                0x6000b544       0x70 ./usb/host/class/usb_host_hub_app.o
                0x6000b544                USB_HostHubInterruptInCallback
 .text.USB_HostHubGetHsHubNumber
                0x6000b5b4       0x96 ./usb/host/class/usb_host_hub_app.o
                0x6000b5b4                USB_HostHubGetHsHubNumber
 .text.USB_HostHubGetHsHubPort
                0x6000b64a       0x9a ./usb/host/class/usb_host_hub_app.o
                0x6000b64a                USB_HostHubGetHsHubPort
 .text.USB_HostHubGetTotalThinkTime
                0x6000b6e4       0x68 ./usb/host/class/usb_host_hub_app.o
                0x6000b6e4                USB_HostHubGetTotalThinkTime
 .text.USB_HostMsdClearHaltCallback
                0x6000b74c       0x42 ./usb/host/class/usb_host_msd.o
 .text.USB_HostMsdClearHalt
                0x6000b78e       0xa6 ./usb/host/class/usb_host_msd.o
 .text.USB_HostMsdResetDone
                0x6000b834       0x60 ./usb/host/class/usb_host_msd.o
 .text.USB_HostMsdMassResetClearOutCallback
                0x6000b894       0x36 ./usb/host/class/usb_host_msd.o
 .text.USB_HostMsdCommandDone
                0x6000b8ca       0x38 ./usb/host/class/usb_host_msd.o
 .text.USB_HostMsdCommand
                0x6000b902       0xd2 ./usb/host/class/usb_host_msd.o
                0x6000b902                USB_HostMsdCommand
 .text.USB_HostMsdOpenInterface
                0x6000b9d4      0x194 ./usb/host/class/usb_host_msd.o
 .text.USB_HostMsdSetInterfaceCallback
                0x6000bb68       0x54 ./usb/host/class/usb_host_msd.o
 .text.USB_HostMsdDeinit
                0x6000bbbc       0xd8 ./usb/host/class/usb_host_msd.o
                0x6000bbbc                USB_HostMsdDeinit
 .text.USB_HostMsdControl
                0x6000bc94       0xc2 ./usb/host/class/usb_host_msd.o
 .text.USB_HostMsdRead10
                0x6000bd56       0x74 ./usb/host/class/usb_host_msd_ufi.o
                0x6000bd56                USB_HostMsdRead10
 .text.USB_HostMsdWrite10
                0x6000bdca       0x74 ./usb/host/class/usb_host_msd_ufi.o
                0x6000bdca                USB_HostMsdWrite10
 .text.USB_HostMsdReadCapacity
                0x6000be3e       0x60 ./usb/host/class/usb_host_msd_ufi.o
                0x6000be3e                USB_HostMsdReadCapacity
 .text.USB_HostMsdTestUnitReady
                0x6000be9e       0x48 ./usb/host/class/usb_host_msd_ufi.o
                0x6000be9e                USB_HostMsdTestUnitReady
 .text.USB_HostMsdRequestSense
                0x6000bee6       0x62 ./usb/host/class/usb_host_msd_ufi.o
                0x6000bee6                USB_HostMsdRequestSense
 .text.USB_HostNotifyDevice
                0x6000bf48       0xe6 ./usb/host/usb_host_devices.o
 .text.USB_HostAllocateDeviceAddress
                0x6000c02e       0xa6 ./usb/host/usb_host_devices.o
 .text.USB_HostReleaseDeviceAddress
                0x6000c0d4       0x60 ./usb/host/usb_host_devices.o
 .text.USB_HostRemoveDeviceInstance
                0x6000c134       0x76 ./usb/host/usb_host_devices.o
 .text.USB_HostReleaseDeviceResource
                0x6000c1aa       0xb6 ./usb/host/usb_host_devices.o
 .text.USB_HostParseDeviceConfigurationDescriptor
                0x6000c260      0x43c ./usb/host/usb_host_devices.o
 .text.USB_HostAttachDevice
                0x6000c69c      0x262 ./usb/host/usb_host_devices.o
                0x6000c69c                USB_HostAttachDevice
 .text.USB_HostDetachDevice
                0x6000c8fe       0x82 ./usb/host/usb_host_devices.o
                0x6000c8fe                USB_HostDetachDevice
 .text.USB_HostDetachDeviceInternal
                0x6000c980       0x80 ./usb/host/usb_host_devices.o
                0x6000c980                USB_HostDetachDeviceInternal
 .text.USB_HostValidateDevice
                0x6000ca00       0x4a ./usb/host/usb_host_devices.o
                0x6000ca00                USB_HostValidateDevice
 .text.USB_HostControlBus
                0x6000ca4a       0x3e ./usb/host/usb_host_devices.o
 .text.USB_HostBandwidthFslsHostComputeCurrent
                0x6000ca88       0x78 ./usb/host/usb_host_ehci.o
 .text.USB_HostBandwidthHsHostComputeCurrentHsAll
                0x6000cb00      0x1b2 ./usb/host/usb_host_ehci.o
 .text.USB_HostEhciGet2PowerValue
                0x6000ccb2       0x88 ./usb/host/usb_host_ehci.o
 .text.USB_HostEhciZeroMem
                0x6000cd3a       0x32 ./usb/host/usb_host_ehci.o
 .text.USB_HostEhciDelay
                0x6000cd6c       0x4a ./usb/host/usb_host_ehci.o
 .text.USB_HostEhciStartAsync
                0x6000cdb6       0x80 ./usb/host/usb_host_ehci.o
 .text.USB_HostEhciStopAsync
                0x6000ce36       0x66 ./usb/host/usb_host_ehci.o
 .text.USB_HostEhciStartPeriodic
                0x6000ce9c       0x92 ./usb/host/usb_host_ehci.o
 .text.USB_HostEhciStopPeriodic
                0x6000cf2e       0x66 ./usb/host/usb_host_ehci.o
 .text.USB_HostEhciQtdListRelease
                0x6000cf94       0xc4 ./usb/host/usb_host_ehci.o
 .text.USB_HostEhciQhQtdListDeinit
                0x6000d058      0x100 ./usb/host/usb_host_ehci.o
 .text.USB_HostEhciTransferQtdListDeinit
                0x6000d158      0x17e ./usb/host/usb_host_ehci.o
 .text.USB_HostEhciQhInit
                0x6000d2d6      0x1d4 ./usb/host/usb_host_ehci.o
 .text.USB_HostEhciQhDeinit
                0x6000d4aa       0x48 ./usb/host/usb_host_ehci.o
 .text.USB_HostEhciAddQhToFrame
                0x6000d4f2       0x9e ./usb/host/usb_host_ehci.o
 .text.USB_HostEhciRemoveFromFrame
                0x6000d590       0x62 ./usb/host/usb_host_ehci.o
 .text.USB_HostEhciOpenControlBulk
                0x6000d5f2       0x42 ./usb/host/usb_host_ehci.o
 .text.USB_HostEhciCloseControlBulk
                0x6000d634       0xcc ./usb/host/usb_host_ehci.o
 .text.USB_HostEhciOpenInterrupt
                0x6000d700       0x8c ./usb/host/usb_host_ehci.o
 .text.USB_HostEhciCloseInterrupt
                0x6000d78c       0x5e ./usb/host/usb_host_ehci.o
 .text.USB_HostEhciResetIP
                0x6000d7ea       0x4e ./usb/host/usb_host_ehci.o
 .text.USB_HostEhciCancelPipe
                0x6000d838       0x88 ./usb/host/usb_host_ehci.o
 .text.USB_HostEhciTransactionDone
                0x6000d8c0      0x2d0 ./usb/host/usb_host_ehci.o
                0x6000d8c0                USB_HostEhciTransactionDone
 .text.USB_HostEhciPortChange
                0x6000db90      0x1d0 ./usb/host/usb_host_ehci.o
 .text.USB_HostEhciTimer0
                0x6000dd60      0x1c2 ./usb/host/usb_host_ehci.o
 .text.USB_HostEhciOpenPipe
                0x6000df22      0x1ec ./usb/host/usb_host_ehci.o
                0x6000df22                USB_HostEhciOpenPipe
 .text.USB_HostEhciClosePipe
                0x6000e10e       0xd0 ./usb/host/usb_host_ehci.o
                0x6000e10e                USB_HostEhciClosePipe
 .text.USB_HostEhciWritePipe
                0x6000e1de       0x46 ./usb/host/usb_host_ehci.o
                0x6000e1de                USB_HostEhciWritePipe
 .text.USB_HostEhciReadpipe
                0x6000e224       0x20 ./usb/host/usb_host_ehci.o
                0x6000e224                USB_HostEhciReadpipe
 .text.USB_HostEhciTaskFunction
                0x6000e244       0xf2 ./usb/host/usb_host_ehci.o
                0x6000e244                USB_HostEhciTaskFunction
 .text.USB_HostCh9RequestCommon
                0x6000e336       0x56 ./usb/host/usb_host_framework.o
                0x6000e336                USB_HostCh9RequestCommon
 .text.USB_HostStandardSetAddress
                0x6000e38c       0x32 ./usb/host/usb_host_framework.o
                0x6000e38c                USB_HostStandardSetAddress
 .text.USB_HostStandardSetGetDescriptor
                0x6000e3be       0x4e ./usb/host/usb_host_framework.o
                0x6000e3be                USB_HostStandardSetGetDescriptor
 .text.USB_HostReleaseInstance
                0x6000e40c       0x2e ./usb/host/usb_host_hci.o
 .text.USB_HostInit
                0x6000e43a      0x168 ./usb/host/usb_host_hci.o
                0x6000e43a                USB_HostInit
 .text.USB_HostOpenPipe
                0x6000e5a2       0x44 ./usb/host/usb_host_hci.o
                0x6000e5a2                USB_HostOpenPipe
 .text.USB_HostClosePipe
                0x6000e5e6       0x42 ./usb/host/usb_host_hci.o
                0x6000e5e6                USB_HostClosePipe
 .text.USB_HostSend
                0x6000e628       0x6e ./usb/host/usb_host_hci.o
                0x6000e628                USB_HostSend
 .text.USB_HostSendSetup
                0x6000e696       0x92 ./usb/host/usb_host_hci.o
                0x6000e696                USB_HostSendSetup
 .text.USB_HostRecv
                0x6000e728       0x6e ./usb/host/usb_host_hci.o
                0x6000e728                USB_HostRecv
 .text.USB_HostCancelTransfer
                0x6000e796       0x4e ./usb/host/usb_host_hci.o
                0x6000e796                USB_HostCancelTransfer
 .text.USB_HostMallocTransfer
                0x6000e7e4       0x74 ./usb/host/usb_host_hci.o
                0x6000e7e4                USB_HostMallocTransfer
 .text.USB_HostFreeTransfer
                0x6000e858       0x54 ./usb/host/usb_host_hci.o
                0x6000e858                USB_HostFreeTransfer
 .text.DMA0_DMA16_IRQHandler
                0x6000e8ac        0x8 ./startup/startup_mimxrt1052.o
                0x6000e8ac                DMA0_DMA16_IRQHandler
 .text.DMA1_DMA17_IRQHandler
                0x6000e8b4        0x8 ./startup/startup_mimxrt1052.o
                0x6000e8b4                DMA1_DMA17_IRQHandler
 .text.DMA2_DMA18_IRQHandler
                0x6000e8bc        0x8 ./startup/startup_mimxrt1052.o
                0x6000e8bc                DMA2_DMA18_IRQHandler
 .text.DMA3_DMA19_IRQHandler
                0x6000e8c4        0x8 ./startup/startup_mimxrt1052.o
                0x6000e8c4                DMA3_DMA19_IRQHandler
 .text.DMA4_DMA20_IRQHandler
                0x6000e8cc        0x8 ./startup/startup_mimxrt1052.o
                0x6000e8cc                DMA4_DMA20_IRQHandler
 .text.DMA5_DMA21_IRQHandler
                0x6000e8d4        0x8 ./startup/startup_mimxrt1052.o
                0x6000e8d4                DMA5_DMA21_IRQHandler
 .text.DMA6_DMA22_IRQHandler
                0x6000e8dc        0x8 ./startup/startup_mimxrt1052.o
                0x6000e8dc                DMA6_DMA22_IRQHandler
 .text.DMA7_DMA23_IRQHandler
                0x6000e8e4        0x8 ./startup/startup_mimxrt1052.o
                0x6000e8e4                DMA7_DMA23_IRQHandler
 .text.DMA8_DMA24_IRQHandler
                0x6000e8ec        0x8 ./startup/startup_mimxrt1052.o
                0x6000e8ec                DMA8_DMA24_IRQHandler
 .text.DMA9_DMA25_IRQHandler
                0x6000e8f4        0x8 ./startup/startup_mimxrt1052.o
                0x6000e8f4                DMA9_DMA25_IRQHandler
 .text.DMA10_DMA26_IRQHandler
                0x6000e8fc        0x8 ./startup/startup_mimxrt1052.o
                0x6000e8fc                DMA10_DMA26_IRQHandler
 .text.DMA11_DMA27_IRQHandler
                0x6000e904        0x8 ./startup/startup_mimxrt1052.o
                0x6000e904                DMA11_DMA27_IRQHandler
 .text.DMA12_DMA28_IRQHandler
                0x6000e90c        0x8 ./startup/startup_mimxrt1052.o
                0x6000e90c                DMA12_DMA28_IRQHandler
 .text.DMA13_DMA29_IRQHandler
                0x6000e914        0x8 ./startup/startup_mimxrt1052.o
                0x6000e914                DMA13_DMA29_IRQHandler
 .text.DMA14_DMA30_IRQHandler
                0x6000e91c        0x8 ./startup/startup_mimxrt1052.o
                0x6000e91c                DMA14_DMA30_IRQHandler
 .text.DMA15_DMA31_IRQHandler
                0x6000e924        0x8 ./startup/startup_mimxrt1052.o
                0x6000e924                DMA15_DMA31_IRQHandler
 .text.DMA_ERROR_IRQHandler
                0x6000e92c        0x8 ./startup/startup_mimxrt1052.o
                0x6000e92c                DMA_ERROR_IRQHandler
 .text.CTI0_ERROR_IRQHandler
                0x6000e934        0x8 ./startup/startup_mimxrt1052.o
                0x6000e934                CTI0_ERROR_IRQHandler
 .text.CTI1_ERROR_IRQHandler
                0x6000e93c        0x8 ./startup/startup_mimxrt1052.o
                0x6000e93c                CTI1_ERROR_IRQHandler
 .text.CORE_IRQHandler
                0x6000e944        0x8 ./startup/startup_mimxrt1052.o
                0x6000e944                CORE_IRQHandler
 .text.LPUART1_IRQHandler
                0x6000e94c        0x8 ./startup/startup_mimxrt1052.o
                0x6000e94c                LPUART1_IRQHandler
 .text.LPUART2_IRQHandler
                0x6000e954        0x8 ./startup/startup_mimxrt1052.o
                0x6000e954                LPUART2_IRQHandler
 .text.LPUART3_IRQHandler
                0x6000e95c        0x8 ./startup/startup_mimxrt1052.o
                0x6000e95c                LPUART3_IRQHandler
 .text.LPUART4_IRQHandler
                0x6000e964        0x8 ./startup/startup_mimxrt1052.o
                0x6000e964                LPUART4_IRQHandler
 .text.LPUART5_IRQHandler
                0x6000e96c        0x8 ./startup/startup_mimxrt1052.o
                0x6000e96c                LPUART5_IRQHandler
 .text.LPUART6_IRQHandler
                0x6000e974        0x8 ./startup/startup_mimxrt1052.o
                0x6000e974                LPUART6_IRQHandler
 .text.LPUART7_IRQHandler
                0x6000e97c        0x8 ./startup/startup_mimxrt1052.o
                0x6000e97c                LPUART7_IRQHandler
 .text.LPUART8_IRQHandler
                0x6000e984        0x8 ./startup/startup_mimxrt1052.o
                0x6000e984                LPUART8_IRQHandler
 .text.LPI2C1_IRQHandler
                0x6000e98c        0x8 ./startup/startup_mimxrt1052.o
                0x6000e98c                LPI2C1_IRQHandler
 .text.LPI2C2_IRQHandler
                0x6000e994        0x8 ./startup/startup_mimxrt1052.o
                0x6000e994                LPI2C2_IRQHandler
 .text.LPI2C3_IRQHandler
                0x6000e99c        0x8 ./startup/startup_mimxrt1052.o
                0x6000e99c                LPI2C3_IRQHandler
 .text.LPI2C4_IRQHandler
                0x6000e9a4        0x8 ./startup/startup_mimxrt1052.o
                0x6000e9a4                LPI2C4_IRQHandler
 .text.LPSPI1_IRQHandler
                0x6000e9ac        0x8 ./startup/startup_mimxrt1052.o
                0x6000e9ac                LPSPI1_IRQHandler
 .text.LPSPI2_IRQHandler
                0x6000e9b4        0x8 ./startup/startup_mimxrt1052.o
                0x6000e9b4                LPSPI2_IRQHandler
 .text.LPSPI3_IRQHandler
                0x6000e9bc        0x8 ./startup/startup_mimxrt1052.o
                0x6000e9bc                LPSPI3_IRQHandler
 .text.LPSPI4_IRQHandler
                0x6000e9c4        0x8 ./startup/startup_mimxrt1052.o
                0x6000e9c4                LPSPI4_IRQHandler
 .text.CAN1_IRQHandler
                0x6000e9cc        0x8 ./startup/startup_mimxrt1052.o
                0x6000e9cc                CAN1_IRQHandler
 .text.CAN2_IRQHandler
                0x6000e9d4        0x8 ./startup/startup_mimxrt1052.o
                0x6000e9d4                CAN2_IRQHandler
 .text.FLEXRAM_IRQHandler
                0x6000e9dc        0x8 ./startup/startup_mimxrt1052.o
                0x6000e9dc                FLEXRAM_IRQHandler
 .text.KPP_IRQHandler
                0x6000e9e4        0x8 ./startup/startup_mimxrt1052.o
                0x6000e9e4                KPP_IRQHandler
 .text.TSC_DIG_IRQHandler
                0x6000e9ec        0x8 ./startup/startup_mimxrt1052.o
                0x6000e9ec                TSC_DIG_IRQHandler
 .text.GPR_IRQ_IRQHandler
                0x6000e9f4        0x8 ./startup/startup_mimxrt1052.o
                0x6000e9f4                GPR_IRQ_IRQHandler
 .text.LCDIF_IRQHandler
                0x6000e9fc        0x8 ./startup/startup_mimxrt1052.o
                0x6000e9fc                LCDIF_IRQHandler
 .text.CSI_IRQHandler
                0x6000ea04        0x8 ./startup/startup_mimxrt1052.o
                0x6000ea04                CSI_IRQHandler
 .text.PXP_IRQHandler
                0x6000ea0c        0x8 ./startup/startup_mimxrt1052.o
                0x6000ea0c                PXP_IRQHandler
 .text.WDOG2_IRQHandler
                0x6000ea14        0x8 ./startup/startup_mimxrt1052.o
                0x6000ea14                WDOG2_IRQHandler
 .text.SNVS_HP_WRAPPER_IRQHandler
                0x6000ea1c        0x8 ./startup/startup_mimxrt1052.o
                0x6000ea1c                SNVS_HP_WRAPPER_IRQHandler
 .text.SNVS_HP_WRAPPER_TZ_IRQHandler
                0x6000ea24        0x8 ./startup/startup_mimxrt1052.o
                0x6000ea24                SNVS_HP_WRAPPER_TZ_IRQHandler
 .text.SNVS_LP_WRAPPER_IRQHandler
                0x6000ea2c        0x8 ./startup/startup_mimxrt1052.o
                0x6000ea2c                SNVS_LP_WRAPPER_IRQHandler
 .text.CSU_IRQHandler
                0x6000ea34        0x8 ./startup/startup_mimxrt1052.o
                0x6000ea34                CSU_IRQHandler
 .text.DCP_IRQHandler
                0x6000ea3c        0x8 ./startup/startup_mimxrt1052.o
                0x6000ea3c                DCP_IRQHandler
 .text.DCP_VMI_IRQHandler
                0x6000ea44        0x8 ./startup/startup_mimxrt1052.o
                0x6000ea44                DCP_VMI_IRQHandler
 .text.Reserved68_IRQHandler
                0x6000ea4c        0x8 ./startup/startup_mimxrt1052.o
                0x6000ea4c                Reserved68_IRQHandler
 .text.TRNG_IRQHandler
                0x6000ea54        0x8 ./startup/startup_mimxrt1052.o
                0x6000ea54                TRNG_IRQHandler
 .text.SJC_IRQHandler
                0x6000ea5c        0x8 ./startup/startup_mimxrt1052.o
                0x6000ea5c                SJC_IRQHandler
 .text.BEE_IRQHandler
                0x6000ea64        0x8 ./startup/startup_mimxrt1052.o
                0x6000ea64                BEE_IRQHandler
 .text.SAI1_IRQHandler
                0x6000ea6c        0x8 ./startup/startup_mimxrt1052.o
                0x6000ea6c                SAI1_IRQHandler
 .text.SAI2_IRQHandler
                0x6000ea74        0x8 ./startup/startup_mimxrt1052.o
                0x6000ea74                SAI2_IRQHandler
 .text.SAI3_RX_IRQHandler
                0x6000ea7c        0x8 ./startup/startup_mimxrt1052.o
                0x6000ea7c                SAI3_RX_IRQHandler
 .text.SAI3_TX_IRQHandler
                0x6000ea84        0x8 ./startup/startup_mimxrt1052.o
                0x6000ea84                SAI3_TX_IRQHandler
 .text.SPDIF_IRQHandler
                0x6000ea8c        0x8 ./startup/startup_mimxrt1052.o
                0x6000ea8c                SPDIF_IRQHandler
 .text.PMU_EVENT_IRQHandler
                0x6000ea94        0x8 ./startup/startup_mimxrt1052.o
                0x6000ea94                PMU_EVENT_IRQHandler
 .text.Reserved78_IRQHandler
                0x6000ea9c        0x8 ./startup/startup_mimxrt1052.o
                0x6000ea9c                Reserved78_IRQHandler
 .text.TEMP_LOW_HIGH_IRQHandler
                0x6000eaa4        0x8 ./startup/startup_mimxrt1052.o
                0x6000eaa4                TEMP_LOW_HIGH_IRQHandler
 .text.TEMP_PANIC_IRQHandler
                0x6000eaac        0x8 ./startup/startup_mimxrt1052.o
                0x6000eaac                TEMP_PANIC_IRQHandler
 .text.USB_PHY1_IRQHandler
                0x6000eab4        0x8 ./startup/startup_mimxrt1052.o
                0x6000eab4                USB_PHY1_IRQHandler
 .text.USB_PHY2_IRQHandler
                0x6000eabc        0x8 ./startup/startup_mimxrt1052.o
                0x6000eabc                USB_PHY2_IRQHandler
 .text.ADC1_IRQHandler
                0x6000eac4        0x8 ./startup/startup_mimxrt1052.o
                0x6000eac4                ADC1_IRQHandler
 .text.ADC2_IRQHandler
                0x6000eacc        0x8 ./startup/startup_mimxrt1052.o
                0x6000eacc                ADC2_IRQHandler
 .text.DCDC_IRQHandler
                0x6000ead4        0x8 ./startup/startup_mimxrt1052.o
                0x6000ead4                DCDC_IRQHandler
 .text.Reserved86_IRQHandler
                0x6000eadc        0x8 ./startup/startup_mimxrt1052.o
                0x6000eadc                Reserved86_IRQHandler
 .text.Reserved87_IRQHandler
                0x6000eae4        0x8 ./startup/startup_mimxrt1052.o
                0x6000eae4                Reserved87_IRQHandler
 .text.GPIO1_INT0_IRQHandler
                0x6000eaec        0x8 ./startup/startup_mimxrt1052.o
                0x6000eaec                GPIO1_INT0_IRQHandler
 .text.GPIO1_INT1_IRQHandler
                0x6000eaf4        0x8 ./startup/startup_mimxrt1052.o
                0x6000eaf4                GPIO1_INT1_IRQHandler
 .text.GPIO1_INT2_IRQHandler
                0x6000eafc        0x8 ./startup/startup_mimxrt1052.o
                0x6000eafc                GPIO1_INT2_IRQHandler
 .text.GPIO1_INT3_IRQHandler
                0x6000eb04        0x8 ./startup/startup_mimxrt1052.o
                0x6000eb04                GPIO1_INT3_IRQHandler
 .text.GPIO1_INT4_IRQHandler
                0x6000eb0c        0x8 ./startup/startup_mimxrt1052.o
                0x6000eb0c                GPIO1_INT4_IRQHandler
 .text.GPIO1_INT5_IRQHandler
                0x6000eb14        0x8 ./startup/startup_mimxrt1052.o
                0x6000eb14                GPIO1_INT5_IRQHandler
 .text.GPIO1_INT6_IRQHandler
                0x6000eb1c        0x8 ./startup/startup_mimxrt1052.o
                0x6000eb1c                GPIO1_INT6_IRQHandler
 .text.GPIO1_INT7_IRQHandler
                0x6000eb24        0x8 ./startup/startup_mimxrt1052.o
                0x6000eb24                GPIO1_INT7_IRQHandler
 .text.GPIO1_Combined_0_15_IRQHandler
                0x6000eb2c        0x8 ./startup/startup_mimxrt1052.o
                0x6000eb2c                GPIO1_Combined_0_15_IRQHandler
 .text.GPIO1_Combined_16_31_IRQHandler
                0x6000eb34        0x8 ./startup/startup_mimxrt1052.o
                0x6000eb34                GPIO1_Combined_16_31_IRQHandler
 .text.GPIO2_Combined_0_15_IRQHandler
                0x6000eb3c        0x8 ./startup/startup_mimxrt1052.o
                0x6000eb3c                GPIO2_Combined_0_15_IRQHandler
 .text.GPIO2_Combined_16_31_IRQHandler
                0x6000eb44        0x8 ./startup/startup_mimxrt1052.o
                0x6000eb44                GPIO2_Combined_16_31_IRQHandler
 .text.GPIO3_Combined_0_15_IRQHandler
                0x6000eb4c        0x8 ./startup/startup_mimxrt1052.o
                0x6000eb4c                GPIO3_Combined_0_15_IRQHandler
 .text.GPIO3_Combined_16_31_IRQHandler
                0x6000eb54        0x8 ./startup/startup_mimxrt1052.o
                0x6000eb54                GPIO3_Combined_16_31_IRQHandler
 .text.GPIO4_Combined_0_15_IRQHandler
                0x6000eb5c        0x8 ./startup/startup_mimxrt1052.o
                0x6000eb5c                GPIO4_Combined_0_15_IRQHandler
 .text.GPIO4_Combined_16_31_IRQHandler
                0x6000eb64        0x8 ./startup/startup_mimxrt1052.o
                0x6000eb64                GPIO4_Combined_16_31_IRQHandler
 .text.GPIO5_Combined_0_15_IRQHandler
                0x6000eb6c        0x8 ./startup/startup_mimxrt1052.o
                0x6000eb6c                GPIO5_Combined_0_15_IRQHandler
 .text.GPIO5_Combined_16_31_IRQHandler
                0x6000eb74        0x8 ./startup/startup_mimxrt1052.o
                0x6000eb74                GPIO5_Combined_16_31_IRQHandler
 .text.FLEXIO1_IRQHandler
                0x6000eb7c        0x8 ./startup/startup_mimxrt1052.o
                0x6000eb7c                FLEXIO1_IRQHandler
 .text.FLEXIO2_IRQHandler
                0x6000eb84        0x8 ./startup/startup_mimxrt1052.o
                0x6000eb84                FLEXIO2_IRQHandler
 .text.WDOG1_IRQHandler
                0x6000eb8c        0x8 ./startup/startup_mimxrt1052.o
                0x6000eb8c                WDOG1_IRQHandler
 .text.RTWDOG_IRQHandler
                0x6000eb94        0x8 ./startup/startup_mimxrt1052.o
                0x6000eb94                RTWDOG_IRQHandler
 .text.EWM_IRQHandler
                0x6000eb9c        0x8 ./startup/startup_mimxrt1052.o
                0x6000eb9c                EWM_IRQHandler
 .text.CCM_1_IRQHandler
                0x6000eba4        0x8 ./startup/startup_mimxrt1052.o
                0x6000eba4                CCM_1_IRQHandler
 .text.CCM_2_IRQHandler
                0x6000ebac        0x8 ./startup/startup_mimxrt1052.o
                0x6000ebac                CCM_2_IRQHandler
 .text.GPC_IRQHandler
                0x6000ebb4        0x8 ./startup/startup_mimxrt1052.o
                0x6000ebb4                GPC_IRQHandler
 .text.SRC_IRQHandler
                0x6000ebbc        0x8 ./startup/startup_mimxrt1052.o
                0x6000ebbc                SRC_IRQHandler
 .text.Reserved115_IRQHandler
                0x6000ebc4        0x8 ./startup/startup_mimxrt1052.o
                0x6000ebc4                Reserved115_IRQHandler
 .text.GPT1_IRQHandler
                0x6000ebcc        0x8 ./startup/startup_mimxrt1052.o
                0x6000ebcc                GPT1_IRQHandler
 .text.GPT2_IRQHandler
                0x6000ebd4        0x8 ./startup/startup_mimxrt1052.o
                0x6000ebd4                GPT2_IRQHandler
 .text.PWM1_0_IRQHandler
                0x6000ebdc        0x8 ./startup/startup_mimxrt1052.o
                0x6000ebdc                PWM1_0_IRQHandler
 .text.PWM1_1_IRQHandler
                0x6000ebe4        0x8 ./startup/startup_mimxrt1052.o
                0x6000ebe4                PWM1_1_IRQHandler
 .text.PWM1_2_IRQHandler
                0x6000ebec        0x8 ./startup/startup_mimxrt1052.o
                0x6000ebec                PWM1_2_IRQHandler
 .text.PWM1_3_IRQHandler
                0x6000ebf4        0x8 ./startup/startup_mimxrt1052.o
                0x6000ebf4                PWM1_3_IRQHandler
 .text.PWM1_FAULT_IRQHandler
                0x6000ebfc        0x8 ./startup/startup_mimxrt1052.o
                0x6000ebfc                PWM1_FAULT_IRQHandler
 .text.Reserved123_IRQHandler
                0x6000ec04        0x8 ./startup/startup_mimxrt1052.o
                0x6000ec04                Reserved123_IRQHandler
 .text.FLEXSPI_IRQHandler
                0x6000ec0c        0x8 ./startup/startup_mimxrt1052.o
                0x6000ec0c                FLEXSPI_IRQHandler
 .text.SEMC_IRQHandler
                0x6000ec14        0x8 ./startup/startup_mimxrt1052.o
                0x6000ec14                SEMC_IRQHandler
 .text.USDHC1_IRQHandler
                0x6000ec1c        0x8 ./startup/startup_mimxrt1052.o
                0x6000ec1c                USDHC1_IRQHandler
 .text.USDHC2_IRQHandler
                0x6000ec24        0x8 ./startup/startup_mimxrt1052.o
                0x6000ec24                USDHC2_IRQHandler
 .text.ENET_IRQHandler
                0x6000ec2c        0x8 ./startup/startup_mimxrt1052.o
                0x6000ec2c                ENET_IRQHandler
 .text.ENET_1588_Timer_IRQHandler
                0x6000ec34        0x8 ./startup/startup_mimxrt1052.o
                0x6000ec34                ENET_1588_Timer_IRQHandler
 .text.XBAR1_IRQ_0_1_IRQHandler
                0x6000ec3c        0x8 ./startup/startup_mimxrt1052.o
                0x6000ec3c                XBAR1_IRQ_0_1_IRQHandler
 .text.XBAR1_IRQ_2_3_IRQHandler
                0x6000ec44        0x8 ./startup/startup_mimxrt1052.o
                0x6000ec44                XBAR1_IRQ_2_3_IRQHandler
 .text.ADC_ETC_IRQ0_IRQHandler
                0x6000ec4c        0x8 ./startup/startup_mimxrt1052.o
                0x6000ec4c                ADC_ETC_IRQ0_IRQHandler
 .text.ADC_ETC_IRQ1_IRQHandler
                0x6000ec54        0x8 ./startup/startup_mimxrt1052.o
                0x6000ec54                ADC_ETC_IRQ1_IRQHandler
 .text.ADC_ETC_IRQ2_IRQHandler
                0x6000ec5c        0x8 ./startup/startup_mimxrt1052.o
                0x6000ec5c                ADC_ETC_IRQ2_IRQHandler
 .text.ADC_ETC_ERROR_IRQ_IRQHandler
                0x6000ec64        0x8 ./startup/startup_mimxrt1052.o
                0x6000ec64                ADC_ETC_ERROR_IRQ_IRQHandler
 .text.PIT_IRQHandler
                0x6000ec6c        0x8 ./startup/startup_mimxrt1052.o
                0x6000ec6c                PIT_IRQHandler
 .text.ACMP1_IRQHandler
                0x6000ec74        0x8 ./startup/startup_mimxrt1052.o
                0x6000ec74                ACMP1_IRQHandler
 .text.ACMP2_IRQHandler
                0x6000ec7c        0x8 ./startup/startup_mimxrt1052.o
                0x6000ec7c                ACMP2_IRQHandler
 .text.ACMP3_IRQHandler
                0x6000ec84        0x8 ./startup/startup_mimxrt1052.o
                0x6000ec84                ACMP3_IRQHandler
 .text.ACMP4_IRQHandler
                0x6000ec8c        0x8 ./startup/startup_mimxrt1052.o
                0x6000ec8c                ACMP4_IRQHandler
 .text.Reserved143_IRQHandler
                0x6000ec94        0x8 ./startup/startup_mimxrt1052.o
                0x6000ec94                Reserved143_IRQHandler
 .text.Reserved144_IRQHandler
                0x6000ec9c        0x8 ./startup/startup_mimxrt1052.o
                0x6000ec9c                Reserved144_IRQHandler
 .text.ENC1_IRQHandler
                0x6000eca4        0x8 ./startup/startup_mimxrt1052.o
                0x6000eca4                ENC1_IRQHandler
 .text.ENC2_IRQHandler
                0x6000ecac        0x8 ./startup/startup_mimxrt1052.o
                0x6000ecac                ENC2_IRQHandler
 .text.ENC3_IRQHandler
                0x6000ecb4        0x8 ./startup/startup_mimxrt1052.o
                0x6000ecb4                ENC3_IRQHandler
 .text.ENC4_IRQHandler
                0x6000ecbc        0x8 ./startup/startup_mimxrt1052.o
                0x6000ecbc                ENC4_IRQHandler
 .text.TMR1_IRQHandler
                0x6000ecc4        0x8 ./startup/startup_mimxrt1052.o
                0x6000ecc4                TMR1_IRQHandler
 .text.TMR2_IRQHandler
                0x6000eccc        0x8 ./startup/startup_mimxrt1052.o
                0x6000eccc                TMR2_IRQHandler
 .text.TMR3_IRQHandler
                0x6000ecd4        0x8 ./startup/startup_mimxrt1052.o
                0x6000ecd4                TMR3_IRQHandler
 .text.TMR4_IRQHandler
                0x6000ecdc        0x8 ./startup/startup_mimxrt1052.o
                0x6000ecdc                TMR4_IRQHandler
 .text.PWM2_0_IRQHandler
                0x6000ece4        0x8 ./startup/startup_mimxrt1052.o
                0x6000ece4                PWM2_0_IRQHandler
 .text.PWM2_1_IRQHandler
                0x6000ecec        0x8 ./startup/startup_mimxrt1052.o
                0x6000ecec                PWM2_1_IRQHandler
 .text.PWM2_2_IRQHandler
                0x6000ecf4        0x8 ./startup/startup_mimxrt1052.o
                0x6000ecf4                PWM2_2_IRQHandler
 .text.PWM2_3_IRQHandler
                0x6000ecfc        0x8 ./startup/startup_mimxrt1052.o
                0x6000ecfc                PWM2_3_IRQHandler
 .text.PWM2_FAULT_IRQHandler
                0x6000ed04        0x8 ./startup/startup_mimxrt1052.o
                0x6000ed04                PWM2_FAULT_IRQHandler
 .text.PWM3_0_IRQHandler
                0x6000ed0c        0x8 ./startup/startup_mimxrt1052.o
                0x6000ed0c                PWM3_0_IRQHandler
 .text.PWM3_1_IRQHandler
                0x6000ed14        0x8 ./startup/startup_mimxrt1052.o
                0x6000ed14                PWM3_1_IRQHandler
 .text.PWM3_2_IRQHandler
                0x6000ed1c        0x8 ./startup/startup_mimxrt1052.o
                0x6000ed1c                PWM3_2_IRQHandler
 .text.PWM3_3_IRQHandler
                0x6000ed24        0x8 ./startup/startup_mimxrt1052.o
                0x6000ed24                PWM3_3_IRQHandler
 .text.PWM3_FAULT_IRQHandler
                0x6000ed2c        0x8 ./startup/startup_mimxrt1052.o
                0x6000ed2c                PWM3_FAULT_IRQHandler
 .text.PWM4_0_IRQHandler
                0x6000ed34        0x8 ./startup/startup_mimxrt1052.o
                0x6000ed34                PWM4_0_IRQHandler
 .text.PWM4_1_IRQHandler
                0x6000ed3c        0x8 ./startup/startup_mimxrt1052.o
                0x6000ed3c                PWM4_1_IRQHandler
 .text.PWM4_2_IRQHandler
                0x6000ed44        0x8 ./startup/startup_mimxrt1052.o
                0x6000ed44                PWM4_2_IRQHandler
 .text.PWM4_3_IRQHandler
                0x6000ed4c        0x8 ./startup/startup_mimxrt1052.o
                0x6000ed4c                PWM4_3_IRQHandler
 .text.PWM4_FAULT_IRQHandler
                0x6000ed54        0x8 ./startup/startup_mimxrt1052.o
                0x6000ed54                PWM4_FAULT_IRQHandler
 .text._SDK_AtomicLocalClearAndSet4Byte
                0x6000ed5c       0x50 ./source/flexspi_romapi.o
 .text.CLOCK_DisableClock
                0x6000edac       0x1e ./source/flexspi_romapi.o
 .text.EnableIRQ
                0x6000edca       0x32 ./source/flexspi_romapi.o
 .text.USB_HostIsrEnable
                0x6000edfc       0x2e ./source/flexspi_romapi.o
                0x6000edfc                USB_HostIsrEnable
 .text.USB_HostTaskFn
                0x6000ee2a       0x16 ./source/flexspi_romapi.o
                0x6000ee2a                USB_HostTaskFn
 .text.main     0x6000ee40       0x12 ./source/flexspi_romapi.o
                0x6000ee40                main
 .text.ASCII2HEX
                0x6000ee52       0x30 ./source/flexspi_romapi.o
                0x6000ee52                ASCII2HEX
 .text.funcDelayUs
                0x6000ee82       0x44 ./source/flexspi_romapi.o
                0x6000ee82                funcDelayUs
 .text.HardFault_Handler
                0x6000eec6       0x2c ./source/semihost_hardfault.o
                0x6000eec6                HardFault_Handler
 .text.USB_HostControllerTaskFunction
                0x6000eef2       0x16 ./fatfs/source/fsl_usb_disk/fsl_usb_disk_bm.o
 .text.USB_HostMsdGetDiskStatus
                0x6000ef08       0x18 ./fatfs/source/fsl_usb_disk/fsl_usb_disk_bm.o
                0x6000ef08                USB_HostMsdGetDiskStatus
 .text.disk_status
                0x6000ef20       0x2c ./fatfs/source/diskio.o
                0x6000ef20                disk_status
 .text.disk_initialize
                0x6000ef4c       0x2c ./fatfs/source/diskio.o
                0x6000ef4c                disk_initialize
 .text.disk_read
                0x6000ef78       0x36 ./fatfs/source/diskio.o
                0x6000ef78                disk_read
 .text.disk_write
                0x6000efae       0x36 ./fatfs/source/diskio.o
                0x6000efae                disk_write
 .text.disk_ioctl
                0x6000efe4       0x36 ./fatfs/source/diskio.o
                0x6000efe4                disk_ioctl
 .text.ld_word  0x6000f01a       0x30 ./fatfs/source/ff.o
 .text.ld_dword
                0x6000f04a       0x46 ./fatfs/source/ff.o
 .text.st_word  0x6000f090       0x36 ./fatfs/source/ff.o
 .text.st_dword
                0x6000f0c6       0x58 ./fatfs/source/ff.o
 .text.dbc_1st  0x6000f11e       0x40 ./fatfs/source/ff.o
 .text.dbc_2nd  0x6000f15e       0x54 ./fatfs/source/ff.o
 .text.sync_window
                0x6000f1b2       0x78 ./fatfs/source/ff.o
 .text.move_window
                0x6000f22a       0x5a ./fatfs/source/ff.o
 .text.clst2sect
                0x6000f284       0x3e ./fatfs/source/ff.o
 .text.get_fat  0x6000f2c2      0x150 ./fatfs/source/ff.o
 .text.put_fat  0x6000f412      0x1d8 ./fatfs/source/ff.o
 .text.remove_chain
                0x6000f5ea       0xca ./fatfs/source/ff.o
 .text.create_chain
                0x6000f6b4      0x1a2 ./fatfs/source/ff.o
 .text.dir_clear
                0x6000f856       0x90 ./fatfs/source/ff.o
 .text.dir_sdi  0x6000f8e6       0xf6 ./fatfs/source/ff.o
 .text.dir_next
                0x6000f9dc      0x12c ./fatfs/source/ff.o
 .text.dir_alloc
                0x6000fb08       0x8e ./fatfs/source/ff.o
 .text.ld_clust
                0x6000fb96       0x3e ./fatfs/source/ff.o
 .text.st_clust
                0x6000fbd4       0x40 ./fatfs/source/ff.o
 .text.dir_find
                0x6000fc14       0xaa ./fatfs/source/ff.o
 .text.dir_register
                0x6000fcbe       0x64 ./fatfs/source/ff.o
 .text.follow_path
                0x6000fd22       0xde ./fatfs/source/ff.o
 .text.get_ldnumber
                0x6000fe00       0x8a ./fatfs/source/ff.o
 .text.find_volume
                0x6000fe8a       0xbe ./fatfs/source/ff.o
 .text.validate
                0x6000ff48       0x6a ./fatfs/source/ff.o
 .text.f_read   0x6000ffb2      0x266 ./fatfs/source/ff.o
                0x6000ffb2                f_read
 .text.f_close  0x60010218       0x40 ./fatfs/source/ff.o
                0x60010218                f_close
 .text.f_gets   0x60010258       0x78 ./fatfs/source/ff.o
                0x60010258                f_gets
 .text.DCACHE_InvalidateByRange
                0x600102d0       0x1a ./drivers/fsl_cache.o
                0x600102d0                DCACHE_InvalidateByRange
 .text.CLOCK_IsPllBypassed
                0x600102ea       0x32 ./drivers/fsl_clock.o
 .text.CLOCK_IsPllEnabled
                0x6001031c       0x3c ./drivers/fsl_clock.o
 .text.CLOCK_GetPllBypassRefClk
                0x60010358       0x34 ./drivers/fsl_clock.o
 .text._SDK_AtomicLocalClearAndSet4Byte
                0x6001038c       0x50 ./drivers/fsl_lpuart.o
 .text.CLOCK_EnableClock
                0x600103dc       0x1e ./drivers/fsl_lpuart.o
 .text.LPUART_SoftwareReset
                0x600103fa       0x2c ./drivers/fsl_lpuart.o
 .text.SystemInitHook
                0x60010426        0xe ./device/system_MIMXRT1052.o
                0x60010426                SystemInitHook
 .text.HAL_UartGetStatus
                0x60010434       0x28 ./component/uart/fsl_adapter_lpuart.o
 .text.DisableGlobalIRQ
                0x6001045c       0x22 ./component/osa/fsl_os_abstraction_bm.o
 .text.EnableGlobalIRQ
                0x6001047e       0x20 ./component/osa/fsl_os_abstraction_bm.o
 .text.OSA_MemoryAllocate
                0x6001049e       0x2a ./component/osa/fsl_os_abstraction_bm.o
                0x6001049e                OSA_MemoryAllocate
 .text.OSA_MemoryFree
                0x600104c8       0x16 ./component/osa/fsl_os_abstraction_bm.o
                0x600104c8                OSA_MemoryFree
 .text.OSA_EnterCritical
                0x600104de       0x1a ./component/osa/fsl_os_abstraction_bm.o
                0x600104de                OSA_EnterCritical
 .text.OSA_ExitCritical
                0x600104f8       0x16 ./component/osa/fsl_os_abstraction_bm.o
                0x600104f8                OSA_ExitCritical
 .text.OSA_MutexLock
                0x6001050e       0x52 ./component/osa/fsl_os_abstraction_bm.o
                0x6001050e                OSA_MutexLock
 .text.OSA_EventSet
                0x60010560       0x36 ./component/osa/fsl_os_abstraction_bm.o
                0x60010560                OSA_EventSet
 .text.OSA_EventWait
                0x60010596       0x94 ./component/osa/fsl_os_abstraction_bm.o
                0x60010596                OSA_EventWait
 .text.BOARD_InitDebugConsole
                0x6001062a       0x22 ./board/board.o
                0x6001062a                BOARD_InitDebugConsole
 .text._SDK_AtomicLocalClearAndSet4Byte
                0x6001064c       0x50 ./board/clock_config.o
 .text.CLOCK_DisableClock
                0x6001069c       0x1e ./board/clock_config.o
 .text.CLOCK_SetPllBypass
                0x600106ba       0x4e ./board/clock_config.o
 .text.IOMUXC_SetSaiMClkClockSource
                0x60010708       0x6c ./board/clock_config.o
 .text.BOARD_InitBootClocks
                0x60010774        0xc ./board/clock_config.o
                0x60010774                BOARD_InitBootClocks
 .text._SDK_AtomicLocalClearAndSet4Byte
                0x60010780       0x50 ./board/pin_mux.o
 .text.CLOCK_EnableClock
                0x600107d0       0x1e ./board/pin_mux.o
 .text.IOMUXC_SetPinMux
                0x600107ee       0x3a ./board/pin_mux.o
 .text.IOMUXC_SetPinConfig
                0x60010828       0x26 ./board/pin_mux.o
 .text.BOARD_InitBootPins
                0x6001084e        0xc ./board/pin_mux.o
                0x6001084e                BOARD_InitBootPins
 .text.__main   0x6001085a        0xe c:/nxp/mcuxpressoide_11.6.1_8255/ide/plugins/com.nxp.mcuxpresso.tools.win32_11.6.1.202207200623/tools/bin/../lib/gcc/arm-none-eabi/10.3.1/../../../../arm-none-eabi/lib/thumb/v7e-m+dp/hard\libcr_nohost_nf.a(_cr__main.o)
                0x6001085a                __main
 .text.memcpy   0x60010868        0x4 c:/nxp/mcuxpressoide_11.6.1_8255/ide/plugins/com.nxp.mcuxpresso.tools.win32_11.6.1.202207200623/tools/bin/../lib/gcc/arm-none-eabi/10.3.1/../../../../arm-none-eabi/lib/thumb/v7e-m+dp/hard\libcr_c.a(memcpy.o)
                0x60010868                memcpy
 .text.memset   0x6001086c        0x4 c:/nxp/mcuxpressoide_11.6.1_8255/ide/plugins/com.nxp.mcuxpresso.tools.win32_11.6.1.202207200623/tools/bin/../lib/gcc/arm-none-eabi/10.3.1/../../../../arm-none-eabi/lib/thumb/v7e-m+dp/hard\libcr_c.a(memset.o)
                0x6001086c                memset
 .text.free     0x60010870       0x30 c:/nxp/mcuxpressoide_11.6.1_8255/ide/plugins/com.nxp.mcuxpresso.tools.win32_11.6.1.202207200623/tools/bin/../lib/gcc/arm-none-eabi/10.3.1/../../../../arm-none-eabi/lib/thumb/v7e-m+dp/hard\libcr_c.a(alloc.o)
                0x60010870                free
 .text.memcmp   0x600108a0       0x40 c:/nxp/mcuxpressoide_11.6.1_8255/ide/plugins/com.nxp.mcuxpresso.tools.win32_11.6.1.202207200623/tools/bin/../lib/gcc/arm-none-eabi/10.3.1/../../../../arm-none-eabi/lib/thumb/v7e-m+dp/hard\libcr_c.a(memcmp.o)
                0x600108a0                memcmp
 .text.setvbuf  0x600108e0       0x3e c:/nxp/mcuxpressoide_11.6.1_8255/ide/plugins/com.nxp.mcuxpresso.tools.win32_11.6.1.202207200623/tools/bin/../lib/gcc/arm-none-eabi/10.3.1/../../../../arm-none-eabi/lib/thumb/v7e-m+dp/hard\libcr_c.a(setvbuf.o)
                0x600108e0                setvbuf
 .text.strchr   0x6001091e       0x16 c:/nxp/mcuxpressoide_11.6.1_8255/ide/plugins/com.nxp.mcuxpresso.tools.win32_11.6.1.202207200623/tools/bin/../lib/gcc/arm-none-eabi/10.3.1/../../../../arm-none-eabi/lib/thumb/v7e-m+dp/hard\libcr_c.a(strchr.o)
                0x6001091e                strchr
 .text.strlen   0x60010934       0x48 c:/nxp/mcuxpressoide_11.6.1_8255/ide/plugins/com.nxp.mcuxpresso.tools.win32_11.6.1.202207200623/tools/bin/../lib/gcc/arm-none-eabi/10.3.1/../../../../arm-none-eabi/lib/thumb/v7e-m+dp/hard\libcr_c.a(strlen.o)
                0x60010934                strlen
 .text._deferredlazyseek
                0x6001097c       0x40 c:/nxp/mcuxpressoide_11.6.1_8255/ide/plugins/com.nxp.mcuxpresso.tools.win32_11.6.1.202207200623/tools/bin/../lib/gcc/arm-none-eabi/10.3.1/../../../../arm-none-eabi/lib/thumb/v7e-m+dp/hard\libcr_c.a(_deferredlazyseek.o)
                0x6001097c                _deferredlazyseek
 .text._fdopen  0x600109bc       0x68 c:/nxp/mcuxpressoide_11.6.1_8255/ide/plugins/com.nxp.mcuxpresso.tools.win32_11.6.1.202207200623/tools/bin/../lib/gcc/arm-none-eabi/10.3.1/../../../../arm-none-eabi/lib/thumb/v7e-m+dp/hard\libcr_c.a(_fdopen.o)
                0x600109bc                _fdopen
 .text._fflush  0x60010a24       0x52 c:/nxp/mcuxpressoide_11.6.1_8255/ide/plugins/com.nxp.mcuxpresso.tools.win32_11.6.1.202207200623/tools/bin/../lib/gcc/arm-none-eabi/10.3.1/../../../../arm-none-eabi/lib/thumb/v7e-m+dp/hard\libcr_c.a(_fflush.o)
                0x60010a24                _fflush
 .text.fclose   0x60010a76       0x58 c:/nxp/mcuxpressoide_11.6.1_8255/ide/plugins/com.nxp.mcuxpresso.tools.win32_11.6.1.202207200623/tools/bin/../lib/gcc/arm-none-eabi/10.3.1/../../../../arm-none-eabi/lib/thumb/v7e-m+dp/hard\libcr_c.a(fclose.o)
                0x60010a76                fclose
 .text.remove   0x60010ace       0x14 c:/nxp/mcuxpressoide_11.6.1_8255/ide/plugins/com.nxp.mcuxpresso.tools.win32_11.6.1.202207200623/tools/bin/../lib/gcc/arm-none-eabi/10.3.1/../../../../arm-none-eabi/lib/thumb/v7e-m+dp/hard\libcr_c.a(remove.o)
                0x60010ace                remove
 .text._do_fflush
                0x60010ae2       0x40 c:/nxp/mcuxpressoide_11.6.1_8255/ide/plugins/com.nxp.mcuxpresso.tools.win32_11.6.1.202207200623/tools/bin/../lib/gcc/arm-none-eabi/10.3.1/../../../../arm-none-eabi/lib/thumb/v7e-m+dp/hard\libcr_c.a(_do_fflush.o)
                0x60010ae2                _do_fflush
 .text.__aeabi_memcpy
                0x60010b22       0x34 c:/nxp/mcuxpressoide_11.6.1_8255/ide/plugins/com.nxp.mcuxpresso.tools.win32_11.6.1.202207200623/tools/bin/../lib/gcc/arm-none-eabi/10.3.1/thumb/v7e-m+dp/hard\libcr_eabihelpers.a(memcpy.o)
                0x60010b22                __aeabi_memcpy
                0x60010b2c                __aeabi_memcpy8
                0x60010b2c                __aeabi_memcpy4
 .text.__aeabi_memset_lowlevel
                0x60010b56       0x32 c:/nxp/mcuxpressoide_11.6.1_8255/ide/plugins/com.nxp.mcuxpresso.tools.win32_11.6.1.202207200623/tools/bin/../lib/gcc/arm-none-eabi/10.3.1/thumb/v7e-m+dp/hard\libcr_eabihelpers.a(memcpy.o)
                0x60010b56                __aeabi_lowlevel_memset
 .text.__sys_close
                0x60010b88        0x6 c:/nxp/mcuxpressoide_11.6.1_8255/ide/plugins/com.nxp.mcuxpresso.tools.win32_11.6.1.202207200623/tools/bin/../lib/gcc/arm-none-eabi/10.3.1/../../../../arm-none-eabi/lib/thumb/v7e-m+dp/hard\libcr_nohost_nf.a(__sys_close.o)
                0x60010b88                __sys_close
 .text.__sys_flen
                0x60010b8e        0x6 c:/nxp/mcuxpressoide_11.6.1_8255/ide/plugins/com.nxp.mcuxpresso.tools.win32_11.6.1.202207200623/tools/bin/../lib/gcc/arm-none-eabi/10.3.1/../../../../arm-none-eabi/lib/thumb/v7e-m+dp/hard\libcr_nohost_nf.a(__sys_flen.o)
                0x60010b8e                __sys_flen
 .text.__sys_istty
                0x60010b94        0x6 c:/nxp/mcuxpressoide_11.6.1_8255/ide/plugins/com.nxp.mcuxpresso.tools.win32_11.6.1.202207200623/tools/bin/../lib/gcc/arm-none-eabi/10.3.1/../../../../arm-none-eabi/lib/thumb/v7e-m+dp/hard\libcr_nohost_nf.a(__sys_istty.o)
                0x60010b94                __sys_istty
 .text.__sys_remove
                0x60010b9a        0x6 c:/nxp/mcuxpressoide_11.6.1_8255/ide/plugins/com.nxp.mcuxpresso.tools.win32_11.6.1.202207200623/tools/bin/../lib/gcc/arm-none-eabi/10.3.1/../../../../arm-none-eabi/lib/thumb/v7e-m+dp/hard\libcr_nohost_nf.a(__sys_remove.o)
                0x60010b9a                __sys_remove
 .text.__sys_seek
                0x60010ba0        0x6 c:/nxp/mcuxpressoide_11.6.1_8255/ide/plugins/com.nxp.mcuxpresso.tools.win32_11.6.1.202207200623/tools/bin/../lib/gcc/arm-none-eabi/10.3.1/../../../../arm-none-eabi/lib/thumb/v7e-m+dp/hard\libcr_nohost_nf.a(__sys_seek.o)
                0x60010ba0                __sys_seek
 .text.__sys_tmpnam
                0x60010ba6        0x6 c:/nxp/mcuxpressoide_11.6.1_8255/ide/plugins/com.nxp.mcuxpresso.tools.win32_11.6.1.202207200623/tools/bin/../lib/gcc/arm-none-eabi/10.3.1/../../../../arm-none-eabi/lib/thumb/v7e-m+dp/hard\libcr_nohost_nf.a(__sys_tmpnam.o)
                0x60010ba6                __sys_tmpnam
 .text.__sys_write
                0x60010bac        0x4 c:/nxp/mcuxpressoide_11.6.1_8255/ide/plugins/com.nxp.mcuxpresso.tools.win32_11.6.1.202207200623/tools/bin/../lib/gcc/arm-none-eabi/10.3.1/../../../../arm-none-eabi/lib/thumb/v7e-m+dp/hard\libcr_nohost_nf.a(__sys_write.o)
                0x60010bac                __sys_write
 *(SORT_BY_ALIGNMENT(.rodata) SORT_BY_ALIGNMENT(.rodata.*) SORT_BY_ALIGNMENT(.constdata) SORT_BY_ALIGNMENT(.constdata.*))
 .rodata.__assertion_failed.str1.4
                0x60010bb0       0x14 ./utilities/fsl_assert.o
 .rodata        0x60010bc4        0xc ./usb/phy/usb_phy.o
 .rodata.USB_HostHubDeviceEvent.str1.4
                0x60010bd0       0x3f ./usb/host/class/usb_host_hub_app.o
 *fill*         0x60010c0f        0x1 ff
 .rodata.s_EnumEntries
                0x60010c10       0x38 ./usb/host/usb_host_devices.o
 .rodata        0x60010c48        0x8 ./usb/host/usb_host_ehci.o
 .rodata.s_EhciInterface
                0x60010c50       0x1c ./usb/host/usb_host_hci.o
 .rodata.CLOCK_ControlGate.str1.4
                0x60010c6c       0x77 ./source/flexspi_romapi.o
 *fill*         0x60010ce3        0x1 ff
 .rodata        0x60010ce4        0x3 ./source/flexspi_romapi.o
 *fill*         0x60010ce7        0x1 ff
 .rodata.USB_HostEvent.str1.4
                0x60010ce8       0x2d ./source/flexspi_romapi.o
 *fill*         0x60010d15        0x3 ff
 .rodata.USB_HostApplicationInit.str1.4
                0x60010d18       0x25 ./source/flexspi_romapi.o
 *fill*         0x60010d3d        0x3 ff
 .rodata.error_trap.str1.4
                0x60010d40       0x32 ./source/flexspi_romapi.o
 *fill*         0x60010d72        0x2 ff
 .rodata.app_finalize.str1.4
                0x60010d74       0x22 ./source/flexspi_romapi.o
 *fill*         0x60010d96        0x2 ff
 .rodata.HyperFlash.str1.4
                0x60010d98      0x17b ./source/flexspi_romapi.o
 *fill*         0x60010f13        0x1 ff
 .rodata.ReadFromPendrive.str1.4
                0x60010f14       0xdd ./source/flexspi_romapi.o
 *fill*         0x60010ff1        0x3 ff
 .rodata.USB_HostMsdTask.str1.4
                0x60010ff4       0x51 ./source/host_msd_fatfs.o
 *fill*         0x60011045        0x3 ff
 .rodata.USB_HostMsdEvent.str1.4
                0x60011048       0x5c ./source/host_msd_fatfs.o
 .rodata.create_name.str1.4
                0x600110a4        0xf ./fatfs/source/ff.o
 *fill*         0x600110b3        0x1 ff
 .rodata.check_fs.str1.4
                0x600110b4        0x9 ./fatfs/source/ff.o
 *fill*         0x600110bd        0x3 ff
 .rodata.CLOCK_InitExternalClk.str1.4
                0x600110c0       0x21 ./drivers/fsl_clock.o
 *fill*         0x600110e1        0x3 ff
 .rodata.CLOCK_GetPllFreq.str1.4
                0x600110e4       0x6d ./drivers/fsl_clock.o
 *fill*         0x60011151        0x3 ff
 .rodata.g_ccmConfigUsbPll.2
                0x60011154        0x2 ./drivers/fsl_clock.o
 *fill*         0x60011156        0x2 ff
 .rodata.enetRefClkFreq.1
                0x60011158       0x10 ./drivers/fsl_clock.o
 .rodata.CLOCK_ControlGate.str1.4
                0x60011168       0x20 ./drivers/fsl_lpuart.o
 .rodata.s_lpuartBases
                0x60011188       0x24 ./drivers/fsl_lpuart.o
 .rodata.s_lpuartClock
                0x600111ac       0x12 ./drivers/fsl_lpuart.o
 *fill*         0x600111be        0x2 ff
 .rodata.LPUART_GetInstance.str1.4
                0x600111c0       0x38 ./drivers/fsl_lpuart.o
 .rodata.LPUART_Init.str1.4
                0x600111f8      0x10a ./drivers/fsl_lpuart.o
 *fill*         0x60011302        0x2 ff
 .rodata.LPUART_GetDefaultConfig.str1.4
                0x60011304       0x22 ./drivers/fsl_lpuart.o
 *fill*         0x60011326        0x2 ff
 .rodata.LPUART_WriteBlocking.str1.4
                0x60011328       0x20 ./drivers/fsl_lpuart.o
 .rodata.LPUART_ReadBlocking.str1.4
                0x60011348       0x20 ./drivers/fsl_lpuart.o
 .rodata.s_LpuartAdapterBase
                0x60011368       0x24 ./component/uart/fsl_adapter_lpuart.o
 .rodata.HAL_UartInit.str1.4
                0x6001138c      0x105 ./component/uart/fsl_adapter_lpuart.o
 *fill*         0x60011491        0x3 ff
 .rodata.HAL_UartReceiveBlocking.str1.4
                0x60011494       0x7b ./component/uart/fsl_adapter_lpuart.o
 *fill*         0x6001150f        0x1 ff
 .rodata.HAL_UartSendBlocking.str1.4
                0x60011510       0x7b ./component/uart/fsl_adapter_lpuart.o
 *fill*         0x6001158b        0x1 ff
 .rodata.OSA_MutexCreate.str1.4
                0x6001158c       0x2a ./component/osa/fsl_os_abstraction_bm.o
 *fill*         0x600115b6        0x2 ff
 .rodata.OSA_MutexUnlock.str1.4
                0x600115b8       0x2a ./component/osa/fsl_os_abstraction_bm.o
 *fill*         0x600115e2        0x2 ff
 .rodata.OSA_MutexDestroy.str1.4
                0x600115e4       0x2a ./component/osa/fsl_os_abstraction_bm.o
 *fill*         0x6001160e        0x2 ff
 .rodata.OSA_EventCreate.str1.4
                0x60011610       0x2a ./component/osa/fsl_os_abstraction_bm.o
 *fill*         0x6001163a        0x2 ff
 .rodata.OSA_EventDestroy.str1.4
                0x6001163c       0x2b ./component/osa/fsl_os_abstraction_bm.o
 *fill*         0x60011667        0x1 ff
 .rodata.BOARD_ConfigMPU.str1.4