Archive member included to satisfy reference by file (symbol)

c:/nxp/mcuxpressoide_11.6.1_8255/ide/plugins/com.nxp.mcuxpresso.tools.win32_11.6.1.202207200623/tools/bin/../lib/gcc/arm-none-eabi/10.3.1/../../../../arm-none-eabi/lib/thumb/v7e-m+dp/hard\libcr_nohost_nf.a(_cr__main.o)
                              ./startup/startup_mimxrt1052.o (__main)
c:/nxp/mcuxpressoide_11.6.1_8255/ide/plugins/com.nxp.mcuxpresso.tools.win32_11.6.1.202207200623/tools/bin/../lib/gcc/arm-none-eabi/10.3.1/../../../../arm-none-eabi/lib/thumb/v7e-m+dp/hard\libcr_c.a(memcpy.o)
                              ./utilities/fsl_debug_console.o (memcpy)
c:/nxp/mcuxpressoide_11.6.1_8255/ide/plugins/com.nxp.mcuxpresso.tools.win32_11.6.1.202207200623/tools/bin/../lib/gcc/arm-none-eabi/10.3.1/../../../../arm-none-eabi/lib/thumb/v7e-m+dp/hard\libcr_c.a(memset.o)
                              ./source/flexspi_romapi.o (memset)
c:/nxp/mcuxpressoide_11.6.1_8255/ide/plugins/com.nxp.mcuxpresso.tools.win32_11.6.1.202207200623/tools/bin/../lib/gcc/arm-none-eabi/10.3.1/../../../../arm-none-eabi/lib/thumb/v7e-m+dp/hard\libcr_c.a(alloc.o)
                              ./drivers/fsl_common.o (malloc)
c:/nxp/mcuxpressoide_11.6.1_8255/ide/plugins/com.nxp.mcuxpresso.tools.win32_11.6.1.202207200623/tools/bin/../lib/gcc/arm-none-eabi/10.3.1/../../../../arm-none-eabi/lib/thumb/v7e-m+dp/hard\libcr_c.a(initio.o)
                              c:/nxp/mcuxpressoide_11.6.1_8255/ide/plugins/com.nxp.mcuxpresso.tools.win32_11.6.1.202207200623/tools/bin/../lib/gcc/arm-none-eabi/10.3.1/../../../../arm-none-eabi/lib/thumb/v7e-m+dp/hard\libcr_nohost_nf.a(_cr__main.o) (_initio)
c:/nxp/mcuxpressoide_11.6.1_8255/ide/plugins/com.nxp.mcuxpresso.tools.win32_11.6.1.202207200623/tools/bin/../lib/gcc/arm-none-eabi/10.3.1/../../../../arm-none-eabi/lib/thumb/v7e-m+dp/hard\libcr_c.a(memcmp.o)
                              ./source/flexspi_romapi.o (memcmp)
c:/nxp/mcuxpressoide_11.6.1_8255/ide/plugins/com.nxp.mcuxpresso.tools.win32_11.6.1.202207200623/tools/bin/../lib/gcc/arm-none-eabi/10.3.1/../../../../arm-none-eabi/lib/thumb/v7e-m+dp/hard\libcr_c.a(setvbuf.o)
                              c:/nxp/mcuxpressoide_11.6.1_8255/ide/plugins/com.nxp.mcuxpresso.tools.win32_11.6.1.202207200623/tools/bin/../lib/gcc/arm-none-eabi/10.3.1/../../../../arm-none-eabi/lib/thumb/v7e-m+dp/hard\libcr_c.a(initio.o) (setvbuf)
c:/nxp/mcuxpressoide_11.6.1_8255/ide/plugins/com.nxp.mcuxpresso.tools.win32_11.6.1.202207200623/tools/bin/../lib/gcc/arm-none-eabi/10.3.1/../../../../arm-none-eabi/lib/thumb/v7e-m+dp/hard\libcr_c.a(strlen.o)
                              ./utilities/fsl_debug_console.o (strlen)
c:/nxp/mcuxpressoide_11.6.1_8255/ide/plugins/com.nxp.mcuxpresso.tools.win32_11.6.1.202207200623/tools/bin/../lib/gcc/arm-none-eabi/10.3.1/../../../../arm-none-eabi/lib/thumb/v7e-m+dp/hard\libcr_c.a(__init_alloc.o)
                              c:/nxp/mcuxpressoide_11.6.1_8255/ide/plugins/com.nxp.mcuxpresso.tools.win32_11.6.1.202207200623/tools/bin/../lib/gcc/arm-none-eabi/10.3.1/../../../../arm-none-eabi/lib/thumb/v7e-m+dp/hard\libcr_c.a(alloc.o) (__heaps)
c:/nxp/mcuxpressoide_11.6.1_8255/ide/plugins/com.nxp.mcuxpresso.tools.win32_11.6.1.202207200623/tools/bin/../lib/gcc/arm-none-eabi/10.3.1/../../../../arm-none-eabi/lib/thumb/v7e-m+dp/hard\libcr_c.a(_cr_sbrk.o)
                              c:/nxp/mcuxpressoide_11.6.1_8255/ide/plugins/com.nxp.mcuxpresso.tools.win32_11.6.1.202207200623/tools/bin/../lib/gcc/arm-none-eabi/10.3.1/../../../../arm-none-eabi/lib/thumb/v7e-m+dp/hard\libcr_c.a(alloc.o) (_sbrk)
c:/nxp/mcuxpressoide_11.6.1_8255/ide/plugins/com.nxp.mcuxpresso.tools.win32_11.6.1.202207200623/tools/bin/../lib/gcc/arm-none-eabi/10.3.1/../../../../arm-none-eabi/lib/thumb/v7e-m+dp/hard\libcr_c.a(_fdopen.o)
                              c:/nxp/mcuxpressoide_11.6.1_8255/ide/plugins/com.nxp.mcuxpresso.tools.win32_11.6.1.202207200623/tools/bin/../lib/gcc/arm-none-eabi/10.3.1/../../../../arm-none-eabi/lib/thumb/v7e-m+dp/hard\libcr_c.a(initio.o) (_fdopen)
c:/nxp/mcuxpressoide_11.6.1_8255/ide/plugins/com.nxp.mcuxpresso.tools.win32_11.6.1.202207200623/tools/bin/../lib/gcc/arm-none-eabi/10.3.1/../../../../arm-none-eabi/lib/thumb/v7e-m+dp/hard\libcr_c.a(errno.o)
                              c:/nxp/mcuxpressoide_11.6.1_8255/ide/plugins/com.nxp.mcuxpresso.tools.win32_11.6.1.202207200623/tools/bin/../lib/gcc/arm-none-eabi/10.3.1/../../../../arm-none-eabi/lib/thumb/v7e-m+dp/hard\libcr_c.a(_cr_sbrk.o) (errno)
c:/nxp/mcuxpressoide_11.6.1_8255/ide/plugins/com.nxp.mcuxpresso.tools.win32_11.6.1.202207200623/tools/bin/../lib/gcc/arm-none-eabi/10.3.1/../../../../arm-none-eabi/lib/thumb/v7e-m+dp/hard\libcr_c.a(fclose.o)
                              c:/nxp/mcuxpressoide_11.6.1_8255/ide/plugins/com.nxp.mcuxpresso.tools.win32_11.6.1.202207200623/tools/bin/../lib/gcc/arm-none-eabi/10.3.1/../../../../arm-none-eabi/lib/thumb/v7e-m+dp/hard\libcr_c.a(initio.o) (fclose)
[...]
Memory Configuration

Name             Origin             Length             Attributes
BOARD_FLASH      0x60000000         0x04000000         xr
SRAM_DTC         0x20000000         0x00020000         xrw
SRAM_ITC         0x00000000         0x00020000         xrw
SRAM_OC          0x20200000         0x00040000         xrw
BOARD_SDRAM      0x80000000         0x01e00000         xrw
NCACHE_REGION    0x81e00000         0x00200000         xrw
*default*        0x00000000         0xffffffff

Linker script and memory map

LOAD ./xip/evkbimxrt1050_flexspi_nor_config.o
LOAD ./xip/fsl_flexspi_nor_boot.o
LOAD ./utilities/fsl_assert.o
LOAD ./utilities/fsl_debug_console.o
LOAD ./startup/startup_mimxrt1052.o
LOAD ./source/flexspi_romapi.o
LOAD ./source/flexspi_romapi_ops.o
LOAD ./source/semihost_hardfault.o
LOAD ./drivers/fsl_cache.o
LOAD ./drivers/fsl_clock.o
LOAD ./drivers/fsl_common.o
LOAD ./drivers/fsl_common_arm.o
LOAD ./drivers/fsl_gpio.o
LOAD ./drivers/fsl_lpuart.o
LOAD ./drivers/fsl_romapi.o
LOAD ./device/system_MIMXRT1052.o
LOAD ./component/uart/fsl_adapter_lpuart.o
LOAD ./component/silicon_id/fsl_silicon_id.o
LOAD ./component/lists/fsl_component_generic_list.o
LOAD ./board/board.o
LOAD ./board/clock_config.o
LOAD ./board/dcd.o
LOAD ./board/pin_mux.o
START GROUP
LOAD c:/nxp/mcuxpressoide_11.6.1_8255/ide/plugins/com.nxp.mcuxpresso.tools.win32_11.6.1.202207200623/tools/bin/../lib/gcc/arm-none-eabi/10.3.1/../../../../arm-none-eabi/lib/thumb/v7e-m+dp/hard\libcr_nohost_nf.a
LOAD c:/nxp/mcuxpressoide_11.6.1_8255/ide/plugins/com.nxp.mcuxpresso.tools.win32_11.6.1.202207200623/tools/bin/../lib/gcc/arm-none-eabi/10.3.1/../../../../arm-none-eabi/lib/thumb/v7e-m+dp/hard\libcr_c.a
LOAD c:/nxp/mcuxpressoide_11.6.1_8255/ide/plugins/com.nxp.mcuxpresso.tools.win32_11.6.1.202207200623/tools/bin/../lib/gcc/arm-none-eabi/10.3.1/thumb/v7e-m+dp/hard\libcr_eabihelpers.a
LOAD c:/nxp/mcuxpressoide_11.6.1_8255/ide/plugins/com.nxp.mcuxpresso.tools.win32_11.6.1.202207200623/tools/bin/../lib/gcc/arm-none-eabi/10.3.1/thumb/v7e-m+dp/hard\libgcc.a
END GROUP
                0x60000000                __base_BOARD_FLASH = 0x60000000
                0x60000000                __base_Flash = 0x60000000
                0x64000000                __top_BOARD_FLASH = 0x64000000
                0x64000000                __top_Flash = 0x64000000
                0x20000000                __base_SRAM_DTC = 0x20000000
                0x20000000                __base_RAM = 0x20000000
                0x20020000                __top_SRAM_DTC = 0x20020000
                0x20020000                __top_RAM = 0x20020000
                0x00000000                __base_SRAM_ITC = 0x0
                0x00000000                __base_RAM2 = 0x0
                0x00020000                __top_SRAM_ITC = 0x20000
                0x00020000                __top_RAM2 = 0x20000
                0x20200000                __base_SRAM_OC = 0x20200000
                0x20200000                __base_RAM3 = 0x20200000
                0x20240000                __top_SRAM_OC = 0x20240000
                0x20240000                __top_RAM3 = 0x20240000
                0x80000000                __base_BOARD_SDRAM = 0x80000000
                0x80000000                __base_RAM4 = 0x80000000
                0x81e00000                __top_BOARD_SDRAM = 0x81e00000
                0x81e00000                __top_RAM4 = 0x81e00000
                0x81e00000                __base_NCACHE_REGION = 0x81e00000
                0x81e00000                __base_RAM5 = 0x81e00000
                0x82000000                __top_NCACHE_REGION = 0x82000000
                0x82000000                __top_RAM5 = 0x82000000

.boot_hdr       0x60000000     0x2000
 FILL mask 0xff
                0x60000000                __boot_hdr_start__ = ABSOLUTE (.)
 *(SORT_BY_ALIGNMENT(.boot_hdr.conf))
 .boot_hdr.conf
                0x60000000      0x200 ./xip/evkbimxrt1050_flexspi_nor_config.o
                0x60000000                hyperflash_config
                0x00001000                . = 0x1000
 *fill*         0x60000200      0xe00 ff
 *(SORT_BY_ALIGNMENT(.boot_hdr.ivt))
 .boot_hdr.ivt  0x60001000       0x20 ./xip/fsl_flexspi_nor_boot.o
                0x60001000                image_vector_table
                0x00001020                . = 0x1020
 *(SORT_BY_ALIGNMENT(.boot_hdr.boot_data))
 .boot_hdr.boot_data
                0x60001020       0x10 ./xip/fsl_flexspi_nor_boot.o
                0x60001020                g_boot_data
                0x00001030                . = 0x1030
 *(SORT_BY_ALIGNMENT(.boot_hdr.dcd_data))
                0x60001030                __boot_hdr_end__ = ABSOLUTE (.)
                0x00002000                . = 0x2000
 *fill*         0x60001030      0xfd0 ff

.text           0x60002000     0x4bc0
 FILL mask 0xff
                0x60002000                __vectors_start__ = ABSOLUTE (.)
 *(SORT_BY_ALIGNMENT(.isr_vector))
 .isr_vector    0x60002000      0x2a0 ./startup/startup_mimxrt1052.o
                0x60002000                g_pfnVectors
                0x60002000                __Vectors
                0x600022a0                . = ALIGN (0x4)
                0x600022a0                __section_table_start = .
                0x600022a0                __data_section_table = .
                0x600022a0        0x4 LONG 0x60006bc0 LOADADDR (.data)
                0x600022a4        0x4 LONG 0x20000000 ADDR (.data)
                0x600022a8        0x4 LONG 0x4 SIZEOF (.data)
                0x600022ac        0x4 LONG 0x60006bc0 LOADADDR (.data_RAM2)
                0x600022b0        0x4 LONG 0x0 ADDR (.data_RAM2)
                0x600022b4        0x4 LONG 0x0 SIZEOF (.data_RAM2)
                0x600022b8        0x4 LONG 0x60006bc0 LOADADDR (.data_RAM3)
                0x600022bc        0x4 LONG 0x20200000 ADDR (.data_RAM3)
                0x600022c0        0x4 LONG 0x0 SIZEOF (.data_RAM3)
                0x600022c4        0x4 LONG 0x60006bc0 LOADADDR (.data_RAM4)
                0x600022c8        0x4 LONG 0x80000000 ADDR (.data_RAM4)
                0x600022cc        0x4 LONG 0x0 SIZEOF (.data_RAM4)
                0x600022d0        0x4 LONG 0x60006bc0 LOADADDR (.data_RAM5)
                0x600022d4        0x4 LONG 0x81e00000 ADDR (.data_RAM5)
                0x600022d8        0x4 LONG 0x0 SIZEOF (.data_RAM5)
                0x600022dc                __data_section_table_end = .
                0x600022dc                __bss_section_table = .
                0x600022dc        0x4 LONG 0x20000004 ADDR (.bss)
                0x600022e0        0x4 LONG 0x6fc SIZEOF (.bss)
                0x600022e4        0x4 LONG 0x0 ADDR (.bss_RAM2)
                0x600022e8        0x4 LONG 0x0 SIZEOF (.bss_RAM2)
                0x600022ec        0x4 LONG 0x20200000 ADDR (.bss_RAM3)
                0x600022f0        0x4 LONG 0x0 SIZEOF (.bss_RAM3)
                0x600022f4        0x4 LONG 0x80000000 ADDR (.bss_RAM4)
                0x600022f8        0x4 LONG 0x0 SIZEOF (.bss_RAM4)
                0x600022fc        0x4 LONG 0x81e00000 ADDR (.bss_RAM5)
                0x60002300        0x4 LONG 0x0 SIZEOF (.bss_RAM5)
                0x60002304                __bss_section_table_end = .
                0x60002304                __section_table_end = .
 *(SORT_BY_ALIGNMENT(.after_vectors*))
 .after_vectors.reset
                0x60002304       0x54 ./startup/startup_mimxrt1052.o
                0x60002304                ResetISR
 .after_vectors.init_data
                0x60002358       0x1e ./startup/startup_mimxrt1052.o
                0x60002358                data_init
 .after_vectors.init_bss
                0x60002376       0x12 ./startup/startup_mimxrt1052.o
                0x60002376                bss_init
 .after_vectors
                0x60002388       0x14 ./startup/startup_mimxrt1052.o
                0x60002388                NMI_Handler
                0x6000238c                MemManage_Handler
                0x6000238e                BusFault_Handler
                0x60002390                UsageFault_Handler
                0x60002392                SVC_Handler
                0x60002394                DebugMon_Handler
                0x60002396                PendSV_Handler
                0x60002398                SysTick_Handler
                0x6000239a                PIT_DriverIRQHandler
                0x6000239a                PMU_EVENT_DriverIRQHandler
                0x6000239a                PWM4_FAULT_DriverIRQHandler
                0x6000239a                DMA13_DMA29_DriverIRQHandler
                0x6000239a                SAI3_RX_DriverIRQHandler
                0x6000239a                LPSPI4_DriverIRQHandler
                0x6000239a                SEMC_DriverIRQHandler
                0x6000239a                SPDIF_DriverIRQHandler
                0x6000239a                CCM_2_DriverIRQHandler
                0x6000239a                PWM4_3_DriverIRQHandler
                0x6000239a                FLEXRAM_DriverIRQHandler
                0x6000239a                LCDIF_DriverIRQHandler
                0x6000239a                USB_PHY1_DriverIRQHandler
                0x6000239a                GPIO3_Combined_0_15_DriverIRQHandler
                0x6000239a                DMA7_DMA23_DriverIRQHandler
                0x6000239a                BEE_DriverIRQHandler
                0x6000239a                LPI2C3_DriverIRQHandler
                0x6000239a                GPR_IRQ_DriverIRQHandler
                0x6000239a                PWM2_FAULT_DriverIRQHandler
                0x6000239a                PWM3_1_DriverIRQHandler
                0x6000239a                DMA14_DMA30_DriverIRQHandler
                0x6000239a                TMR1_DriverIRQHandler
                0x6000239a                TRNG_DriverIRQHandler
                0x6000239a                PWM3_2_DriverIRQHandler
                0x6000239a                ENET_1588_Timer_DriverIRQHandler
                0x6000239a                FLEXIO2_DriverIRQHandler
                0x6000239a                GPIO2_Combined_16_31_DriverIRQHandler
                0x6000239a                Reserved143_DriverIRQHandler
                0x6000239a                LPSPI2_DriverIRQHandler
                0x6000239a                PWM4_1_DriverIRQHandler
                0x6000239a                PWM3_3_DriverIRQHandler
                0x6000239a                DMA0_DMA16_DriverIRQHandler
                0x6000239a                IntDefaultHandler
                0x6000239a                DMA2_DMA18_DriverIRQHandler
                0x6000239a                SRC_DriverIRQHandler
                0x6000239a                GPIO1_INT4_DriverIRQHandler
                0x6000239a                Reserved144_DriverIRQHandler
                0x6000239a                USDHC1_DriverIRQHandler
                0x6000239a                ENC3_DriverIRQHandler
                0x6000239a                PWM3_FAULT_DriverIRQHandler
                0x6000239a                EWM_DriverIRQHandler
                0x6000239a                TSC_DIG_DriverIRQHandler
                0x6000239a                KPP_DriverIRQHandler
                0x6000239a                FLEXIO1_DriverIRQHandler
                0x6000239a                ENET_DriverIRQHandler
                0x6000239a                Reserved78_DriverIRQHandler
                0x6000239a                TMR4_DriverIRQHandler
                0x6000239a                ENC2_DriverIRQHandler
                0x6000239a                ADC_ETC_IRQ2_DriverIRQHandler
                0x6000239a                GPIO1_Combined_16_31_DriverIRQHandler
                0x6000239a                GPIO1_INT7_DriverIRQHandler
                0x6000239a                SAI1_DriverIRQHandler
                0x6000239a                DCDC_DriverIRQHandler
                0x6000239a                DMA12_DMA28_DriverIRQHandler
                0x6000239a                PWM4_0_DriverIRQHandler
                0x6000239a                ADC_ETC_ERROR_IRQ_DriverIRQHandler
                0x6000239a                ACMP2_DriverIRQHandler
                0x6000239a                GPIO5_Combined_0_15_DriverIRQHandler
                0x6000239a                GPIO1_INT0_DriverIRQHandler
                0x6000239a                GPIO1_INT2_DriverIRQHandler
                0x6000239a                RTWDOG_DriverIRQHandler
                0x6000239a                FLEXSPI_DriverIRQHandler
                0x6000239a                GPT2_DriverIRQHandler
                0x6000239a                USB_PHY2_DriverIRQHandler
                0x6000239a                DMA10_DMA26_DriverIRQHandler
                0x6000239a                PWM2_1_DriverIRQHandler
                0x6000239a                PWM1_1_DriverIRQHandler
                0x6000239a                PXP_DriverIRQHandler
                0x6000239a                ADC1_DriverIRQHandler
                0x6000239a                PWM1_0_DriverIRQHandler
                0x6000239a                SJC_DriverIRQHandler
                0x6000239a                DMA1_DMA17_DriverIRQHandler
                0x6000239a                ENC1_DriverIRQHandler
                0x6000239a                ENC4_DriverIRQHandler
                0x6000239a                CAN2_DriverIRQHandler
                0x6000239a                DCP_DriverIRQHandler
                0x6000239a                CTI0_ERROR_DriverIRQHandler
                0x6000239a                DMA8_DMA24_DriverIRQHandler
                0x6000239a                GPT1_DriverIRQHandler
                0x6000239a                ACMP3_DriverIRQHandler
                0x6000239a                DMA6_DMA22_DriverIRQHandler
                0x6000239a                CSU_DriverIRQHandler
                0x6000239a                GPIO1_INT5_DriverIRQHandler
                0x6000239a                TMR3_DriverIRQHandler
                0x6000239a                TMR2_DriverIRQHandler
                0x6000239a                CTI1_ERROR_DriverIRQHandler
                0x6000239a                GPIO1_Combined_0_15_DriverIRQHandler
                0x6000239a                USDHC2_DriverIRQHandler
                0x6000239a                PWM4_2_DriverIRQHandler
                0x6000239a                Reserved87_DriverIRQHandler
                0x6000239a                SAI2_DriverIRQHandler
                0x6000239a                CORE_DriverIRQHandler
                0x6000239a                WDOG1_DriverIRQHandler
                0x6000239a                DMA11_DMA27_DriverIRQHandler
                0x6000239a                CSI_DriverIRQHandler
                0x6000239a                PWM2_3_DriverIRQHandler
                0x6000239a                XBAR1_IRQ_2_3_DriverIRQHandler
                0x6000239a                SNVS_HP_WRAPPER_TZ_DriverIRQHandler
                0x6000239a                GPIO3_Combined_16_31_DriverIRQHandler
                0x6000239a                PWM1_FAULT_DriverIRQHandler
                0x6000239a                LPI2C1_DriverIRQHandler
                0x6000239a                PWM2_2_DriverIRQHandler
                0x6000239a                DMA4_DMA20_DriverIRQHandler
                0x6000239a                DMA9_DMA25_DriverIRQHandler
                0x6000239a                SNVS_HP_WRAPPER_DriverIRQHandler
                0x6000239a                XBAR1_IRQ_0_1_DriverIRQHandler
                0x6000239a                ADC_ETC_IRQ1_DriverIRQHandler
                0x6000239a                LPSPI1_DriverIRQHandler
                0x6000239a                DMA3_DMA19_DriverIRQHandler
                0x6000239a                GPIO1_INT3_DriverIRQHandler
                0x6000239a                DCP_VMI_DriverIRQHandler
                0x6000239a                LPI2C4_DriverIRQHandler
                0x6000239a                GPC_DriverIRQHandler
                0x6000239a                Reserved123_DriverIRQHandler
                0x6000239a                GPIO2_Combined_0_15_DriverIRQHandler
                0x6000239a                PWM1_2_DriverIRQHandler
                0x6000239a                USB_OTG1_DriverIRQHandler
                0x6000239a                TEMP_LOW_HIGH_DriverIRQHandler
                0x6000239a                SAI3_TX_DriverIRQHandler
                0x6000239a                WDOG2_DriverIRQHandler
                0x6000239a                Reserved68_DriverIRQHandler
                0x6000239a                PWM3_0_DriverIRQHandler
                0x6000239a                GPIO4_Combined_0_15_DriverIRQHandler
                0x6000239a                GPIO4_Combined_16_31_DriverIRQHandler
                0x6000239a                GPIO5_Combined_16_31_DriverIRQHandler
                0x6000239a                DMA5_DMA21_DriverIRQHandler
                0x6000239a                CCM_1_DriverIRQHandler
                0x6000239a                ADC2_DriverIRQHandler
                0x6000239a                Reserved115_DriverIRQHandler
                0x6000239a                TEMP_PANIC_DriverIRQHandler
                0x6000239a                ACMP4_DriverIRQHandler
                0x6000239a                DMA15_DMA31_DriverIRQHandler
                0x6000239a                LPSPI3_DriverIRQHandler
                0x6000239a                PWM1_3_DriverIRQHandler
                0x6000239a                ACMP1_DriverIRQHandler
                0x6000239a                LPI2C2_DriverIRQHandler
                0x6000239a                Reserved86_DriverIRQHandler
                0x6000239a                DMA_ERROR_DriverIRQHandler
                0x6000239a                ADC_ETC_IRQ0_DriverIRQHandler
                0x6000239a                CAN1_DriverIRQHandler
                0x6000239a                GPIO1_INT6_DriverIRQHandler
                0x6000239a                GPIO1_INT1_DriverIRQHandler
                0x6000239a                PWM2_0_DriverIRQHandler
                0x6000239a                SNVS_LP_WRAPPER_DriverIRQHandler
                0x6000239a                USB_OTG2_DriverIRQHandler
 *(SORT_BY_ALIGNMENT(.text*))
 .text.__assertion_failed
                0x6000239c       0x18 ./utilities/fsl_assert.o
                0x6000239c                __assertion_failed
 .text.DbgConsole_Init
                0x600023b4       0x74 ./utilities/fsl_debug_console.o
                0x600023b4                DbgConsole_Init
 .text.DbgConsole_Vprintf
                0x60002428       0x3c ./utilities/fsl_debug_console.o
                0x60002428                DbgConsole_Vprintf
 .text.DbgConsole_Putchar
                0x60002464       0x30 ./utilities/fsl_debug_console.o
                0x60002464                DbgConsole_Putchar
 .text.DbgConsole_PrintfFormattedData
                0x60002494      0x3e0 ./utilities/fsl_debug_console.o
 .text.FLEXSPI_NorFlash_GetConfig
                0x60002874      0x328 ./source/flexspi_romapi.o
                0x60002874                FLEXSPI_NorFlash_GetConfig
 .text.error_trap
                0x60002b9c       0x10 ./source/flexspi_romapi.o
                0x60002b9c                error_trap
 .text.app_finalize
                0x60002bac       0x10 ./source/flexspi_romapi.o
                0x60002bac                app_finalize
 .text.get_cache_status
                0x60002bbc       0x50 ./source/flexspi_romapi.o
                0x60002bbc                get_cache_status
 .text.flexspi_nor_handle_cache
                0x60002c0c      0x1d8 ./source/flexspi_romapi.o
                0x60002c0c                flexspi_nor_handle_cache
 .text.main     0x60002de4      0x1e8 ./source/flexspi_romapi.o
                0x60002de4                main
 .text.L1CACHE_InvalidateDCacheByRange
                0x60002fcc       0x68 ./drivers/fsl_cache.o
 .text.CLOCK_GetOscFreq
                0x60003034       0x30 ./drivers/fsl_clock.o
 .text.CLOCK_InitExternalClk
                0x60003064       0x6c ./drivers/fsl_clock.o
                0x60003064                CLOCK_InitExternalClk
 .text.CLOCK_SwitchOsc
                0x600030d0       0x34 ./drivers/fsl_clock.o
                0x600030d0                CLOCK_SwitchOsc
 .text.CLOCK_InitRcOsc24M
                0x60003104       0x24 ./drivers/fsl_clock.o
                0x60003104                CLOCK_InitRcOsc24M
 .text.CLOCK_InitArmPll
                0x60003128       0x68 ./drivers/fsl_clock.o
                0x60003128                CLOCK_InitArmPll
 .text.CLOCK_InitSysPll
                0x60003190       0x9c ./drivers/fsl_clock.o
                0x60003190                CLOCK_InitSysPll
 .text.CLOCK_DeinitUsb2Pll
                0x6000322c       0x18 ./drivers/fsl_clock.o
                0x6000322c                CLOCK_DeinitUsb2Pll
 .text.CLOCK_DeinitAudioPll
                0x60003244       0x1c ./drivers/fsl_clock.o
                0x60003244                CLOCK_DeinitAudioPll
 .text.CLOCK_DeinitEnetPll
                0x60003260       0x1c ./drivers/fsl_clock.o
                0x60003260                CLOCK_DeinitEnetPll
 .text.CLOCK_GetPllFreq
                0x6000327c      0x3a8 ./drivers/fsl_clock.o
                0x6000327c                CLOCK_GetPllFreq
 .text.CLOCK_InitSysPfd
                0x60003624       0x64 ./drivers/fsl_clock.o
                0x60003624                CLOCK_InitSysPfd
 .text.CLOCK_ControlGate
                0x60003688       0x60 ./drivers/fsl_lpuart.o
 .text.LPUART_GetInstance
                0x600036e8       0x4c ./drivers/fsl_lpuart.o
                0x600036e8                LPUART_GetInstance
 .text.LPUART_Init
                0x60003734      0x310 ./drivers/fsl_lpuart.o
                0x60003734                LPUART_Init
 .text.LPUART_GetDefaultConfig
                0x60003a44       0x88 ./drivers/fsl_lpuart.o
                0x60003a44                LPUART_GetDefaultConfig
 .text.LPUART_GetStatusFlags
                0x60003acc       0x38 ./drivers/fsl_lpuart.o
                0x60003acc                LPUART_GetStatusFlags
 .text.LPUART_ClearStatusFlags
                0x60003b04       0x7c ./drivers/fsl_lpuart.o
                0x60003b04                LPUART_ClearStatusFlags
 .text.LPUART_WriteBlocking
                0x60003b80       0x68 ./drivers/fsl_lpuart.o
                0x60003b80                LPUART_WriteBlocking
 .text.LPUART_ReadBlocking
                0x60003be8      0x160 ./drivers/fsl_lpuart.o
                0x60003be8                LPUART_ReadBlocking
 .text.LPUART1_DriverIRQHandler
                0x60003d48       0x28 ./drivers/fsl_lpuart.o
                0x60003d48                LPUART1_DriverIRQHandler
 .text.LPUART2_DriverIRQHandler
                0x60003d70       0x28 ./drivers/fsl_lpuart.o
                0x60003d70                LPUART2_DriverIRQHandler
 .text.LPUART3_DriverIRQHandler
                0x60003d98       0x28 ./drivers/fsl_lpuart.o
                0x60003d98                LPUART3_DriverIRQHandler
 .text.LPUART4_DriverIRQHandler
                0x60003dc0       0x28 ./drivers/fsl_lpuart.o
                0x60003dc0                LPUART4_DriverIRQHandler
 .text.LPUART5_DriverIRQHandler
                0x60003de8       0x28 ./drivers/fsl_lpuart.o
                0x60003de8                LPUART5_DriverIRQHandler
 .text.LPUART6_DriverIRQHandler
                0x60003e10       0x28 ./drivers/fsl_lpuart.o
                0x60003e10                LPUART6_DriverIRQHandler
 .text.LPUART7_DriverIRQHandler
                0x60003e38       0x28 ./drivers/fsl_lpuart.o
                0x60003e38                LPUART7_DriverIRQHandler
 .text.LPUART8_DriverIRQHandler
                0x60003e60       0x28 ./drivers/fsl_lpuart.o
                0x60003e60                LPUART8_DriverIRQHandler
 .text.ROM_FLEXSPI_NorFlash_Init
                0x60003e88       0x28 ./drivers/fsl_romapi.o
                0x60003e88                ROM_FLEXSPI_NorFlash_Init
 .text.ROM_FLEXSPI_NorFlash_ProgramPage
                0x60003eb0       0x30 ./drivers/fsl_romapi.o
                0x60003eb0                ROM_FLEXSPI_NorFlash_ProgramPage
 .text.ROM_FLEXSPI_NorFlash_Erase
                0x60003ee0       0x30 ./drivers/fsl_romapi.o
                0x60003ee0                ROM_FLEXSPI_NorFlash_Erase
 .text.ROM_FLEXSPI_NorFlash_ClearCache
                0x60003f10       0x20 ./drivers/fsl_romapi.o
                0x60003f10                ROM_FLEXSPI_NorFlash_ClearCache
 .text.SystemInit
                0x60003f30      0x144 ./device/system_MIMXRT1052.o
                0x60003f30                SystemInit
 .text.HAL_UartInitCommon
                0x60004074       0xac ./component/uart/fsl_adapter_lpuart.o
 .text.HAL_UartInit
                0x60004120       0x84 ./component/uart/fsl_adapter_lpuart.o
                0x60004120                HAL_UartInit
 .text.HAL_UartReceiveBlocking
                0x600041a4       0x6c ./component/uart/fsl_adapter_lpuart.o
                0x600041a4                HAL_UartReceiveBlocking
 .text.HAL_UartSendBlocking
                0x60004210       0x64 ./component/uart/fsl_adapter_lpuart.o
                0x60004210                HAL_UartSendBlocking
 .text.ARM_MPU_Enable
                0x60004274       0x44 ./board/board.o
 .text.ARM_MPU_Disable
                0x600042b8       0x40 ./board/board.o
 .text.CLOCK_GetMux
                0x600042f8       0x44 ./board/board.o
 .text.CLOCK_GetDiv
                0x6000433c       0x44 ./board/board.o
 .text.CLOCK_GetOscFreq
                0x60004380       0x30 ./board/board.o
 .text.BOARD_DebugConsoleSrcFreq
                0x600043b0       0x64 ./board/board.o
                0x600043b0                BOARD_DebugConsoleSrcFreq
 .text.BOARD_ConfigMPU
                0x60004414      0x324 ./board/board.o
                0x60004414                BOARD_ConfigMPU
 .text.CLOCK_SetMux
                0x60004738       0x9c ./board/clock_config.o
 .text.CLOCK_SetDiv
                0x600047d4       0x9c ./board/clock_config.o
 .text.CLOCK_ControlGate
                0x60004870       0x60 ./board/clock_config.o
 .text.CLOCK_SetXtalFreq
                0x600048d0       0x20 ./board/clock_config.o
 .text.CLOCK_SetRtcXtalFreq
                0x600048f0       0x20 ./board/clock_config.o
 .text.IOMUXC_EnableMode
                0x60004910       0x48 ./board/clock_config.o
 .text.IOMUXC_MQSConfig
                0x60004958       0x44 ./board/clock_config.o
 .text.BOARD_BootClockRUN
                0x6000499c      0x674 ./board/clock_config.o
                0x6000499c                BOARD_BootClockRUN
 .text.CLOCK_ControlGate
                0x60005010       0x60 ./board/pin_mux.o
 .text.BOARD_InitPins
                0x60005070      0x1f0 ./board/pin_mux.o
                0x60005070                BOARD_InitPins
 .text._initio  0x60005260       0x78 c:/nxp/mcuxpressoide_11.6.1_8255/ide/plugins/com.nxp.mcuxpresso.tools.win32_11.6.1.202207200623/tools/bin/../lib/gcc/arm-none-eabi/10.3.1/../../../../arm-none-eabi/lib/thumb/v7e-m+dp/hard\libcr_c.a(initio.o)
                0x60005260                _initio
 .text.fflush   0x600052d8       0x3c c:/nxp/mcuxpressoide_11.6.1_8255/ide/plugins/com.nxp.mcuxpresso.tools.win32_11.6.1.202207200623/tools/bin/../lib/gcc/arm-none-eabi/10.3.1/../../../../arm-none-eabi/lib/thumb/v7e-m+dp/hard\libcr_c.a(fflush.o)
                0x600052d8                fflush
 .text.fseek    0x60005314       0xfc c:/nxp/mcuxpressoide_11.6.1_8255/ide/plugins/com.nxp.mcuxpresso.tools.win32_11.6.1.202207200623/tools/bin/../lib/gcc/arm-none-eabi/10.3.1/../../../../arm-none-eabi/lib/thumb/v7e-m+dp/hard\libcr_c.a(fseek.o)
                0x60005314                fseek
 .text.ftell    0x60005410       0x44 c:/nxp/mcuxpressoide_11.6.1_8255/ide/plugins/com.nxp.mcuxpresso.tools.win32_11.6.1.202207200623/tools/bin/../lib/gcc/arm-none-eabi/10.3.1/../../../../arm-none-eabi/lib/thumb/v7e-m+dp/hard\libcr_c.a(ftell.o)
                0x60005410                ftell
 .text._Cwritebuf
                0x60005454       0x6c c:/nxp/mcuxpressoide_11.6.1_8255/ide/plugins/com.nxp.mcuxpresso.tools.win32_11.6.1.202207200623/tools/bin/../lib/gcc/arm-none-eabi/10.3.1/../../../../arm-none-eabi/lib/thumb/v7e-m+dp/hard\libcr_c.a(_writebuf.o)
                0x60005454                _Cwritebuf
 .text.DbgConsole_Printf
                0x600054c0       0x2c ./utilities/fsl_debug_console.o
                0x600054c0                DbgConsole_Printf
 .text.DbgConsole_PrintfPaddingCharacter
                0x600054ec       0x40 ./utilities/fsl_debug_console.o
 .text.DbgConsole_ConvertRadixNumToString
                0x6000552c       0xc2 ./utilities/fsl_debug_console.o
 .text.DMA0_DMA16_IRQHandler
                0x600055ee        0x8 ./startup/startup_mimxrt1052.o
                0x600055ee                DMA0_DMA16_IRQHandler
 .text.DMA1_DMA17_IRQHandler
                0x600055f6        0x8 ./startup/startup_mimxrt1052.o
                0x600055f6                DMA1_DMA17_IRQHandler
 .text.DMA2_DMA18_IRQHandler
                0x600055fe        0x8 ./startup/startup_mimxrt1052.o
                0x600055fe                DMA2_DMA18_IRQHandler
 .text.DMA3_DMA19_IRQHandler
                0x60005606        0x8 ./startup/startup_mimxrt1052.o
                0x60005606                DMA3_DMA19_IRQHandler
 .text.DMA4_DMA20_IRQHandler
                0x6000560e        0x8 ./startup/startup_mimxrt1052.o
                0x6000560e                DMA4_DMA20_IRQHandler
 .text.DMA5_DMA21_IRQHandler
                0x60005616        0x8 ./startup/startup_mimxrt1052.o
                0x60005616                DMA5_DMA21_IRQHandler
 .text.DMA6_DMA22_IRQHandler
                0x6000561e        0x8 ./startup/startup_mimxrt1052.o
                0x6000561e                DMA6_DMA22_IRQHandler
 .text.DMA7_DMA23_IRQHandler
                0x60005626        0x8 ./startup/startup_mimxrt1052.o
                0x60005626                DMA7_DMA23_IRQHandler
 .text.DMA8_DMA24_IRQHandler
                0x6000562e        0x8 ./startup/startup_mimxrt1052.o
                0x6000562e                DMA8_DMA24_IRQHandler
 .text.DMA9_DMA25_IRQHandler
                0x60005636        0x8 ./startup/startup_mimxrt1052.o
                0x60005636                DMA9_DMA25_IRQHandler
 .text.DMA10_DMA26_IRQHandler
                0x6000563e        0x8 ./startup/startup_mimxrt1052.o
                0x6000563e                DMA10_DMA26_IRQHandler
 .text.DMA11_DMA27_IRQHandler
                0x60005646        0x8 ./startup/startup_mimxrt1052.o
                0x60005646                DMA11_DMA27_IRQHandler
 .text.DMA12_DMA28_IRQHandler
                0x6000564e        0x8 ./startup/startup_mimxrt1052.o
                0x6000564e                DMA12_DMA28_IRQHandler
 .text.DMA13_DMA29_IRQHandler
                0x60005656        0x8 ./startup/startup_mimxrt1052.o
                0x60005656                DMA13_DMA29_IRQHandler
 .text.DMA14_DMA30_IRQHandler
                0x6000565e        0x8 ./startup/startup_mimxrt1052.o
                0x6000565e                DMA14_DMA30_IRQHandler
 .text.DMA15_DMA31_IRQHandler
                0x60005666        0x8 ./startup/startup_mimxrt1052.o
                0x60005666                DMA15_DMA31_IRQHandler
 .text.DMA_ERROR_IRQHandler
                0x6000566e        0x8 ./startup/startup_mimxrt1052.o
                0x6000566e                DMA_ERROR_IRQHandler
 .text.CTI0_ERROR_IRQHandler
                0x60005676        0x8 ./startup/startup_mimxrt1052.o
                0x60005676                CTI0_ERROR_IRQHandler
 .text.CTI1_ERROR_IRQHandler
                0x6000567e        0x8 ./startup/startup_mimxrt1052.o
                0x6000567e                CTI1_ERROR_IRQHandler
 .text.CORE_IRQHandler
                0x60005686        0x8 ./startup/startup_mimxrt1052.o
                0x60005686                CORE_IRQHandler
 .text.LPUART1_IRQHandler
                0x6000568e        0x8 ./startup/startup_mimxrt1052.o
                0x6000568e                LPUART1_IRQHandler
 .text.LPUART2_IRQHandler
                0x60005696        0x8 ./startup/startup_mimxrt1052.o
                0x60005696                LPUART2_IRQHandler
 .text.LPUART3_IRQHandler
                0x6000569e        0x8 ./startup/startup_mimxrt1052.o
                0x6000569e                LPUART3_IRQHandler
 .text.LPUART4_IRQHandler
                0x600056a6        0x8 ./startup/startup_mimxrt1052.o
                0x600056a6                LPUART4_IRQHandler
 .text.LPUART5_IRQHandler
                0x600056ae        0x8 ./startup/startup_mimxrt1052.o
                0x600056ae                LPUART5_IRQHandler
 .text.LPUART6_IRQHandler
                0x600056b6        0x8 ./startup/startup_mimxrt1052.o
                0x600056b6                LPUART6_IRQHandler
 .text.LPUART7_IRQHandler
                0x600056be        0x8 ./startup/startup_mimxrt1052.o
                0x600056be                LPUART7_IRQHandler
 .text.LPUART8_IRQHandler
                0x600056c6        0x8 ./startup/startup_mimxrt1052.o
                0x600056c6                LPUART8_IRQHandler
 .text.LPI2C1_IRQHandler
                0x600056ce        0x8 ./startup/startup_mimxrt1052.o
                0x600056ce                LPI2C1_IRQHandler
 .text.LPI2C2_IRQHandler
                0x600056d6        0x8 ./startup/startup_mimxrt1052.o
                0x600056d6                LPI2C2_IRQHandler
 .text.LPI2C3_IRQHandler
                0x600056de        0x8 ./startup/startup_mimxrt1052.o
                0x600056de                LPI2C3_IRQHandler
 .text.LPI2C4_IRQHandler
                0x600056e6        0x8 ./startup/startup_mimxrt1052.o
                0x600056e6                LPI2C4_IRQHandler
 .text.LPSPI1_IRQHandler
                0x600056ee        0x8 ./startup/startup_mimxrt1052.o
                0x600056ee                LPSPI1_IRQHandler
 .text.LPSPI2_IRQHandler
                0x600056f6        0x8 ./startup/startup_mimxrt1052.o
                0x600056f6                LPSPI2_IRQHandler
 .text.LPSPI3_IRQHandler
                0x600056fe        0x8 ./startup/startup_mimxrt1052.o
                0x600056fe                LPSPI3_IRQHandler
 .text.LPSPI4_IRQHandler
                0x60005706        0x8 ./startup/startup_mimxrt1052.o
                0x60005706                LPSPI4_IRQHandler
 .text.CAN1_IRQHandler
                0x6000570e        0x8 ./startup/startup_mimxrt1052.o
                0x6000570e                CAN1_IRQHandler
 .text.CAN2_IRQHandler
                0x60005716        0x8 ./startup/startup_mimxrt1052.o
                0x60005716                CAN2_IRQHandler
 .text.FLEXRAM_IRQHandler
                0x6000571e        0x8 ./startup/startup_mimxrt1052.o
                0x6000571e                FLEXRAM_IRQHandler
 .text.KPP_IRQHandler
                0x60005726        0x8 ./startup/startup_mimxrt1052.o
                0x60005726                KPP_IRQHandler
 .text.TSC_DIG_IRQHandler
                0x6000572e        0x8 ./startup/startup_mimxrt1052.o
                0x6000572e                TSC_DIG_IRQHandler
 .text.GPR_IRQ_IRQHandler
                0x60005736        0x8 ./startup/startup_mimxrt1052.o
                0x60005736                GPR_IRQ_IRQHandler
 .text.LCDIF_IRQHandler
                0x6000573e        0x8 ./startup/startup_mimxrt1052.o
                0x6000573e                LCDIF_IRQHandler
 .text.CSI_IRQHandler
                0x60005746        0x8 ./startup/startup_mimxrt1052.o
                0x60005746                CSI_IRQHandler
 .text.PXP_IRQHandler
                0x6000574e        0x8 ./startup/startup_mimxrt1052.o
                0x6000574e                PXP_IRQHandler
 .text.WDOG2_IRQHandler
                0x60005756        0x8 ./startup/startup_mimxrt1052.o
                0x60005756                WDOG2_IRQHandler
 .text.SNVS_HP_WRAPPER_IRQHandler
                0x6000575e        0x8 ./startup/startup_mimxrt1052.o
                0x6000575e                SNVS_HP_WRAPPER_IRQHandler
 .text.SNVS_HP_WRAPPER_TZ_IRQHandler
                0x60005766        0x8 ./startup/startup_mimxrt1052.o
                0x60005766                SNVS_HP_WRAPPER_TZ_IRQHandler
 .text.SNVS_LP_WRAPPER_IRQHandler
                0x6000576e        0x8 ./startup/startup_mimxrt1052.o
                0x6000576e                SNVS_LP_WRAPPER_IRQHandler
 .text.CSU_IRQHandler
                0x60005776        0x8 ./startup/startup_mimxrt1052.o
                0x60005776                CSU_IRQHandler
 .text.DCP_IRQHandler
                0x6000577e        0x8 ./startup/startup_mimxrt1052.o
                0x6000577e                DCP_IRQHandler
 .text.DCP_VMI_IRQHandler
                0x60005786        0x8 ./startup/startup_mimxrt1052.o
                0x60005786                DCP_VMI_IRQHandler
 .text.Reserved68_IRQHandler
                0x6000578e        0x8 ./startup/startup_mimxrt1052.o
                0x6000578e                Reserved68_IRQHandler
 .text.TRNG_IRQHandler
                0x60005796        0x8 ./startup/startup_mimxrt1052.o
                0x60005796                TRNG_IRQHandler
 .text.SJC_IRQHandler
                0x6000579e        0x8 ./startup/startup_mimxrt1052.o
                0x6000579e                SJC_IRQHandler
 .text.BEE_IRQHandler
                0x600057a6        0x8 ./startup/startup_mimxrt1052.o
                0x600057a6                BEE_IRQHandler
 .text.SAI1_IRQHandler
                0x600057ae        0x8 ./startup/startup_mimxrt1052.o
                0x600057ae                SAI1_IRQHandler
 .text.SAI2_IRQHandler
                0x600057b6        0x8 ./startup/startup_mimxrt1052.o
                0x600057b6                SAI2_IRQHandler
 .text.SAI3_RX_IRQHandler
                0x600057be        0x8 ./startup/startup_mimxrt1052.o
                0x600057be                SAI3_RX_IRQHandler
 .text.SAI3_TX_IRQHandler
                0x600057c6        0x8 ./startup/startup_mimxrt1052.o
                0x600057c6                SAI3_TX_IRQHandler
 .text.SPDIF_IRQHandler
                0x600057ce        0x8 ./startup/startup_mimxrt1052.o
                0x600057ce                SPDIF_IRQHandler
 .text.PMU_EVENT_IRQHandler
                0x600057d6        0x8 ./startup/startup_mimxrt1052.o
                0x600057d6                PMU_EVENT_IRQHandler
 .text.Reserved78_IRQHandler
                0x600057de        0x8 ./startup/startup_mimxrt1052.o
                0x600057de                Reserved78_IRQHandler
 .text.TEMP_LOW_HIGH_IRQHandler
                0x600057e6        0x8 ./startup/startup_mimxrt1052.o
                0x600057e6                TEMP_LOW_HIGH_IRQHandler
 .text.TEMP_PANIC_IRQHandler
                0x600057ee        0x8 ./startup/startup_mimxrt1052.o
                0x600057ee                TEMP_PANIC_IRQHandler
 .text.USB_PHY1_IRQHandler
                0x600057f6        0x8 ./startup/startup_mimxrt1052.o
                0x600057f6                USB_PHY1_IRQHandler
 .text.USB_PHY2_IRQHandler
                0x600057fe        0x8 ./startup/startup_mimxrt1052.o
                0x600057fe                USB_PHY2_IRQHandler
 .text.ADC1_IRQHandler
                0x60005806        0x8 ./startup/startup_mimxrt1052.o
                0x60005806                ADC1_IRQHandler
 .text.ADC2_IRQHandler
                0x6000580e        0x8 ./startup/startup_mimxrt1052.o
                0x6000580e                ADC2_IRQHandler
 .text.DCDC_IRQHandler
                0x60005816        0x8 ./startup/startup_mimxrt1052.o
                0x60005816                DCDC_IRQHandler
 .text.Reserved86_IRQHandler
                0x6000581e        0x8 ./startup/startup_mimxrt1052.o
                0x6000581e                Reserved86_IRQHandler
 .text.Reserved87_IRQHandler
                0x60005826        0x8 ./startup/startup_mimxrt1052.o
                0x60005826                Reserved87_IRQHandler
 .text.GPIO1_INT0_IRQHandler
                0x6000582e        0x8 ./startup/startup_mimxrt1052.o
                0x6000582e                GPIO1_INT0_IRQHandler
 .text.GPIO1_INT1_IRQHandler
                0x60005836        0x8 ./startup/startup_mimxrt1052.o
                0x60005836                GPIO1_INT1_IRQHandler
 .text.GPIO1_INT2_IRQHandler
                0x6000583e        0x8 ./startup/startup_mimxrt1052.o
                0x6000583e                GPIO1_INT2_IRQHandler
 .text.GPIO1_INT3_IRQHandler
                0x60005846        0x8 ./startup/startup_mimxrt1052.o
                0x60005846                GPIO1_INT3_IRQHandler
 .text.GPIO1_INT4_IRQHandler
                0x6000584e        0x8 ./startup/startup_mimxrt1052.o
                0x6000584e                GPIO1_INT4_IRQHandler
 .text.GPIO1_INT5_IRQHandler
                0x60005856        0x8 ./startup/startup_mimxrt1052.o
                0x60005856                GPIO1_INT5_IRQHandler
 .text.GPIO1_INT6_IRQHandler
                0x6000585e        0x8 ./startup/startup_mimxrt1052.o
                0x6000585e                GPIO1_INT6_IRQHandler
 .text.GPIO1_INT7_IRQHandler
                0x60005866        0x8 ./startup/startup_mimxrt1052.o
                0x60005866                GPIO1_INT7_IRQHandler
 .text.GPIO1_Combined_0_15_IRQHandler
                0x6000586e        0x8 ./startup/startup_mimxrt1052.o
                0x6000586e                GPIO1_Combined_0_15_IRQHandler
 .text.GPIO1_Combined_16_31_IRQHandler
                0x60005876        0x8 ./startup/startup_mimxrt1052.o
                0x60005876                GPIO1_Combined_16_31_IRQHandler
 .text.GPIO2_Combined_0_15_IRQHandler
                0x6000587e        0x8 ./startup/startup_mimxrt1052.o
                0x6000587e                GPIO2_Combined_0_15_IRQHandler
 .text.GPIO2_Combined_16_31_IRQHandler
                0x60005886        0x8 ./startup/startup_mimxrt1052.o
                0x60005886                GPIO2_Combined_16_31_IRQHandler
 .text.GPIO3_Combined_0_15_IRQHandler
                0x6000588e        0x8 ./startup/startup_mimxrt1052.o
                0x6000588e                GPIO3_Combined_0_15_IRQHandler
 .text.GPIO3_Combined_16_31_IRQHandler
                0x60005896        0x8 ./startup/startup_mimxrt1052.o
                0x60005896                GPIO3_Combined_16_31_IRQHandler
 .text.GPIO4_Combined_0_15_IRQHandler
                0x6000589e        0x8 ./startup/startup_mimxrt1052.o
                0x6000589e                GPIO4_Combined_0_15_IRQHandler
 .text.GPIO4_Combined_16_31_IRQHandler
                0x600058a6        0x8 ./startup/startup_mimxrt1052.o
                0x600058a6                GPIO4_Combined_16_31_IRQHandler
 .text.GPIO5_Combined_0_15_IRQHandler
                0x600058ae        0x8 ./startup/startup_mimxrt1052.o
                0x600058ae                GPIO5_Combined_0_15_IRQHandler
 .text.GPIO5_Combined_16_31_IRQHandler
                0x600058b6        0x8 ./startup/startup_mimxrt1052.o
                0x600058b6                GPIO5_Combined_16_31_IRQHandler
 .text.FLEXIO1_IRQHandler
                0x600058be        0x8 ./startup/startup_mimxrt1052.o
                0x600058be                FLEXIO1_IRQHandler
 .text.FLEXIO2_IRQHandler
                0x600058c6        0x8 ./startup/startup_mimxrt1052.o
                0x600058c6                FLEXIO2_IRQHandler
 .text.WDOG1_IRQHandler
                0x600058ce        0x8 ./startup/startup_mimxrt1052.o
                0x600058ce                WDOG1_IRQHandler
 .text.RTWDOG_IRQHandler
                0x600058d6        0x8 ./startup/startup_mimxrt1052.o
                0x600058d6                RTWDOG_IRQHandler
 .text.EWM_IRQHandler
                0x600058de        0x8 ./startup/startup_mimxrt1052.o
                0x600058de                EWM_IRQHandler
 .text.CCM_1_IRQHandler
                0x600058e6        0x8 ./startup/startup_mimxrt1052.o
                0x600058e6                CCM_1_IRQHandler
 .text.CCM_2_IRQHandler
                0x600058ee        0x8 ./startup/startup_mimxrt1052.o
                0x600058ee                CCM_2_IRQHandler
 .text.GPC_IRQHandler
                0x600058f6        0x8 ./startup/startup_mimxrt1052.o
                0x600058f6                GPC_IRQHandler
 .text.SRC_IRQHandler
                0x600058fe        0x8 ./startup/startup_mimxrt1052.o
                0x600058fe                SRC_IRQHandler
 .text.Reserved115_IRQHandler
                0x60005906        0x8 ./startup/startup_mimxrt1052.o
                0x60005906                Reserved115_IRQHandler
 .text.GPT1_IRQHandler
                0x6000590e        0x8 ./startup/startup_mimxrt1052.o
                0x6000590e                GPT1_IRQHandler
 .text.GPT2_IRQHandler
                0x60005916        0x8 ./startup/startup_mimxrt1052.o
                0x60005916                GPT2_IRQHandler
 .text.PWM1_0_IRQHandler
                0x6000591e        0x8 ./startup/startup_mimxrt1052.o
                0x6000591e                PWM1_0_IRQHandler
 .text.PWM1_1_IRQHandler
                0x60005926        0x8 ./startup/startup_mimxrt1052.o
                0x60005926                PWM1_1_IRQHandler
 .text.PWM1_2_IRQHandler
                0x6000592e        0x8 ./startup/startup_mimxrt1052.o
                0x6000592e                PWM1_2_IRQHandler
 .text.PWM1_3_IRQHandler
                0x60005936        0x8 ./startup/startup_mimxrt1052.o
                0x60005936                PWM1_3_IRQHandler
 .text.PWM1_FAULT_IRQHandler
                0x6000593e        0x8 ./startup/startup_mimxrt1052.o
                0x6000593e                PWM1_FAULT_IRQHandler
 .text.Reserved123_IRQHandler
                0x60005946        0x8 ./startup/startup_mimxrt1052.o
                0x60005946                Reserved123_IRQHandler
 .text.FLEXSPI_IRQHandler
                0x6000594e        0x8 ./startup/startup_mimxrt1052.o
                0x6000594e                FLEXSPI_IRQHandler
 .text.SEMC_IRQHandler
                0x60005956        0x8 ./startup/startup_mimxrt1052.o
                0x60005956                SEMC_IRQHandler
 .text.USDHC1_IRQHandler
                0x6000595e        0x8 ./startup/startup_mimxrt1052.o
                0x6000595e                USDHC1_IRQHandler
 .text.USDHC2_IRQHandler
                0x60005966        0x8 ./startup/startup_mimxrt1052.o
                0x60005966                USDHC2_IRQHandler
 .text.USB_OTG2_IRQHandler
                0x6000596e        0x8 ./startup/startup_mimxrt1052.o
                0x6000596e                USB_OTG2_IRQHandler
 .text.USB_OTG1_IRQHandler
                0x60005976        0x8 ./startup/startup_mimxrt1052.o
                0x60005976                USB_OTG1_IRQHandler
 .text.ENET_IRQHandler
                0x6000597e        0x8 ./startup/startup_mimxrt1052.o
                0x6000597e                ENET_IRQHandler
 .text.ENET_1588_Timer_IRQHandler
                0x60005986        0x8 ./startup/startup_mimxrt1052.o
                0x60005986                ENET_1588_Timer_IRQHandler
 .text.XBAR1_IRQ_0_1_IRQHandler
                0x6000598e        0x8 ./startup/startup_mimxrt1052.o
                0x6000598e                XBAR1_IRQ_0_1_IRQHandler
 .text.XBAR1_IRQ_2_3_IRQHandler
                0x60005996        0x8 ./startup/startup_mimxrt1052.o
                0x60005996                XBAR1_IRQ_2_3_IRQHandler
 .text.ADC_ETC_IRQ0_IRQHandler
                0x6000599e        0x8 ./startup/startup_mimxrt1052.o
                0x6000599e                ADC_ETC_IRQ0_IRQHandler
 .text.ADC_ETC_IRQ1_IRQHandler
                0x600059a6        0x8 ./startup/startup_mimxrt1052.o
                0x600059a6                ADC_ETC_IRQ1_IRQHandler
 .text.ADC_ETC_IRQ2_IRQHandler
                0x600059ae        0x8 ./startup/startup_mimxrt1052.o
                0x600059ae                ADC_ETC_IRQ2_IRQHandler
 .text.ADC_ETC_ERROR_IRQ_IRQHandler
                0x600059b6        0x8 ./startup/startup_mimxrt1052.o
                0x600059b6                ADC_ETC_ERROR_IRQ_IRQHandler
 .text.PIT_IRQHandler
                0x600059be        0x8 ./startup/startup_mimxrt1052.o
                0x600059be                PIT_IRQHandler
 .text.ACMP1_IRQHandler
                0x600059c6        0x8 ./startup/startup_mimxrt1052.o
                0x600059c6                ACMP1_IRQHandler
 .text.ACMP2_IRQHandler
                0x600059ce        0x8 ./startup/startup_mimxrt1052.o
                0x600059ce                ACMP2_IRQHandler
 .text.ACMP3_IRQHandler
                0x600059d6        0x8 ./startup/startup_mimxrt1052.o
                0x600059d6                ACMP3_IRQHandler
 .text.ACMP4_IRQHandler
                0x600059de        0x8 ./startup/startup_mimxrt1052.o
                0x600059de                ACMP4_IRQHandler
 .text.Reserved143_IRQHandler
                0x600059e6        0x8 ./startup/startup_mimxrt1052.o
                0x600059e6                Reserved143_IRQHandler
 .text.Reserved144_IRQHandler
                0x600059ee        0x8 ./startup/startup_mimxrt1052.o
                0x600059ee                Reserved144_IRQHandler
 .text.ENC1_IRQHandler
                0x600059f6        0x8 ./startup/startup_mimxrt1052.o
                0x600059f6                ENC1_IRQHandler
 .text.ENC2_IRQHandler
                0x600059fe        0x8 ./startup/startup_mimxrt1052.o
                0x600059fe                ENC2_IRQHandler
 .text.ENC3_IRQHandler
                0x60005a06        0x8 ./startup/startup_mimxrt1052.o
                0x60005a06                ENC3_IRQHandler
 .text.ENC4_IRQHandler
                0x60005a0e        0x8 ./startup/startup_mimxrt1052.o
                0x60005a0e                ENC4_IRQHandler
 .text.TMR1_IRQHandler
                0x60005a16        0x8 ./startup/startup_mimxrt1052.o
                0x60005a16                TMR1_IRQHandler
 .text.TMR2_IRQHandler
                0x60005a1e        0x8 ./startup/startup_mimxrt1052.o
                0x60005a1e                TMR2_IRQHandler
 .text.TMR3_IRQHandler
                0x60005a26        0x8 ./startup/startup_mimxrt1052.o
                0x60005a26                TMR3_IRQHandler
 .text.TMR4_IRQHandler
                0x60005a2e        0x8 ./startup/startup_mimxrt1052.o
                0x60005a2e                TMR4_IRQHandler
 .text.PWM2_0_IRQHandler
                0x60005a36        0x8 ./startup/startup_mimxrt1052.o
                0x60005a36                PWM2_0_IRQHandler
 .text.PWM2_1_IRQHandler
                0x60005a3e        0x8 ./startup/startup_mimxrt1052.o
                0x60005a3e                PWM2_1_IRQHandler
 .text.PWM2_2_IRQHandler
                0x60005a46        0x8 ./startup/startup_mimxrt1052.o
                0x60005a46                PWM2_2_IRQHandler
 .text.PWM2_3_IRQHandler
                0x60005a4e        0x8 ./startup/startup_mimxrt1052.o
                0x60005a4e                PWM2_3_IRQHandler
 .text.PWM2_FAULT_IRQHandler
                0x60005a56        0x8 ./startup/startup_mimxrt1052.o
                0x60005a56                PWM2_FAULT_IRQHandler
 .text.PWM3_0_IRQHandler
                0x60005a5e        0x8 ./startup/startup_mimxrt1052.o
                0x60005a5e                PWM3_0_IRQHandler
 .text.PWM3_1_IRQHandler
                0x60005a66        0x8 ./startup/startup_mimxrt1052.o
                0x60005a66                PWM3_1_IRQHandler
 .text.PWM3_2_IRQHandler
                0x60005a6e        0x8 ./startup/startup_mimxrt1052.o
                0x60005a6e                PWM3_2_IRQHandler
 .text.PWM3_3_IRQHandler
                0x60005a76        0x8 ./startup/startup_mimxrt1052.o
                0x60005a76                PWM3_3_IRQHandler
 .text.PWM3_FAULT_IRQHandler
                0x60005a7e        0x8 ./startup/startup_mimxrt1052.o
                0x60005a7e                PWM3_FAULT_IRQHandler
 .text.PWM4_0_IRQHandler
                0x60005a86        0x8 ./startup/startup_mimxrt1052.o
                0x60005a86                PWM4_0_IRQHandler
 .text.PWM4_1_IRQHandler
                0x60005a8e        0x8 ./startup/startup_mimxrt1052.o
                0x60005a8e                PWM4_1_IRQHandler
 .text.PWM4_2_IRQHandler
                0x60005a96        0x8 ./startup/startup_mimxrt1052.o
                0x60005a96                PWM4_2_IRQHandler
 .text.PWM4_3_IRQHandler
                0x60005a9e        0x8 ./startup/startup_mimxrt1052.o
                0x60005a9e                PWM4_3_IRQHandler
 .text.PWM4_FAULT_IRQHandler
                0x60005aa6        0x8 ./startup/startup_mimxrt1052.o
                0x60005aa6                PWM4_FAULT_IRQHandler
 .text.HardFault_Handler
                0x60005aae       0x2c ./source/semihost_hardfault.o
                0x60005aae                HardFault_Handler
 .text.DCACHE_InvalidateByRange
                0x60005ada       0x1a ./drivers/fsl_cache.o
                0x60005ada                DCACHE_InvalidateByRange
 .text.CLOCK_IsPllBypassed
                0x60005af4       0x32 ./drivers/fsl_clock.o
 .text.CLOCK_IsPllEnabled
                0x60005b26       0x3c ./drivers/fsl_clock.o
 .text.CLOCK_GetPllBypassRefClk
                0x60005b62       0x34 ./drivers/fsl_clock.o
 .text._SDK_AtomicLocalClearAndSet4Byte
                0x60005b96       0x50 ./drivers/fsl_lpuart.o
 .text.CLOCK_EnableClock
                0x60005be6       0x1e ./drivers/fsl_lpuart.o
 .text.LPUART_SoftwareReset
                0x60005c04       0x2c ./drivers/fsl_lpuart.o
 .text.SystemInitHook
                0x60005c30        0xe ./device/system_MIMXRT1052.o
                0x60005c30                SystemInitHook
 .text.HAL_UartGetStatus
                0x60005c3e       0x28 ./component/uart/fsl_adapter_lpuart.o
 .text.BOARD_InitDebugConsole
                0x60005c66       0x22 ./board/board.o
                0x60005c66                BOARD_InitDebugConsole
 .text._SDK_AtomicLocalClearAndSet4Byte
                0x60005c88       0x50 ./board/clock_config.o
 .text.CLOCK_DisableClock
                0x60005cd8       0x1e ./board/clock_config.o
 .text.CLOCK_SetPllBypass
                0x60005cf6       0x4e ./board/clock_config.o
 .text.IOMUXC_SetSaiMClkClockSource
                0x60005d44       0x6c ./board/clock_config.o
 .text.BOARD_InitBootClocks
                0x60005db0        0xc ./board/clock_config.o
                0x60005db0                BOARD_InitBootClocks
 .text._SDK_AtomicLocalClearAndSet4Byte
                0x60005dbc       0x50 ./board/pin_mux.o
 .text.CLOCK_EnableClock
                0x60005e0c       0x1e ./board/pin_mux.o
 .text.IOMUXC_SetPinMux
                0x60005e2a       0x3a ./board/pin_mux.o
 .text.IOMUXC_SetPinConfig
                0x60005e64       0x26 ./board/pin_mux.o
 .text.BOARD_InitBootPins
                0x60005e8a        0xc ./board/pin_mux.o
                0x60005e8a                BOARD_InitBootPins
 .text.__main   0x60005e96        0xe c:/nxp/mcuxpressoide_11.6.1_8255/ide/plugins/com.nxp.mcuxpresso.tools.win32_11.6.1.202207200623/tools/bin/../lib/gcc/arm-none-eabi/10.3.1/../../../../arm-none-eabi/lib/thumb/v7e-m+dp/hard\libcr_nohost_nf.a(_cr__main.o)
                0x60005e96                __main
 .text.memcpy   0x60005ea4        0x4 c:/nxp/mcuxpressoide_11.6.1_8255/ide/plugins/com.nxp.mcuxpresso.tools.win32_11.6.1.202207200623/tools/bin/../lib/gcc/arm-none-eabi/10.3.1/../../../../arm-none-eabi/lib/thumb/v7e-m+dp/hard\libcr_c.a(memcpy.o)
                0x60005ea4                memcpy
 .text.memset   0x60005ea8        0x4 c:/nxp/mcuxpressoide_11.6.1_8255/ide/plugins/com.nxp.mcuxpresso.tools.win32_11.6.1.202207200623/tools/bin/../lib/gcc/arm-none-eabi/10.3.1/../../../../arm-none-eabi/lib/thumb/v7e-m+dp/hard\libcr_c.a(memset.o)
                0x60005ea8                memset
 .text.free     0x60005eac       0x30 c:/nxp/mcuxpressoide_11.6.1_8255/ide/plugins/com.nxp.mcuxpresso.tools.win32_11.6.1.202207200623/tools/bin/../lib/gcc/arm-none-eabi/10.3.1/../../../../arm-none-eabi/lib/thumb/v7e-m+dp/hard\libcr_c.a(alloc.o)
                0x60005eac                free
 .text.memcmp   0x60005edc       0x40 c:/nxp/mcuxpressoide_11.6.1_8255/ide/plugins/com.nxp.mcuxpresso.tools.win32_11.6.1.202207200623/tools/bin/../lib/gcc/arm-none-eabi/10.3.1/../../../../arm-none-eabi/lib/thumb/v7e-m+dp/hard\libcr_c.a(memcmp.o)
                0x60005edc                memcmp
 .text.setvbuf  0x60005f1c       0x3e c:/nxp/mcuxpressoide_11.6.1_8255/ide/plugins/com.nxp.mcuxpresso.tools.win32_11.6.1.202207200623/tools/bin/../lib/gcc/arm-none-eabi/10.3.1/../../../../arm-none-eabi/lib/thumb/v7e-m+dp/hard\libcr_c.a(setvbuf.o)
                0x60005f1c                setvbuf
 .text.strlen   0x60005f5a       0x48 c:/nxp/mcuxpressoide_11.6.1_8255/ide/plugins/com.nxp.mcuxpresso.tools.win32_11.6.1.202207200623/tools/bin/../lib/gcc/arm-none-eabi/10.3.1/../../../../arm-none-eabi/lib/thumb/v7e-m+dp/hard\libcr_c.a(strlen.o)
                0x60005f5a                strlen
 .text._fdopen  0x60005fa2       0x68 c:/nxp/mcuxpressoide_11.6.1_8255/ide/plugins/com.nxp.mcuxpresso.tools.win32_11.6.1.202207200623/tools/bin/../lib/gcc/arm-none-eabi/10.3.1/../../../../arm-none-eabi/lib/thumb/v7e-m+dp/hard\libcr_c.a(_fdopen.o)
                0x60005fa2                _fdopen
 .text.fclose   0x6000600a       0x58 c:/nxp/mcuxpressoide_11.6.1_8255/ide/plugins/com.nxp.mcuxpresso.tools.win32_11.6.1.202207200623/tools/bin/../lib/gcc/arm-none-eabi/10.3.1/../../../../arm-none-eabi/lib/thumb/v7e-m+dp/hard\libcr_c.a(fclose.o)
                0x6000600a                fclose
 .text.remove   0x60006062       0x14 c:/nxp/mcuxpressoide_11.6.1_8255/ide/plugins/com.nxp.mcuxpresso.tools.win32_11.6.1.202207200623/tools/bin/../lib/gcc/arm-none-eabi/10.3.1/../../../../arm-none-eabi/lib/thumb/v7e-m+dp/hard\libcr_c.a(remove.o)
                0x60006062                remove
 .text._do_fflush
                0x60006076       0x40 c:/nxp/mcuxpressoide_11.6.1_8255/ide/plugins/com.nxp.mcuxpresso.tools.win32_11.6.1.202207200623/tools/bin/../lib/gcc/arm-none-eabi/10.3.1/../../../../arm-none-eabi/lib/thumb/v7e-m+dp/hard\libcr_c.a(_do_fflush.o)
                0x60006076                _do_fflush
 .text._fflush  0x600060b6       0x52 c:/nxp/mcuxpressoide_11.6.1_8255/ide/plugins/com.nxp.mcuxpresso.tools.win32_11.6.1.202207200623/tools/bin/../lib/gcc/arm-none-eabi/10.3.1/../../../../arm-none-eabi/lib/thumb/v7e-m+dp/hard\libcr_c.a(_fflush.o)
                0x600060b6                _fflush
 .text._deferredlazyseek
                0x60006108       0x40 c:/nxp/mcuxpressoide_11.6.1_8255/ide/plugins/com.nxp.mcuxpresso.tools.win32_11.6.1.202207200623/tools/bin/../lib/gcc/arm-none-eabi/10.3.1/../../../../arm-none-eabi/lib/thumb/v7e-m+dp/hard\libcr_c.a(_deferredlazyseek.o)
                0x60006108                _deferredlazyseek
 .text.__aeabi_memcpy
                0x60006148       0x34 c:/nxp/mcuxpressoide_11.6.1_8255/ide/plugins/com.nxp.mcuxpresso.tools.win32_11.6.1.202207200623/tools/bin/../lib/gcc/arm-none-eabi/10.3.1/thumb/v7e-m+dp/hard\libcr_eabihelpers.a(memcpy.o)
                0x60006148                __aeabi_memcpy
                0x60006152                __aeabi_memcpy8
                0x60006152                __aeabi_memcpy4
 .text.__aeabi_memset_lowlevel
                0x6000617c       0x32 c:/nxp/mcuxpressoide_11.6.1_8255/ide/plugins/com.nxp.mcuxpresso.tools.win32_11.6.1.202207200623/tools/bin/../lib/gcc/arm-none-eabi/10.3.1/thumb/v7e-m+dp/hard\libcr_eabihelpers.a(memcpy.o)
                0x6000617c                __aeabi_lowlevel_memset
 .text.__sys_close
                0x600061ae        0x6 c:/nxp/mcuxpressoide_11.6.1_8255/ide/plugins/com.nxp.mcuxpresso.tools.win32_11.6.1.202207200623/tools/bin/../lib/gcc/arm-none-eabi/10.3.1/../../../../arm-none-eabi/lib/thumb/v7e-m+dp/hard\libcr_nohost_nf.a(__sys_close.o)
                0x600061ae                __sys_close
 .text.__sys_flen
                0x600061b4        0x6 c:/nxp/mcuxpressoide_11.6.1_8255/ide/plugins/com.nxp.mcuxpresso.tools.win32_11.6.1.202207200623/tools/bin/../lib/gcc/arm-none-eabi/10.3.1/../../../../arm-none-eabi/lib/thumb/v7e-m+dp/hard\libcr_nohost_nf.a(__sys_flen.o)
                0x600061b4                __sys_flen
 .text.__sys_istty
                0x600061ba        0x6 c:/nxp/mcuxpressoide_11.6.1_8255/ide/plugins/com.nxp.mcuxpresso.tools.win32_11.6.1.202207200623/tools/bin/../lib/gcc/arm-none-eabi/10.3.1/../../../../arm-none-eabi/lib/thumb/v7e-m+dp/hard\libcr_nohost_nf.a(__sys_istty.o)
                0x600061ba                __sys_istty
 .text.__sys_remove
                0x600061c0        0x6 c:/nxp/mcuxpressoide_11.6.1_8255/ide/plugins/com.nxp.mcuxpresso.tools.win32_11.6.1.202207200623/tools/bin/../lib/gcc/arm-none-eabi/10.3.1/../../../../arm-none-eabi/lib/thumb/v7e-m+dp/hard\libcr_nohost_nf.a(__sys_remove.o)
                0x600061c0                __sys_remove
 .text.__sys_seek
                0x600061c6        0x6 c:/nxp/mcuxpressoide_11.6.1_8255/ide/plugins/com.nxp.mcuxpresso.tools.win32_11.6.1.202207200623/tools/bin/../lib/gcc/arm-none-eabi/10.3.1/../../../../arm-none-eabi/lib/thumb/v7e-m+dp/hard\libcr_nohost_nf.a(__sys_seek.o)
                0x600061c6                __sys_seek
 .text.__sys_tmpnam
                0x600061cc        0x6 c:/nxp/mcuxpressoide_11.6.1_8255/ide/plugins/com.nxp.mcuxpresso.tools.win32_11.6.1.202207200623/tools/bin/../lib/gcc/arm-none-eabi/10.3.1/../../../../arm-none-eabi/lib/thumb/v7e-m+dp/hard\libcr_nohost_nf.a(__sys_tmpnam.o)
                0x600061cc                __sys_tmpnam
 .text.__sys_write
                0x600061d2        0x4 c:/nxp/mcuxpressoide_11.6.1_8255/ide/plugins/com.nxp.mcuxpresso.tools.win32_11.6.1.202207200623/tools/bin/../lib/gcc/arm-none-eabi/10.3.1/../../../../arm-none-eabi/lib/thumb/v7e-m+dp/hard\libcr_nohost_nf.a(__sys_write.o)
                0x600061d2                __sys_write
 *(SORT_BY_ALIGNMENT(.rodata) SORT_BY_ALIGNMENT(.rodata.*) SORT_BY_ALIGNMENT(.constdata) SORT_BY_ALIGNMENT(.constdata.*))
 *fill*         0x600061d6        0x2 ff
 .rodata.__assertion_failed.str1.4
                0x600061d8       0x14 ./utilities/fsl_assert.o
 .rodata.error_trap.str1.4
                0x600061ec       0x32 ./source/flexspi_romapi.o
 *fill*         0x6000621e        0x2 ff
 .rodata.app_finalize.str1.4
                0x60006220       0x22 ./source/flexspi_romapi.o
 *fill*         0x60006242        0x2 ff
 .rodata.main.str1.4
                0x60006244      0x281 ./source/flexspi_romapi.o
 *fill*         0x600064c5        0x3 ff
 .rodata.CLOCK_InitExternalClk.str1.4
                0x600064c8       0x21 ./drivers/fsl_clock.o
 *fill*         0x600064e9        0x3 ff
 .rodata.CLOCK_GetPllFreq.str1.4
                0x600064ec       0x6d ./drivers/fsl_clock.o
 *fill*         0x60006559        0x3 ff
 .rodata.enetRefClkFreq.1
                0x6000655c       0x10 ./drivers/fsl_clock.o
 .rodata.CLOCK_ControlGate.str1.4
                0x6000656c       0x20 ./drivers/fsl_lpuart.o
 .rodata.s_lpuartBases
                0x6000658c       0x24 ./drivers/fsl_lpuart.o
 .rodata.s_lpuartClock
                0x600065b0       0x12 ./drivers/fsl_lpuart.o
 *fill*         0x600065c2        0x2 ff
 .rodata.LPUART_GetInstance.str1.4
                0x600065c4       0x38 ./drivers/fsl_lpuart.o
 .rodata.LPUART_Init.str1.4
                0x600065fc      0x10a ./drivers/fsl_lpuart.o
 *fill*         0x60006706        0x2 ff
 .rodata.LPUART_GetDefaultConfig.str1.4
                0x60006708       0x22 ./drivers/fsl_lpuart.o
 *fill*         0x6000672a        0x2 ff
 .rodata.LPUART_WriteBlocking.str1.4
                0x6000672c       0x20 ./drivers/fsl_lpuart.o
 .rodata.LPUART_ReadBlocking.str1.4
                0x6000674c       0x20 ./drivers/fsl_lpuart.o
 .rodata.s_LpuartAdapterBase
                0x6000676c       0x24 ./component/uart/fsl_adapter_lpuart.o
 .rodata.HAL_UartInit.str1.4
                0x60006790      0x105 ./component/uart/fsl_adapter_lpuart.o
 *fill*         0x60006895        0x3 ff
 .rodata.HAL_UartReceiveBlocking.str1.4
                0x60006898       0x7b ./component/uart/fsl_adapter_lpuart.o
 *fill*         0x60006913        0x1 ff
 .rodata.HAL_UartSendBlocking.str1.4
                0x60006914       0x7b ./component/uart/fsl_adapter_lpuart.o
 *fill*         0x6000698f        0x1 ff
 .rodata.BOARD_ConfigMPU.str1.4
                0x60006990       0x69 ./board/board.o
 *fill*         0x600069f9        0x3 ff
 .rodata.CLOCK_SetMux.str1.4
                0x600069fc       0x8e ./board/clock_config.o
 *fill*         0x60006a8a        0x2 ff
 .rodata.CLOCK_SetDiv.str1.4
                0x60006a8c       0x8e ./board/clock_config.o
 *fill*         0x60006b1a        0x2 ff
 .rodata.CLOCK_ControlGate.str1.4
                0x60006b1c       0x7d ./board/clock_config.o
 *fill*         0x60006b99        0x3 ff
 .rodata.armPllConfig_BOARD_BootClockRUN
                0x60006b9c        0x8 ./board/clock_config.o
                0x60006b9c                armPllConfig_BOARD_BootClockRUN
 .rodata.sysPllConfig_BOARD_BootClockRUN
                0x60006ba4       0x14 ./board/clock_config.o
                0x60006ba4                sysPllConfig_BOARD_BootClockRUN
 .rodata.CLOCK_ControlGate.str1.4
                0x60006bb8       0x7d ./board/pin_mux.o
 .rodata.__num_Ciob_streams
                0x60006bb8        0x4 c:/nxp/mcuxpressoide_11.6.1_8255/ide/plugins/com.nxp.mcuxpresso.tools.win32_11.6.1.202207200623/tools/bin/../lib/gcc/arm-none-eabi/10.3.1/../../../../arm-none-eabi/lib/thumb/v7e-m+dp/hard\libcr_nohost_nf.a(__ciob.o)
                0x60006bb8                __num_Ciob_streams
 .rodata._initio.str1.1
                0x60006bbc        0x4 c:/nxp/mcuxpressoide_11.6.1_8255/ide/plugins/com.nxp.mcuxpresso.tools.win32_11.6.1.202207200623/tools/bin/../lib/gcc/arm-none-eabi/10.3.1/../../../../arm-none-eabi/lib/thumb/v7e-m+dp/hard\libcr_c.a(initio.o)
                0x60006c38                . = ALIGN (0x4)
                0x60006bc0                _etext = .

.glue_7         0x60006bc0        0x0
 .glue_7        0x60006bc0        0x0 linker stubs

.glue_7t        0x60006bc0        0x0
 .glue_7t       0x60006bc0        0x0 linker stubs

.vfp11_veneer   0x60006bc0        0x0
 .vfp11_veneer  0x60006bc0        0x0 linker stubs

.v4_bx          0x60006bc0        0x0
 .v4_bx         0x60006bc0        0x0 linker stubs

.iplt           0x60006bc0        0x0
 .iplt          0x60006bc0        0x0 ./xip/fsl_flexspi_nor_boot.o

.rel.dyn        0x60006bc0        0x0
 .rel.iplt      0x60006bc0        0x0 ./xip/fsl_flexspi_nor_boot.o

.data_RAM2      0x00000000        0x0 load address 0x60006bc0
 FILL mask 0xff
                [!provide]                PROVIDE (__start_data_RAM2 = .)
                [!provide]                PROVIDE (__start_data_SRAM_ITC = .)
 *(SORT_BY_ALIGNMENT(.ramfunc.$RAM2))
 *(SORT_BY_ALIGNMENT(.ramfunc.$SRAM_ITC))
 *(SORT_BY_ALIGNMENT(.data.$RAM2))
 *(SORT_BY_ALIGNMENT(.data.$SRAM_ITC))
 *(SORT_BY_ALIGNMENT(.data.$RAM2.*))
 *(SORT_BY_ALIGNMENT(.data.$SRAM_ITC.*))
                0x00000000                . = ALIGN (0x4)
                [!provide]                PROVIDE (__end_data_RAM2 = .)
                [!provide]                PROVIDE (__end_data_SRAM_ITC = .)

.data_RAM3      0x20200000        0x0 load address 0x60006bc0
 FILL mask 0xff
                [!provide]                PROVIDE (__start_data_RAM3 = .)
                [!provide]                PROVIDE (__start_data_SRAM_OC = .)
 *(SORT_BY_ALIGNMENT(.ramfunc.$RAM3))
 *(SORT_BY_ALIGNMENT(.ramfunc.$SRAM_OC))
 *(SORT_BY_ALIGNMENT(.data.$RAM3))
 *(SORT_BY_ALIGNMENT(.data.$SRAM_OC))
 *(SORT_BY_ALIGNMENT(.data.$RAM3.*))
 *(SORT_BY_ALIGNMENT(.data.$SRAM_OC.*))
                0x20200000                . = ALIGN (0x4)
                [!provide]                PROVIDE (__end_data_RAM3 = .)
                [!provide]                PROVIDE (__end_data_SRAM_OC = .)

.data_RAM4      0x80000000        0x0 load address 0x60006bc0
 FILL mask 0xff
                [!provide]                PROVIDE (__start_data_RAM4 = .)
                [!provide]                PROVIDE (__start_data_BOARD_SDRAM = .)
 *(SORT_BY_ALIGNMENT(.ramfunc.$RAM4))
 *(SORT_BY_ALIGNMENT(.ramfunc.$BOARD_SDRAM))
 *(SORT_BY_ALIGNMENT(.data.$RAM4))
 *(SORT_BY_ALIGNMENT(.data.$BOARD_SDRAM))
 *(SORT_BY_ALIGNMENT(.data.$RAM4.*))
 *(SORT_BY_ALIGNMENT(.data.$BOARD_SDRAM.*))
                0x80000000                . = ALIGN (0x4)
                [!provide]                PROVIDE (__end_data_RAM4 = .)
                [!provide]                PROVIDE (__end_data_BOARD_SDRAM = .)

.data_RAM5      0x81e00000        0x0 load address 0x60006bc0
 FILL mask 0xff
                [!provide]                PROVIDE (__start_data_RAM5 = .)
                [!provide]                PROVIDE (__start_data_NCACHE_REGION = .)
 *(SORT_BY_ALIGNMENT(.ramfunc.$RAM5))
 *(SORT_BY_ALIGNMENT(.ramfunc.$NCACHE_REGION))
 *(SORT_BY_ALIGNMENT(.data.$RAM5))
 *(SORT_BY_ALIGNMENT(.data.$NCACHE_REGION))
 *(SORT_BY_ALIGNMENT(.data.$RAM5.*))
 *(SORT_BY_ALIGNMENT(.data.$NCACHE_REGION.*))
                0x81e00000                . = ALIGN (0x4)
                [!provide]                PROVIDE (__end_data_RAM5 = .)
                [!provide]                PROVIDE (__end_data_NCACHE_REGION = .)

.uninit_RESERVED
                0x20000000        0x0
                0x20000000                _start_uninit_RESERVED = .
 *(SORT_BY_ALIGNMENT(.bss.$RESERVED*))
                0x20000000                . = ALIGN (0x4)
                0x20000000                _end_uninit_RESERVED = .

.data           0x20000000        0x4 load address 0x60006bc0
 FILL mask 0xff
                0x20000000                _data = .
                [!provide]                PROVIDE (__start_data_RAM = .)
                [!provide]                PROVIDE (__start_data_SRAM_DTC = .)
 *(SORT_BY_ALIGNMENT(vtable))
 *(SORT_BY_ALIGNMENT(.ramfunc*))
 *(SORT_BY_ALIGNMENT(CodeQuickAccess))
 *(SORT_BY_ALIGNMENT(DataQuickAccess))
 *(SORT_BY_ALIGNMENT(RamFunction))
 *(SORT_BY_ALIGNMENT(NonCacheable.init))
 *(SORT_BY_ALIGNMENT(.data*))
 .data.SystemCoreClock
                0x20000000        0x4 ./device/system_MIMXRT1052.o
                0x20000000                SystemCoreClock
                0x20000004                . = ALIGN (0x4)
                0x20000004                _edata = .
                [!provide]                PROVIDE (__end_data_RAM = .)
                [!provide]                PROVIDE (__end_data_SRAM_DTC = .)

.igot.plt       0x20000004        0x0 load address 0x60006bc4
 .igot.plt      0x20000004        0x0 ./xip/fsl_flexspi_nor_boot.o

.bss_RAM2       0x00000000        0x0
                [!provide]                PROVIDE (__start_bss_RAM2 = .)
                [!provide]                PROVIDE (__start_bss_SRAM_ITC = .)
 *(SORT_BY_ALIGNMENT(.bss.$RAM2))
 *(SORT_BY_ALIGNMENT(.bss.$SRAM_ITC))
 *(SORT_BY_ALIGNMENT(.bss.$RAM2.*))
 *(SORT_BY_ALIGNMENT(.bss.$SRAM_ITC.*))
                0x00000000                . = ALIGN ((. != 0x0)?0x4:0x1)
                [!provide]                PROVIDE (__end_bss_RAM2 = .)
                [!provide]                PROVIDE (__end_bss_SRAM_ITC = .)

.bss_RAM3       0x20200000        0x0
                [!provide]                PROVIDE (__start_bss_RAM3 = .)
                [!provide]                PROVIDE (__start_bss_SRAM_OC = .)
 *(SORT_BY_ALIGNMENT(.bss.$RAM3))
 *(SORT_BY_ALIGNMENT(.bss.$SRAM_OC))
 *(SORT_BY_ALIGNMENT(.bss.$RAM3.*))
 *(SORT_BY_ALIGNMENT(.bss.$SRAM_OC.*))
                0x20200000                . = ALIGN ((. != 0x0)?0x4:0x1)
                [!provide]                PROVIDE (__end_bss_RAM3 = .)
                [!provide]                PROVIDE (__end_bss_SRAM_OC = .)

.bss_RAM4       0x80000000        0x0
                [!provide]                PROVIDE (__start_bss_RAM4 = .)
                [!provide]                PROVIDE (__start_bss_BOARD_SDRAM = .)
 *(SORT_BY_ALIGNMENT(.bss.$RAM4))
 *(SORT_BY_ALIGNMENT(.bss.$BOARD_SDRAM))
 *(SORT_BY_ALIGNMENT(.bss.$RAM4.*))
 *(SORT_BY_ALIGNMENT(.bss.$BOARD_SDRAM.*))
                0x80000000                . = ALIGN ((. != 0x0)?0x4:0x1)
                [!provide]                PROVIDE (__end_bss_RAM4 = .)
                [!provide]                PROVIDE (__end_bss_BOARD_SDRAM = .)

.bss_RAM5       0x81e00000        0x0
                [!provide]                PROVIDE (__start_bss_RAM5 = .)
                [!provide]                PROVIDE (__start_bss_NCACHE_REGION = .)
 *(SORT_BY_ALIGNMENT(.bss.$RAM5))
 *(SORT_BY_ALIGNMENT(.bss.$NCACHE_REGION))
 *(SORT_BY_ALIGNMENT(.bss.$RAM5.*))
 *(SORT_BY_ALIGNMENT(.bss.$NCACHE_REGION.*))
                0x81e00000                . = ALIGN ((. != 0x0)?0x4:0x1)
                [!provide]                PROVIDE (__end_bss_RAM5 = .)
                [!provide]                PROVIDE (__end_bss_NCACHE_REGION = .)

.bss            0x20000004      0x6fc
                0x20000004                _bss = .
                [!provide]                PROVIDE (__start_bss_RAM = .)
                [!provide]                PROVIDE (__start_bss_SRAM_DTC = .)
 *(SORT_BY_ALIGNMENT(NonCacheable))
 *(SORT_BY_ALIGNMENT(.bss*))
 .bss.s_debugConsole
                0x20000004       0x14 ./utilities/fsl_debug_console.o
 .bss.norConfig
                0x20000018      0x200 ./source/flexspi_romapi.o
 .bss.s_buffer  0x20000218      0x200 ./source/flexspi_romapi.o
 .bss.s_buffer_rbc
                0x20000418      0x200 ./source/flexspi_romapi.o
 .bss.g_xtalFreq
                0x20000618        0x4 ./drivers/fsl_clock.o
                0x20000618                g_xtalFreq
 .bss.g_rtcXtalFreq
                0x2000061c        0x4 ./drivers/fsl_clock.o
                0x2000061c                g_rtcXtalFreq
 .bss.s_lpuartHandle
                0x20000620       0x24 ./drivers/fsl_lpuart.o
                0x20000620                s_lpuartHandle
 .bss.s_lpuartIsr
                0x20000644        0x4 ./drivers/fsl_lpuart.o
                0x20000644                s_lpuartIsr
 .bss.errno     0x20000648        0x4 c:/nxp/mcuxpressoide_11.6.1_8255/ide/plugins/com.nxp.mcuxpresso.tools.win32_11.6.1.202207200623/tools/bin/../lib/gcc/arm-none-eabi/10.3.1/../../../../arm-none-eabi/lib/thumb/v7e-m+dp/hard\libcr_c.a(errno.o)
                0x20000648                errno
 .bss.__Ciob    0x2000064c       0xb4 c:/nxp/mcuxpressoide_11.6.1_8255/ide/plugins/com.nxp.mcuxpresso.tools.win32_11.6.1.202207200623/tools/bin/../lib/gcc/arm-none-eabi/10.3.1/../../../../arm-none-eabi/lib/thumb/v7e-m+dp/hard\libcr_nohost_nf.a(__ciob.o)
                0x2000064c                __Ciob
 *(SORT_BY_ALIGNMENT(COMMON))
                0x20000700                . = ALIGN (0x4)
                0x20000700                _ebss = .
                [!provide]                PROVIDE (__end_bss_RAM = .)
                [!provide]                PROVIDE (__end_bss_SRAM_DTC = .)
                [!provide]                PROVIDE (end = .)

.noinit_RAM2    0x00000000        0x0
                [!provide]                PROVIDE (__start_noinit_RAM2 = .)
                [!provide]                PROVIDE (__start_noinit_SRAM_ITC = .)
 *(SORT_BY_ALIGNMENT(.noinit.$RAM2))
 *(SORT_BY_ALIGNMENT(.noinit.$SRAM_ITC))
 *(SORT_BY_ALIGNMENT(.noinit.$RAM2.*))
 *(SORT_BY_ALIGNMENT(.noinit.$SRAM_ITC.*))
                0x00000000                . = ALIGN (0x4)
                [!provide]                PROVIDE (__end_noinit_RAM2 = .)
                [!provide]                PROVIDE (__end_noinit_SRAM_ITC = .)

.noinit_RAM3    0x20200000        0x0
                [!provide]                PROVIDE (__start_noinit_RAM3 = .)
                [!provide]                PROVIDE (__start_noinit_SRAM_OC = .)
 *(SORT_BY_ALIGNMENT(.noinit.$RAM3))
 *(SORT_BY_ALIGNMENT(.noinit.$SRAM_OC))
 *(SORT_BY_ALIGNMENT(.noinit.$RAM3.*))
 *(SORT_BY_ALIGNMENT(.noinit.$SRAM_OC.*))
                0x20200000                . = ALIGN (0x4)
                [!provide]                PROVIDE (__end_noinit_RAM3 = .)
                [!provide]                PROVIDE (__end_noinit_SRAM_OC = .)

.noinit_RAM4    0x80000000        0x0
                [!provide]                PROVIDE (__start_noinit_RAM4 = .)
                [!provide]                PROVIDE (__start_noinit_BOARD_SDRAM = .)
 *(SORT_BY_ALIGNMENT(.noinit.$RAM4))
 *(SORT_BY_ALIGNMENT(.noinit.$BOARD_SDRAM))
 *(SORT_BY_ALIGNMENT(.noinit.$RAM4.*))
 *(SORT_BY_ALIGNMENT(.noinit.$BOARD_SDRAM.*))
                0x80000000                . = ALIGN (0x4)
                [!provide]                PROVIDE (__end_noinit_RAM4 = .)
                [!provide]                PROVIDE (__end_noinit_BOARD_SDRAM = .)

.noinit_RAM5    0x81e00000        0x0
                [!provide]                PROVIDE (__start_noinit_RAM5 = .)
                [!provide]                PROVIDE (__start_noinit_NCACHE_REGION = .)
 *(SORT_BY_ALIGNMENT(.noinit.$RAM5))
 *(SORT_BY_ALIGNMENT(.noinit.$NCACHE_REGION))
 *(SORT_BY_ALIGNMENT(.noinit.$RAM5.*))
 *(SORT_BY_ALIGNMENT(.noinit.$NCACHE_REGION.*))
                0x81e00000                . = ALIGN (0x4)
                [!provide]                PROVIDE (__end_noinit_RAM5 = .)
                [!provide]                PROVIDE (__end_noinit_NCACHE_REGION = .)

.noinit         0x20000700        0x0
                0x20000700                _noinit = .
                [!provide]                PROVIDE (__start_noinit_RAM = .)
                [!provide]                PROVIDE (__start_noinit_SRAM_DTC = .)
 *(SORT_BY_ALIGNMENT(.noinit*))
                0x20000700                . = ALIGN (0x4)
                0x20000700                _end_noinit = .
                [!provide]                PROVIDE (__end_noinit_RAM = .)
                [!provide]                PROVIDE (__end_noinit_SRAM_DTC = .)

.ARM.extab
 *(SORT_BY_ALIGNMENT(.ARM.extab*) SORT_BY_ALIGNMENT(.gnu.linkonce.armextab.*))

.ARM.exidx      0x60006bc4        0x0
                0x60006bc4                __exidx_start = .
 *(SORT_BY_ALIGNMENT(.ARM.exidx*) SORT_BY_ALIGNMENT(.gnu.linkonce.armexidx.*))
                0x60006bc4                __exidx_end = .
                0x00001000                _HeapSize = 0x1000

.heap           0x20000700     0x1000
                0x20000700                _pvHeapStart = .
                0x20001700                . = (. + _HeapSize)
 *fill*         0x20000700     0x1000 
                0x20001700                . = ALIGN (0x4)
                0x20001700                _pvHeapLimit = .
                0x00001000                _StackSize = 0x1000

.heap2stackfill
                0x20001700     0x1000
                0x20002700                . = (. + _StackSize)
 *fill*         0x20001700     0x1000 

.stack          0x2001f000        0x0
                0x2001f000                _vStackBase = .
                0x2001f000                . = ALIGN (0x4)
                0x20020000                _vStackTop = (. + _StackSize)
                0x60002000                _image_start = LOADADDR (.text)
                0x60006bc4                _image_end = (LOADADDR (.data) + SIZEOF (.data))
                0x00004bc4                _image_size = (_image_end - _image_start)
OUTPUT(evkbimxrt1050_fsl_romapi.axf elf32-littlearm)
LOAD linker stubs

.debug_info     0x00000000     0xe0a2
 .debug_info    0x00000000      0x842 ./xip/evkbimxrt1050_flexspi_nor_config.o
 .debug_info    0x00000842      0x46a ./xip/fsl_flexspi_nor_boot.o
 .debug_info    0x00000cac       0xb1 ./utilities/fsl_assert.o
 .debug_info    0x00000d5d      0xcf2 ./utilities/fsl_debug_console.o
 .debug_info    0x00001a4f      0xdcb ./startup/startup_mimxrt1052.o
 .debug_info    0x0000281a     0x1118 ./source/flexspi_romapi.o
 .debug_info    0x00003932       0x3c ./source/semihost_hardfault.o
 .debug_info    0x0000396e      0x8aa ./drivers/fsl_cache.o
 .debug_info    0x00004218     0x24d5 ./drivers/fsl_clock.o
 .debug_info    0x000066ed     0x267c ./drivers/fsl_lpuart.o
 .debug_info    0x00008d69      0x9bf ./drivers/fsl_romapi.o
 .debug_info    0x00009728      0xc5a ./device/system_MIMXRT1052.o
 .debug_info    0x0000a382      0xaf2 ./component/uart/fsl_adapter_lpuart.o
 .debug_info    0x0000ae74      0xfaa ./board/board.o
 .debug_info    0x0000be1e     0x19ca ./board/clock_config.o
 .debug_info    0x0000d7e8      0x8ba ./board/pin_mux.o

.debug_abbrev   0x00000000     0x1e69
 .debug_abbrev  0x00000000      0x10a ./xip/evkbimxrt1050_flexspi_nor_config.o
 .debug_abbrev  0x0000010a       0xe2 ./xip/fsl_flexspi_nor_boot.o
 .debug_abbrev  0x000001ec       0x66 ./utilities/fsl_assert.o
 .debug_abbrev  0x00000252      0x24b ./utilities/fsl_debug_console.o
 .debug_abbrev  0x0000049d      0x152 ./startup/startup_mimxrt1052.o
 .debug_abbrev  0x000005ef      0x29b ./source/flexspi_romapi.o
 .debug_abbrev  0x0000088a       0x31 ./source/semihost_hardfault.o
 .debug_abbrev  0x000008bb      0x1c6 ./drivers/fsl_cache.o
 .debug_abbrev  0x00000a81      0x33b ./drivers/fsl_clock.o
 .debug_abbrev  0x00000dbc      0x468 ./drivers/fsl_lpuart.o
 .debug_abbrev  0x00001224      0x1bc ./drivers/fsl_romapi.o
 .debug_abbrev  0x000013e0      0x16e ./device/system_MIMXRT1052.o
 .debug_abbrev  0x0000154e      0x1ad ./component/uart/fsl_adapter_lpuart.o
 .debug_abbrev  0x000016fb      0x2ab ./board/board.o
 .debug_abbrev  0x000019a6      0x2b5 ./board/clock_config.o
 .debug_abbrev  0x00001c5b      0x20e ./board/pin_mux.o

.debug_aranges  0x00000000      0xc08
 .debug_aranges
                0x00000000       0x18 ./xip/evkbimxrt1050_flexspi_nor_config.o
 .debug_aranges
                0x00000018       0x18 ./xip/fsl_flexspi_nor_boot.o
 .debug_aranges
                0x00000030       0x20 ./utilities/fsl_assert.o
 .debug_aranges
                0x00000050       0x78 ./utilities/fsl_debug_console.o
 .debug_aranges
                0x000000c8      0x540 ./startup/startup_mimxrt1052.o
 .debug_aranges
                0x00000608       0x48 ./source/flexspi_romapi.o
 .debug_aranges
                0x00000650       0x20 ./source/semihost_hardfault.o
 .debug_aranges
                0x00000670       0x58 ./drivers/fsl_cache.o
 .debug_aranges
                0x000006c8      0x1b0 ./drivers/fsl_clock.o
 .debug_aranges
                0x00000878      0x188 ./drivers/fsl_lpuart.o
 .debug_aranges
                0x00000a00       0x58 ./drivers/fsl_romapi.o
 .debug_aranges
                0x00000a58       0x30 ./device/system_MIMXRT1052.o
 .debug_aranges
                0x00000a88       0x58 ./component/uart/fsl_adapter_lpuart.o
 .debug_aranges
                0x00000ae0       0x58 ./board/board.o
 .debug_aranges
                0x00000b38       0x80 ./board/clock_config.o
 .debug_aranges
                0x00000bb8       0x50 ./board/pin_mux.o

.debug_macro    0x00000000    0x2b2d8
 .debug_macro   0x00000000      0x142 ./xip/evkbimxrt1050_flexspi_nor_config.o
 .debug_macro   0x00000142      0xacc ./xip/evkbimxrt1050_flexspi_nor_config.o
 .debug_macro   0x00000c0e       0x10 ./xip/evkbimxrt1050_flexspi_nor_config.o
 .debug_macro   0x00000c1e      0x12e ./xip/evkbimxrt1050_flexspi_nor_config.o
 .debug_macro   0x00000d4c      0x5b4 ./xip/evkbimxrt1050_flexspi_nor_config.o
 .debug_macro   0x00001300       0x22 ./xip/evkbimxrt1050_flexspi_nor_config.o
 .debug_macro   0x00001322       0x16 ./xip/evkbimxrt1050_flexspi_nor_config.o
 .debug_macro   0x00001338       0x22 ./xip/evkbimxrt1050_flexspi_nor_config.o
 .debug_macro   0x0000135a       0x10 ./xip/evkbimxrt1050_flexspi_nor_config.o
 .debug_macro   0x0000136a       0x4d ./xip/evkbimxrt1050_flexspi_nor_config.o
 .debug_macro   0x000013b7       0x1c ./xip/evkbimxrt1050_flexspi_nor_config.o
 .debug_macro   0x000013d3       0x22 ./xip/evkbimxrt1050_flexspi_nor_config.o
 .debug_macro   0x000013f5       0xfb ./xip/evkbimxrt1050_flexspi_nor_config.o
 .debug_macro   0x000014f0     0x1313 ./xip/evkbimxrt1050_flexspi_nor_config.o
 .debug_macro   0x00002803      0x11f ./xip/evkbimxrt1050_flexspi_nor_config.o
 .debug_macro   0x00002922       0x22 ./xip/evkbimxrt1050_flexspi_nor_config.o
 .debug_macro   0x00002944       0x22 ./xip/evkbimxrt1050_flexspi_nor_config.o
 .debug_macro   0x00002966    0x24b4f ./xip/evkbimxrt1050_flexspi_nor_config.o
 .debug_macro   0x000274b5      0x86b ./xip/evkbimxrt1050_flexspi_nor_config.o
 .debug_macro   0x00027d20       0x7a ./xip/evkbimxrt1050_flexspi_nor_config.o
 .debug_macro   0x00027d9a       0xaf ./xip/evkbimxrt1050_flexspi_nor_config.o
 .debug_macro   0x00027e49      0x24e ./xip/evkbimxrt1050_flexspi_nor_config.o
 .debug_macro   0x00028097      0x1a4 ./xip/evkbimxrt1050_flexspi_nor_config.o
 .debug_macro   0x0002823b      0x167 ./xip/fsl_flexspi_nor_boot.o
 .debug_macro   0x000283a2      0x130 ./xip/fsl_flexspi_nor_boot.o
 .debug_macro   0x000284d2       0x10 ./xip/fsl_flexspi_nor_boot.o
 .debug_macro   0x000284e2      0x16c ./xip/fsl_flexspi_nor_boot.o
 .debug_macro   0x0002864e       0x7c ./xip/fsl_flexspi_nor_boot.o
 .debug_macro   0x000286ca      0x13e ./utilities/fsl_assert.o
 .debug_macro   0x00028808       0x1c ./utilities/fsl_assert.o
 .debug_macro   0x00028824       0x1c ./utilities/fsl_assert.o
 .debug_macro   0x00028840       0x1c ./utilities/fsl_assert.o
 .debug_macro   0x0002885c       0x34 ./utilities/fsl_assert.o
 .debug_macro   0x00028890      0x164 ./utilities/fsl_debug_console.o
 .debug_macro   0x000289f4       0x16 ./utilities/fsl_debug_console.o
 .debug_macro   0x00028a0a       0x10 ./utilities/fsl_debug_console.o
 .debug_macro   0x00028a1a       0x28 ./utilities/fsl_debug_console.o
 .debug_macro   0x00028a42       0xc4 ./utilities/fsl_debug_console.o
 .debug_macro   0x00028b06       0x16 ./utilities/fsl_debug_console.o
 .debug_macro   0x00028b1c       0x46 ./utilities/fsl_debug_console.o
 .debug_macro   0x00028b62       0x29 ./startup/startup_mimxrt1052.o
 .debug_macro   0x00028b8b      0x1c4 ./source/flexspi_romapi.o
 .debug_macro   0x00028d4f      0x1af ./source/flexspi_romapi.o
 .debug_macro   0x00028efe       0x10 ./source/flexspi_romapi.o
 .debug_macro   0x00028f0e       0x11 ./source/semihost_hardfault.o
 .debug_macro   0x00028f1f      0x13d ./drivers/fsl_cache.o
 .debug_macro   0x0002905c      0x12d ./drivers/fsl_clock.o
 .debug_macro   0x00029189      0x13c ./drivers/fsl_lpuart.o
 .debug_macro   0x000292c5       0x10 ./drivers/fsl_lpuart.o
 .debug_macro   0x000292d5      0x148 ./drivers/fsl_romapi.o
 .debug_macro   0x0002941d       0xb3 ./device/system_MIMXRT1052.o
 .debug_macro   0x000294d0      0x155 ./component/uart/fsl_adapter_lpuart.o
 .debug_macro   0x00029625       0x40 ./component/uart/fsl_adapter_lpuart.o
 .debug_macro   0x00029665      0x16c ./board/board.o
 .debug_macro   0x000297d1     0x1764 ./board/board.o
 .debug_macro   0x0002af35      0x13f ./board/clock_config.o
 .debug_macro   0x0002b074      0x12a ./board/clock_config.o
 .debug_macro   0x0002b19e      0x13a ./board/pin_mux.o

.debug_line     0x00000000     0x8084
 .debug_line    0x00000000      0x3e4 ./xip/evkbimxrt1050_flexspi_nor_config.o
 .debug_line    0x000003e4      0x452 ./xip/fsl_flexspi_nor_boot.o
 .debug_line    0x00000836      0x3ec ./utilities/fsl_assert.o
 .debug_line    0x00000c22      0xca4 ./utilities/fsl_debug_console.o
 .debug_line    0x000018c6      0xf45 ./startup/startup_mimxrt1052.o
 .debug_line    0x0000280b      0x886 ./source/flexspi_romapi.o
 .debug_line    0x00003091       0x59 ./source/semihost_hardfault.o
 .debug_line    0x000030ea      0x551 ./drivers/fsl_cache.o
 .debug_line    0x0000363b     0x11ab ./drivers/fsl_clock.o
 .debug_line    0x000047e6     0x1443 ./drivers/fsl_lpuart.o
 .debug_line    0x00005c29      0x45e ./drivers/fsl_romapi.o
 .debug_line    0x00006087      0x4fa ./device/system_MIMXRT1052.o
 .debug_line    0x00006581      0x590 ./component/uart/fsl_adapter_lpuart.o
 .debug_line    0x00006b11      0x884 ./board/board.o
 .debug_line    0x00007395      0x7f4 ./board/clock_config.o
 .debug_line    0x00007b89      0x4fb ./board/pin_mux.o

.debug_str      0x00000000   0x15a541
 .debug_str     0x00000000   0x141d73 ./xip/evkbimxrt1050_flexspi_nor_config.o
                             0x141eed (size before relaxing)
 .debug_str     0x00141d73     0x159e ./xip/fsl_flexspi_nor_boot.o
                             0x142619 (size before relaxing)
 .debug_str     0x00143311      0x1e1 ./utilities/fsl_assert.o
                             0x1408db (size before relaxing)
 .debug_str     0x001434f2      0xdd4 ./utilities/fsl_debug_console.o
                             0x142062 (size before relaxing)
 .debug_str     0x001442c6      0xdb3 ./startup/startup_mimxrt1052.o
                               0x3c46 (size before relaxing)
 .debug_str     0x00145079     0x110f ./source/flexspi_romapi.o
                             0x1439ac (size before relaxing)
 .debug_str     0x00146188       0x1f ./source/semihost_hardfault.o
                               0x2e4e (size before relaxing)
 .debug_str     0x001461a7      0x1b7 ./drivers/fsl_cache.o
                             0x140a71 (size before relaxing)
 .debug_str     0x0014635e     0x1a54 ./drivers/fsl_clock.o
                             0x142b91 (size before relaxing)
 .debug_str     0x00147db2     0x21a2 ./drivers/fsl_lpuart.o
                             0x1434f2 (size before relaxing)
 .debug_str     0x00149f54      0x39e ./drivers/fsl_romapi.o
                             0x14172c (size before relaxing)
 .debug_str     0x0014a2f2       0xbc ./device/system_MIMXRT1052.o
                             0x13dd02 (size before relaxing)
 .debug_str     0x0014a3ae      0x152 ./component/uart/fsl_adapter_lpuart.o
                             0x141ae8 (size before relaxing)
 .debug_str     0x0014a500     0xfb6d ./board/board.o
                             0x151f02 (size before relaxing)
 .debug_str     0x0015a06d      0x425 ./board/clock_config.o
                             0x15288f (size before relaxing)
 .debug_str     0x0015a492       0xaf ./board/pin_mux.o
                             0x150a05 (size before relaxing)

.comment        0x00000000       0x49
 .comment       0x00000000       0x49 ./xip/evkbimxrt1050_flexspi_nor_config.o
                                 0x4a (size before relaxing)
 .comment       0x00000049       0x4a ./xip/fsl_flexspi_nor_boot.o
 .comment       0x00000049       0x4a ./utilities/fsl_assert.o
 .comment       0x00000049       0x4a ./utilities/fsl_debug_console.o
 .comment       0x00000049       0x4a ./startup/startup_mimxrt1052.o
 .comment       0x00000049       0x4a ./source/flexspi_romapi.o
 .comment       0x00000049       0x4a ./source/semihost_hardfault.o
 .comment       0x00000049       0x4a ./drivers/fsl_cache.o
 .comment       0x00000049       0x4a ./drivers/fsl_clock.o
 .comment       0x00000049       0x4a ./drivers/fsl_lpuart.o
 .comment       0x00000049       0x4a ./drivers/fsl_romapi.o
 .comment       0x00000049       0x4a ./device/system_MIMXRT1052.o
 .comment       0x00000049       0x4a ./component/uart/fsl_adapter_lpuart.o
 .comment       0x00000049       0x4a ./board/board.o
 .comment       0x00000049       0x4a ./board/clock_config.o
 .comment       0x00000049       0x4a ./board/pin_mux.o
 .comment       0x00000049       0x4a c:/nxp/mcuxpressoide_11.6.1_8255/ide/plugins/com.nxp.mcuxpresso.tools.win32_11.6.1.202207200623/tools/bin/../lib/gcc/arm-none-eabi/10.3.1/../../../../arm-none-eabi/lib/thumb/v7e-m+dp/hard\libcr_nohost_nf.a(_cr__main.o)
 .comment       0x00000049       0x4a c:/nxp/mcuxpressoide_11.6.1_8255/ide/plugins/com.nxp.mcuxpresso.tools.win32_11.6.1.202207200623/tools/bin/../lib/gcc/arm-none-eabi/10.3.1/../../../../arm-none-eabi/lib/thumb/v7e-m+dp/hard\libcr_c.a(memcpy.o)
 .comment       0x00000049       0x4a c:/nxp/mcuxpressoide_11.6.1_8255/ide/plugins/com.nxp.mcuxpresso.tools.win32_11.6.1.202207200623/tools/bin/../lib/gcc/arm-none-eabi/10.3.1/../../../../arm-none-eabi/lib/thumb/v7e-m+dp/hard\libcr_c.a(memset.o)
 .comment       0x00000049       0x4a c:/nxp/mcuxpressoide_11.6.1_8255/ide/plugins/com.nxp.mcuxpresso.tools.win32_11.6.1.202207200623/tools/bin/../lib/gcc/arm-none-eabi/10.3.1/../../../../arm-none-eabi/lib/thumb/v7e-m+dp/hard\libcr_c.a(alloc.o)
 .comment       0x00000049       0x4a c:/nxp/mcuxpressoide_11.6.1_8255/ide/plugins/com.nxp.mcuxpresso.tools.win32_11.6.1.202207200623/tools/bin/../lib/gcc/arm-none-eabi/10.3.1/../../../../arm-none-eabi/lib/thumb/v7e-m+dp/hard\libcr_c.a(initio.o)
 .comment       0x00000049       0x4a c:/nxp/mcuxpressoide_11.6.1_8255/ide/plugins/com.nxp.mcuxpresso.tools.win32_11.6.1.202207200623/tools/bin/../lib/gcc/arm-none-eabi/10.3.1/../../../../arm-none-eabi/lib/thumb/v7e-m+dp/hard\libcr_c.a(memcmp.o)
 .comment       0x00000049       0x4a c:/nxp/mcuxpressoide_11.6.1_8255/ide/plugins/com.nxp.mcuxpresso.tools.win32_11.6.1.202207200623/tools/bin/../lib/gcc/arm-none-eabi/10.3.1/../../../../arm-none-eabi/lib/thumb/v7e-m+dp/hard\libcr_c.a(setvbuf.o)
 .comment       0x00000049       0x4a c:/nxp/mcuxpressoide_11.6.1_8255/ide/plugins/com.nxp.mcuxpresso.tools.win32_11.6.1.202207200623/tools/bin/../lib/gcc/arm-none-eabi/10.3.1/../../../../arm-none-eabi/lib/thumb/v7e-m+dp/hard\libcr_c.a(strlen.o)
 .comment       0x00000049       0x4a c:/nxp/mcuxpressoide_11.6.1_8255/ide/plugins/com.nxp.mcuxpresso.tools.win32_11.6.1.202207200623/tools/bin/../lib/gcc/arm-none-eabi/10.3.1/../../../../arm-none-eabi/lib/thumb/v7e-m+dp/hard\libcr_c.a(_fdopen.o)
 .comment       0x00000049       0x4a c:/nxp/mcuxpressoide_11.6.1_8255/ide/plugins/com.nxp.mcuxpresso.tools.win32_11.6.1.202207200623/tools/bin/../lib/gcc/arm-none-eabi/10.3.1/../../../../arm-none-eabi/lib/thumb/v7e-m+dp/hard\libcr_c.a(errno.o)
 .comment       0x00000049       0x4a c:/nxp/mcuxpressoide_11.6.1_8255/ide/plugins/com.nxp.mcuxpresso.tools.win32_11.6.1.202207200623/tools/bin/../lib/gcc/arm-none-eabi/10.3.1/../../../../arm-none-eabi/lib/thumb/v7e-m+dp/hard\libcr_c.a(fclose.o)
 .comment       0x00000049       0x4a c:/nxp/mcuxpressoide_11.6.1_8255/ide/plugins/com.nxp.mcuxpresso.tools.win32_11.6.1.202207200623/tools/bin/../lib/gcc/arm-none-eabi/10.3.1/../../../../arm-none-eabi/lib/thumb/v7e-m+dp/hard\libcr_c.a(fflush.o)
 .comment       0x00000049       0x4a c:/nxp/mcuxpressoide_11.6.1_8255/ide/plugins/com.nxp.mcuxpresso.tools.win32_11.6.1.202207200623/tools/bin/../lib/gcc/arm-none-eabi/10.3.1/../../../../arm-none-eabi/lib/thumb/v7e-m+dp/hard\libcr_c.a(fseek.o)
 .comment       0x00000049       0x4a c:/nxp/mcuxpressoide_11.6.1_8255/ide/plugins/com.nxp.mcuxpresso.tools.win32_11.6.1.202207200623/tools/bin/../lib/gcc/arm-none-eabi/10.3.1/../../../../arm-none-eabi/lib/thumb/v7e-m+dp/hard\libcr_c.a(ftell.o)