Archive member included to satisfy reference by file (symbol)

c:/nxp/mcuxpressoide_11.6.1_8255/ide/plugins/com.nxp.mcuxpresso.tools.win32_11.6.1.202207200623/tools/bin/../lib/gcc/arm-none-eabi/10.3.1/../../../../arm-none-eabi/lib/thumb/v7e-m+dp/hard\libcr_nohost_nf.a(_cr__main.o)
                              ./startup/startup_mimxrt1052.o (__main)
c:/nxp/mcuxpressoide_11.6.1_8255/ide/plugins/com.nxp.mcuxpresso.tools.win32_11.6.1.202207200623/tools/bin/../lib/gcc/arm-none-eabi/10.3.1/../../../../arm-none-eabi/lib/thumb/v7e-m+dp/hard\libcr_c.a(memcpy.o)
                              ./utilities/fsl_debug_console.o (memcpy)
c:/nxp/mcuxpressoide_11.6.1_8255/ide/plugins/com.nxp.mcuxpresso.tools.win32_11.6.1.202207200623/tools/bin/../lib/gcc/arm-none-eabi/10.3.1/../../../../arm-none-eabi/lib/thumb/v7e-m+dp/hard\libcr_c.a(memset.o)
                              ./fatfs/source/ff.o (memset)
c:/nxp/mcuxpressoide_11.6.1_8255/ide/plugins/com.nxp.mcuxpresso.tools.win32_11.6.1.202207200623/tools/bin/../lib/gcc/arm-none-eabi/10.3.1/../../../../arm-none-eabi/lib/thumb/v7e-m+dp/hard\libcr_c.a(alloc.o)
                              ./drivers/fsl_common.o (malloc)
c:/nxp/mcuxpressoide_11.6.1_8255/ide/plugins/com.nxp.mcuxpresso.tools.win32_11.6.1.202207200623/tools/bin/../lib/gcc/arm-none-eabi/10.3.1/../../../../arm-none-eabi/lib/thumb/v7e-m+dp/hard\libcr_c.a(initio.o)
                              c:/nxp/mcuxpressoide_11.6.1_8255/ide/plugins/com.nxp.mcuxpresso.tools.win32_11.6.1.202207200623/tools/bin/../lib/gcc/arm-none-eabi/10.3.1/../../../../arm-none-eabi/lib/thumb/v7e-m+dp/hard\libcr_nohost_nf.a(_cr__main.o) (_initio)
c:/nxp/mcuxpressoide_11.6.1_8255/ide/plugins/com.nxp.mcuxpresso.tools.win32_11.6.1.202207200623/tools/bin/../lib/gcc/arm-none-eabi/10.3.1/../../../../arm-none-eabi/lib/thumb/v7e-m+dp/hard\libcr_c.a(memcmp.o)
                              ./fatfs/source/ff.o (memcmp)
c:/nxp/mcuxpressoide_11.6.1_8255/ide/plugins/com.nxp.mcuxpresso.tools.win32_11.6.1.202207200623/tools/bin/../lib/gcc/arm-none-eabi/10.3.1/../../../../arm-none-eabi/lib/thumb/v7e-m+dp/hard\libcr_c.a(printf.o)
                              ./source/host_msd_fatfs.o (_sprintf)
c:/nxp/mcuxpressoide_11.6.1_8255/ide/plugins/com.nxp.mcuxpresso.tools.win32_11.6.1.202207200623/tools/bin/../lib/gcc/arm-none-eabi/10.3.1/../../../../arm-none-eabi/lib/thumb/v7e-m+dp/hard\libcr_c.a(setvbuf.o)
                              c:/nxp/mcuxpressoide_11.6.1_8255/ide/plugins/com.nxp.mcuxpresso.tools.win32_11.6.1.202207200623/tools/bin/../lib/gcc/arm-none-eabi/10.3.1/../../../../arm-none-eabi/lib/thumb/v7e-m+dp/hard\libcr_c.a(initio.o) (setvbuf)
c:/nxp/mcuxpressoide_11.6.1_8255/ide/plugins/com.nxp.mcuxpresso.tools.win32_11.6.1.202207200623/tools/bin/../lib/gcc/arm-none-eabi/10.3.1/../../../../arm-none-eabi/lib/thumb/v7e-m+dp/hard\libcr_c.a(strchr.o)
                              ./fatfs/source/ff.o (strchr)
c:/nxp/mcuxpressoide_11.6.1_8255/ide/plugins/com.nxp.mcuxpresso.tools.win32_11.6.1.202207200623/tools/bin/../lib/gcc/arm-none-eabi/10.3.1/../../../../arm-none-eabi/lib/thumb/v7e-m+dp/hard\libcr_c.a(strlen.o)
                              ./utilities/fsl_debug_console.o (strlen)
c:/nxp/mcuxpressoide_11.6.1_8255/ide/plugins/com.nxp.mcuxpresso.tools.win32_11.6.1.202207200623/tools/bin/../lib/gcc/arm-none-eabi/10.3.1/../../../../arm-none-eabi/lib/thumb/v7e-m+dp/hard\libcr_c.a(__init_alloc.o)
                              c:/nxp/mcuxpressoide_11.6.1_8255/ide/plugins/com.nxp.mcuxpresso.tools.win32_11.6.1.202207200623/tools/bin/../lib/gcc/arm-none-eabi/10.3.1/../../../../arm-none-eabi/lib/thumb/v7e-m+dp/hard\libcr_c.a(alloc.o) (__heaps)
c:/nxp/mcuxpressoide_11.6.1_8255/ide/plugins/com.nxp.mcuxpresso.tools.win32_11.6.1.202207200623/tools/bin/../lib/gcc/arm-none-eabi/10.3.1/../../../../arm-none-eabi/lib/thumb/v7e-m+dp/hard\libcr_c.a(_cr_sbrk.o)
                              c:/nxp/mcuxpressoide_11.6.1_8255/ide/plugins/com.nxp.mcuxpresso.tools.win32_11.6.1.202207200623/tools/bin/../lib/gcc/arm-none-eabi/10.3.1/../../../../arm-none-eabi/lib/thumb/v7e-m+dp/hard\libcr_c.a(alloc.o) (_sbrk)
c:/nxp/mcuxpressoide_11.6.1_8255/ide/plugins/com.nxp.mcuxpresso.tools.win32_11.6.1.202207200623/tools/bin/../lib/gcc/arm-none-eabi/10.3.1/../../../../arm-none-eabi/lib/thumb/v7e-m+dp/hard\libcr_c.a(_deferredlazyseek.o)
                              c:/nxp/mcuxpressoide_11.6.1_8255/ide/plugins/com.nxp.mcuxpresso.tools.win32_11.6.1.202207200623/tools/bin/../lib/gcc/arm-none-eabi/10.3.1/../../../../arm-none-eabi/lib/thumb/v7e-m+dp/hard\libcr_c.a(printf.o) (__flsbuf)
c:/nxp/mcuxpressoide_11.6.1_8255/ide/plugins/com.nxp.mcuxpresso.tools.win32_11.6.1.202207200623/tools/bin/../lib/gcc/arm-none-eabi/10.3.1/../../../../arm-none-eabi/lib/thumb/v7e-m+dp/hard\libcr_c.a(_fdopen.o)
[...]
Memory Configuration

Name             Origin             Length             Attributes
BOARD_FLASH      0x60000000         0x04000000         xr
SRAM_DTC         0x20000000         0x00020000         xrw
SRAM_ITC         0x00000000         0x00020000         xrw
SRAM_OC          0x20200000         0x00040000         xrw
BOARD_SDRAM      0x80000000         0x01e00000         xrw
NCACHE_REGION    0x81e00000         0x00200000         xrw
*default*        0x00000000         0xffffffff

Linker script and memory map

LOAD ./xip/evkbimxrt1050_flexspi_nor_config.o
LOAD ./xip/fsl_flexspi_nor_boot.o
LOAD ./utilities/fsl_assert.o
LOAD ./utilities/fsl_debug_console.o
LOAD ./usb/phy/usb_phy.o
LOAD ./usb/host/class/usb_host_hub.o
LOAD ./usb/host/class/usb_host_hub_app.o
LOAD ./usb/host/class/usb_host_msd.o
LOAD ./usb/host/class/usb_host_msd_ufi.o
LOAD ./usb/host/usb_host_devices.o
LOAD ./usb/host/usb_host_ehci.o
LOAD ./usb/host/usb_host_framework.o
LOAD ./usb/host/usb_host_hci.o
LOAD ./startup/startup_mimxrt1052.o
LOAD ./source/app.o
LOAD ./source/host_msd_fatfs.o
LOAD ./source/semihost_hardfault.o
LOAD ./fatfs/source/fsl_usb_disk/fsl_usb_disk_bm.o
LOAD ./fatfs/source/fsl_ram_disk/fsl_ram_disk.o
LOAD ./fatfs/source/diskio.o
LOAD ./fatfs/source/ff.o
LOAD ./fatfs/source/ffsystem.o
LOAD ./fatfs/source/ffunicode.o
LOAD ./drivers/fsl_cache.o
LOAD ./drivers/fsl_clock.o
LOAD ./drivers/fsl_common.o
LOAD ./drivers/fsl_common_arm.o
LOAD ./drivers/fsl_gpio.o
LOAD ./drivers/fsl_lpuart.o
LOAD ./device/system_MIMXRT1052.o
LOAD ./component/uart/fsl_adapter_lpuart.o
LOAD ./component/osa/fsl_os_abstraction_bm.o
LOAD ./component/lists/fsl_component_generic_list.o
LOAD ./board/board.o
LOAD ./board/clock_config.o
LOAD ./board/dcd.o
LOAD ./board/pin_mux.o
START GROUP
LOAD c:/nxp/mcuxpressoide_11.6.1_8255/ide/plugins/com.nxp.mcuxpresso.tools.win32_11.6.1.202207200623/tools/bin/../lib/gcc/arm-none-eabi/10.3.1/../../../../arm-none-eabi/lib/thumb/v7e-m+dp/hard\libcr_nohost_nf.a
LOAD c:/nxp/mcuxpressoide_11.6.1_8255/ide/plugins/com.nxp.mcuxpresso.tools.win32_11.6.1.202207200623/tools/bin/../lib/gcc/arm-none-eabi/10.3.1/../../../../arm-none-eabi/lib/thumb/v7e-m+dp/hard\libcr_c.a
LOAD c:/nxp/mcuxpressoide_11.6.1_8255/ide/plugins/com.nxp.mcuxpresso.tools.win32_11.6.1.202207200623/tools/bin/../lib/gcc/arm-none-eabi/10.3.1/thumb/v7e-m+dp/hard\libcr_eabihelpers.a
LOAD c:/nxp/mcuxpressoide_11.6.1_8255/ide/plugins/com.nxp.mcuxpresso.tools.win32_11.6.1.202207200623/tools/bin/../lib/gcc/arm-none-eabi/10.3.1/thumb/v7e-m+dp/hard\libgcc.a
END GROUP
                0x60000000                __base_BOARD_FLASH = 0x60000000
                0x60000000                __base_Flash = 0x60000000
                0x64000000                __top_BOARD_FLASH = 0x64000000
                0x64000000                __top_Flash = 0x64000000
                0x20000000                __base_SRAM_DTC = 0x20000000
                0x20000000                __base_RAM = 0x20000000
                0x20020000                __top_SRAM_DTC = 0x20020000
                0x20020000                __top_RAM = 0x20020000
                0x00000000                __base_SRAM_ITC = 0x0
                0x00000000                __base_RAM2 = 0x0
                0x00020000                __top_SRAM_ITC = 0x20000
                0x00020000                __top_RAM2 = 0x20000
                0x20200000                __base_SRAM_OC = 0x20200000
                0x20200000                __base_RAM3 = 0x20200000
                0x20240000                __top_SRAM_OC = 0x20240000
                0x20240000                __top_RAM3 = 0x20240000
                0x80000000                __base_BOARD_SDRAM = 0x80000000
                0x80000000                __base_RAM4 = 0x80000000
                0x81e00000                __top_BOARD_SDRAM = 0x81e00000
                0x81e00000                __top_RAM4 = 0x81e00000
                0x81e00000                __base_NCACHE_REGION = 0x81e00000
                0x81e00000                __base_RAM5 = 0x81e00000
                0x82000000                __top_NCACHE_REGION = 0x82000000
                0x82000000                __top_RAM5 = 0x82000000

.boot_hdr       0x60000000     0x2000
 FILL mask 0xff
                0x60000000                __boot_hdr_start__ = ABSOLUTE (.)
 *(SORT_BY_ALIGNMENT(.boot_hdr.conf))
 .boot_hdr.conf
                0x60000000      0x200 ./xip/evkbimxrt1050_flexspi_nor_config.o
                0x60000000                hyperflash_config
                0x00001000                . = 0x1000
 *fill*         0x60000200      0xe00 ff
 *(SORT_BY_ALIGNMENT(.boot_hdr.ivt))
 .boot_hdr.ivt  0x60001000       0x20 ./xip/fsl_flexspi_nor_boot.o
                0x60001000                image_vector_table
                0x00001020                . = 0x1020
 *(SORT_BY_ALIGNMENT(.boot_hdr.boot_data))
 .boot_hdr.boot_data
                0x60001020       0x10 ./xip/fsl_flexspi_nor_boot.o
                0x60001020                g_boot_data
                0x00001030                . = 0x1030
 *(SORT_BY_ALIGNMENT(.boot_hdr.dcd_data))
                0x60001030                __boot_hdr_end__ = ABSOLUTE (.)
                0x00002000                . = 0x2000
 *fill*         0x60001030      0xfd0 ff

.text           0x60002000     0xbb9c
 FILL mask 0xff
                0x60002000                __vectors_start__ = ABSOLUTE (.)
 *(SORT_BY_ALIGNMENT(.isr_vector))
 .isr_vector    0x60002000      0x2a0 ./startup/startup_mimxrt1052.o
                0x60002000                g_pfnVectors
                0x60002000                __Vectors
                0x600022a0                . = ALIGN (0x4)
                0x600022a0                __section_table_start = .
                0x600022a0                __data_section_table = .
                0x600022a0        0x4 LONG 0x6000db9c LOADADDR (.data)
                0x600022a4        0x4 LONG 0x20000000 ADDR (.data)
                0x600022a8        0x4 LONG 0x14 SIZEOF (.data)
                0x600022ac        0x4 LONG 0x6000db9c LOADADDR (.data_RAM2)
                0x600022b0        0x4 LONG 0x0 ADDR (.data_RAM2)
                0x600022b4        0x4 LONG 0x0 SIZEOF (.data_RAM2)
                0x600022b8        0x4 LONG 0x6000db9c LOADADDR (.data_RAM3)
                0x600022bc        0x4 LONG 0x20200000 ADDR (.data_RAM3)
                0x600022c0        0x4 LONG 0x0 SIZEOF (.data_RAM3)
                0x600022c4        0x4 LONG 0x6000db9c LOADADDR (.data_RAM4)
                0x600022c8        0x4 LONG 0x80000000 ADDR (.data_RAM4)
                0x600022cc        0x4 LONG 0x0 SIZEOF (.data_RAM4)
                0x600022d0        0x4 LONG 0x6000db9c LOADADDR (.data_RAM5)
                0x600022d4        0x4 LONG 0x81e00000 ADDR (.data_RAM5)
                0x600022d8        0x4 LONG 0x0 SIZEOF (.data_RAM5)
                0x600022dc                __data_section_table_end = .
                0x600022dc                __bss_section_table = .
                0x600022dc        0x4 LONG 0x20001000 ADDR (.bss)
                0x600022e0        0x4 LONG 0x33bc SIZEOF (.bss)
                0x600022e4        0x4 LONG 0x0 ADDR (.bss_RAM2)
                0x600022e8        0x4 LONG 0x0 SIZEOF (.bss_RAM2)
                0x600022ec        0x4 LONG 0x20200000 ADDR (.bss_RAM3)
                0x600022f0        0x4 LONG 0x0 SIZEOF (.bss_RAM3)
                0x600022f4        0x4 LONG 0x80000000 ADDR (.bss_RAM4)
                0x600022f8        0x4 LONG 0x0 SIZEOF (.bss_RAM4)
                0x600022fc        0x4 LONG 0x81e00000 ADDR (.bss_RAM5)
                0x60002300        0x4 LONG 0x0 SIZEOF (.bss_RAM5)
                0x60002304                __bss_section_table_end = .
                0x60002304                __section_table_end = .
 *(SORT_BY_ALIGNMENT(.after_vectors*))
 .after_vectors.reset
                0x60002304       0x54 ./startup/startup_mimxrt1052.o
                0x60002304                ResetISR
 .after_vectors.init_data
                0x60002358       0x1e ./startup/startup_mimxrt1052.o
                0x60002358                data_init
 .after_vectors.init_bss
                0x60002376       0x12 ./startup/startup_mimxrt1052.o
                0x60002376                bss_init
 .after_vectors
                0x60002388       0x14 ./startup/startup_mimxrt1052.o
                0x60002388                NMI_Handler
                0x6000238c                MemManage_Handler
                0x6000238e                BusFault_Handler
                0x60002390                UsageFault_Handler
                0x60002392                SVC_Handler
                0x60002394                DebugMon_Handler
                0x60002396                PendSV_Handler
                0x60002398                SysTick_Handler
                0x6000239a                PIT_DriverIRQHandler
                0x6000239a                PMU_EVENT_DriverIRQHandler
                0x6000239a                PWM4_FAULT_DriverIRQHandler
                0x6000239a                DMA13_DMA29_DriverIRQHandler
                0x6000239a                SAI3_RX_DriverIRQHandler
                0x6000239a                LPSPI4_DriverIRQHandler
                0x6000239a                SEMC_DriverIRQHandler
                0x6000239a                SPDIF_DriverIRQHandler
                0x6000239a                CCM_2_DriverIRQHandler
                0x6000239a                PWM4_3_DriverIRQHandler
                0x6000239a                FLEXRAM_DriverIRQHandler
                0x6000239a                LCDIF_DriverIRQHandler
                0x6000239a                USB_PHY1_DriverIRQHandler
                0x6000239a                GPIO3_Combined_0_15_DriverIRQHandler
                0x6000239a                DMA7_DMA23_DriverIRQHandler
                0x6000239a                BEE_DriverIRQHandler
                0x6000239a                LPI2C3_DriverIRQHandler
                0x6000239a                GPR_IRQ_DriverIRQHandler
                0x6000239a                PWM2_FAULT_DriverIRQHandler
                0x6000239a                PWM3_1_DriverIRQHandler
                0x6000239a                DMA14_DMA30_DriverIRQHandler
                0x6000239a                TMR1_DriverIRQHandler
                0x6000239a                TRNG_DriverIRQHandler
                0x6000239a                PWM3_2_DriverIRQHandler
                0x6000239a                ENET_1588_Timer_DriverIRQHandler
                0x6000239a                FLEXIO2_DriverIRQHandler
                0x6000239a                GPIO2_Combined_16_31_DriverIRQHandler
                0x6000239a                Reserved143_DriverIRQHandler
                0x6000239a                LPSPI2_DriverIRQHandler
                0x6000239a                PWM4_1_DriverIRQHandler
                0x6000239a                PWM3_3_DriverIRQHandler
                0x6000239a                DMA0_DMA16_DriverIRQHandler
                0x6000239a                IntDefaultHandler
                0x6000239a                DMA2_DMA18_DriverIRQHandler
                0x6000239a                SRC_DriverIRQHandler
                0x6000239a                GPIO1_INT4_DriverIRQHandler
                0x6000239a                Reserved144_DriverIRQHandler
                0x6000239a                USDHC1_DriverIRQHandler
                0x6000239a                ENC3_DriverIRQHandler
                0x6000239a                PWM3_FAULT_DriverIRQHandler
                0x6000239a                EWM_DriverIRQHandler
                0x6000239a                TSC_DIG_DriverIRQHandler
                0x6000239a                KPP_DriverIRQHandler
                0x6000239a                FLEXIO1_DriverIRQHandler
                0x6000239a                ENET_DriverIRQHandler
                0x6000239a                Reserved78_DriverIRQHandler
                0x6000239a                TMR4_DriverIRQHandler
                0x6000239a                ENC2_DriverIRQHandler
                0x6000239a                ADC_ETC_IRQ2_DriverIRQHandler
                0x6000239a                GPIO1_Combined_16_31_DriverIRQHandler
                0x6000239a                GPIO1_INT7_DriverIRQHandler
                0x6000239a                SAI1_DriverIRQHandler
                0x6000239a                DCDC_DriverIRQHandler
                0x6000239a                DMA12_DMA28_DriverIRQHandler
                0x6000239a                PWM4_0_DriverIRQHandler
                0x6000239a                ADC_ETC_ERROR_IRQ_DriverIRQHandler
                0x6000239a                ACMP2_DriverIRQHandler
                0x6000239a                GPIO5_Combined_0_15_DriverIRQHandler
                0x6000239a                GPIO1_INT0_DriverIRQHandler
                0x6000239a                GPIO1_INT2_DriverIRQHandler
                0x6000239a                RTWDOG_DriverIRQHandler
                0x6000239a                FLEXSPI_DriverIRQHandler
                0x6000239a                GPT2_DriverIRQHandler
                0x6000239a                USB_PHY2_DriverIRQHandler
                0x6000239a                DMA10_DMA26_DriverIRQHandler
                0x6000239a                PWM2_1_DriverIRQHandler
                0x6000239a                PWM1_1_DriverIRQHandler
                0x6000239a                PXP_DriverIRQHandler
                0x6000239a                ADC1_DriverIRQHandler
                0x6000239a                PWM1_0_DriverIRQHandler
                0x6000239a                SJC_DriverIRQHandler
                0x6000239a                DMA1_DMA17_DriverIRQHandler
                0x6000239a                ENC1_DriverIRQHandler
                0x6000239a                ENC4_DriverIRQHandler
                0x6000239a                CAN2_DriverIRQHandler
                0x6000239a                DCP_DriverIRQHandler
                0x6000239a                CTI0_ERROR_DriverIRQHandler
                0x6000239a                DMA8_DMA24_DriverIRQHandler
                0x6000239a                GPT1_DriverIRQHandler
                0x6000239a                ACMP3_DriverIRQHandler
                0x6000239a                DMA6_DMA22_DriverIRQHandler
                0x6000239a                CSU_DriverIRQHandler
                0x6000239a                GPIO1_INT5_DriverIRQHandler
                0x6000239a                TMR3_DriverIRQHandler
                0x6000239a                TMR2_DriverIRQHandler
                0x6000239a                CTI1_ERROR_DriverIRQHandler
                0x6000239a                GPIO1_Combined_0_15_DriverIRQHandler
                0x6000239a                USDHC2_DriverIRQHandler
                0x6000239a                PWM4_2_DriverIRQHandler
                0x6000239a                Reserved87_DriverIRQHandler
                0x6000239a                SAI2_DriverIRQHandler
                0x6000239a                CORE_DriverIRQHandler
                0x6000239a                WDOG1_DriverIRQHandler
                0x6000239a                DMA11_DMA27_DriverIRQHandler
                0x6000239a                CSI_DriverIRQHandler
                0x6000239a                PWM2_3_DriverIRQHandler
                0x6000239a                XBAR1_IRQ_2_3_DriverIRQHandler
                0x6000239a                SNVS_HP_WRAPPER_TZ_DriverIRQHandler
                0x6000239a                GPIO3_Combined_16_31_DriverIRQHandler
                0x6000239a                PWM1_FAULT_DriverIRQHandler
                0x6000239a                LPI2C1_DriverIRQHandler
                0x6000239a                PWM2_2_DriverIRQHandler
                0x6000239a                DMA4_DMA20_DriverIRQHandler
                0x6000239a                DMA9_DMA25_DriverIRQHandler
                0x6000239a                SNVS_HP_WRAPPER_DriverIRQHandler
                0x6000239a                XBAR1_IRQ_0_1_DriverIRQHandler
                0x6000239a                ADC_ETC_IRQ1_DriverIRQHandler
                0x6000239a                LPSPI1_DriverIRQHandler
                0x6000239a                DMA3_DMA19_DriverIRQHandler
                0x6000239a                GPIO1_INT3_DriverIRQHandler
                0x6000239a                DCP_VMI_DriverIRQHandler
                0x6000239a                LPI2C4_DriverIRQHandler
                0x6000239a                GPC_DriverIRQHandler
                0x6000239a                Reserved123_DriverIRQHandler
                0x6000239a                GPIO2_Combined_0_15_DriverIRQHandler
                0x6000239a                PWM1_2_DriverIRQHandler
                0x6000239a                USB_OTG1_DriverIRQHandler
                0x6000239a                TEMP_LOW_HIGH_DriverIRQHandler
                0x6000239a                SAI3_TX_DriverIRQHandler
                0x6000239a                WDOG2_DriverIRQHandler
                0x6000239a                Reserved68_DriverIRQHandler
                0x6000239a                PWM3_0_DriverIRQHandler
                0x6000239a                GPIO4_Combined_0_15_DriverIRQHandler
                0x6000239a                GPIO4_Combined_16_31_DriverIRQHandler
                0x6000239a                GPIO5_Combined_16_31_DriverIRQHandler
                0x6000239a                DMA5_DMA21_DriverIRQHandler
                0x6000239a                CCM_1_DriverIRQHandler
                0x6000239a                ADC2_DriverIRQHandler
                0x6000239a                Reserved115_DriverIRQHandler
                0x6000239a                TEMP_PANIC_DriverIRQHandler
                0x6000239a                ACMP4_DriverIRQHandler
                0x6000239a                DMA15_DMA31_DriverIRQHandler
                0x6000239a                LPSPI3_DriverIRQHandler
                0x6000239a                PWM1_3_DriverIRQHandler
                0x6000239a                ACMP1_DriverIRQHandler
                0x6000239a                LPI2C2_DriverIRQHandler
                0x6000239a                Reserved86_DriverIRQHandler
                0x6000239a                DMA_ERROR_DriverIRQHandler
                0x6000239a                ADC_ETC_IRQ0_DriverIRQHandler
                0x6000239a                CAN1_DriverIRQHandler
                0x6000239a                GPIO1_INT6_DriverIRQHandler
                0x6000239a                GPIO1_INT1_DriverIRQHandler
                0x6000239a                PWM2_0_DriverIRQHandler
                0x6000239a                SNVS_LP_WRAPPER_DriverIRQHandler
                0x6000239a                USB_OTG2_DriverIRQHandler
 *(SORT_BY_ALIGNMENT(.text*))
 .text.__assertion_failed
                0x6000239c       0x18 ./utilities/fsl_assert.o
                0x6000239c                __assertion_failed
 .text.DbgConsole_Init
                0x600023b4       0x74 ./utilities/fsl_debug_console.o
                0x600023b4                DbgConsole_Init
 .text.DbgConsole_Vprintf
                0x60002428       0x3c ./utilities/fsl_debug_console.o
                0x60002428                DbgConsole_Vprintf
 .text.DbgConsole_Putchar
                0x60002464       0x30 ./utilities/fsl_debug_console.o
                0x60002464                DbgConsole_Putchar
 .text.DbgConsole_PrintfFormattedData
                0x60002494      0x9d8 ./utilities/fsl_debug_console.o
 .text.USB_EhciPhyGetBase
                0x60002e6c       0xdc ./usb/phy/usb_phy.o
                0x60002e6c                USB_EhciPhyGetBase
 .text.USB_EhciPhyInit
                0x60002f48       0xc8 ./usb/phy/usb_phy.o
                0x60002f48                USB_EhciPhyInit
 .text.USB_HostHubClassRequestCommon
                0x60003010       0xcc ./usb/host/class/usb_host_hub.o
 .text.USB_HostHubInterruptRecv
                0x600030dc       0x94 ./usb/host/class/usb_host_hub.o
                0x600030dc                USB_HostHubInterruptRecv
 .text.USB_HostHubGetHubList
                0x60003170       0xe4 ./usb/host/class/usb_host_hub_app.o
 .text.USB_HostHubGetInterruptStatus
                0x60003254       0x5c ./usb/host/class/usb_host_hub_app.o
 .text.USB_HostHubProcess
                0x600032b0      0x2e0 ./usb/host/class/usb_host_hub_app.o
 .text.USB_HostHubProcessPortAttach
                0x60003590      0x458 ./usb/host/class/usb_host_hub_app.o
 .text.USB_HostHubProcessPortDetach
                0x600039e8      0x264 ./usb/host/class/usb_host_hub_app.o
 .text.USB_HostHubProcessData
                0x60003c4c      0x110 ./usb/host/class/usb_host_hub_app.o
 .text.USB_HostHubDeviceEvent
                0x60003d5c      0x360 ./usb/host/class/usb_host_hub_app.o
                0x60003d5c                USB_HostHubDeviceEvent
 .text.USB_HostMsdInit
                0x600040bc       0x98 ./usb/host/class/usb_host_msd.o
                0x600040bc                USB_HostMsdInit
 .text.USB_HostMsdSetInterface
                0x60004154      0x148 ./usb/host/class/usb_host_msd.o
                0x60004154                USB_HostMsdSetInterface
 .text.USB_HostEnumerationTransferCallback
                0x6000429c      0x194 ./usb/host/usb_host_devices.o
 .text.USB_HostProcessState
                0x60004430      0x1f8 ./usb/host/usb_host_devices.o
 .text.USB_HostProcessCallback
                0x60004628      0x208 ./usb/host/usb_host_devices.o
 .text.USB_HostOpenDeviceInterface
                0x60004830       0xf4 ./usb/host/usb_host_devices.o
                0x60004830                USB_HostOpenDeviceInterface
 .text.USB_HostCloseDeviceInterface
                0x60004924      0x160 ./usb/host/usb_host_devices.o
                0x60004924                USB_HostCloseDeviceInterface
 .text.USB_HostBandwidthComputeTime
                0x60004a84      0x128 ./usb/host/usb_host_ehci.o
 .text.USB_HostBandwidthHsHostComputeCurrentFsls
                0x60004bac      0x1e8 ./usb/host/usb_host_ehci.o
 .text.USB_HostBandwidthHsHostAllocateHsCommon
                0x60004d94       0xec ./usb/host/usb_host_ehci.o
 .text.USB_HostBandwidthHsHostAllocateInterrupt
                0x60004e80      0x400 ./usb/host/usb_host_ehci.o
 .text.USB_HostBandwidthFslsHostAllocate
                0x60005280      0x114 ./usb/host/usb_host_ehci.o
 .text.USB_HostEhciQhQtdListInit
                0x60005394      0x3a8 ./usb/host/usb_host_ehci.o
 .text.USB_HostEhciStartIP
                0x6000573c       0xb8 ./usb/host/usb_host_ehci.o
 .text.USB_HostEhciControlBus
                0x600057f4       0xd4 ./usb/host/usb_host_ehci.o
 .text.USB_HostEhciCreate
                0x600058c8      0x314 ./usb/host/usb_host_ehci.o
                0x600058c8                USB_HostEhciCreate
 .text.USB_HostEhciDestory
                0x60005bdc       0x74 ./usb/host/usb_host_ehci.o
                0x60005bdc                USB_HostEhciDestory
 .text.USB_HostEhciIoctl
                0x60005c50      0x148 ./usb/host/usb_host_ehci.o
                0x60005c50                USB_HostEhciIoctl
 .text.USB_HostEhciIsrFunction
                0x60005d98       0xc8 ./usb/host/usb_host_ehci.o
                0x60005d98                USB_HostEhciIsrFunction
 .text.USB_HostGetInstance
                0x60005e60       0xf8 ./usb/host/usb_host_hci.o
 .text.USB_HostGetControllerInterface
                0x60005f58       0x30 ./usb/host/usb_host_hci.o
 .text.USB_HostHelperGetPeripheralInformation
                0x60005f88      0x188 ./usb/host/usb_host_hci.o
                0x60005f88                USB_HostHelperGetPeripheralInformation
 .text.__NVIC_EnableIRQ
                0x60006110       0x3c ./source/app.o
 .text.__NVIC_SetPriority
                0x6000614c       0x54 ./source/app.o
 .text.USB_OTG1_IRQHandler
                0x600061a0       0x18 ./source/app.o
                0x600061a0                USB_OTG1_IRQHandler
 .text.USB_OTG2_IRQHandler
                0x600061b8       0x18 ./source/app.o
                0x600061b8                USB_OTG2_IRQHandler
 .text.USB_HostClockInit
                0x600061d0       0x48 ./source/app.o
                0x600061d0                USB_HostClockInit
 .text.USB_HostEvent
                0x60006218       0x88 ./source/app.o
 .text.USB_HostApplicationInit
                0x600062a0       0x4c ./source/app.o
 .text.main     0x600062ec       0x34 ./source/app.o
                0x600062ec                main
 .text.USB_HostMsdControlCallback
                0x60006320       0x48 ./source/host_msd_fatfs.o
                0x60006320                USB_HostMsdControlCallback
 .text.USB_HostMsdTask
                0x60006368      0x11c ./source/host_msd_fatfs.o
                0x60006368                USB_HostMsdTask
 .text.USB_HostMsdEvent
                0x60006484      0x1a0 ./source/host_msd_fatfs.o
                0x60006484                USB_HostMsdEvent
 .text.CLOCK_GetOscFreq
                0x60006624       0x30 ./drivers/fsl_clock.o
 .text.CLOCK_InitExternalClk
                0x60006654       0x6c ./drivers/fsl_clock.o
                0x60006654                CLOCK_InitExternalClk
 .text.CLOCK_SwitchOsc
                0x600066c0       0x34 ./drivers/fsl_clock.o
                0x600066c0                CLOCK_SwitchOsc
 .text.CLOCK_InitRcOsc24M
                0x600066f4       0x24 ./drivers/fsl_clock.o
                0x600066f4                CLOCK_InitRcOsc24M
 .text.CLOCK_EnableUsbhs0Clock
                0x60006718       0x7c ./drivers/fsl_clock.o
                0x60006718                CLOCK_EnableUsbhs0Clock
 .text.CLOCK_EnableUsbhs0PhyPllClock
                0x60006794       0x6c ./drivers/fsl_clock.o
                0x60006794                CLOCK_EnableUsbhs0PhyPllClock
 .text.CLOCK_InitArmPll
                0x60006800       0x68 ./drivers/fsl_clock.o
                0x60006800                CLOCK_InitArmPll
 .text.CLOCK_InitSysPll
                0x60006868       0x9c ./drivers/fsl_clock.o
                0x60006868                CLOCK_InitSysPll
 .text.CLOCK_InitUsb1Pll
                0x60006904       0x68 ./drivers/fsl_clock.o
                0x60006904                CLOCK_InitUsb1Pll
 .text.CLOCK_DeinitUsb2Pll
                0x6000696c       0x18 ./drivers/fsl_clock.o
                0x6000696c                CLOCK_DeinitUsb2Pll
 .text.CLOCK_DeinitAudioPll
                0x60006984       0x1c ./drivers/fsl_clock.o
                0x60006984                CLOCK_DeinitAudioPll
 .text.CLOCK_DeinitEnetPll
                0x600069a0       0x1c ./drivers/fsl_clock.o
                0x600069a0                CLOCK_DeinitEnetPll
 .text.CLOCK_GetPllFreq
                0x600069bc      0x3a8 ./drivers/fsl_clock.o
                0x600069bc                CLOCK_GetPllFreq
 .text.CLOCK_InitSysPfd
                0x60006d64       0x64 ./drivers/fsl_clock.o
                0x60006d64                CLOCK_InitSysPfd
 .text.CLOCK_ControlGate
                0x60006dc8       0x60 ./drivers/fsl_lpuart.o
 .text.LPUART_GetInstance
                0x60006e28       0x4c ./drivers/fsl_lpuart.o
                0x60006e28                LPUART_GetInstance
 .text.LPUART_Init
                0x60006e74      0x310 ./drivers/fsl_lpuart.o
                0x60006e74                LPUART_Init
 .text.LPUART_GetDefaultConfig
                0x60007184       0x88 ./drivers/fsl_lpuart.o
                0x60007184                LPUART_GetDefaultConfig
 .text.LPUART_GetStatusFlags
                0x6000720c       0x38 ./drivers/fsl_lpuart.o
                0x6000720c                LPUART_GetStatusFlags
 .text.LPUART_ClearStatusFlags
                0x60007244       0x7c ./drivers/fsl_lpuart.o
                0x60007244                LPUART_ClearStatusFlags
 .text.LPUART_WriteBlocking
                0x600072c0       0x68 ./drivers/fsl_lpuart.o
                0x600072c0                LPUART_WriteBlocking
 .text.LPUART_ReadBlocking
                0x60007328      0x160 ./drivers/fsl_lpuart.o
                0x60007328                LPUART_ReadBlocking
 .text.LPUART1_DriverIRQHandler
                0x60007488       0x28 ./drivers/fsl_lpuart.o
                0x60007488                LPUART1_DriverIRQHandler
 .text.LPUART2_DriverIRQHandler
                0x600074b0       0x28 ./drivers/fsl_lpuart.o
                0x600074b0                LPUART2_DriverIRQHandler
 .text.LPUART3_DriverIRQHandler
                0x600074d8       0x28 ./drivers/fsl_lpuart.o
                0x600074d8                LPUART3_DriverIRQHandler
 .text.LPUART4_DriverIRQHandler
                0x60007500       0x28 ./drivers/fsl_lpuart.o
                0x60007500                LPUART4_DriverIRQHandler
 .text.LPUART5_DriverIRQHandler
                0x60007528       0x28 ./drivers/fsl_lpuart.o
                0x60007528                LPUART5_DriverIRQHandler
 .text.LPUART6_DriverIRQHandler
                0x60007550       0x28 ./drivers/fsl_lpuart.o
                0x60007550                LPUART6_DriverIRQHandler
 .text.LPUART7_DriverIRQHandler
                0x60007578       0x28 ./drivers/fsl_lpuart.o
                0x60007578                LPUART7_DriverIRQHandler
 .text.LPUART8_DriverIRQHandler
                0x600075a0       0x28 ./drivers/fsl_lpuart.o
                0x600075a0                LPUART8_DriverIRQHandler
 .text.SystemInit
                0x600075c8      0x144 ./device/system_MIMXRT1052.o
                0x600075c8                SystemInit
 .text.HAL_UartInitCommon
                0x6000770c       0xac ./component/uart/fsl_adapter_lpuart.o
 .text.HAL_UartInit
                0x600077b8       0x84 ./component/uart/fsl_adapter_lpuart.o
                0x600077b8                HAL_UartInit
 .text.HAL_UartReceiveBlocking
                0x6000783c       0x6c ./component/uart/fsl_adapter_lpuart.o
                0x6000783c                HAL_UartReceiveBlocking
 .text.HAL_UartSendBlocking
                0x600078a8       0x64 ./component/uart/fsl_adapter_lpuart.o
                0x600078a8                HAL_UartSendBlocking
 .text.OSA_MutexCreate
                0x6000790c       0x34 ./component/osa/fsl_os_abstraction_bm.o
                0x6000790c                OSA_MutexCreate
 .text.OSA_MutexUnlock
                0x60007940       0x40 ./component/osa/fsl_os_abstraction_bm.o
                0x60007940                OSA_MutexUnlock
 .text.OSA_MutexDestroy
                0x60007980       0x30 ./component/osa/fsl_os_abstraction_bm.o
                0x60007980                OSA_MutexDestroy
 .text.OSA_EventCreate
                0x600079b0       0x48 ./component/osa/fsl_os_abstraction_bm.o
                0x600079b0                OSA_EventCreate
 .text.OSA_EventDestroy
                0x600079f8       0x30 ./component/osa/fsl_os_abstraction_bm.o
                0x600079f8                OSA_EventDestroy
 .text.ARM_MPU_Enable
                0x60007a28       0x44 ./board/board.o
 .text.ARM_MPU_Disable
                0x60007a6c       0x40 ./board/board.o
 .text.CLOCK_GetMux
                0x60007aac       0x44 ./board/board.o
 .text.CLOCK_GetDiv
                0x60007af0       0x44 ./board/board.o
 .text.CLOCK_GetOscFreq
                0x60007b34       0x30 ./board/board.o
 .text.BOARD_DebugConsoleSrcFreq
                0x60007b64       0x64 ./board/board.o
                0x60007b64                BOARD_DebugConsoleSrcFreq
 .text.BOARD_ConfigMPU
                0x60007bc8      0x324 ./board/board.o
                0x60007bc8                BOARD_ConfigMPU
 .text.CLOCK_SetMux
                0x60007eec       0x9c ./board/clock_config.o
 .text.CLOCK_SetDiv
                0x60007f88       0x9c ./board/clock_config.o
 .text.CLOCK_ControlGate
                0x60008024       0x60 ./board/clock_config.o
 .text.CLOCK_SetXtalFreq
                0x60008084       0x20 ./board/clock_config.o
 .text.CLOCK_SetRtcXtalFreq
                0x600080a4       0x20 ./board/clock_config.o
 .text.IOMUXC_EnableMode
                0x600080c4       0x48 ./board/clock_config.o
 .text.IOMUXC_MQSConfig
                0x6000810c       0x44 ./board/clock_config.o
 .text.BOARD_BootClockRUN
                0x60008150      0x674 ./board/clock_config.o
                0x60008150                BOARD_BootClockRUN
 .text.CLOCK_ControlGate
                0x600087c4       0x60 ./board/pin_mux.o
 .text.BOARD_InitPins
                0x60008824       0x78 ./board/pin_mux.o
                0x60008824                BOARD_InitPins
 .text.malloc   0x6000889c       0xc8 c:/nxp/mcuxpressoide_11.6.1_8255/ide/plugins/com.nxp.mcuxpresso.tools.win32_11.6.1.202207200623/tools/bin/../lib/gcc/arm-none-eabi/10.3.1/../../../../arm-none-eabi/lib/thumb/v7e-m+dp/hard\libcr_c.a(alloc.o)
                0x6000889c                malloc
 .text._initio  0x60008964       0x78 c:/nxp/mcuxpressoide_11.6.1_8255/ide/plugins/com.nxp.mcuxpresso.tools.win32_11.6.1.202207200623/tools/bin/../lib/gcc/arm-none-eabi/10.3.1/../../../../arm-none-eabi/lib/thumb/v7e-m+dp/hard\libcr_c.a(initio.o)
                0x60008964                _initio
 .text._sbrk    0x600089dc       0x3c c:/nxp/mcuxpressoide_11.6.1_8255/ide/plugins/com.nxp.mcuxpresso.tools.win32_11.6.1.202207200623/tools/bin/../lib/gcc/arm-none-eabi/10.3.1/../../../../arm-none-eabi/lib/thumb/v7e-m+dp/hard\libcr_c.a(_cr_sbrk.o)
                0x600089dc                _sbrk
 .text._Cwritebuf
                0x60008a18       0x6c c:/nxp/mcuxpressoide_11.6.1_8255/ide/plugins/com.nxp.mcuxpresso.tools.win32_11.6.1.202207200623/tools/bin/../lib/gcc/arm-none-eabi/10.3.1/../../../../arm-none-eabi/lib/thumb/v7e-m+dp/hard\libcr_c.a(_writebuf.o)
                0x60008a18                _Cwritebuf
 .text.fflush   0x60008a84       0x3c c:/nxp/mcuxpressoide_11.6.1_8255/ide/plugins/com.nxp.mcuxpresso.tools.win32_11.6.1.202207200623/tools/bin/../lib/gcc/arm-none-eabi/10.3.1/../../../../arm-none-eabi/lib/thumb/v7e-m+dp/hard\libcr_c.a(fflush.o)
                0x60008a84                fflush
 .text.fseek    0x60008ac0       0xfc c:/nxp/mcuxpressoide_11.6.1_8255/ide/plugins/com.nxp.mcuxpresso.tools.win32_11.6.1.202207200623/tools/bin/../lib/gcc/arm-none-eabi/10.3.1/../../../../arm-none-eabi/lib/thumb/v7e-m+dp/hard\libcr_c.a(fseek.o)
                0x60008ac0                fseek
 .text.ftell    0x60008bbc       0x44 c:/nxp/mcuxpressoide_11.6.1_8255/ide/plugins/com.nxp.mcuxpresso.tools.win32_11.6.1.202207200623/tools/bin/../lib/gcc/arm-none-eabi/10.3.1/../../../../arm-none-eabi/lib/thumb/v7e-m+dp/hard\libcr_c.a(ftell.o)
                0x60008bbc                ftell
 .text.__check_heap_overflow
                0x60008c00       0x18 c:/nxp/mcuxpressoide_11.6.1_8255/ide/plugins/com.nxp.mcuxpresso.tools.win32_11.6.1.202207200623/tools/bin/../lib/gcc/arm-none-eabi/10.3.1/../../../../arm-none-eabi/lib/thumb/v7e-m+dp/hard\libcr_c.a(_cr_check_heap.o)
                0x60008c00                __check_heap_overflow
 .text.DbgConsole_Printf
                0x60008c18       0x2c ./utilities/fsl_debug_console.o
                0x60008c18                DbgConsole_Printf
 .text.DbgConsole_PrintfPaddingCharacter
                0x60008c44       0x40 ./utilities/fsl_debug_console.o
 .text.DbgConsole_ConvertRadixNumToString
                0x60008c84      0x2b0 ./utilities/fsl_debug_console.o
 .text.USB_EhcihostPhyDisconnectDetectCmd
                0x60008f34       0x4a ./usb/phy/usb_phy.o
                0x60008f34                USB_EhcihostPhyDisconnectDetectCmd
 .text.USB_HostHubControlCallback
                0x60008f7e       0x48 ./usb/host/class/usb_host_hub.o
 .text.USB_HostHubInPipeCallback
                0x60008fc6       0x42 ./usb/host/class/usb_host_hub.o
 .text.USB_HostHubInit
                0x60009008       0x84 ./usb/host/class/usb_host_hub.o
                0x60009008                USB_HostHubInit
 .text.USB_HostHubSetInterface
                0x6000908c      0x168 ./usb/host/class/usb_host_hub.o
                0x6000908c                USB_HostHubSetInterface
 .text.USB_HostHubDeinit
                0x600091f4       0xa4 ./usb/host/class/usb_host_hub.o
                0x600091f4                USB_HostHubDeinit
 .text.USB_HostHubGetDescriptor
                0x60009298       0x3a ./usb/host/class/usb_host_hub.o
                0x60009298                USB_HostHubGetDescriptor
 .text.USB_HostHubClearFeature
                0x600092d2       0x3e ./usb/host/class/usb_host_hub.o
                0x600092d2                USB_HostHubClearFeature
 .text.USB_HostHubGetStatus
                0x60009310       0x3a ./usb/host/class/usb_host_hub.o
                0x60009310                USB_HostHubGetStatus
 .text.USB_HostHubSetPortFeature
                0x6000934a       0x42 ./usb/host/class/usb_host_hub.o
                0x6000934a                USB_HostHubSetPortFeature
 .text.USB_HostHubClearPortFeature
                0x6000938c       0x42 ./usb/host/class/usb_host_hub.o
                0x6000938c                USB_HostHubClearPortFeature
 .text.USB_HostHubGetPortStatus
                0x600093ce       0x40 ./usb/host/class/usb_host_hub.o
                0x600093ce                USB_HostHubGetPortStatus
 .text.USB_HostHubProcessPort
                0x6000940e       0x3e ./usb/host/class/usb_host_hub_app.o
 .text.USB_HostHubControlCallback
                0x6000944c       0x92 ./usb/host/class/usb_host_hub_app.o
 .text.USB_HostHubInterruptInCallback
                0x600094de       0x70 ./usb/host/class/usb_host_hub_app.o
                0x600094de                USB_HostHubInterruptInCallback
 .text.USB_HostHubGetHsHubNumber
                0x6000954e       0x96 ./usb/host/class/usb_host_hub_app.o
                0x6000954e                USB_HostHubGetHsHubNumber
 .text.USB_HostHubGetHsHubPort
                0x600095e4       0x9a ./usb/host/class/usb_host_hub_app.o
                0x600095e4                USB_HostHubGetHsHubPort
 .text.USB_HostHubGetTotalThinkTime
                0x6000967e       0x68 ./usb/host/class/usb_host_hub_app.o
                0x6000967e                USB_HostHubGetTotalThinkTime
 .text.USB_HostMsdOpenInterface
                0x600096e6      0x194 ./usb/host/class/usb_host_msd.o
 .text.USB_HostMsdSetInterfaceCallback
                0x6000987a       0x54 ./usb/host/class/usb_host_msd.o
 .text.USB_HostMsdDeinit
                0x600098ce       0xd8 ./usb/host/class/usb_host_msd.o
                0x600098ce                USB_HostMsdDeinit
 .text.USB_HostNotifyDevice
                0x600099a6       0xe6 ./usb/host/usb_host_devices.o
 .text.USB_HostAllocateDeviceAddress
                0x60009a8c       0xa6 ./usb/host/usb_host_devices.o
 .text.USB_HostReleaseDeviceAddress
                0x60009b32       0x60 ./usb/host/usb_host_devices.o
 .text.USB_HostRemoveDeviceInstance
                0x60009b92       0x76 ./usb/host/usb_host_devices.o
 .text.USB_HostReleaseDeviceResource
                0x60009c08       0xb6 ./usb/host/usb_host_devices.o
 .text.USB_HostParseDeviceConfigurationDescriptor
                0x60009cbe      0x43c ./usb/host/usb_host_devices.o
 .text.USB_HostAttachDevice
                0x6000a0fa      0x262 ./usb/host/usb_host_devices.o
                0x6000a0fa                USB_HostAttachDevice
 .text.USB_HostDetachDevice
                0x6000a35c       0x82 ./usb/host/usb_host_devices.o
                0x6000a35c                USB_HostDetachDevice
 .text.USB_HostDetachDeviceInternal
                0x6000a3de       0x80 ./usb/host/usb_host_devices.o
                0x6000a3de                USB_HostDetachDeviceInternal
 .text.USB_HostValidateDevice
                0x6000a45e       0x4a ./usb/host/usb_host_devices.o
                0x6000a45e                USB_HostValidateDevice
 .text.USB_HostControlBus
                0x6000a4a8       0x3e ./usb/host/usb_host_devices.o
 .text.USB_HostBandwidthFslsHostComputeCurrent
                0x6000a4e6       0x78 ./usb/host/usb_host_ehci.o
 .text.USB_HostBandwidthHsHostComputeCurrentHsAll
                0x6000a55e      0x1b2 ./usb/host/usb_host_ehci.o
 .text.USB_HostEhciGet2PowerValue
                0x6000a710       0x88 ./usb/host/usb_host_ehci.o
 .text.USB_HostEhciZeroMem
                0x6000a798       0x32 ./usb/host/usb_host_ehci.o
 .text.USB_HostEhciDelay
                0x6000a7ca       0x4a ./usb/host/usb_host_ehci.o
 .text.USB_HostEhciStartAsync
                0x6000a814       0x80 ./usb/host/usb_host_ehci.o
 .text.USB_HostEhciStopAsync
                0x6000a894       0x66 ./usb/host/usb_host_ehci.o
 .text.USB_HostEhciStartPeriodic
                0x6000a8fa       0x92 ./usb/host/usb_host_ehci.o
 .text.USB_HostEhciStopPeriodic
                0x6000a98c       0x66 ./usb/host/usb_host_ehci.o
 .text.USB_HostEhciQtdListRelease
                0x6000a9f2       0xc4 ./usb/host/usb_host_ehci.o
 .text.USB_HostEhciQhQtdListDeinit
                0x6000aab6      0x100 ./usb/host/usb_host_ehci.o
 .text.USB_HostEhciTransferQtdListDeinit
                0x6000abb6      0x17e ./usb/host/usb_host_ehci.o
 .text.USB_HostEhciQhInit
                0x6000ad34      0x1d4 ./usb/host/usb_host_ehci.o
 .text.USB_HostEhciQhDeinit
                0x6000af08       0x48 ./usb/host/usb_host_ehci.o
 .text.USB_HostEhciAddQhToFrame
                0x6000af50       0x9e ./usb/host/usb_host_ehci.o
 .text.USB_HostEhciRemoveFromFrame
                0x6000afee       0x62 ./usb/host/usb_host_ehci.o
 .text.USB_HostEhciOpenControlBulk
                0x6000b050       0x42 ./usb/host/usb_host_ehci.o
 .text.USB_HostEhciCloseControlBulk
                0x6000b092       0xcc ./usb/host/usb_host_ehci.o
 .text.USB_HostEhciOpenInterrupt
                0x6000b15e       0x8c ./usb/host/usb_host_ehci.o
 .text.USB_HostEhciCloseInterrupt
                0x6000b1ea       0x5e ./usb/host/usb_host_ehci.o
 .text.USB_HostEhciResetIP
                0x6000b248       0x4e ./usb/host/usb_host_ehci.o
 .text.USB_HostEhciCancelPipe
                0x6000b296       0x88 ./usb/host/usb_host_ehci.o
 .text.USB_HostEhciTransactionDone
                0x6000b31e      0x2d0 ./usb/host/usb_host_ehci.o
                0x6000b31e                USB_HostEhciTransactionDone
 .text.USB_HostEhciPortChange
                0x6000b5ee      0x1d0 ./usb/host/usb_host_ehci.o
 .text.USB_HostEhciTimer0
                0x6000b7be      0x1c2 ./usb/host/usb_host_ehci.o
 .text.USB_HostEhciOpenPipe
                0x6000b980      0x1ec ./usb/host/usb_host_ehci.o
                0x6000b980                USB_HostEhciOpenPipe
 .text.USB_HostEhciClosePipe
                0x6000bb6c       0xd0 ./usb/host/usb_host_ehci.o
                0x6000bb6c                USB_HostEhciClosePipe
 .text.USB_HostEhciWritePipe
                0x6000bc3c       0x46 ./usb/host/usb_host_ehci.o
                0x6000bc3c                USB_HostEhciWritePipe
 .text.USB_HostEhciReadpipe
                0x6000bc82       0x20 ./usb/host/usb_host_ehci.o
                0x6000bc82                USB_HostEhciReadpipe
 .text.USB_HostEhciTaskFunction
                0x6000bca2       0xf2 ./usb/host/usb_host_ehci.o
                0x6000bca2                USB_HostEhciTaskFunction
 .text.USB_HostCh9RequestCommon
                0x6000bd94       0x56 ./usb/host/usb_host_framework.o
                0x6000bd94                USB_HostCh9RequestCommon
 .text.USB_HostStandardSetAddress
                0x6000bdea       0x32 ./usb/host/usb_host_framework.o
                0x6000bdea                USB_HostStandardSetAddress
 .text.USB_HostStandardSetGetDescriptor
                0x6000be1c       0x4e ./usb/host/usb_host_framework.o
                0x6000be1c                USB_HostStandardSetGetDescriptor
 .text.USB_HostReleaseInstance
                0x6000be6a       0x2e ./usb/host/usb_host_hci.o
 .text.USB_HostInit
                0x6000be98      0x168 ./usb/host/usb_host_hci.o
                0x6000be98                USB_HostInit
 .text.USB_HostOpenPipe
                0x6000c000       0x44 ./usb/host/usb_host_hci.o
                0x6000c000                USB_HostOpenPipe
 .text.USB_HostClosePipe
                0x6000c044       0x42 ./usb/host/usb_host_hci.o
                0x6000c044                USB_HostClosePipe
 .text.USB_HostSendSetup
                0x6000c086       0x92 ./usb/host/usb_host_hci.o
                0x6000c086                USB_HostSendSetup
 .text.USB_HostRecv
                0x6000c118       0x6e ./usb/host/usb_host_hci.o
                0x6000c118                USB_HostRecv
 .text.USB_HostCancelTransfer
                0x6000c186       0x4e ./usb/host/usb_host_hci.o
                0x6000c186                USB_HostCancelTransfer
 .text.USB_HostMallocTransfer
                0x6000c1d4       0x74 ./usb/host/usb_host_hci.o
                0x6000c1d4                USB_HostMallocTransfer
 .text.USB_HostFreeTransfer
                0x6000c248       0x54 ./usb/host/usb_host_hci.o
                0x6000c248                USB_HostFreeTransfer
 .text.DMA0_DMA16_IRQHandler
                0x6000c29c        0x8 ./startup/startup_mimxrt1052.o
                0x6000c29c                DMA0_DMA16_IRQHandler
 .text.DMA1_DMA17_IRQHandler
                0x6000c2a4        0x8 ./startup/startup_mimxrt1052.o
                0x6000c2a4                DMA1_DMA17_IRQHandler
 .text.DMA2_DMA18_IRQHandler
                0x6000c2ac        0x8 ./startup/startup_mimxrt1052.o
                0x6000c2ac                DMA2_DMA18_IRQHandler
 .text.DMA3_DMA19_IRQHandler
                0x6000c2b4        0x8 ./startup/startup_mimxrt1052.o
                0x6000c2b4                DMA3_DMA19_IRQHandler
 .text.DMA4_DMA20_IRQHandler
                0x6000c2bc        0x8 ./startup/startup_mimxrt1052.o
                0x6000c2bc                DMA4_DMA20_IRQHandler
 .text.DMA5_DMA21_IRQHandler
                0x6000c2c4        0x8 ./startup/startup_mimxrt1052.o
                0x6000c2c4                DMA5_DMA21_IRQHandler
 .text.DMA6_DMA22_IRQHandler
                0x6000c2cc        0x8 ./startup/startup_mimxrt1052.o
                0x6000c2cc                DMA6_DMA22_IRQHandler
 .text.DMA7_DMA23_IRQHandler
                0x6000c2d4        0x8 ./startup/startup_mimxrt1052.o
                0x6000c2d4                DMA7_DMA23_IRQHandler
 .text.DMA8_DMA24_IRQHandler
                0x6000c2dc        0x8 ./startup/startup_mimxrt1052.o
                0x6000c2dc                DMA8_DMA24_IRQHandler
 .text.DMA9_DMA25_IRQHandler
                0x6000c2e4        0x8 ./startup/startup_mimxrt1052.o
                0x6000c2e4                DMA9_DMA25_IRQHandler
 .text.DMA10_DMA26_IRQHandler
                0x6000c2ec        0x8 ./startup/startup_mimxrt1052.o
                0x6000c2ec                DMA10_DMA26_IRQHandler
 .text.DMA11_DMA27_IRQHandler
                0x6000c2f4        0x8 ./startup/startup_mimxrt1052.o
                0x6000c2f4                DMA11_DMA27_IRQHandler
 .text.DMA12_DMA28_IRQHandler
                0x6000c2fc        0x8 ./startup/startup_mimxrt1052.o
                0x6000c2fc                DMA12_DMA28_IRQHandler
 .text.DMA13_DMA29_IRQHandler
                0x6000c304        0x8 ./startup/startup_mimxrt1052.o
                0x6000c304                DMA13_DMA29_IRQHandler
 .text.DMA14_DMA30_IRQHandler
                0x6000c30c        0x8 ./startup/startup_mimxrt1052.o
                0x6000c30c                DMA14_DMA30_IRQHandler
 .text.DMA15_DMA31_IRQHandler
                0x6000c314        0x8 ./startup/startup_mimxrt1052.o
                0x6000c314                DMA15_DMA31_IRQHandler
 .text.DMA_ERROR_IRQHandler
                0x6000c31c        0x8 ./startup/startup_mimxrt1052.o
                0x6000c31c                DMA_ERROR_IRQHandler
 .text.CTI0_ERROR_IRQHandler
                0x6000c324        0x8 ./startup/startup_mimxrt1052.o
                0x6000c324                CTI0_ERROR_IRQHandler
 .text.CTI1_ERROR_IRQHandler
                0x6000c32c        0x8 ./startup/startup_mimxrt1052.o
                0x6000c32c                CTI1_ERROR_IRQHandler
 .text.CORE_IRQHandler
                0x6000c334        0x8 ./startup/startup_mimxrt1052.o
                0x6000c334                CORE_IRQHandler
 .text.LPUART1_IRQHandler
                0x6000c33c        0x8 ./startup/startup_mimxrt1052.o
                0x6000c33c                LPUART1_IRQHandler
 .text.LPUART2_IRQHandler
                0x6000c344        0x8 ./startup/startup_mimxrt1052.o
                0x6000c344                LPUART2_IRQHandler
 .text.LPUART3_IRQHandler
                0x6000c34c        0x8 ./startup/startup_mimxrt1052.o
                0x6000c34c                LPUART3_IRQHandler
 .text.LPUART4_IRQHandler
                0x6000c354        0x8 ./startup/startup_mimxrt1052.o
                0x6000c354                LPUART4_IRQHandler
 .text.LPUART5_IRQHandler
                0x6000c35c        0x8 ./startup/startup_mimxrt1052.o
                0x6000c35c                LPUART5_IRQHandler
 .text.LPUART6_IRQHandler
                0x6000c364        0x8 ./startup/startup_mimxrt1052.o
                0x6000c364                LPUART6_IRQHandler
 .text.LPUART7_IRQHandler
                0x6000c36c        0x8 ./startup/startup_mimxrt1052.o
                0x6000c36c                LPUART7_IRQHandler
 .text.LPUART8_IRQHandler
                0x6000c374        0x8 ./startup/startup_mimxrt1052.o
                0x6000c374                LPUART8_IRQHandler
 .text.LPI2C1_IRQHandler
                0x6000c37c        0x8 ./startup/startup_mimxrt1052.o
                0x6000c37c                LPI2C1_IRQHandler
 .text.LPI2C2_IRQHandler
                0x6000c384        0x8 ./startup/startup_mimxrt1052.o
                0x6000c384                LPI2C2_IRQHandler
 .text.LPI2C3_IRQHandler
                0x6000c38c        0x8 ./startup/startup_mimxrt1052.o
                0x6000c38c                LPI2C3_IRQHandler
 .text.LPI2C4_IRQHandler
                0x6000c394        0x8 ./startup/startup_mimxrt1052.o
                0x6000c394                LPI2C4_IRQHandler
 .text.LPSPI1_IRQHandler
                0x6000c39c        0x8 ./startup/startup_mimxrt1052.o
                0x6000c39c                LPSPI1_IRQHandler
 .text.LPSPI2_IRQHandler
                0x6000c3a4        0x8 ./startup/startup_mimxrt1052.o
                0x6000c3a4                LPSPI2_IRQHandler
 .text.LPSPI3_IRQHandler
                0x6000c3ac        0x8 ./startup/startup_mimxrt1052.o
                0x6000c3ac                LPSPI3_IRQHandler
 .text.LPSPI4_IRQHandler
                0x6000c3b4        0x8 ./startup/startup_mimxrt1052.o
                0x6000c3b4                LPSPI4_IRQHandler
 .text.CAN1_IRQHandler
                0x6000c3bc        0x8 ./startup/startup_mimxrt1052.o
                0x6000c3bc                CAN1_IRQHandler
 .text.CAN2_IRQHandler
                0x6000c3c4        0x8 ./startup/startup_mimxrt1052.o
                0x6000c3c4                CAN2_IRQHandler
 .text.FLEXRAM_IRQHandler
                0x6000c3cc        0x8 ./startup/startup_mimxrt1052.o
                0x6000c3cc                FLEXRAM_IRQHandler
 .text.KPP_IRQHandler
                0x6000c3d4        0x8 ./startup/startup_mimxrt1052.o
                0x6000c3d4                KPP_IRQHandler
 .text.TSC_DIG_IRQHandler
                0x6000c3dc        0x8 ./startup/startup_mimxrt1052.o
                0x6000c3dc                TSC_DIG_IRQHandler
 .text.GPR_IRQ_IRQHandler
                0x6000c3e4        0x8 ./startup/startup_mimxrt1052.o
                0x6000c3e4                GPR_IRQ_IRQHandler
 .text.LCDIF_IRQHandler
                0x6000c3ec        0x8 ./startup/startup_mimxrt1052.o
                0x6000c3ec                LCDIF_IRQHandler
 .text.CSI_IRQHandler
                0x6000c3f4        0x8 ./startup/startup_mimxrt1052.o
                0x6000c3f4                CSI_IRQHandler
 .text.PXP_IRQHandler
                0x6000c3fc        0x8 ./startup/startup_mimxrt1052.o
                0x6000c3fc                PXP_IRQHandler
 .text.WDOG2_IRQHandler
                0x6000c404        0x8 ./startup/startup_mimxrt1052.o
                0x6000c404                WDOG2_IRQHandler
 .text.SNVS_HP_WRAPPER_IRQHandler
                0x6000c40c        0x8 ./startup/startup_mimxrt1052.o
                0x6000c40c                SNVS_HP_WRAPPER_IRQHandler
 .text.SNVS_HP_WRAPPER_TZ_IRQHandler
                0x6000c414        0x8 ./startup/startup_mimxrt1052.o
                0x6000c414                SNVS_HP_WRAPPER_TZ_IRQHandler
 .text.SNVS_LP_WRAPPER_IRQHandler
                0x6000c41c        0x8 ./startup/startup_mimxrt1052.o
                0x6000c41c                SNVS_LP_WRAPPER_IRQHandler
 .text.CSU_IRQHandler
                0x6000c424        0x8 ./startup/startup_mimxrt1052.o
                0x6000c424                CSU_IRQHandler
 .text.DCP_IRQHandler
                0x6000c42c        0x8 ./startup/startup_mimxrt1052.o
                0x6000c42c                DCP_IRQHandler
 .text.DCP_VMI_IRQHandler
                0x6000c434        0x8 ./startup/startup_mimxrt1052.o
                0x6000c434                DCP_VMI_IRQHandler
 .text.Reserved68_IRQHandler
                0x6000c43c        0x8 ./startup/startup_mimxrt1052.o
                0x6000c43c                Reserved68_IRQHandler
 .text.TRNG_IRQHandler
                0x6000c444        0x8 ./startup/startup_mimxrt1052.o
                0x6000c444                TRNG_IRQHandler
 .text.SJC_IRQHandler
                0x6000c44c        0x8 ./startup/startup_mimxrt1052.o
                0x6000c44c                SJC_IRQHandler
 .text.BEE_IRQHandler
                0x6000c454        0x8 ./startup/startup_mimxrt1052.o
                0x6000c454                BEE_IRQHandler
 .text.SAI1_IRQHandler
                0x6000c45c        0x8 ./startup/startup_mimxrt1052.o
                0x6000c45c                SAI1_IRQHandler
 .text.SAI2_IRQHandler
                0x6000c464        0x8 ./startup/startup_mimxrt1052.o
                0x6000c464                SAI2_IRQHandler
 .text.SAI3_RX_IRQHandler
                0x6000c46c        0x8 ./startup/startup_mimxrt1052.o
                0x6000c46c                SAI3_RX_IRQHandler
 .text.SAI3_TX_IRQHandler
                0x6000c474        0x8 ./startup/startup_mimxrt1052.o
                0x6000c474                SAI3_TX_IRQHandler
 .text.SPDIF_IRQHandler
                0x6000c47c        0x8 ./startup/startup_mimxrt1052.o
                0x6000c47c                SPDIF_IRQHandler
 .text.PMU_EVENT_IRQHandler
                0x6000c484        0x8 ./startup/startup_mimxrt1052.o
                0x6000c484                PMU_EVENT_IRQHandler
 .text.Reserved78_IRQHandler
                0x6000c48c        0x8 ./startup/startup_mimxrt1052.o
                0x6000c48c                Reserved78_IRQHandler
 .text.TEMP_LOW_HIGH_IRQHandler
                0x6000c494        0x8 ./startup/startup_mimxrt1052.o
                0x6000c494                TEMP_LOW_HIGH_IRQHandler
 .text.TEMP_PANIC_IRQHandler
                0x6000c49c        0x8 ./startup/startup_mimxrt1052.o
                0x6000c49c                TEMP_PANIC_IRQHandler
 .text.USB_PHY1_IRQHandler
                0x6000c4a4        0x8 ./startup/startup_mimxrt1052.o
                0x6000c4a4                USB_PHY1_IRQHandler
 .text.USB_PHY2_IRQHandler
                0x6000c4ac        0x8 ./startup/startup_mimxrt1052.o
                0x6000c4ac                USB_PHY2_IRQHandler
 .text.ADC1_IRQHandler
                0x6000c4b4        0x8 ./startup/startup_mimxrt1052.o
                0x6000c4b4                ADC1_IRQHandler
 .text.ADC2_IRQHandler
                0x6000c4bc        0x8 ./startup/startup_mimxrt1052.o
                0x6000c4bc                ADC2_IRQHandler
 .text.DCDC_IRQHandler
                0x6000c4c4        0x8 ./startup/startup_mimxrt1052.o
                0x6000c4c4                DCDC_IRQHandler
 .text.Reserved86_IRQHandler
                0x6000c4cc        0x8 ./startup/startup_mimxrt1052.o
                0x6000c4cc                Reserved86_IRQHandler
 .text.Reserved87_IRQHandler
                0x6000c4d4        0x8 ./startup/startup_mimxrt1052.o
                0x6000c4d4                Reserved87_IRQHandler
 .text.GPIO1_INT0_IRQHandler
                0x6000c4dc        0x8 ./startup/startup_mimxrt1052.o
                0x6000c4dc                GPIO1_INT0_IRQHandler
 .text.GPIO1_INT1_IRQHandler
                0x6000c4e4        0x8 ./startup/startup_mimxrt1052.o
                0x6000c4e4                GPIO1_INT1_IRQHandler
 .text.GPIO1_INT2_IRQHandler
                0x6000c4ec        0x8 ./startup/startup_mimxrt1052.o
                0x6000c4ec                GPIO1_INT2_IRQHandler
 .text.GPIO1_INT3_IRQHandler
                0x6000c4f4        0x8 ./startup/startup_mimxrt1052.o
                0x6000c4f4                GPIO1_INT3_IRQHandler
 .text.GPIO1_INT4_IRQHandler
                0x6000c4fc        0x8 ./startup/startup_mimxrt1052.o
                0x6000c4fc                GPIO1_INT4_IRQHandler
 .text.GPIO1_INT5_IRQHandler
                0x6000c504        0x8 ./startup/startup_mimxrt1052.o
                0x6000c504                GPIO1_INT5_IRQHandler
 .text.GPIO1_INT6_IRQHandler
                0x6000c50c        0x8 ./startup/startup_mimxrt1052.o
                0x6000c50c                GPIO1_INT6_IRQHandler
 .text.GPIO1_INT7_IRQHandler
                0x6000c514        0x8 ./startup/startup_mimxrt1052.o
                0x6000c514                GPIO1_INT7_IRQHandler
 .text.GPIO1_Combined_0_15_IRQHandler
                0x6000c51c        0x8 ./startup/startup_mimxrt1052.o
                0x6000c51c                GPIO1_Combined_0_15_IRQHandler
 .text.GPIO1_Combined_16_31_IRQHandler
                0x6000c524        0x8 ./startup/startup_mimxrt1052.o
                0x6000c524                GPIO1_Combined_16_31_IRQHandler
 .text.GPIO2_Combined_0_15_IRQHandler
                0x6000c52c        0x8 ./startup/startup_mimxrt1052.o
                0x6000c52c                GPIO2_Combined_0_15_IRQHandler
 .text.GPIO2_Combined_16_31_IRQHandler
                0x6000c534        0x8 ./startup/startup_mimxrt1052.o
                0x6000c534                GPIO2_Combined_16_31_IRQHandler
 .text.GPIO3_Combined_0_15_IRQHandler
                0x6000c53c        0x8 ./startup/startup_mimxrt1052.o
                0x6000c53c                GPIO3_Combined_0_15_IRQHandler
 .text.GPIO3_Combined_16_31_IRQHandler
                0x6000c544        0x8 ./startup/startup_mimxrt1052.o
                0x6000c544                GPIO3_Combined_16_31_IRQHandler
 .text.GPIO4_Combined_0_15_IRQHandler
                0x6000c54c        0x8 ./startup/startup_mimxrt1052.o
                0x6000c54c                GPIO4_Combined_0_15_IRQHandler
 .text.GPIO4_Combined_16_31_IRQHandler
                0x6000c554        0x8 ./startup/startup_mimxrt1052.o
                0x6000c554                GPIO4_Combined_16_31_IRQHandler
 .text.GPIO5_Combined_0_15_IRQHandler
                0x6000c55c        0x8 ./startup/startup_mimxrt1052.o
                0x6000c55c                GPIO5_Combined_0_15_IRQHandler
 .text.GPIO5_Combined_16_31_IRQHandler
                0x6000c564        0x8 ./startup/startup_mimxrt1052.o
                0x6000c564                GPIO5_Combined_16_31_IRQHandler
 .text.FLEXIO1_IRQHandler
                0x6000c56c        0x8 ./startup/startup_mimxrt1052.o
                0x6000c56c                FLEXIO1_IRQHandler
 .text.FLEXIO2_IRQHandler
                0x6000c574        0x8 ./startup/startup_mimxrt1052.o
                0x6000c574                FLEXIO2_IRQHandler
 .text.WDOG1_IRQHandler
                0x6000c57c        0x8 ./startup/startup_mimxrt1052.o
                0x6000c57c                WDOG1_IRQHandler
 .text.RTWDOG_IRQHandler
                0x6000c584        0x8 ./startup/startup_mimxrt1052.o
                0x6000c584                RTWDOG_IRQHandler
 .text.EWM_IRQHandler
                0x6000c58c        0x8 ./startup/startup_mimxrt1052.o
                0x6000c58c                EWM_IRQHandler
 .text.CCM_1_IRQHandler
                0x6000c594        0x8 ./startup/startup_mimxrt1052.o
                0x6000c594                CCM_1_IRQHandler
 .text.CCM_2_IRQHandler
                0x6000c59c        0x8 ./startup/startup_mimxrt1052.o
                0x6000c59c                CCM_2_IRQHandler
 .text.GPC_IRQHandler
                0x6000c5a4        0x8 ./startup/startup_mimxrt1052.o
                0x6000c5a4                GPC_IRQHandler
 .text.SRC_IRQHandler
                0x6000c5ac        0x8 ./startup/startup_mimxrt1052.o
                0x6000c5ac                SRC_IRQHandler
 .text.Reserved115_IRQHandler
                0x6000c5b4        0x8 ./startup/startup_mimxrt1052.o
                0x6000c5b4                Reserved115_IRQHandler
 .text.GPT1_IRQHandler
                0x6000c5bc        0x8 ./startup/startup_mimxrt1052.o
                0x6000c5bc                GPT1_IRQHandler
 .text.GPT2_IRQHandler
                0x6000c5c4        0x8 ./startup/startup_mimxrt1052.o
                0x6000c5c4                GPT2_IRQHandler
 .text.PWM1_0_IRQHandler
                0x6000c5cc        0x8 ./startup/startup_mimxrt1052.o
                0x6000c5cc                PWM1_0_IRQHandler
 .text.PWM1_1_IRQHandler
                0x6000c5d4        0x8 ./startup/startup_mimxrt1052.o
                0x6000c5d4                PWM1_1_IRQHandler
 .text.PWM1_2_IRQHandler
                0x6000c5dc        0x8 ./startup/startup_mimxrt1052.o
                0x6000c5dc                PWM1_2_IRQHandler
 .text.PWM1_3_IRQHandler
                0x6000c5e4        0x8 ./startup/startup_mimxrt1052.o
                0x6000c5e4                PWM1_3_IRQHandler
 .text.PWM1_FAULT_IRQHandler
                0x6000c5ec        0x8 ./startup/startup_mimxrt1052.o
                0x6000c5ec                PWM1_FAULT_IRQHandler
 .text.Reserved123_IRQHandler
                0x6000c5f4        0x8 ./startup/startup_mimxrt1052.o
                0x6000c5f4                Reserved123_IRQHandler
 .text.FLEXSPI_IRQHandler
                0x6000c5fc        0x8 ./startup/startup_mimxrt1052.o
                0x6000c5fc                FLEXSPI_IRQHandler
 .text.SEMC_IRQHandler
                0x6000c604        0x8 ./startup/startup_mimxrt1052.o
                0x6000c604                SEMC_IRQHandler
 .text.USDHC1_IRQHandler
                0x6000c60c        0x8 ./startup/startup_mimxrt1052.o
                0x6000c60c                USDHC1_IRQHandler
 .text.USDHC2_IRQHandler
                0x6000c614        0x8 ./startup/startup_mimxrt1052.o
                0x6000c614                USDHC2_IRQHandler
 .text.ENET_IRQHandler
                0x6000c61c        0x8 ./startup/startup_mimxrt1052.o
                0x6000c61c                ENET_IRQHandler
 .text.ENET_1588_Timer_IRQHandler
                0x6000c624        0x8 ./startup/startup_mimxrt1052.o
                0x6000c624                ENET_1588_Timer_IRQHandler
 .text.XBAR1_IRQ_0_1_IRQHandler
                0x6000c62c        0x8 ./startup/startup_mimxrt1052.o
                0x6000c62c                XBAR1_IRQ_0_1_IRQHandler
 .text.XBAR1_IRQ_2_3_IRQHandler
                0x6000c634        0x8 ./startup/startup_mimxrt1052.o
                0x6000c634                XBAR1_IRQ_2_3_IRQHandler
 .text.ADC_ETC_IRQ0_IRQHandler
                0x6000c63c        0x8 ./startup/startup_mimxrt1052.o
                0x6000c63c                ADC_ETC_IRQ0_IRQHandler
 .text.ADC_ETC_IRQ1_IRQHandler
                0x6000c644        0x8 ./startup/startup_mimxrt1052.o
                0x6000c644                ADC_ETC_IRQ1_IRQHandler
 .text.ADC_ETC_IRQ2_IRQHandler
                0x6000c64c        0x8 ./startup/startup_mimxrt1052.o
                0x6000c64c                ADC_ETC_IRQ2_IRQHandler
 .text.ADC_ETC_ERROR_IRQ_IRQHandler
                0x6000c654        0x8 ./startup/startup_mimxrt1052.o
                0x6000c654                ADC_ETC_ERROR_IRQ_IRQHandler
 .text.PIT_IRQHandler
                0x6000c65c        0x8 ./startup/startup_mimxrt1052.o
                0x6000c65c                PIT_IRQHandler
 .text.ACMP1_IRQHandler
                0x6000c664        0x8 ./startup/startup_mimxrt1052.o
                0x6000c664                ACMP1_IRQHandler
 .text.ACMP2_IRQHandler
                0x6000c66c        0x8 ./startup/startup_mimxrt1052.o
                0x6000c66c                ACMP2_IRQHandler
 .text.ACMP3_IRQHandler
                0x6000c674        0x8 ./startup/startup_mimxrt1052.o
                0x6000c674                ACMP3_IRQHandler
 .text.ACMP4_IRQHandler
                0x6000c67c        0x8 ./startup/startup_mimxrt1052.o
                0x6000c67c                ACMP4_IRQHandler
 .text.Reserved143_IRQHandler
                0x6000c684        0x8 ./startup/startup_mimxrt1052.o
                0x6000c684                Reserved143_IRQHandler
 .text.Reserved144_IRQHandler
                0x6000c68c        0x8 ./startup/startup_mimxrt1052.o
                0x6000c68c                Reserved144_IRQHandler
 .text.ENC1_IRQHandler
                0x6000c694        0x8 ./startup/startup_mimxrt1052.o
                0x6000c694                ENC1_IRQHandler
 .text.ENC2_IRQHandler
                0x6000c69c        0x8 ./startup/startup_mimxrt1052.o
                0x6000c69c                ENC2_IRQHandler
 .text.ENC3_IRQHandler
                0x6000c6a4        0x8 ./startup/startup_mimxrt1052.o
                0x6000c6a4                ENC3_IRQHandler
 .text.ENC4_IRQHandler
                0x6000c6ac        0x8 ./startup/startup_mimxrt1052.o
                0x6000c6ac                ENC4_IRQHandler
 .text.TMR1_IRQHandler
                0x6000c6b4        0x8 ./startup/startup_mimxrt1052.o
                0x6000c6b4                TMR1_IRQHandler
 .text.TMR2_IRQHandler
                0x6000c6bc        0x8 ./startup/startup_mimxrt1052.o
                0x6000c6bc                TMR2_IRQHandler
 .text.TMR3_IRQHandler
                0x6000c6c4        0x8 ./startup/startup_mimxrt1052.o
                0x6000c6c4                TMR3_IRQHandler
 .text.TMR4_IRQHandler
                0x6000c6cc        0x8 ./startup/startup_mimxrt1052.o
                0x6000c6cc                TMR4_IRQHandler
 .text.PWM2_0_IRQHandler
                0x6000c6d4        0x8 ./startup/startup_mimxrt1052.o
                0x6000c6d4                PWM2_0_IRQHandler
 .text.PWM2_1_IRQHandler
                0x6000c6dc        0x8 ./startup/startup_mimxrt1052.o
                0x6000c6dc                PWM2_1_IRQHandler
 .text.PWM2_2_IRQHandler
                0x6000c6e4        0x8 ./startup/startup_mimxrt1052.o
                0x6000c6e4                PWM2_2_IRQHandler
 .text.PWM2_3_IRQHandler
                0x6000c6ec        0x8 ./startup/startup_mimxrt1052.o
                0x6000c6ec                PWM2_3_IRQHandler
 .text.PWM2_FAULT_IRQHandler
                0x6000c6f4        0x8 ./startup/startup_mimxrt1052.o
                0x6000c6f4                PWM2_FAULT_IRQHandler
 .text.PWM3_0_IRQHandler
                0x6000c6fc        0x8 ./startup/startup_mimxrt1052.o
                0x6000c6fc                PWM3_0_IRQHandler
 .text.PWM3_1_IRQHandler
                0x6000c704        0x8 ./startup/startup_mimxrt1052.o
                0x6000c704                PWM3_1_IRQHandler
 .text.PWM3_2_IRQHandler
                0x6000c70c        0x8 ./startup/startup_mimxrt1052.o
                0x6000c70c                PWM3_2_IRQHandler
 .text.PWM3_3_IRQHandler
                0x6000c714        0x8 ./startup/startup_mimxrt1052.o
                0x6000c714                PWM3_3_IRQHandler
 .text.PWM3_FAULT_IRQHandler
                0x6000c71c        0x8 ./startup/startup_mimxrt1052.o
                0x6000c71c                PWM3_FAULT_IRQHandler
 .text.PWM4_0_IRQHandler
                0x6000c724        0x8 ./startup/startup_mimxrt1052.o
                0x6000c724                PWM4_0_IRQHandler
 .text.PWM4_1_IRQHandler
                0x6000c72c        0x8 ./startup/startup_mimxrt1052.o
                0x6000c72c                PWM4_1_IRQHandler
 .text.PWM4_2_IRQHandler
                0x6000c734        0x8 ./startup/startup_mimxrt1052.o
                0x6000c734                PWM4_2_IRQHandler
 .text.PWM4_3_IRQHandler
                0x6000c73c        0x8 ./startup/startup_mimxrt1052.o
                0x6000c73c                PWM4_3_IRQHandler
 .text.PWM4_FAULT_IRQHandler
                0x6000c744        0x8 ./startup/startup_mimxrt1052.o
                0x6000c744                PWM4_FAULT_IRQHandler
 .text.EnableIRQ
                0x6000c74c       0x32 ./source/app.o
 .text.USB_HostIsrEnable
                0x6000c77e       0x2e ./source/app.o
                0x6000c77e                USB_HostIsrEnable
 .text.USB_HostTaskFn
                0x6000c7ac       0x16 ./source/app.o
                0x6000c7ac                USB_HostTaskFn
 .text.HardFault_Handler
                0x6000c7c2       0x2c ./source/semihost_hardfault.o
                0x6000c7c2                HardFault_Handler
 .text.CLOCK_IsPllBypassed
                0x6000c7ee       0x32 ./drivers/fsl_clock.o
 .text.CLOCK_IsPllEnabled
                0x6000c820       0x3c ./drivers/fsl_clock.o
 .text.CLOCK_GetPllBypassRefClk
                0x6000c85c       0x34 ./drivers/fsl_clock.o
 .text._SDK_AtomicLocalClearAndSet4Byte
                0x6000c890       0x50 ./drivers/fsl_lpuart.o
 .text.CLOCK_EnableClock
                0x6000c8e0       0x1e ./drivers/fsl_lpuart.o
 .text.LPUART_SoftwareReset
                0x6000c8fe       0x2c ./drivers/fsl_lpuart.o
 .text.SystemInitHook
                0x6000c92a        0xe ./device/system_MIMXRT1052.o
                0x6000c92a                SystemInitHook
 .text.HAL_UartGetStatus
                0x6000c938       0x28 ./component/uart/fsl_adapter_lpuart.o
 .text.DisableGlobalIRQ
                0x6000c960       0x22 ./component/osa/fsl_os_abstraction_bm.o
 .text.EnableGlobalIRQ
                0x6000c982       0x20 ./component/osa/fsl_os_abstraction_bm.o
 .text.OSA_MemoryAllocate
                0x6000c9a2       0x2a ./component/osa/fsl_os_abstraction_bm.o
                0x6000c9a2                OSA_MemoryAllocate
 .text.OSA_MemoryFree
                0x6000c9cc       0x16 ./component/osa/fsl_os_abstraction_bm.o
                0x6000c9cc                OSA_MemoryFree
 .text.OSA_EnterCritical
                0x6000c9e2       0x1a ./component/osa/fsl_os_abstraction_bm.o
                0x6000c9e2                OSA_EnterCritical
 .text.OSA_ExitCritical
                0x6000c9fc       0x16 ./component/osa/fsl_os_abstraction_bm.o
                0x6000c9fc                OSA_ExitCritical
 .text.OSA_MutexLock
                0x6000ca12       0x52 ./component/osa/fsl_os_abstraction_bm.o
                0x6000ca12                OSA_MutexLock
 .text.OSA_EventSet
                0x6000ca64       0x36 ./component/osa/fsl_os_abstraction_bm.o
                0x6000ca64                OSA_EventSet
 .text.OSA_EventWait
                0x6000ca9a       0x94 ./component/osa/fsl_os_abstraction_bm.o
                0x6000ca9a                OSA_EventWait
 .text.BOARD_InitDebugConsole
                0x6000cb2e       0x22 ./board/board.o
                0x6000cb2e                BOARD_InitDebugConsole
 .text._SDK_AtomicLocalClearAndSet4Byte
                0x6000cb50       0x50 ./board/clock_config.o
 .text.CLOCK_DisableClock
                0x6000cba0       0x1e ./board/clock_config.o
 .text.CLOCK_SetPllBypass
                0x6000cbbe       0x4e ./board/clock_config.o
 .text.IOMUXC_SetSaiMClkClockSource
                0x6000cc0c       0x6c ./board/clock_config.o
 .text.BOARD_InitBootClocks
                0x6000cc78        0xc ./board/clock_config.o
                0x6000cc78                BOARD_InitBootClocks
 .text._SDK_AtomicLocalClearAndSet4Byte
                0x6000cc84       0x50 ./board/pin_mux.o
 .text.CLOCK_EnableClock
                0x6000ccd4       0x1e ./board/pin_mux.o
 .text.IOMUXC_SetPinMux
                0x6000ccf2       0x3a ./board/pin_mux.o
 .text.IOMUXC_SetPinConfig
                0x6000cd2c       0x26 ./board/pin_mux.o
 .text.BOARD_InitBootPins
                0x6000cd52        0xc ./board/pin_mux.o
                0x6000cd52                BOARD_InitBootPins
 .text.__main   0x6000cd5e        0xe c:/nxp/mcuxpressoide_11.6.1_8255/ide/plugins/com.nxp.mcuxpresso.tools.win32_11.6.1.202207200623/tools/bin/../lib/gcc/arm-none-eabi/10.3.1/../../../../arm-none-eabi/lib/thumb/v7e-m+dp/hard\libcr_nohost_nf.a(_cr__main.o)
                0x6000cd5e                __main
 .text.memcpy   0x6000cd6c        0x4 c:/nxp/mcuxpressoide_11.6.1_8255/ide/plugins/com.nxp.mcuxpresso.tools.win32_11.6.1.202207200623/tools/bin/../lib/gcc/arm-none-eabi/10.3.1/../../../../arm-none-eabi/lib/thumb/v7e-m+dp/hard\libcr_c.a(memcpy.o)
                0x6000cd6c                memcpy
 .text.memset   0x6000cd70        0x4 c:/nxp/mcuxpressoide_11.6.1_8255/ide/plugins/com.nxp.mcuxpresso.tools.win32_11.6.1.202207200623/tools/bin/../lib/gcc/arm-none-eabi/10.3.1/../../../../arm-none-eabi/lib/thumb/v7e-m+dp/hard\libcr_c.a(memset.o)
                0x6000cd70                memset
 .text.free     0x6000cd74       0x30 c:/nxp/mcuxpressoide_11.6.1_8255/ide/plugins/com.nxp.mcuxpresso.tools.win32_11.6.1.202207200623/tools/bin/../lib/gcc/arm-none-eabi/10.3.1/../../../../arm-none-eabi/lib/thumb/v7e-m+dp/hard\libcr_c.a(alloc.o)
                0x6000cd74                free
 .text.setvbuf  0x6000cda4       0x3e c:/nxp/mcuxpressoide_11.6.1_8255/ide/plugins/com.nxp.mcuxpresso.tools.win32_11.6.1.202207200623/tools/bin/../lib/gcc/arm-none-eabi/10.3.1/../../../../arm-none-eabi/lib/thumb/v7e-m+dp/hard\libcr_c.a(setvbuf.o)
                0x6000cda4                setvbuf
 .text.strlen   0x6000cde2       0x48 c:/nxp/mcuxpressoide_11.6.1_8255/ide/plugins/com.nxp.mcuxpresso.tools.win32_11.6.1.202207200623/tools/bin/../lib/gcc/arm-none-eabi/10.3.1/../../../../arm-none-eabi/lib/thumb/v7e-m+dp/hard\libcr_c.a(strlen.o)
                0x6000cde2                strlen
 .text._deferredlazyseek
                0x6000ce2a       0x40 c:/nxp/mcuxpressoide_11.6.1_8255/ide/plugins/com.nxp.mcuxpresso.tools.win32_11.6.1.202207200623/tools/bin/../lib/gcc/arm-none-eabi/10.3.1/../../../../arm-none-eabi/lib/thumb/v7e-m+dp/hard\libcr_c.a(_deferredlazyseek.o)
                0x6000ce2a                _deferredlazyseek
 .text._fdopen  0x6000ce6a       0x68 c:/nxp/mcuxpressoide_11.6.1_8255/ide/plugins/com.nxp.mcuxpresso.tools.win32_11.6.1.202207200623/tools/bin/../lib/gcc/arm-none-eabi/10.3.1/../../../../arm-none-eabi/lib/thumb/v7e-m+dp/hard\libcr_c.a(_fdopen.o)
                0x6000ce6a                _fdopen
 .text._fflush  0x6000ced2       0x52 c:/nxp/mcuxpressoide_11.6.1_8255/ide/plugins/com.nxp.mcuxpresso.tools.win32_11.6.1.202207200623/tools/bin/../lib/gcc/arm-none-eabi/10.3.1/../../../../arm-none-eabi/lib/thumb/v7e-m+dp/hard\libcr_c.a(_fflush.o)
                0x6000ced2                _fflush
 .text.fclose   0x6000cf24       0x58 c:/nxp/mcuxpressoide_11.6.1_8255/ide/plugins/com.nxp.mcuxpresso.tools.win32_11.6.1.202207200623/tools/bin/../lib/gcc/arm-none-eabi/10.3.1/../../../../arm-none-eabi/lib/thumb/v7e-m+dp/hard\libcr_c.a(fclose.o)
                0x6000cf24                fclose
 .text.remove   0x6000cf7c       0x14 c:/nxp/mcuxpressoide_11.6.1_8255/ide/plugins/com.nxp.mcuxpresso.tools.win32_11.6.1.202207200623/tools/bin/../lib/gcc/arm-none-eabi/10.3.1/../../../../arm-none-eabi/lib/thumb/v7e-m+dp/hard\libcr_c.a(remove.o)
                0x6000cf7c                remove
 .text._do_fflush
                0x6000cf90       0x40 c:/nxp/mcuxpressoide_11.6.1_8255/ide/plugins/com.nxp.mcuxpresso.tools.win32_11.6.1.202207200623/tools/bin/../lib/gcc/arm-none-eabi/10.3.1/../../../../arm-none-eabi/lib/thumb/v7e-m+dp/hard\libcr_c.a(_do_fflush.o)
                0x6000cf90                _do_fflush
 .text.__aeabi_division_ldivmod
                0x6000cfd0       0x26 c:/nxp/mcuxpressoide_11.6.1_8255/ide/plugins/com.nxp.mcuxpresso.tools.win32_11.6.1.202207200623/tools/bin/../lib/gcc/arm-none-eabi/10.3.1/thumb/v7e-m+dp/hard\libcr_eabihelpers.a(division_64.o)
                0x6000cfd0                __aeabi_ldivmod
 .text.__aeabi_division_uldivmod
                0x6000cff6      0x174 c:/nxp/mcuxpressoide_11.6.1_8255/ide/plugins/com.nxp.mcuxpresso.tools.win32_11.6.1.202207200623/tools/bin/../lib/gcc/arm-none-eabi/10.3.1/thumb/v7e-m+dp/hard\libcr_eabihelpers.a(division_64.o)
                0x6000cff6                __aeabi_uldivmod
                0x6000cffa                __bhs_ldivmod1
 .text.__aeabi_division_idiv0
                0x6000d16a        0x2 c:/nxp/mcuxpressoide_11.6.1_8255/ide/plugins/com.nxp.mcuxpresso.tools.win32_11.6.1.202207200623/tools/bin/../lib/gcc/arm-none-eabi/10.3.1/thumb/v7e-m+dp/hard\libcr_eabihelpers.a(division_idiv0.o)
                0x6000d16a                __aeabi_idiv0
 .text.__aeabi_memcpy
                0x6000d16c       0x34 c:/nxp/mcuxpressoide_11.6.1_8255/ide/plugins/com.nxp.mcuxpresso.tools.win32_11.6.1.202207200623/tools/bin/../lib/gcc/arm-none-eabi/10.3.1/thumb/v7e-m+dp/hard\libcr_eabihelpers.a(memcpy.o)
                0x6000d16c                __aeabi_memcpy
                0x6000d176                __aeabi_memcpy8
                0x6000d176                __aeabi_memcpy4
 .text.__aeabi_memset_lowlevel
                0x6000d1a0       0x32 c:/nxp/mcuxpressoide_11.6.1_8255/ide/plugins/com.nxp.mcuxpresso.tools.win32_11.6.1.202207200623/tools/bin/../lib/gcc/arm-none-eabi/10.3.1/thumb/v7e-m+dp/hard\libcr_eabihelpers.a(memcpy.o)
                0x6000d1a0                __aeabi_lowlevel_memset
 .text.__sys_close
                0x6000d1d2        0x6 c:/nxp/mcuxpressoide_11.6.1_8255/ide/plugins/com.nxp.mcuxpresso.tools.win32_11.6.1.202207200623/tools/bin/../lib/gcc/arm-none-eabi/10.3.1/../../../../arm-none-eabi/lib/thumb/v7e-m+dp/hard\libcr_nohost_nf.a(__sys_close.o)
                0x6000d1d2                __sys_close
 .text.__sys_flen
                0x6000d1d8        0x6 c:/nxp/mcuxpressoide_11.6.1_8255/ide/plugins/com.nxp.mcuxpresso.tools.win32_11.6.1.202207200623/tools/bin/../lib/gcc/arm-none-eabi/10.3.1/../../../../arm-none-eabi/lib/thumb/v7e-m+dp/hard\libcr_nohost_nf.a(__sys_flen.o)
                0x6000d1d8                __sys_flen
 .text.__sys_istty
                0x6000d1de        0x6 c:/nxp/mcuxpressoide_11.6.1_8255/ide/plugins/com.nxp.mcuxpresso.tools.win32_11.6.1.202207200623/tools/bin/../lib/gcc/arm-none-eabi/10.3.1/../../../../arm-none-eabi/lib/thumb/v7e-m+dp/hard\libcr_nohost_nf.a(__sys_istty.o)
                0x6000d1de                __sys_istty
 .text.__sys_remove
                0x6000d1e4        0x6 c:/nxp/mcuxpressoide_11.6.1_8255/ide/plugins/com.nxp.mcuxpresso.tools.win32_11.6.1.202207200623/tools/bin/../lib/gcc/arm-none-eabi/10.3.1/../../../../arm-none-eabi/lib/thumb/v7e-m+dp/hard\libcr_nohost_nf.a(__sys_remove.o)
                0x6000d1e4                __sys_remove
 .text.__sys_seek
                0x6000d1ea        0x6 c:/nxp/mcuxpressoide_11.6.1_8255/ide/plugins/com.nxp.mcuxpresso.tools.win32_11.6.1.202207200623/tools/bin/../lib/gcc/arm-none-eabi/10.3.1/../../../../arm-none-eabi/lib/thumb/v7e-m+dp/hard\libcr_nohost_nf.a(__sys_seek.o)
                0x6000d1ea                __sys_seek
 .text.__sys_tmpnam
                0x6000d1f0        0x6 c:/nxp/mcuxpressoide_11.6.1_8255/ide/plugins/com.nxp.mcuxpresso.tools.win32_11.6.1.202207200623/tools/bin/../lib/gcc/arm-none-eabi/10.3.1/../../../../arm-none-eabi/lib/thumb/v7e-m+dp/hard\libcr_nohost_nf.a(__sys_tmpnam.o)
                0x6000d1f0                __sys_tmpnam
 .text.__sys_write
                0x6000d1f6        0x4 c:/nxp/mcuxpressoide_11.6.1_8255/ide/plugins/com.nxp.mcuxpresso.tools.win32_11.6.1.202207200623/tools/bin/../lib/gcc/arm-none-eabi/10.3.1/../../../../arm-none-eabi/lib/thumb/v7e-m+dp/hard\libcr_nohost_nf.a(__sys_write.o)
                0x6000d1f6                __sys_write
 *(SORT_BY_ALIGNMENT(.rodata) SORT_BY_ALIGNMENT(.rodata.*) SORT_BY_ALIGNMENT(.constdata) SORT_BY_ALIGNMENT(.constdata.*))
 *fill*         0x6000d1fa        0x2 ff
 .rodata.__assertion_failed.str1.4
                0x6000d1fc       0x14 ./utilities/fsl_assert.o
 .rodata        0x6000d210        0xc ./usb/phy/usb_phy.o
 .rodata.USB_HostHubDeviceEvent.str1.4
                0x6000d21c       0x3f ./usb/host/class/usb_host_hub_app.o
 *fill*         0x6000d25b        0x1 ff
 .rodata.s_EnumEntries
                0x6000d25c       0x38 ./usb/host/usb_host_devices.o
 .rodata        0x6000d294        0x8 ./usb/host/usb_host_ehci.o
 .rodata.s_EhciInterface
                0x6000d29c       0x1c ./usb/host/usb_host_hci.o
 .rodata        0x6000d2b8        0x3 ./source/app.o
 *fill*         0x6000d2bb        0x1 ff
 .rodata.USB_HostEvent.str1.4
                0x6000d2bc       0x2d ./source/app.o
 *fill*         0x6000d2e9        0x3 ff
 .rodata.USB_HostApplicationInit.str1.4
                0x6000d2ec       0x25 ./source/app.o
 *fill*         0x6000d311        0x3 ff
 .rodata.USB_HostMsdTask.str1.4
                0x6000d314       0x51 ./source/host_msd_fatfs.o
 *fill*         0x6000d365        0x3 ff
 .rodata.USB_HostMsdEvent.str1.4
                0x6000d368       0x5c ./source/host_msd_fatfs.o
 .rodata.CLOCK_InitExternalClk.str1.4
                0x6000d3c4       0x21 ./drivers/fsl_clock.o
 *fill*         0x6000d3e5        0x3 ff
 .rodata.CLOCK_GetPllFreq.str1.4
                0x6000d3e8       0x6d ./drivers/fsl_clock.o
 *fill*         0x6000d455        0x3 ff
 .rodata.g_ccmConfigUsbPll.2
                0x6000d458        0x2 ./drivers/fsl_clock.o
 *fill*         0x6000d45a        0x2 ff
 .rodata.enetRefClkFreq.1
                0x6000d45c       0x10 ./drivers/fsl_clock.o
 .rodata.CLOCK_ControlGate.str1.4
                0x6000d46c       0x20 ./drivers/fsl_lpuart.o
 .rodata.s_lpuartBases
                0x6000d48c       0x24 ./drivers/fsl_lpuart.o
 .rodata.s_lpuartClock
                0x6000d4b0       0x12 ./drivers/fsl_lpuart.o
 *fill*         0x6000d4c2        0x2 ff
 .rodata.LPUART_GetInstance.str1.4
                0x6000d4c4       0x38 ./drivers/fsl_lpuart.o
 .rodata.LPUART_Init.str1.4
                0x6000d4fc      0x10a ./drivers/fsl_lpuart.o
 *fill*         0x6000d606        0x2 ff
 .rodata.LPUART_GetDefaultConfig.str1.4
                0x6000d608       0x22 ./drivers/fsl_lpuart.o
 *fill*         0x6000d62a        0x2 ff
 .rodata.LPUART_WriteBlocking.str1.4
                0x6000d62c       0x20 ./drivers/fsl_lpuart.o
 .rodata.LPUART_ReadBlocking.str1.4
                0x6000d64c       0x20 ./drivers/fsl_lpuart.o
 .rodata.s_LpuartAdapterBase
                0x6000d66c       0x24 ./component/uart/fsl_adapter_lpuart.o
 .rodata.HAL_UartInit.str1.4
                0x6000d690      0x105 ./component/uart/fsl_adapter_lpuart.o
 *fill*         0x6000d795        0x3 ff
 .rodata.HAL_UartReceiveBlocking.str1.4
                0x6000d798       0x7b ./component/uart/fsl_adapter_lpuart.o
 *fill*         0x6000d813        0x1 ff
 .rodata.HAL_UartSendBlocking.str1.4
                0x6000d814       0x7b ./component/uart/fsl_adapter_lpuart.o
 *fill*         0x6000d88f        0x1 ff
 .rodata.OSA_MutexCreate.str1.4
                0x6000d890       0x2a ./component/osa/fsl_os_abstraction_bm.o
 *fill*         0x6000d8ba        0x2 ff
 .rodata.OSA_MutexUnlock.str1.4
                0x6000d8bc       0x2a ./component/osa/fsl_os_abstraction_bm.o
 *fill*         0x6000d8e6        0x2 ff
 .rodata.OSA_MutexDestroy.str1.4
                0x6000d8e8       0x2a ./component/osa/fsl_os_abstraction_bm.o
 *fill*         0x6000d912        0x2 ff
 .rodata.OSA_EventCreate.str1.4
                0x6000d914       0x2a ./component/osa/fsl_os_abstraction_bm.o
 *fill*         0x6000d93e        0x2 ff
 .rodata.OSA_EventDestroy.str1.4
                0x6000d940       0x2b ./component/osa/fsl_os_abstraction_bm.o
 *fill*         0x6000d96b        0x1 ff
 .rodata.BOARD_ConfigMPU.str1.4
                0x6000d96c       0x69 ./board/board.o
 *fill*         0x6000d9d5        0x3 ff
 .rodata.CLOCK_SetMux.str1.4
                0x6000d9d8       0x8f ./board/clock_config.o
 *fill*         0x6000da67        0x1 ff
 .rodata.CLOCK_SetDiv.str1.4
                0x6000da68       0x8f ./board/clock_config.o
 *fill*         0x6000daf7        0x1 ff
 .rodata.CLOCK_ControlGate.str1.4
                0x6000daf8       0x7e ./board/clock_config.o
 *fill*         0x6000db76        0x2 ff
 .rodata.armPllConfig_BOARD_BootClockRUN
                0x6000db78        0x8 ./board/clock_config.o
                0x6000db78                armPllConfig_BOARD_BootClockRUN
 .rodata.sysPllConfig_BOARD_BootClockRUN
                0x6000db80       0x14 ./board/clock_config.o
                0x6000db80                sysPllConfig_BOARD_BootClockRUN
 .rodata.CLOCK_ControlGate.str1.4
                0x6000db94       0x7e ./board/pin_mux.o
 .rodata.__num_Ciob_streams
                0x6000db94        0x4 c:/nxp/mcuxpressoide_11.6.1_8255/ide/plugins/com.nxp.mcuxpresso.tools.win32_11.6.1.202207200623/tools/bin/../lib/gcc/arm-none-eabi/10.3.1/../../../../arm-none-eabi/lib/thumb/v7e-m+dp/hard\libcr_nohost_nf.a(__ciob.o)
                0x6000db94                __num_Ciob_streams
 .rodata._initio.str1.1
                0x6000db98        0x4 c:/nxp/mcuxpressoide_11.6.1_8255/ide/plugins/com.nxp.mcuxpresso.tools.win32_11.6.1.202207200623/tools/bin/../lib/gcc/arm-none-eabi/10.3.1/../../../../arm-none-eabi/lib/thumb/v7e-m+dp/hard\libcr_c.a(initio.o)
                0x6000dc14                . = ALIGN (0x4)
                0x6000db9c                _etext = .

.glue_7         0x6000db9c        0x0
 .glue_7        0x6000db9c        0x0 linker stubs

.glue_7t        0x6000db9c        0x0
 .glue_7t       0x6000db9c        0x0 linker stubs

.vfp11_veneer   0x6000db9c        0x0
 .vfp11_veneer  0x6000db9c        0x0 linker stubs

.v4_bx          0x6000db9c        0x0
 .v4_bx         0x6000db9c        0x0 linker stubs

.iplt           0x6000db9c        0x0
 .iplt          0x6000db9c        0x0 ./xip/fsl_flexspi_nor_boot.o

.rel.dyn        0x6000db9c        0x0
 .rel.iplt      0x6000db9c        0x0 ./xip/fsl_flexspi_nor_boot.o

.data_RAM2      0x00000000        0x0 load address 0x6000db9c
 FILL mask 0xff
                [!provide]                PROVIDE (__start_data_RAM2 = .)
                [!provide]                PROVIDE (__start_data_SRAM_ITC = .)
 *(SORT_BY_ALIGNMENT(.ramfunc.$RAM2))
 *(SORT_BY_ALIGNMENT(.ramfunc.$SRAM_ITC))
 *(SORT_BY_ALIGNMENT(.data.$RAM2))
 *(SORT_BY_ALIGNMENT(.data.$SRAM_ITC))
 *(SORT_BY_ALIGNMENT(.data.$RAM2.*))
 *(SORT_BY_ALIGNMENT(.data.$SRAM_ITC.*))
                0x00000000                . = ALIGN (0x4)
                [!provide]                PROVIDE (__end_data_RAM2 = .)
                [!provide]                PROVIDE (__end_data_SRAM_ITC = .)

.data_RAM3      0x20200000        0x0 load address 0x6000db9c
 FILL mask 0xff
                [!provide]                PROVIDE (__start_data_RAM3 = .)
                [!provide]                PROVIDE (__start_data_SRAM_OC = .)
 *(SORT_BY_ALIGNMENT(.ramfunc.$RAM3))
 *(SORT_BY_ALIGNMENT(.ramfunc.$SRAM_OC))
 *(SORT_BY_ALIGNMENT(.data.$RAM3))
 *(SORT_BY_ALIGNMENT(.data.$SRAM_OC))
 *(SORT_BY_ALIGNMENT(.data.$RAM3.*))
 *(SORT_BY_ALIGNMENT(.data.$SRAM_OC.*))
                0x20200000                . = ALIGN (0x4)
                [!provide]                PROVIDE (__end_data_RAM3 = .)
                [!provide]                PROVIDE (__end_data_SRAM_OC = .)

.data_RAM4      0x80000000        0x0 load address 0x6000db9c
 FILL mask 0xff
                [!provide]                PROVIDE (__start_data_RAM4 = .)
                [!provide]                PROVIDE (__start_data_BOARD_SDRAM = .)
 *(SORT_BY_ALIGNMENT(.ramfunc.$RAM4))
 *(SORT_BY_ALIGNMENT(.ramfunc.$BOARD_SDRAM))
 *(SORT_BY_ALIGNMENT(.data.$RAM4))
 *(SORT_BY_ALIGNMENT(.data.$BOARD_SDRAM))
 *(SORT_BY_ALIGNMENT(.data.$RAM4.*))
 *(SORT_BY_ALIGNMENT(.data.$BOARD_SDRAM.*))
                0x80000000                . = ALIGN (0x4)
                [!provide]                PROVIDE (__end_data_RAM4 = .)
                [!provide]                PROVIDE (__end_data_BOARD_SDRAM = .)

.data_RAM5      0x81e00000        0x0 load address 0x6000db9c
 FILL mask 0xff
                [!provide]                PROVIDE (__start_data_RAM5 = .)
                [!provide]                PROVIDE (__start_data_NCACHE_REGION = .)
 *(SORT_BY_ALIGNMENT(.ramfunc.$RAM5))
 *(SORT_BY_ALIGNMENT(.ramfunc.$NCACHE_REGION))
 *(SORT_BY_ALIGNMENT(.data.$RAM5))
 *(SORT_BY_ALIGNMENT(.data.$NCACHE_REGION))
 *(SORT_BY_ALIGNMENT(.data.$RAM5.*))
 *(SORT_BY_ALIGNMENT(.data.$NCACHE_REGION.*))
                0x81e00000                . = ALIGN (0x4)
                [!provide]                PROVIDE (__end_data_RAM5 = .)
                [!provide]                PROVIDE (__end_data_NCACHE_REGION = .)

.uninit_RESERVED
                0x20000000        0x0
                0x20000000                _start_uninit_RESERVED = .
 *(SORT_BY_ALIGNMENT(.bss.$RESERVED*))
                0x20000000                . = ALIGN (0x4)
                0x20000000                _end_uninit_RESERVED = .

.data           0x20000000       0x14 load address 0x6000db9c
 FILL mask 0xff
                0x20000000                _data = .
                [!provide]                PROVIDE (__start_data_RAM = .)
                [!provide]                PROVIDE (__start_data_SRAM_DTC = .)
 *(SORT_BY_ALIGNMENT(vtable))
 *(SORT_BY_ALIGNMENT(.ramfunc*))
 *(SORT_BY_ALIGNMENT(CodeQuickAccess))
 *(SORT_BY_ALIGNMENT(DataQuickAccess))
 *(SORT_BY_ALIGNMENT(RamFunction))
 *(SORT_BY_ALIGNMENT(NonCacheable.init))
 *(SORT_BY_ALIGNMENT(.data*))
 .data.s_SlotMaxBandwidth
                0x20000000        0x8 ./usb/host/usb_host_ehci.o
 .data.s_SlotMaxBandwidthHs
                0x20000008        0x8 ./usb/host/usb_host_ehci.o
 .data.SystemCoreClock
                0x20000010        0x4 ./device/system_MIMXRT1052.o
                0x20000010                SystemCoreClock
                0x20000014                . = ALIGN (0x4)
                0x20000014                _edata = .
                [!provide]                PROVIDE (__end_data_RAM = .)
                [!provide]                PROVIDE (__end_data_SRAM_DTC = .)

.igot.plt       0x20000014        0x0 load address 0x6000dbb0
 .igot.plt      0x20000014        0x0 ./xip/fsl_flexspi_nor_boot.o

.bss_RAM2       0x00000000        0x0
                [!provide]                PROVIDE (__start_bss_RAM2 = .)
                [!provide]                PROVIDE (__start_bss_SRAM_ITC = .)
 *(SORT_BY_ALIGNMENT(.bss.$RAM2))
 *(SORT_BY_ALIGNMENT(.bss.$SRAM_ITC))
 *(SORT_BY_ALIGNMENT(.bss.$RAM2.*))
 *(SORT_BY_ALIGNMENT(.bss.$SRAM_ITC.*))
                0x00000000                . = ALIGN ((. != 0x0)?0x4:0x1)
                [!provide]                PROVIDE (__end_bss_RAM2 = .)
                [!provide]                PROVIDE (__end_bss_SRAM_ITC = .)

.bss_RAM3       0x20200000        0x0
                [!provide]                PROVIDE (__start_bss_RAM3 = .)
                [!provide]                PROVIDE (__start_bss_SRAM_OC = .)
 *(SORT_BY_ALIGNMENT(.bss.$RAM3))
 *(SORT_BY_ALIGNMENT(.bss.$SRAM_OC))
 *(SORT_BY_ALIGNMENT(.bss.$RAM3.*))
 *(SORT_BY_ALIGNMENT(.bss.$SRAM_OC.*))
                0x20200000                . = ALIGN ((. != 0x0)?0x4:0x1)
                [!provide]                PROVIDE (__end_bss_RAM3 = .)
                [!provide]                PROVIDE (__end_bss_SRAM_OC = .)

.bss_RAM4       0x80000000        0x0
                [!provide]                PROVIDE (__start_bss_RAM4 = .)
                [!provide]                PROVIDE (__start_bss_BOARD_SDRAM = .)
 *(SORT_BY_ALIGNMENT(.bss.$RAM4))
 *(SORT_BY_ALIGNMENT(.bss.$BOARD_SDRAM))
 *(SORT_BY_ALIGNMENT(.bss.$RAM4.*))
 *(SORT_BY_ALIGNMENT(.bss.$BOARD_SDRAM.*))
                0x80000000                . = ALIGN ((. != 0x0)?0x4:0x1)
                [!provide]                PROVIDE (__end_bss_RAM4 = .)
                [!provide]                PROVIDE (__end_bss_BOARD_SDRAM = .)

.bss_RAM5       0x81e00000        0x0
                [!provide]                PROVIDE (__start_bss_RAM5 = .)
                [!provide]                PROVIDE (__start_bss_NCACHE_REGION = .)
 *(SORT_BY_ALIGNMENT(.bss.$RAM5))
 *(SORT_BY_ALIGNMENT(.bss.$NCACHE_REGION))
 *(SORT_BY_ALIGNMENT(.bss.$RAM5.*))
 *(SORT_BY_ALIGNMENT(.bss.$NCACHE_REGION.*))
                0x81e00000                . = ALIGN ((. != 0x0)?0x4:0x1)
                [!provide]                PROVIDE (__end_bss_RAM5 = .)
                [!provide]                PROVIDE (__end_bss_NCACHE_REGION = .)

.bss            0x20001000     0x33bc
                0x20001000                _bss = .
                [!provide]                PROVIDE (__start_bss_RAM = .)
                [!provide]                PROVIDE (__start_bss_SRAM_DTC = .)
 *(SORT_BY_ALIGNMENT(NonCacheable))
 *(SORT_BY_ALIGNMENT(.bss*))
 .bss.s_UsbHostEhciFrameList1
                0x20001000     0x1000 ./usb/host/usb_host_ehci.o
 .bss.s_UsbHostEhciFrameList2
                0x20002000     0x1000 ./usb/host/usb_host_ehci.o
 .bss.s_UsbHostEhciData1
                0x20003000      0x5c0 ./usb/host/usb_host_ehci.o
 .bss.s_UsbHostEhciData2
                0x200035c0      0x5c0 ./usb/host/usb_host_ehci.o
 .bss.s_debugConsole
                0x20003b80       0x14 ./utilities/fsl_debug_console.o
 .bss.s_HubDeviceHandle
                0x20003b94        0x4 ./usb/host/class/usb_host_hub_app.o
 .bss.s_HubInterfaceHandle
                0x20003b98        0x4 ./usb/host/class/usb_host_hub_app.o
 .bss.s_HubGlobalArray
                0x20003b9c       0x28 ./usb/host/class/usb_host_hub_app.o
 .bss.usbHostEhciFramListStatus
                0x20003bc4        0x2 ./usb/host/usb_host_ehci.o
 *fill*         0x20003bc6        0x2 
 .bss.interruptStatus.0
                0x20003bc8        0x4 ./usb/host/usb_host_ehci.o
 .bss.g_UsbHostInstance
                0x20003bcc      0x5e0 ./usb/host/usb_host_hci.o
                0x20003bcc                g_UsbHostInstance
 .bss.s_Setupbuffer
                0x200041ac      0x100 ./usb/host/usb_host_hci.o
 .bss.g_HostHandle
                0x200042ac        0x4 ./source/app.o
                0x200042ac                g_HostHandle
 .bss.g_MsdFatfsInstance
                0x200042b0       0x14 ./source/host_msd_fatfs.o
                0x200042b0                g_MsdFatfsInstance
 .bss.g_UsbFatfsClassHandle
                0x200042c4        0x4 ./fatfs/source/fsl_usb_disk/fsl_usb_disk_bm.o
                0x200042c4                g_UsbFatfsClassHandle
 .bss.g_xtalFreq