Archive member included to satisfy reference by file (symbol)

c:/nxp/mcuxpressoide_11.6.1_8255/ide/plugins/com.nxp.mcuxpresso.tools.win32_11.6.1.202207200623/tools/bin/../lib/gcc/arm-none-eabi/10.3.1/../../../../arm-none-eabi/lib/thumb/v7e-m+dp/hard\libcr_nohost_nf.a(_cr__main.o)
                              ./startup/startup_mimxrt1052.o (__main)
c:/nxp/mcuxpressoide_11.6.1_8255/ide/plugins/com.nxp.mcuxpresso.tools.win32_11.6.1.202207200623/tools/bin/../lib/gcc/arm-none-eabi/10.3.1/../../../../arm-none-eabi/lib/thumb/v7e-m+dp/hard\libcr_c.a(memcpy.o)
                              ./utilities/fsl_debug_console.o (memcpy)
c:/nxp/mcuxpressoide_11.6.1_8255/ide/plugins/com.nxp.mcuxpresso.tools.win32_11.6.1.202207200623/tools/bin/../lib/gcc/arm-none-eabi/10.3.1/../../../../arm-none-eabi/lib/thumb/v7e-m+dp/hard\libcr_c.a(memset.o)
                              ./drivers/fsl_lpuart.o (memset)
c:/nxp/mcuxpressoide_11.6.1_8255/ide/plugins/com.nxp.mcuxpresso.tools.win32_11.6.1.202207200623/tools/bin/../lib/gcc/arm-none-eabi/10.3.1/../../../../arm-none-eabi/lib/thumb/v7e-m+dp/hard\libcr_c.a(alloc.o)
                              ./drivers/fsl_common.o (malloc)
c:/nxp/mcuxpressoide_11.6.1_8255/ide/plugins/com.nxp.mcuxpresso.tools.win32_11.6.1.202207200623/tools/bin/../lib/gcc/arm-none-eabi/10.3.1/../../../../arm-none-eabi/lib/thumb/v7e-m+dp/hard\libcr_c.a(initio.o)
                              c:/nxp/mcuxpressoide_11.6.1_8255/ide/plugins/com.nxp.mcuxpresso.tools.win32_11.6.1.202207200623/tools/bin/../lib/gcc/arm-none-eabi/10.3.1/../../../../arm-none-eabi/lib/thumb/v7e-m+dp/hard\libcr_nohost_nf.a(_cr__main.o) (_initio)
c:/nxp/mcuxpressoide_11.6.1_8255/ide/plugins/com.nxp.mcuxpresso.tools.win32_11.6.1.202207200623/tools/bin/../lib/gcc/arm-none-eabi/10.3.1/../../../../arm-none-eabi/lib/thumb/v7e-m+dp/hard\libcr_c.a(setvbuf.o)
                              c:/nxp/mcuxpressoide_11.6.1_8255/ide/plugins/com.nxp.mcuxpresso.tools.win32_11.6.1.202207200623/tools/bin/../lib/gcc/arm-none-eabi/10.3.1/../../../../arm-none-eabi/lib/thumb/v7e-m+dp/hard\libcr_c.a(initio.o) (setvbuf)
c:/nxp/mcuxpressoide_11.6.1_8255/ide/plugins/com.nxp.mcuxpresso.tools.win32_11.6.1.202207200623/tools/bin/../lib/gcc/arm-none-eabi/10.3.1/../../../../arm-none-eabi/lib/thumb/v7e-m+dp/hard\libcr_c.a(strlen.o)
                              ./utilities/fsl_debug_console.o (strlen)
c:/nxp/mcuxpressoide_11.6.1_8255/ide/plugins/com.nxp.mcuxpresso.tools.win32_11.6.1.202207200623/tools/bin/../lib/gcc/arm-none-eabi/10.3.1/../../../../arm-none-eabi/lib/thumb/v7e-m+dp/hard\libcr_c.a(__init_alloc.o)
                              c:/nxp/mcuxpressoide_11.6.1_8255/ide/plugins/com.nxp.mcuxpresso.tools.win32_11.6.1.202207200623/tools/bin/../lib/gcc/arm-none-eabi/10.3.1/../../../../arm-none-eabi/lib/thumb/v7e-m+dp/hard\libcr_c.a(alloc.o) (__heaps)
c:/nxp/mcuxpressoide_11.6.1_8255/ide/plugins/com.nxp.mcuxpresso.tools.win32_11.6.1.202207200623/tools/bin/../lib/gcc/arm-none-eabi/10.3.1/../../../../arm-none-eabi/lib/thumb/v7e-m+dp/hard\libcr_c.a(_cr_sbrk.o)
                              c:/nxp/mcuxpressoide_11.6.1_8255/ide/plugins/com.nxp.mcuxpresso.tools.win32_11.6.1.202207200623/tools/bin/../lib/gcc/arm-none-eabi/10.3.1/../../../../arm-none-eabi/lib/thumb/v7e-m+dp/hard\libcr_c.a(alloc.o) (_sbrk)
c:/nxp/mcuxpressoide_11.6.1_8255/ide/plugins/com.nxp.mcuxpresso.tools.win32_11.6.1.202207200623/tools/bin/../lib/gcc/arm-none-eabi/10.3.1/../../../../arm-none-eabi/lib/thumb/v7e-m+dp/hard\libcr_c.a(_fdopen.o)
                              c:/nxp/mcuxpressoide_11.6.1_8255/ide/plugins/com.nxp.mcuxpresso.tools.win32_11.6.1.202207200623/tools/bin/../lib/gcc/arm-none-eabi/10.3.1/../../../../arm-none-eabi/lib/thumb/v7e-m+dp/hard\libcr_c.a(initio.o) (_fdopen)
c:/nxp/mcuxpressoide_11.6.1_8255/ide/plugins/com.nxp.mcuxpresso.tools.win32_11.6.1.202207200623/tools/bin/../lib/gcc/arm-none-eabi/10.3.1/../../../../arm-none-eabi/lib/thumb/v7e-m+dp/hard\libcr_c.a(errno.o)
                              c:/nxp/mcuxpressoide_11.6.1_8255/ide/plugins/com.nxp.mcuxpresso.tools.win32_11.6.1.202207200623/tools/bin/../lib/gcc/arm-none-eabi/10.3.1/../../../../arm-none-eabi/lib/thumb/v7e-m+dp/hard\libcr_c.a(_cr_sbrk.o) (errno)
c:/nxp/mcuxpressoide_11.6.1_8255/ide/plugins/com.nxp.mcuxpresso.tools.win32_11.6.1.202207200623/tools/bin/../lib/gcc/arm-none-eabi/10.3.1/../../../../arm-none-eabi/lib/thumb/v7e-m+dp/hard\libcr_c.a(fclose.o)
                              c:/nxp/mcuxpressoide_11.6.1_8255/ide/plugins/com.nxp.mcuxpresso.tools.win32_11.6.1.202207200623/tools/bin/../lib/gcc/arm-none-eabi/10.3.1/../../../../arm-none-eabi/lib/thumb/v7e-m+dp/hard\libcr_c.a(initio.o) (fclose)
c:/nxp/mcuxpressoide_11.6.1_8255/ide/plugins/com.nxp.mcuxpresso.tools.win32_11.6.1.202207200623/tools/bin/../lib/gcc/arm-none-eabi/10.3.1/../../../../arm-none-eabi/lib/thumb/v7e-m+dp/hard\libcr_c.a(fflush.o)
[...]
Memory Configuration

Name             Origin             Length             Attributes
BOARD_FLASH      0x60080000         0x04000000         xr
SRAM_DTC         0x20000000         0x00020000         xrw
SRAM_ITC         0x00000000         0x00020000         xrw
SRAM_OC          0x20200000         0x00040000         xrw
BOARD_SDRAM      0x80000000         0x01e00000         xrw
NCACHE_REGION    0x81e00000         0x00200000         xrw
*default*        0x00000000         0xffffffff

Linker script and memory map

LOAD ./xip/evkbimxrt1050_flexspi_nor_config.o
LOAD ./xip/fsl_flexspi_nor_boot.o
LOAD ./utilities/fsl_assert.o
LOAD ./utilities/fsl_debug_console.o
LOAD ./startup/startup_mimxrt1052.o
LOAD ./source/pwm.o
LOAD ./source/semihost_hardfault.o
LOAD ./drivers/fsl_clock.o
LOAD ./drivers/fsl_common.o
LOAD ./drivers/fsl_common_arm.o
LOAD ./drivers/fsl_gpio.o
LOAD ./drivers/fsl_lpuart.o
LOAD ./drivers/fsl_pwm.o
LOAD ./drivers/fsl_xbara.o
LOAD ./device/system_MIMXRT1052.o
LOAD ./component/uart/fsl_adapter_lpuart.o
LOAD ./component/silicon_id/fsl_silicon_id.o
LOAD ./component/lists/fsl_component_generic_list.o
LOAD ./board/board.o
LOAD ./board/clock_config.o
LOAD ./board/dcd.o
LOAD ./board/pin_mux.o
START GROUP
LOAD c:/nxp/mcuxpressoide_11.6.1_8255/ide/plugins/com.nxp.mcuxpresso.tools.win32_11.6.1.202207200623/tools/bin/../lib/gcc/arm-none-eabi/10.3.1/../../../../arm-none-eabi/lib/thumb/v7e-m+dp/hard\libcr_nohost_nf.a
LOAD c:/nxp/mcuxpressoide_11.6.1_8255/ide/plugins/com.nxp.mcuxpresso.tools.win32_11.6.1.202207200623/tools/bin/../lib/gcc/arm-none-eabi/10.3.1/../../../../arm-none-eabi/lib/thumb/v7e-m+dp/hard\libcr_c.a
LOAD c:/nxp/mcuxpressoide_11.6.1_8255/ide/plugins/com.nxp.mcuxpresso.tools.win32_11.6.1.202207200623/tools/bin/../lib/gcc/arm-none-eabi/10.3.1/thumb/v7e-m+dp/hard\libcr_eabihelpers.a
LOAD c:/nxp/mcuxpressoide_11.6.1_8255/ide/plugins/com.nxp.mcuxpresso.tools.win32_11.6.1.202207200623/tools/bin/../lib/gcc/arm-none-eabi/10.3.1/thumb/v7e-m+dp/hard\libgcc.a
END GROUP
                0x60080000                __base_BOARD_FLASH = 0x60080000
                0x60080000                __base_Flash = 0x60080000
                0x64080000                __top_BOARD_FLASH = 0x64080000
                0x64080000                __top_Flash = 0x64080000
                0x20000000                __base_SRAM_DTC = 0x20000000
                0x20000000                __base_RAM = 0x20000000
                0x20020000                __top_SRAM_DTC = 0x20020000
                0x20020000                __top_RAM = 0x20020000
                0x00000000                __base_SRAM_ITC = 0x0
                0x00000000                __base_RAM2 = 0x0
                0x00020000                __top_SRAM_ITC = 0x20000
                0x00020000                __top_RAM2 = 0x20000
                0x20200000                __base_SRAM_OC = 0x20200000
                0x20200000                __base_RAM3 = 0x20200000
                0x20240000                __top_SRAM_OC = 0x20240000
                0x20240000                __top_RAM3 = 0x20240000
                0x80000000                __base_BOARD_SDRAM = 0x80000000
                0x80000000                __base_RAM4 = 0x80000000
                0x81e00000                __top_BOARD_SDRAM = 0x81e00000
                0x81e00000                __top_RAM4 = 0x81e00000
                0x81e00000                __base_NCACHE_REGION = 0x81e00000
                0x81e00000                __base_RAM5 = 0x81e00000
                0x82000000                __top_NCACHE_REGION = 0x82000000
                0x82000000                __top_RAM5 = 0x82000000

.text           0x60080000     0x6178
 FILL mask 0xff
                0x60080000                __vectors_start__ = ABSOLUTE (.)
 *(SORT_BY_ALIGNMENT(.isr_vector))
 .isr_vector    0x60080000      0x2a0 ./startup/startup_mimxrt1052.o
                0x60080000                g_pfnVectors
                0x60080000                __Vectors
                0x600802a0                . = ALIGN (0x4)
                0x600802a0                __section_table_start = .
                0x600802a0                __data_section_table = .
                0x600802a0        0x4 LONG 0x60086178 LOADADDR (.data)
                0x600802a4        0x4 LONG 0x20000000 ADDR (.data)
                0x600802a8        0x4 LONG 0x4 SIZEOF (.data)
                0x600802ac        0x4 LONG 0x60086178 LOADADDR (.data_RAM2)
                0x600802b0        0x4 LONG 0x0 ADDR (.data_RAM2)
                0x600802b4        0x4 LONG 0x0 SIZEOF (.data_RAM2)
                0x600802b8        0x4 LONG 0x60086178 LOADADDR (.data_RAM3)
                0x600802bc        0x4 LONG 0x20200000 ADDR (.data_RAM3)
                0x600802c0        0x4 LONG 0x0 SIZEOF (.data_RAM3)
                0x600802c4        0x4 LONG 0x60086178 LOADADDR (.data_RAM4)
                0x600802c8        0x4 LONG 0x80000000 ADDR (.data_RAM4)
                0x600802cc        0x4 LONG 0x0 SIZEOF (.data_RAM4)
                0x600802d0        0x4 LONG 0x60086178 LOADADDR (.data_RAM5)
                0x600802d4        0x4 LONG 0x81e00000 ADDR (.data_RAM5)
                0x600802d8        0x4 LONG 0x0 SIZEOF (.data_RAM5)
                0x600802dc                __data_section_table_end = .
                0x600802dc                __bss_section_table = .
                0x600802dc        0x4 LONG 0x20000004 ADDR (.bss)
                0x600802e0        0x4 LONG 0xfc SIZEOF (.bss)
                0x600802e4        0x4 LONG 0x0 ADDR (.bss_RAM2)
                0x600802e8        0x4 LONG 0x0 SIZEOF (.bss_RAM2)
                0x600802ec        0x4 LONG 0x20200000 ADDR (.bss_RAM3)
                0x600802f0        0x4 LONG 0x0 SIZEOF (.bss_RAM3)
                0x600802f4        0x4 LONG 0x80000000 ADDR (.bss_RAM4)
                0x600802f8        0x4 LONG 0x0 SIZEOF (.bss_RAM4)
                0x600802fc        0x4 LONG 0x81e00000 ADDR (.bss_RAM5)
                0x60080300        0x4 LONG 0x0 SIZEOF (.bss_RAM5)
                0x60080304                __bss_section_table_end = .
                0x60080304                __section_table_end = .
 *(SORT_BY_ALIGNMENT(.after_vectors*))
 .after_vectors.reset
                0x60080304       0x54 ./startup/startup_mimxrt1052.o
                0x60080304                ResetISR
 .after_vectors.init_data
                0x60080358       0x1e ./startup/startup_mimxrt1052.o
                0x60080358                data_init
 .after_vectors.init_bss
                0x60080376       0x12 ./startup/startup_mimxrt1052.o
                0x60080376                bss_init
 .after_vectors
                0x60080388       0x14 ./startup/startup_mimxrt1052.o
                0x60080388                NMI_Handler
                0x6008038c                MemManage_Handler
                0x6008038e                BusFault_Handler
                0x60080390                UsageFault_Handler
                0x60080392                SVC_Handler
                0x60080394                DebugMon_Handler
                0x60080396                PendSV_Handler
                0x60080398                SysTick_Handler
                0x6008039a                PIT_DriverIRQHandler
                0x6008039a                PMU_EVENT_DriverIRQHandler
                0x6008039a                PWM4_FAULT_DriverIRQHandler
                0x6008039a                DMA13_DMA29_DriverIRQHandler
                0x6008039a                SAI3_RX_DriverIRQHandler
                0x6008039a                LPSPI4_DriverIRQHandler
                0x6008039a                SEMC_DriverIRQHandler
                0x6008039a                SPDIF_DriverIRQHandler
                0x6008039a                CCM_2_DriverIRQHandler
                0x6008039a                PWM4_3_DriverIRQHandler
                0x6008039a                FLEXRAM_DriverIRQHandler
                0x6008039a                LCDIF_DriverIRQHandler
                0x6008039a                USB_PHY1_DriverIRQHandler
                0x6008039a                GPIO3_Combined_0_15_DriverIRQHandler
                0x6008039a                DMA7_DMA23_DriverIRQHandler
                0x6008039a                BEE_DriverIRQHandler
                0x6008039a                LPI2C3_DriverIRQHandler
                0x6008039a                GPR_IRQ_DriverIRQHandler
                0x6008039a                PWM2_FAULT_DriverIRQHandler
                0x6008039a                PWM3_1_DriverIRQHandler
                0x6008039a                DMA14_DMA30_DriverIRQHandler
                0x6008039a                TMR1_DriverIRQHandler
                0x6008039a                TRNG_DriverIRQHandler
                0x6008039a                PWM3_2_DriverIRQHandler
                0x6008039a                ENET_1588_Timer_DriverIRQHandler
                0x6008039a                FLEXIO2_DriverIRQHandler
                0x6008039a                GPIO2_Combined_16_31_DriverIRQHandler
                0x6008039a                Reserved143_DriverIRQHandler
                0x6008039a                LPSPI2_DriverIRQHandler
                0x6008039a                PWM4_1_DriverIRQHandler
                0x6008039a                PWM3_3_DriverIRQHandler
                0x6008039a                DMA0_DMA16_DriverIRQHandler
                0x6008039a                IntDefaultHandler
                0x6008039a                DMA2_DMA18_DriverIRQHandler
                0x6008039a                SRC_DriverIRQHandler
                0x6008039a                GPIO1_INT4_DriverIRQHandler
                0x6008039a                Reserved144_DriverIRQHandler
                0x6008039a                USDHC1_DriverIRQHandler
                0x6008039a                ENC3_DriverIRQHandler
                0x6008039a                PWM3_FAULT_DriverIRQHandler
                0x6008039a                EWM_DriverIRQHandler
                0x6008039a                TSC_DIG_DriverIRQHandler
                0x6008039a                KPP_DriverIRQHandler
                0x6008039a                FLEXIO1_DriverIRQHandler
                0x6008039a                ENET_DriverIRQHandler
                0x6008039a                Reserved78_DriverIRQHandler
                0x6008039a                TMR4_DriverIRQHandler
                0x6008039a                ENC2_DriverIRQHandler
                0x6008039a                ADC_ETC_IRQ2_DriverIRQHandler
                0x6008039a                GPIO1_Combined_16_31_DriverIRQHandler
                0x6008039a                GPIO1_INT7_DriverIRQHandler
                0x6008039a                SAI1_DriverIRQHandler
                0x6008039a                DCDC_DriverIRQHandler
                0x6008039a                DMA12_DMA28_DriverIRQHandler
                0x6008039a                PWM4_0_DriverIRQHandler
                0x6008039a                ADC_ETC_ERROR_IRQ_DriverIRQHandler
                0x6008039a                ACMP2_DriverIRQHandler
                0x6008039a                GPIO5_Combined_0_15_DriverIRQHandler
                0x6008039a                GPIO1_INT0_DriverIRQHandler
                0x6008039a                GPIO1_INT2_DriverIRQHandler
                0x6008039a                RTWDOG_DriverIRQHandler
                0x6008039a                FLEXSPI_DriverIRQHandler
                0x6008039a                GPT2_DriverIRQHandler
                0x6008039a                USB_PHY2_DriverIRQHandler
                0x6008039a                DMA10_DMA26_DriverIRQHandler
                0x6008039a                PWM2_1_DriverIRQHandler
                0x6008039a                PWM1_1_DriverIRQHandler
                0x6008039a                PXP_DriverIRQHandler
                0x6008039a                ADC1_DriverIRQHandler
                0x6008039a                PWM1_0_DriverIRQHandler
                0x6008039a                SJC_DriverIRQHandler
                0x6008039a                DMA1_DMA17_DriverIRQHandler
                0x6008039a                ENC1_DriverIRQHandler
                0x6008039a                ENC4_DriverIRQHandler
                0x6008039a                CAN2_DriverIRQHandler
                0x6008039a                DCP_DriverIRQHandler
                0x6008039a                CTI0_ERROR_DriverIRQHandler
                0x6008039a                DMA8_DMA24_DriverIRQHandler
                0x6008039a                GPT1_DriverIRQHandler
                0x6008039a                ACMP3_DriverIRQHandler
                0x6008039a                DMA6_DMA22_DriverIRQHandler
                0x6008039a                CSU_DriverIRQHandler
                0x6008039a                GPIO1_INT5_DriverIRQHandler
                0x6008039a                TMR3_DriverIRQHandler
                0x6008039a                TMR2_DriverIRQHandler
                0x6008039a                CTI1_ERROR_DriverIRQHandler
                0x6008039a                GPIO1_Combined_0_15_DriverIRQHandler
                0x6008039a                USDHC2_DriverIRQHandler
                0x6008039a                PWM4_2_DriverIRQHandler
                0x6008039a                Reserved87_DriverIRQHandler
                0x6008039a                SAI2_DriverIRQHandler
                0x6008039a                CORE_DriverIRQHandler
                0x6008039a                WDOG1_DriverIRQHandler
                0x6008039a                DMA11_DMA27_DriverIRQHandler
                0x6008039a                CSI_DriverIRQHandler
                0x6008039a                PWM2_3_DriverIRQHandler
                0x6008039a                XBAR1_IRQ_2_3_DriverIRQHandler
                0x6008039a                SNVS_HP_WRAPPER_TZ_DriverIRQHandler
                0x6008039a                GPIO3_Combined_16_31_DriverIRQHandler
                0x6008039a                PWM1_FAULT_DriverIRQHandler
                0x6008039a                LPI2C1_DriverIRQHandler
                0x6008039a                PWM2_2_DriverIRQHandler
                0x6008039a                DMA4_DMA20_DriverIRQHandler
                0x6008039a                DMA9_DMA25_DriverIRQHandler
                0x6008039a                SNVS_HP_WRAPPER_DriverIRQHandler
                0x6008039a                XBAR1_IRQ_0_1_DriverIRQHandler
                0x6008039a                ADC_ETC_IRQ1_DriverIRQHandler
                0x6008039a                LPSPI1_DriverIRQHandler
                0x6008039a                DMA3_DMA19_DriverIRQHandler
                0x6008039a                GPIO1_INT3_DriverIRQHandler
                0x6008039a                DCP_VMI_DriverIRQHandler
                0x6008039a                LPI2C4_DriverIRQHandler
                0x6008039a                GPC_DriverIRQHandler
                0x6008039a                Reserved123_DriverIRQHandler
                0x6008039a                GPIO2_Combined_0_15_DriverIRQHandler
                0x6008039a                PWM1_2_DriverIRQHandler
                0x6008039a                USB_OTG1_DriverIRQHandler
                0x6008039a                TEMP_LOW_HIGH_DriverIRQHandler
                0x6008039a                SAI3_TX_DriverIRQHandler
                0x6008039a                WDOG2_DriverIRQHandler
                0x6008039a                Reserved68_DriverIRQHandler
                0x6008039a                PWM3_0_DriverIRQHandler
                0x6008039a                GPIO4_Combined_0_15_DriverIRQHandler
                0x6008039a                GPIO4_Combined_16_31_DriverIRQHandler
                0x6008039a                GPIO5_Combined_16_31_DriverIRQHandler
                0x6008039a                DMA5_DMA21_DriverIRQHandler
                0x6008039a                CCM_1_DriverIRQHandler
                0x6008039a                ADC2_DriverIRQHandler
                0x6008039a                Reserved115_DriverIRQHandler
                0x6008039a                TEMP_PANIC_DriverIRQHandler
                0x6008039a                ACMP4_DriverIRQHandler
                0x6008039a                DMA15_DMA31_DriverIRQHandler
                0x6008039a                LPSPI3_DriverIRQHandler
                0x6008039a                PWM1_3_DriverIRQHandler
                0x6008039a                ACMP1_DriverIRQHandler
                0x6008039a                LPI2C2_DriverIRQHandler
                0x6008039a                Reserved86_DriverIRQHandler
                0x6008039a                DMA_ERROR_DriverIRQHandler
                0x6008039a                ADC_ETC_IRQ0_DriverIRQHandler
                0x6008039a                CAN1_DriverIRQHandler
                0x6008039a                GPIO1_INT6_DriverIRQHandler
                0x6008039a                GPIO1_INT1_DriverIRQHandler
                0x6008039a                PWM2_0_DriverIRQHandler
                0x6008039a                SNVS_LP_WRAPPER_DriverIRQHandler
                0x6008039a                USB_OTG2_DriverIRQHandler
 *(SORT_BY_ALIGNMENT(.text*))
 *fill*         0x6008039c        0x4 ff
 .text.PWM_DRV_Init3PhPwm
                0x600803a0      0x10c ./source/pwm.o
 .text.__assertion_failed
                0x600804ac       0x18 ./utilities/fsl_assert.o
                0x600804ac                __assertion_failed
 .text.DbgConsole_Init
                0x600804c4       0x74 ./utilities/fsl_debug_console.o
                0x600804c4                DbgConsole_Init
 .text.DbgConsole_Vprintf
                0x60080538       0x3c ./utilities/fsl_debug_console.o
                0x60080538                DbgConsole_Vprintf
 .text.DbgConsole_Putchar
                0x60080574       0x30 ./utilities/fsl_debug_console.o
                0x60080574                DbgConsole_Putchar
 .text.DbgConsole_PrintfFormattedData
                0x600805a4      0x3e0 ./utilities/fsl_debug_console.o
 .text.CLOCK_SetDiv
                0x60080984       0x9c ./source/pwm.o
 .text.PWM_SetupFaultDisableMap
                0x60080a20       0xd0 ./source/pwm.o
 .text.main     0x60080af0      0x1f8 ./source/pwm.o
                0x60080af0                main
 .text.CLOCK_GetOscFreq
                0x60080ce8       0x30 ./drivers/fsl_clock.o
 .text.CLOCK_GetPeriphClkFreq
                0x60080d18       0xec ./drivers/fsl_clock.o
 .text.CLOCK_GetPllUsb1SWFreq
                0x60080e04       0x44 ./drivers/fsl_clock.o
 .text.CLOCK_InitExternalClk
                0x60080e48       0x6c ./drivers/fsl_clock.o
                0x60080e48                CLOCK_InitExternalClk
 .text.CLOCK_SwitchOsc
                0x60080eb4       0x34 ./drivers/fsl_clock.o
                0x60080eb4                CLOCK_SwitchOsc
 .text.CLOCK_InitRcOsc24M
                0x60080ee8       0x24 ./drivers/fsl_clock.o
                0x60080ee8                CLOCK_InitRcOsc24M
 .text.CLOCK_GetAhbFreq
                0x60080f0c       0x24 ./drivers/fsl_clock.o
                0x60080f0c                CLOCK_GetAhbFreq
 .text.CLOCK_GetSemcFreq
                0x60080f30       0x5c ./drivers/fsl_clock.o
                0x60080f30                CLOCK_GetSemcFreq
 .text.CLOCK_GetIpgFreq
                0x60080f8c       0x24 ./drivers/fsl_clock.o
                0x60080f8c                CLOCK_GetIpgFreq
 .text.CLOCK_GetPerClkFreq
                0x60080fb0       0x40 ./drivers/fsl_clock.o
                0x60080fb0                CLOCK_GetPerClkFreq
 .text.CLOCK_GetFreq
                0x60080ff0      0x1b8 ./drivers/fsl_clock.o
                0x60080ff0                CLOCK_GetFreq
 .text.CLOCK_InitArmPll
                0x600811a8       0x68 ./drivers/fsl_clock.o
                0x600811a8                CLOCK_InitArmPll
 .text.CLOCK_InitSysPll
                0x60081210       0x9c ./drivers/fsl_clock.o
                0x60081210                CLOCK_InitSysPll
 .text.CLOCK_DeinitUsb2Pll
                0x600812ac       0x18 ./drivers/fsl_clock.o
                0x600812ac                CLOCK_DeinitUsb2Pll
 .text.CLOCK_DeinitAudioPll
                0x600812c4       0x1c ./drivers/fsl_clock.o
                0x600812c4                CLOCK_DeinitAudioPll
 .text.CLOCK_DeinitEnetPll
                0x600812e0       0x1c ./drivers/fsl_clock.o
                0x600812e0                CLOCK_DeinitEnetPll
 .text.CLOCK_GetPllFreq
                0x600812fc      0x3a8 ./drivers/fsl_clock.o
                0x600812fc                CLOCK_GetPllFreq
 .text.CLOCK_InitSysPfd
                0x600816a4       0x64 ./drivers/fsl_clock.o
                0x600816a4                CLOCK_InitSysPfd
 .text.CLOCK_GetSysPfdFreq
                0x60081708       0xac ./drivers/fsl_clock.o
                0x60081708                CLOCK_GetSysPfdFreq
 .text.CLOCK_GetUsb1PfdFreq
                0x600817b4       0xac ./drivers/fsl_clock.o
                0x600817b4                CLOCK_GetUsb1PfdFreq
 .text.SDK_DelayAtLeastUs
                0x60081860       0x94 ./drivers/fsl_common_arm.o
                0x60081860                SDK_DelayAtLeastUs
 .text.CLOCK_ControlGate
                0x600818f4       0x60 ./drivers/fsl_lpuart.o
 .text.LPUART_GetInstance
                0x60081954       0x4c ./drivers/fsl_lpuart.o
                0x60081954                LPUART_GetInstance
 .text.LPUART_Init
                0x600819a0      0x310 ./drivers/fsl_lpuart.o
                0x600819a0                LPUART_Init
 .text.LPUART_GetDefaultConfig
                0x60081cb0       0x88 ./drivers/fsl_lpuart.o
                0x60081cb0                LPUART_GetDefaultConfig
 .text.LPUART_GetStatusFlags
                0x60081d38       0x38 ./drivers/fsl_lpuart.o
                0x60081d38                LPUART_GetStatusFlags
 .text.LPUART_ClearStatusFlags
                0x60081d70       0x7c ./drivers/fsl_lpuart.o
                0x60081d70                LPUART_ClearStatusFlags
 .text.LPUART_WriteBlocking
                0x60081dec       0x68 ./drivers/fsl_lpuart.o
                0x60081dec                LPUART_WriteBlocking
 .text.LPUART_ReadBlocking
                0x60081e54      0x160 ./drivers/fsl_lpuart.o
                0x60081e54                LPUART_ReadBlocking
 .text.LPUART1_DriverIRQHandler
                0x60081fb4       0x28 ./drivers/fsl_lpuart.o
                0x60081fb4                LPUART1_DriverIRQHandler
 .text.LPUART2_DriverIRQHandler
                0x60081fdc       0x28 ./drivers/fsl_lpuart.o
                0x60081fdc                LPUART2_DriverIRQHandler
 .text.LPUART3_DriverIRQHandler
                0x60082004       0x28 ./drivers/fsl_lpuart.o
                0x60082004                LPUART3_DriverIRQHandler
 .text.LPUART4_DriverIRQHandler
                0x6008202c       0x28 ./drivers/fsl_lpuart.o
                0x6008202c                LPUART4_DriverIRQHandler
 .text.LPUART5_DriverIRQHandler
                0x60082054       0x28 ./drivers/fsl_lpuart.o
                0x60082054                LPUART5_DriverIRQHandler
 .text.LPUART6_DriverIRQHandler
                0x6008207c       0x28 ./drivers/fsl_lpuart.o
                0x6008207c                LPUART6_DriverIRQHandler
 .text.LPUART7_DriverIRQHandler
                0x600820a4       0x28 ./drivers/fsl_lpuart.o
                0x600820a4                LPUART7_DriverIRQHandler
 .text.LPUART8_DriverIRQHandler
                0x600820cc       0x28 ./drivers/fsl_lpuart.o
                0x600820cc                LPUART8_DriverIRQHandler
 .text.CLOCK_ControlGate
                0x600820f4       0x60 ./drivers/fsl_pwm.o
 .text.dutyCycleToReloadValue
                0x60082154       0x30 ./drivers/fsl_pwm.o
 .text.PWM_GetInstance
                0x60082184       0x4c ./drivers/fsl_pwm.o
 .text.PWM_Init
                0x600821d0      0x28c ./drivers/fsl_pwm.o
                0x600821d0                PWM_Init
 .text.PWM_GetDefaultConfig
                0x6008245c       0x68 ./drivers/fsl_pwm.o
                0x6008245c                PWM_GetDefaultConfig
 .text.PWM_SetupPwm
                0x600824c4      0x6b4 ./drivers/fsl_pwm.o
                0x600824c4                PWM_SetupPwm
 .text.PWM_UpdatePwmDutycycle
                0x60082b78       0x60 ./drivers/fsl_pwm.o
                0x60082b78                PWM_UpdatePwmDutycycle
 .text.PWM_UpdatePwmDutycycleHighAccuracy
                0x60082bd8      0x320 ./drivers/fsl_pwm.o
                0x60082bd8                PWM_UpdatePwmDutycycleHighAccuracy
 .text.PWM_SetupFaults
                0x60082ef8      0x1f8 ./drivers/fsl_pwm.o
                0x60082ef8                PWM_SetupFaults
 .text.PWM_FaultDefaultConfig
                0x600830f0       0x44 ./drivers/fsl_pwm.o
                0x600830f0                PWM_FaultDefaultConfig
 .text.CLOCK_ControlGate
                0x60083134       0x60 ./drivers/fsl_xbara.o
 .text.XBARA_GetInstance
                0x60083194       0x4c ./drivers/fsl_xbara.o
 .text.XBARA_Init
                0x600831e0       0x28 ./drivers/fsl_xbara.o
                0x600831e0                XBARA_Init
 .text.SystemInit
                0x60083208      0x144 ./device/system_MIMXRT1052.o
                0x60083208                SystemInit
 .text.HAL_UartInitCommon
                0x6008334c       0xac ./component/uart/fsl_adapter_lpuart.o
 .text.HAL_UartInit
                0x600833f8       0x84 ./component/uart/fsl_adapter_lpuart.o
                0x600833f8                HAL_UartInit
 .text.HAL_UartReceiveBlocking
                0x6008347c       0x6c ./component/uart/fsl_adapter_lpuart.o
                0x6008347c                HAL_UartReceiveBlocking
 .text.HAL_UartSendBlocking
                0x600834e8       0x64 ./component/uart/fsl_adapter_lpuart.o
                0x600834e8                HAL_UartSendBlocking
 .text.ARM_MPU_Enable
                0x6008354c       0x44 ./board/board.o
 .text.ARM_MPU_Disable
                0x60083590       0x40 ./board/board.o
 .text.CLOCK_GetMux
                0x600835d0       0x44 ./board/board.o
 .text.CLOCK_GetDiv
                0x60083614       0x44 ./board/board.o
 .text.CLOCK_GetOscFreq
                0x60083658       0x30 ./board/board.o
 .text.BOARD_DebugConsoleSrcFreq
                0x60083688       0x64 ./board/board.o
                0x60083688                BOARD_DebugConsoleSrcFreq
 .text.BOARD_ConfigMPU
                0x600836ec      0x324 ./board/board.o
                0x600836ec                BOARD_ConfigMPU
 .text.CLOCK_SetMux
                0x60083a10       0x9c ./board/clock_config.o
 .text.CLOCK_SetDiv
                0x60083aac       0x9c ./board/clock_config.o
 .text.CLOCK_ControlGate
                0x60083b48       0x60 ./board/clock_config.o
 .text.CLOCK_SetXtalFreq
                0x60083ba8       0x20 ./board/clock_config.o
 .text.CLOCK_SetRtcXtalFreq
                0x60083bc8       0x20 ./board/clock_config.o
 .text.IOMUXC_EnableMode
                0x60083be8       0x48 ./board/clock_config.o
 .text.IOMUXC_MQSConfig
                0x60083c30       0x44 ./board/clock_config.o
 .text.BOARD_BootClockRUN
                0x60083c74      0x674 ./board/clock_config.o
                0x60083c74                BOARD_BootClockRUN
 .text.CLOCK_ControlGate
                0x600842e8       0x60 ./board/pin_mux.o
 .text.BOARD_InitPins
                0x60084348      0x150 ./board/pin_mux.o
                0x60084348                BOARD_InitPins
 .text._initio  0x60084498       0x78 c:/nxp/mcuxpressoide_11.6.1_8255/ide/plugins/com.nxp.mcuxpresso.tools.win32_11.6.1.202207200623/tools/bin/../lib/gcc/arm-none-eabi/10.3.1/../../../../arm-none-eabi/lib/thumb/v7e-m+dp/hard\libcr_c.a(initio.o)
                0x60084498                _initio
 .text.fflush   0x60084510       0x3c c:/nxp/mcuxpressoide_11.6.1_8255/ide/plugins/com.nxp.mcuxpresso.tools.win32_11.6.1.202207200623/tools/bin/../lib/gcc/arm-none-eabi/10.3.1/../../../../arm-none-eabi/lib/thumb/v7e-m+dp/hard\libcr_c.a(fflush.o)
                0x60084510                fflush
 .text.fseek    0x6008454c       0xfc c:/nxp/mcuxpressoide_11.6.1_8255/ide/plugins/com.nxp.mcuxpresso.tools.win32_11.6.1.202207200623/tools/bin/../lib/gcc/arm-none-eabi/10.3.1/../../../../arm-none-eabi/lib/thumb/v7e-m+dp/hard\libcr_c.a(fseek.o)
                0x6008454c                fseek
 .text.ftell    0x60084648       0x44 c:/nxp/mcuxpressoide_11.6.1_8255/ide/plugins/com.nxp.mcuxpresso.tools.win32_11.6.1.202207200623/tools/bin/../lib/gcc/arm-none-eabi/10.3.1/../../../../arm-none-eabi/lib/thumb/v7e-m+dp/hard\libcr_c.a(ftell.o)
                0x60084648                ftell
 .text._Cwritebuf
                0x6008468c       0x6c c:/nxp/mcuxpressoide_11.6.1_8255/ide/plugins/com.nxp.mcuxpresso.tools.win32_11.6.1.202207200623/tools/bin/../lib/gcc/arm-none-eabi/10.3.1/../../../../arm-none-eabi/lib/thumb/v7e-m+dp/hard\libcr_c.a(_writebuf.o)
                0x6008468c                _Cwritebuf
 .text.DbgConsole_Printf
                0x600846f8       0x2c ./utilities/fsl_debug_console.o
                0x600846f8                DbgConsole_Printf
 .text.DbgConsole_PrintfPaddingCharacter
                0x60084724       0x40 ./utilities/fsl_debug_console.o
 .text.DbgConsole_ConvertRadixNumToString
                0x60084764       0xc2 ./utilities/fsl_debug_console.o
 .text.DMA0_DMA16_IRQHandler
                0x60084826        0x8 ./startup/startup_mimxrt1052.o
                0x60084826                DMA0_DMA16_IRQHandler
 .text.DMA1_DMA17_IRQHandler
                0x6008482e        0x8 ./startup/startup_mimxrt1052.o
                0x6008482e                DMA1_DMA17_IRQHandler
 .text.DMA2_DMA18_IRQHandler
                0x60084836        0x8 ./startup/startup_mimxrt1052.o
                0x60084836                DMA2_DMA18_IRQHandler
 .text.DMA3_DMA19_IRQHandler
                0x6008483e        0x8 ./startup/startup_mimxrt1052.o
                0x6008483e                DMA3_DMA19_IRQHandler
 .text.DMA4_DMA20_IRQHandler
                0x60084846        0x8 ./startup/startup_mimxrt1052.o
                0x60084846                DMA4_DMA20_IRQHandler
 .text.DMA5_DMA21_IRQHandler
                0x6008484e        0x8 ./startup/startup_mimxrt1052.o
                0x6008484e                DMA5_DMA21_IRQHandler
 .text.DMA6_DMA22_IRQHandler
                0x60084856        0x8 ./startup/startup_mimxrt1052.o
                0x60084856                DMA6_DMA22_IRQHandler
 .text.DMA7_DMA23_IRQHandler
                0x6008485e        0x8 ./startup/startup_mimxrt1052.o
                0x6008485e                DMA7_DMA23_IRQHandler
 .text.DMA8_DMA24_IRQHandler
                0x60084866        0x8 ./startup/startup_mimxrt1052.o
                0x60084866                DMA8_DMA24_IRQHandler
 .text.DMA9_DMA25_IRQHandler
                0x6008486e        0x8 ./startup/startup_mimxrt1052.o
                0x6008486e                DMA9_DMA25_IRQHandler
 .text.DMA10_DMA26_IRQHandler
                0x60084876        0x8 ./startup/startup_mimxrt1052.o
                0x60084876                DMA10_DMA26_IRQHandler
 .text.DMA11_DMA27_IRQHandler
                0x6008487e        0x8 ./startup/startup_mimxrt1052.o
                0x6008487e                DMA11_DMA27_IRQHandler
 .text.DMA12_DMA28_IRQHandler
                0x60084886        0x8 ./startup/startup_mimxrt1052.o
                0x60084886                DMA12_DMA28_IRQHandler
 .text.DMA13_DMA29_IRQHandler
                0x6008488e        0x8 ./startup/startup_mimxrt1052.o
                0x6008488e                DMA13_DMA29_IRQHandler
 .text.DMA14_DMA30_IRQHandler
                0x60084896        0x8 ./startup/startup_mimxrt1052.o
                0x60084896                DMA14_DMA30_IRQHandler
 .text.DMA15_DMA31_IRQHandler
                0x6008489e        0x8 ./startup/startup_mimxrt1052.o
                0x6008489e                DMA15_DMA31_IRQHandler
 .text.DMA_ERROR_IRQHandler
                0x600848a6        0x8 ./startup/startup_mimxrt1052.o
                0x600848a6                DMA_ERROR_IRQHandler
 .text.CTI0_ERROR_IRQHandler
                0x600848ae        0x8 ./startup/startup_mimxrt1052.o
                0x600848ae                CTI0_ERROR_IRQHandler
 .text.CTI1_ERROR_IRQHandler
                0x600848b6        0x8 ./startup/startup_mimxrt1052.o
                0x600848b6                CTI1_ERROR_IRQHandler
 .text.CORE_IRQHandler
                0x600848be        0x8 ./startup/startup_mimxrt1052.o
                0x600848be                CORE_IRQHandler
 .text.LPUART1_IRQHandler
                0x600848c6        0x8 ./startup/startup_mimxrt1052.o
                0x600848c6                LPUART1_IRQHandler
 .text.LPUART2_IRQHandler
                0x600848ce        0x8 ./startup/startup_mimxrt1052.o
                0x600848ce                LPUART2_IRQHandler
 .text.LPUART3_IRQHandler
                0x600848d6        0x8 ./startup/startup_mimxrt1052.o
                0x600848d6                LPUART3_IRQHandler
 .text.LPUART4_IRQHandler
                0x600848de        0x8 ./startup/startup_mimxrt1052.o
                0x600848de                LPUART4_IRQHandler
 .text.LPUART5_IRQHandler
                0x600848e6        0x8 ./startup/startup_mimxrt1052.o
                0x600848e6                LPUART5_IRQHandler
 .text.LPUART6_IRQHandler
                0x600848ee        0x8 ./startup/startup_mimxrt1052.o
                0x600848ee                LPUART6_IRQHandler
 .text.LPUART7_IRQHandler
                0x600848f6        0x8 ./startup/startup_mimxrt1052.o
                0x600848f6                LPUART7_IRQHandler
 .text.LPUART8_IRQHandler
                0x600848fe        0x8 ./startup/startup_mimxrt1052.o
                0x600848fe                LPUART8_IRQHandler
 .text.LPI2C1_IRQHandler
                0x60084906        0x8 ./startup/startup_mimxrt1052.o
                0x60084906                LPI2C1_IRQHandler
 .text.LPI2C2_IRQHandler
                0x6008490e        0x8 ./startup/startup_mimxrt1052.o
                0x6008490e                LPI2C2_IRQHandler
 .text.LPI2C3_IRQHandler
                0x60084916        0x8 ./startup/startup_mimxrt1052.o
                0x60084916                LPI2C3_IRQHandler
 .text.LPI2C4_IRQHandler
                0x6008491e        0x8 ./startup/startup_mimxrt1052.o
                0x6008491e                LPI2C4_IRQHandler
 .text.LPSPI1_IRQHandler
                0x60084926        0x8 ./startup/startup_mimxrt1052.o
                0x60084926                LPSPI1_IRQHandler
 .text.LPSPI2_IRQHandler
                0x6008492e        0x8 ./startup/startup_mimxrt1052.o
                0x6008492e                LPSPI2_IRQHandler
 .text.LPSPI3_IRQHandler
                0x60084936        0x8 ./startup/startup_mimxrt1052.o
                0x60084936                LPSPI3_IRQHandler
 .text.LPSPI4_IRQHandler
                0x6008493e        0x8 ./startup/startup_mimxrt1052.o
                0x6008493e                LPSPI4_IRQHandler
 .text.CAN1_IRQHandler
                0x60084946        0x8 ./startup/startup_mimxrt1052.o
                0x60084946                CAN1_IRQHandler
 .text.CAN2_IRQHandler
                0x6008494e        0x8 ./startup/startup_mimxrt1052.o
                0x6008494e                CAN2_IRQHandler
 .text.FLEXRAM_IRQHandler
                0x60084956        0x8 ./startup/startup_mimxrt1052.o
                0x60084956                FLEXRAM_IRQHandler
 .text.KPP_IRQHandler
                0x6008495e        0x8 ./startup/startup_mimxrt1052.o
                0x6008495e                KPP_IRQHandler
 .text.TSC_DIG_IRQHandler
                0x60084966        0x8 ./startup/startup_mimxrt1052.o
                0x60084966                TSC_DIG_IRQHandler
 .text.GPR_IRQ_IRQHandler
                0x6008496e        0x8 ./startup/startup_mimxrt1052.o
                0x6008496e                GPR_IRQ_IRQHandler
 .text.LCDIF_IRQHandler
                0x60084976        0x8 ./startup/startup_mimxrt1052.o
                0x60084976                LCDIF_IRQHandler
 .text.CSI_IRQHandler
                0x6008497e        0x8 ./startup/startup_mimxrt1052.o
                0x6008497e                CSI_IRQHandler
 .text.PXP_IRQHandler
                0x60084986        0x8 ./startup/startup_mimxrt1052.o
                0x60084986                PXP_IRQHandler
 .text.WDOG2_IRQHandler
                0x6008498e        0x8 ./startup/startup_mimxrt1052.o
                0x6008498e                WDOG2_IRQHandler
 .text.SNVS_HP_WRAPPER_IRQHandler
                0x60084996        0x8 ./startup/startup_mimxrt1052.o
                0x60084996                SNVS_HP_WRAPPER_IRQHandler
 .text.SNVS_HP_WRAPPER_TZ_IRQHandler
                0x6008499e        0x8 ./startup/startup_mimxrt1052.o
                0x6008499e                SNVS_HP_WRAPPER_TZ_IRQHandler
 .text.SNVS_LP_WRAPPER_IRQHandler
                0x600849a6        0x8 ./startup/startup_mimxrt1052.o
                0x600849a6                SNVS_LP_WRAPPER_IRQHandler
 .text.CSU_IRQHandler
                0x600849ae        0x8 ./startup/startup_mimxrt1052.o
                0x600849ae                CSU_IRQHandler
 .text.DCP_IRQHandler
                0x600849b6        0x8 ./startup/startup_mimxrt1052.o
                0x600849b6                DCP_IRQHandler
 .text.DCP_VMI_IRQHandler
                0x600849be        0x8 ./startup/startup_mimxrt1052.o
                0x600849be                DCP_VMI_IRQHandler
 .text.Reserved68_IRQHandler
                0x600849c6        0x8 ./startup/startup_mimxrt1052.o
                0x600849c6                Reserved68_IRQHandler
 .text.TRNG_IRQHandler
                0x600849ce        0x8 ./startup/startup_mimxrt1052.o
                0x600849ce                TRNG_IRQHandler
 .text.SJC_IRQHandler
                0x600849d6        0x8 ./startup/startup_mimxrt1052.o
                0x600849d6                SJC_IRQHandler
 .text.BEE_IRQHandler
                0x600849de        0x8 ./startup/startup_mimxrt1052.o
                0x600849de                BEE_IRQHandler
 .text.SAI1_IRQHandler
                0x600849e6        0x8 ./startup/startup_mimxrt1052.o
                0x600849e6                SAI1_IRQHandler
 .text.SAI2_IRQHandler
                0x600849ee        0x8 ./startup/startup_mimxrt1052.o
                0x600849ee                SAI2_IRQHandler
 .text.SAI3_RX_IRQHandler
                0x600849f6        0x8 ./startup/startup_mimxrt1052.o
                0x600849f6                SAI3_RX_IRQHandler
 .text.SAI3_TX_IRQHandler
                0x600849fe        0x8 ./startup/startup_mimxrt1052.o
                0x600849fe                SAI3_TX_IRQHandler
 .text.SPDIF_IRQHandler
                0x60084a06        0x8 ./startup/startup_mimxrt1052.o
                0x60084a06                SPDIF_IRQHandler
 .text.PMU_EVENT_IRQHandler
                0x60084a0e        0x8 ./startup/startup_mimxrt1052.o
                0x60084a0e                PMU_EVENT_IRQHandler
 .text.Reserved78_IRQHandler
                0x60084a16        0x8 ./startup/startup_mimxrt1052.o
                0x60084a16                Reserved78_IRQHandler
 .text.TEMP_LOW_HIGH_IRQHandler
                0x60084a1e        0x8 ./startup/startup_mimxrt1052.o
                0x60084a1e                TEMP_LOW_HIGH_IRQHandler
 .text.TEMP_PANIC_IRQHandler
                0x60084a26        0x8 ./startup/startup_mimxrt1052.o
                0x60084a26                TEMP_PANIC_IRQHandler
 .text.USB_PHY1_IRQHandler
                0x60084a2e        0x8 ./startup/startup_mimxrt1052.o
                0x60084a2e                USB_PHY1_IRQHandler
 .text.USB_PHY2_IRQHandler
                0x60084a36        0x8 ./startup/startup_mimxrt1052.o
                0x60084a36                USB_PHY2_IRQHandler
 .text.ADC1_IRQHandler
                0x60084a3e        0x8 ./startup/startup_mimxrt1052.o
                0x60084a3e                ADC1_IRQHandler
 .text.ADC2_IRQHandler
                0x60084a46        0x8 ./startup/startup_mimxrt1052.o
                0x60084a46                ADC2_IRQHandler
 .text.DCDC_IRQHandler
                0x60084a4e        0x8 ./startup/startup_mimxrt1052.o
                0x60084a4e                DCDC_IRQHandler
 .text.Reserved86_IRQHandler
                0x60084a56        0x8 ./startup/startup_mimxrt1052.o
                0x60084a56                Reserved86_IRQHandler
 .text.Reserved87_IRQHandler
                0x60084a5e        0x8 ./startup/startup_mimxrt1052.o
                0x60084a5e                Reserved87_IRQHandler
 .text.GPIO1_INT0_IRQHandler
                0x60084a66        0x8 ./startup/startup_mimxrt1052.o
                0x60084a66                GPIO1_INT0_IRQHandler
 .text.GPIO1_INT1_IRQHandler
                0x60084a6e        0x8 ./startup/startup_mimxrt1052.o
                0x60084a6e                GPIO1_INT1_IRQHandler
 .text.GPIO1_INT2_IRQHandler
                0x60084a76        0x8 ./startup/startup_mimxrt1052.o
                0x60084a76                GPIO1_INT2_IRQHandler
 .text.GPIO1_INT3_IRQHandler
                0x60084a7e        0x8 ./startup/startup_mimxrt1052.o
                0x60084a7e                GPIO1_INT3_IRQHandler
 .text.GPIO1_INT4_IRQHandler
                0x60084a86        0x8 ./startup/startup_mimxrt1052.o
                0x60084a86                GPIO1_INT4_IRQHandler
 .text.GPIO1_INT5_IRQHandler
                0x60084a8e        0x8 ./startup/startup_mimxrt1052.o
                0x60084a8e                GPIO1_INT5_IRQHandler
 .text.GPIO1_INT6_IRQHandler
                0x60084a96        0x8 ./startup/startup_mimxrt1052.o
                0x60084a96                GPIO1_INT6_IRQHandler
 .text.GPIO1_INT7_IRQHandler
                0x60084a9e        0x8 ./startup/startup_mimxrt1052.o
                0x60084a9e                GPIO1_INT7_IRQHandler
 .text.GPIO1_Combined_0_15_IRQHandler
                0x60084aa6        0x8 ./startup/startup_mimxrt1052.o
                0x60084aa6                GPIO1_Combined_0_15_IRQHandler
 .text.GPIO1_Combined_16_31_IRQHandler
                0x60084aae        0x8 ./startup/startup_mimxrt1052.o
                0x60084aae                GPIO1_Combined_16_31_IRQHandler
 .text.GPIO2_Combined_0_15_IRQHandler
                0x60084ab6        0x8 ./startup/startup_mimxrt1052.o
                0x60084ab6                GPIO2_Combined_0_15_IRQHandler
 .text.GPIO2_Combined_16_31_IRQHandler
                0x60084abe        0x8 ./startup/startup_mimxrt1052.o
                0x60084abe                GPIO2_Combined_16_31_IRQHandler
 .text.GPIO3_Combined_0_15_IRQHandler
                0x60084ac6        0x8 ./startup/startup_mimxrt1052.o
                0x60084ac6                GPIO3_Combined_0_15_IRQHandler
 .text.GPIO3_Combined_16_31_IRQHandler
                0x60084ace        0x8 ./startup/startup_mimxrt1052.o
                0x60084ace                GPIO3_Combined_16_31_IRQHandler
 .text.GPIO4_Combined_0_15_IRQHandler
                0x60084ad6        0x8 ./startup/startup_mimxrt1052.o
                0x60084ad6                GPIO4_Combined_0_15_IRQHandler
 .text.GPIO4_Combined_16_31_IRQHandler
                0x60084ade        0x8 ./startup/startup_mimxrt1052.o
                0x60084ade                GPIO4_Combined_16_31_IRQHandler
 .text.GPIO5_Combined_0_15_IRQHandler
                0x60084ae6        0x8 ./startup/startup_mimxrt1052.o
                0x60084ae6                GPIO5_Combined_0_15_IRQHandler
 .text.GPIO5_Combined_16_31_IRQHandler
                0x60084aee        0x8 ./startup/startup_mimxrt1052.o
                0x60084aee                GPIO5_Combined_16_31_IRQHandler
 .text.FLEXIO1_IRQHandler
                0x60084af6        0x8 ./startup/startup_mimxrt1052.o
                0x60084af6                FLEXIO1_IRQHandler
 .text.FLEXIO2_IRQHandler
                0x60084afe        0x8 ./startup/startup_mimxrt1052.o
                0x60084afe                FLEXIO2_IRQHandler
 .text.WDOG1_IRQHandler
                0x60084b06        0x8 ./startup/startup_mimxrt1052.o
                0x60084b06                WDOG1_IRQHandler
 .text.RTWDOG_IRQHandler
                0x60084b0e        0x8 ./startup/startup_mimxrt1052.o
                0x60084b0e                RTWDOG_IRQHandler
 .text.EWM_IRQHandler
                0x60084b16        0x8 ./startup/startup_mimxrt1052.o
                0x60084b16                EWM_IRQHandler
 .text.CCM_1_IRQHandler
                0x60084b1e        0x8 ./startup/startup_mimxrt1052.o
                0x60084b1e                CCM_1_IRQHandler
 .text.CCM_2_IRQHandler
                0x60084b26        0x8 ./startup/startup_mimxrt1052.o
                0x60084b26                CCM_2_IRQHandler
 .text.GPC_IRQHandler
                0x60084b2e        0x8 ./startup/startup_mimxrt1052.o
                0x60084b2e                GPC_IRQHandler
 .text.SRC_IRQHandler
                0x60084b36        0x8 ./startup/startup_mimxrt1052.o
                0x60084b36                SRC_IRQHandler
 .text.Reserved115_IRQHandler
                0x60084b3e        0x8 ./startup/startup_mimxrt1052.o
                0x60084b3e                Reserved115_IRQHandler
 .text.GPT1_IRQHandler
                0x60084b46        0x8 ./startup/startup_mimxrt1052.o
                0x60084b46                GPT1_IRQHandler
 .text.GPT2_IRQHandler
                0x60084b4e        0x8 ./startup/startup_mimxrt1052.o
                0x60084b4e                GPT2_IRQHandler
 .text.PWM1_0_IRQHandler
                0x60084b56        0x8 ./startup/startup_mimxrt1052.o
                0x60084b56                PWM1_0_IRQHandler
 .text.PWM1_1_IRQHandler
                0x60084b5e        0x8 ./startup/startup_mimxrt1052.o
                0x60084b5e                PWM1_1_IRQHandler
 .text.PWM1_2_IRQHandler
                0x60084b66        0x8 ./startup/startup_mimxrt1052.o
                0x60084b66                PWM1_2_IRQHandler
 .text.PWM1_3_IRQHandler
                0x60084b6e        0x8 ./startup/startup_mimxrt1052.o
                0x60084b6e                PWM1_3_IRQHandler
 .text.PWM1_FAULT_IRQHandler
                0x60084b76        0x8 ./startup/startup_mimxrt1052.o
                0x60084b76                PWM1_FAULT_IRQHandler
 .text.Reserved123_IRQHandler
                0x60084b7e        0x8 ./startup/startup_mimxrt1052.o
                0x60084b7e                Reserved123_IRQHandler
 .text.FLEXSPI_IRQHandler
                0x60084b86        0x8 ./startup/startup_mimxrt1052.o
                0x60084b86                FLEXSPI_IRQHandler
 .text.SEMC_IRQHandler
                0x60084b8e        0x8 ./startup/startup_mimxrt1052.o
                0x60084b8e                SEMC_IRQHandler
 .text.USDHC1_IRQHandler
                0x60084b96        0x8 ./startup/startup_mimxrt1052.o
                0x60084b96                USDHC1_IRQHandler
 .text.USDHC2_IRQHandler
                0x60084b9e        0x8 ./startup/startup_mimxrt1052.o
                0x60084b9e                USDHC2_IRQHandler
 .text.USB_OTG2_IRQHandler
                0x60084ba6        0x8 ./startup/startup_mimxrt1052.o
                0x60084ba6                USB_OTG2_IRQHandler
 .text.USB_OTG1_IRQHandler
                0x60084bae        0x8 ./startup/startup_mimxrt1052.o
                0x60084bae                USB_OTG1_IRQHandler
 .text.ENET_IRQHandler
                0x60084bb6        0x8 ./startup/startup_mimxrt1052.o
                0x60084bb6                ENET_IRQHandler
 .text.ENET_1588_Timer_IRQHandler
                0x60084bbe        0x8 ./startup/startup_mimxrt1052.o
                0x60084bbe                ENET_1588_Timer_IRQHandler
 .text.XBAR1_IRQ_0_1_IRQHandler
                0x60084bc6        0x8 ./startup/startup_mimxrt1052.o
                0x60084bc6                XBAR1_IRQ_0_1_IRQHandler
 .text.XBAR1_IRQ_2_3_IRQHandler
                0x60084bce        0x8 ./startup/startup_mimxrt1052.o
                0x60084bce                XBAR1_IRQ_2_3_IRQHandler
 .text.ADC_ETC_IRQ0_IRQHandler
                0x60084bd6        0x8 ./startup/startup_mimxrt1052.o
                0x60084bd6                ADC_ETC_IRQ0_IRQHandler
 .text.ADC_ETC_IRQ1_IRQHandler
                0x60084bde        0x8 ./startup/startup_mimxrt1052.o
                0x60084bde                ADC_ETC_IRQ1_IRQHandler
 .text.ADC_ETC_IRQ2_IRQHandler
                0x60084be6        0x8 ./startup/startup_mimxrt1052.o
                0x60084be6                ADC_ETC_IRQ2_IRQHandler
 .text.ADC_ETC_ERROR_IRQ_IRQHandler
                0x60084bee        0x8 ./startup/startup_mimxrt1052.o
                0x60084bee                ADC_ETC_ERROR_IRQ_IRQHandler
 .text.PIT_IRQHandler
                0x60084bf6        0x8 ./startup/startup_mimxrt1052.o
                0x60084bf6                PIT_IRQHandler
 .text.ACMP1_IRQHandler
                0x60084bfe        0x8 ./startup/startup_mimxrt1052.o
                0x60084bfe                ACMP1_IRQHandler
 .text.ACMP2_IRQHandler
                0x60084c06        0x8 ./startup/startup_mimxrt1052.o
                0x60084c06                ACMP2_IRQHandler
 .text.ACMP3_IRQHandler
                0x60084c0e        0x8 ./startup/startup_mimxrt1052.o
                0x60084c0e                ACMP3_IRQHandler
 .text.ACMP4_IRQHandler
                0x60084c16        0x8 ./startup/startup_mimxrt1052.o
                0x60084c16                ACMP4_IRQHandler
 .text.Reserved143_IRQHandler
                0x60084c1e        0x8 ./startup/startup_mimxrt1052.o
                0x60084c1e                Reserved143_IRQHandler
 .text.Reserved144_IRQHandler
                0x60084c26        0x8 ./startup/startup_mimxrt1052.o
                0x60084c26                Reserved144_IRQHandler
 .text.ENC1_IRQHandler
                0x60084c2e        0x8 ./startup/startup_mimxrt1052.o
                0x60084c2e                ENC1_IRQHandler
 .text.ENC2_IRQHandler
                0x60084c36        0x8 ./startup/startup_mimxrt1052.o
                0x60084c36                ENC2_IRQHandler
 .text.ENC3_IRQHandler
                0x60084c3e        0x8 ./startup/startup_mimxrt1052.o
                0x60084c3e                ENC3_IRQHandler
 .text.ENC4_IRQHandler
                0x60084c46        0x8 ./startup/startup_mimxrt1052.o
                0x60084c46                ENC4_IRQHandler
 .text.TMR1_IRQHandler
                0x60084c4e        0x8 ./startup/startup_mimxrt1052.o
                0x60084c4e                TMR1_IRQHandler
 .text.TMR2_IRQHandler
                0x60084c56        0x8 ./startup/startup_mimxrt1052.o
                0x60084c56                TMR2_IRQHandler
 .text.TMR3_IRQHandler
                0x60084c5e        0x8 ./startup/startup_mimxrt1052.o
                0x60084c5e                TMR3_IRQHandler
 .text.TMR4_IRQHandler
                0x60084c66        0x8 ./startup/startup_mimxrt1052.o
                0x60084c66                TMR4_IRQHandler
 .text.PWM2_0_IRQHandler
                0x60084c6e        0x8 ./startup/startup_mimxrt1052.o
                0x60084c6e                PWM2_0_IRQHandler
 .text.PWM2_1_IRQHandler
                0x60084c76        0x8 ./startup/startup_mimxrt1052.o
                0x60084c76                PWM2_1_IRQHandler
 .text.PWM2_2_IRQHandler
                0x60084c7e        0x8 ./startup/startup_mimxrt1052.o
                0x60084c7e                PWM2_2_IRQHandler
 .text.PWM2_3_IRQHandler
                0x60084c86        0x8 ./startup/startup_mimxrt1052.o
                0x60084c86                PWM2_3_IRQHandler
 .text.PWM2_FAULT_IRQHandler
                0x60084c8e        0x8 ./startup/startup_mimxrt1052.o
                0x60084c8e                PWM2_FAULT_IRQHandler
 .text.PWM3_0_IRQHandler
                0x60084c96        0x8 ./startup/startup_mimxrt1052.o
                0x60084c96                PWM3_0_IRQHandler
 .text.PWM3_1_IRQHandler
                0x60084c9e        0x8 ./startup/startup_mimxrt1052.o
                0x60084c9e                PWM3_1_IRQHandler
 .text.PWM3_2_IRQHandler
                0x60084ca6        0x8 ./startup/startup_mimxrt1052.o
                0x60084ca6                PWM3_2_IRQHandler
 .text.PWM3_3_IRQHandler
                0x60084cae        0x8 ./startup/startup_mimxrt1052.o
                0x60084cae                PWM3_3_IRQHandler
 .text.PWM3_FAULT_IRQHandler
                0x60084cb6        0x8 ./startup/startup_mimxrt1052.o
                0x60084cb6                PWM3_FAULT_IRQHandler
 .text.PWM4_0_IRQHandler
                0x60084cbe        0x8 ./startup/startup_mimxrt1052.o
                0x60084cbe                PWM4_0_IRQHandler
 .text.PWM4_1_IRQHandler
                0x60084cc6        0x8 ./startup/startup_mimxrt1052.o
                0x60084cc6                PWM4_1_IRQHandler
 .text.PWM4_2_IRQHandler
                0x60084cce        0x8 ./startup/startup_mimxrt1052.o
                0x60084cce                PWM4_2_IRQHandler
 .text.PWM4_3_IRQHandler
                0x60084cd6        0x8 ./startup/startup_mimxrt1052.o
                0x60084cd6                PWM4_3_IRQHandler
 .text.PWM4_FAULT_IRQHandler
                0x60084cde        0x8 ./startup/startup_mimxrt1052.o
                0x60084cde                PWM4_FAULT_IRQHandler
 .text.PWM_StartTimer
                0x60084ce6       0x38 ./source/pwm.o
 .text.PWM_SetPwmLdok
                0x60084d1e       0x5e ./source/pwm.o
 .text.HardFault_Handler
                0x60084d7c       0x2c ./source/semihost_hardfault.o
                0x60084d7c                HardFault_Handler
 .text.CLOCK_GetRtcFreq
                0x60084da8       0x12 ./drivers/fsl_clock.o
 .text.CLOCK_IsPllBypassed
                0x60084dba       0x32 ./drivers/fsl_clock.o
 .text.CLOCK_IsPllEnabled
                0x60084dec       0x3c ./drivers/fsl_clock.o
 .text.CLOCK_GetPllBypassRefClk
                0x60084e28       0x34 ./drivers/fsl_clock.o
 .text.DelayLoop
                0x60084e5c       0x20 ./drivers/fsl_common_arm.o
 .text._SDK_AtomicLocalClearAndSet4Byte
                0x60084e7c       0x50 ./drivers/fsl_lpuart.o
 .text.CLOCK_EnableClock
                0x60084ecc       0x1e ./drivers/fsl_lpuart.o
 .text.LPUART_SoftwareReset
                0x60084eea       0x2c ./drivers/fsl_lpuart.o
 .text._SDK_AtomicLocalClearAndSet4Byte
                0x60084f16       0x50 ./drivers/fsl_pwm.o
 .text.CLOCK_EnableClock
                0x60084f66       0x1e ./drivers/fsl_pwm.o
 .text.PWM_GetComplementU16
                0x60084f84       0x1c ./drivers/fsl_pwm.o
 .text._SDK_AtomicLocalClearAndSet4Byte
                0x60084fa0       0x50 ./drivers/fsl_xbara.o
 .text.CLOCK_EnableClock
                0x60084ff0       0x1e ./drivers/fsl_xbara.o
 .text.XBARA_SetSignalsConnection
                0x6008500e       0x58 ./drivers/fsl_xbara.o
                0x6008500e                XBARA_SetSignalsConnection
 .text.SystemInitHook
                0x60085066        0xe ./device/system_MIMXRT1052.o
                0x60085066                SystemInitHook
 .text.HAL_UartGetStatus
                0x60085074       0x28 ./component/uart/fsl_adapter_lpuart.o
 .text.BOARD_InitDebugConsole
                0x6008509c       0x22 ./board/board.o
                0x6008509c                BOARD_InitDebugConsole
 .text._SDK_AtomicLocalClearAndSet4Byte
                0x600850be       0x50 ./board/clock_config.o
 .text.CLOCK_DisableClock
                0x6008510e       0x1e ./board/clock_config.o
 .text.CLOCK_SetPllBypass
                0x6008512c       0x4e ./board/clock_config.o
 .text.IOMUXC_SetSaiMClkClockSource
                0x6008517a       0x6c ./board/clock_config.o
 .text.BOARD_InitBootClocks
                0x600851e6        0xc ./board/clock_config.o
                0x600851e6                BOARD_InitBootClocks
 .text._SDK_AtomicLocalClearAndSet4Byte
                0x600851f2       0x50 ./board/pin_mux.o
 .text.CLOCK_EnableClock
                0x60085242       0x1e ./board/pin_mux.o
 .text.IOMUXC_SetPinMux
                0x60085260       0x3a ./board/pin_mux.o
 .text.IOMUXC_SetPinConfig
                0x6008529a       0x26 ./board/pin_mux.o
 .text.BOARD_InitBootPins
                0x600852c0        0xc ./board/pin_mux.o
                0x600852c0                BOARD_InitBootPins
 .text.__main   0x600852cc        0xe c:/nxp/mcuxpressoide_11.6.1_8255/ide/plugins/com.nxp.mcuxpresso.tools.win32_11.6.1.202207200623/tools/bin/../lib/gcc/arm-none-eabi/10.3.1/../../../../arm-none-eabi/lib/thumb/v7e-m+dp/hard\libcr_nohost_nf.a(_cr__main.o)
                0x600852cc                __main
 .text.memcpy   0x600852da        0x4 c:/nxp/mcuxpressoide_11.6.1_8255/ide/plugins/com.nxp.mcuxpresso.tools.win32_11.6.1.202207200623/tools/bin/../lib/gcc/arm-none-eabi/10.3.1/../../../../arm-none-eabi/lib/thumb/v7e-m+dp/hard\libcr_c.a(memcpy.o)
                0x600852da                memcpy
 .text.memset   0x600852de        0x4 c:/nxp/mcuxpressoide_11.6.1_8255/ide/plugins/com.nxp.mcuxpresso.tools.win32_11.6.1.202207200623/tools/bin/../lib/gcc/arm-none-eabi/10.3.1/../../../../arm-none-eabi/lib/thumb/v7e-m+dp/hard\libcr_c.a(memset.o)
                0x600852de                memset
 .text.free     0x600852e2       0x30 c:/nxp/mcuxpressoide_11.6.1_8255/ide/plugins/com.nxp.mcuxpresso.tools.win32_11.6.1.202207200623/tools/bin/../lib/gcc/arm-none-eabi/10.3.1/../../../../arm-none-eabi/lib/thumb/v7e-m+dp/hard\libcr_c.a(alloc.o)
                0x600852e2                free
 .text.setvbuf  0x60085312       0x3e c:/nxp/mcuxpressoide_11.6.1_8255/ide/plugins/com.nxp.mcuxpresso.tools.win32_11.6.1.202207200623/tools/bin/../lib/gcc/arm-none-eabi/10.3.1/../../../../arm-none-eabi/lib/thumb/v7e-m+dp/hard\libcr_c.a(setvbuf.o)
                0x60085312                setvbuf
 .text.strlen   0x60085350       0x48 c:/nxp/mcuxpressoide_11.6.1_8255/ide/plugins/com.nxp.mcuxpresso.tools.win32_11.6.1.202207200623/tools/bin/../lib/gcc/arm-none-eabi/10.3.1/../../../../arm-none-eabi/lib/thumb/v7e-m+dp/hard\libcr_c.a(strlen.o)
                0x60085350                strlen
 .text._fdopen  0x60085398       0x68 c:/nxp/mcuxpressoide_11.6.1_8255/ide/plugins/com.nxp.mcuxpresso.tools.win32_11.6.1.202207200623/tools/bin/../lib/gcc/arm-none-eabi/10.3.1/../../../../arm-none-eabi/lib/thumb/v7e-m+dp/hard\libcr_c.a(_fdopen.o)
                0x60085398                _fdopen
 .text.fclose   0x60085400       0x58 c:/nxp/mcuxpressoide_11.6.1_8255/ide/plugins/com.nxp.mcuxpresso.tools.win32_11.6.1.202207200623/tools/bin/../lib/gcc/arm-none-eabi/10.3.1/../../../../arm-none-eabi/lib/thumb/v7e-m+dp/hard\libcr_c.a(fclose.o)
                0x60085400                fclose
 .text.remove   0x60085458       0x14 c:/nxp/mcuxpressoide_11.6.1_8255/ide/plugins/com.nxp.mcuxpresso.tools.win32_11.6.1.202207200623/tools/bin/../lib/gcc/arm-none-eabi/10.3.1/../../../../arm-none-eabi/lib/thumb/v7e-m+dp/hard\libcr_c.a(remove.o)
                0x60085458                remove
 .text._do_fflush
                0x6008546c       0x40 c:/nxp/mcuxpressoide_11.6.1_8255/ide/plugins/com.nxp.mcuxpresso.tools.win32_11.6.1.202207200623/tools/bin/../lib/gcc/arm-none-eabi/10.3.1/../../../../arm-none-eabi/lib/thumb/v7e-m+dp/hard\libcr_c.a(_do_fflush.o)
                0x6008546c                _do_fflush
 .text._fflush  0x600854ac       0x52 c:/nxp/mcuxpressoide_11.6.1_8255/ide/plugins/com.nxp.mcuxpresso.tools.win32_11.6.1.202207200623/tools/bin/../lib/gcc/arm-none-eabi/10.3.1/../../../../arm-none-eabi/lib/thumb/v7e-m+dp/hard\libcr_c.a(_fflush.o)
                0x600854ac                _fflush
 .text._deferredlazyseek
                0x600854fe       0x40 c:/nxp/mcuxpressoide_11.6.1_8255/ide/plugins/com.nxp.mcuxpresso.tools.win32_11.6.1.202207200623/tools/bin/../lib/gcc/arm-none-eabi/10.3.1/../../../../arm-none-eabi/lib/thumb/v7e-m+dp/hard\libcr_c.a(_deferredlazyseek.o)
                0x600854fe                _deferredlazyseek
 .text.__aeabi_division_uldivmod
                0x6008553e      0x174 c:/nxp/mcuxpressoide_11.6.1_8255/ide/plugins/com.nxp.mcuxpresso.tools.win32_11.6.1.202207200623/tools/bin/../lib/gcc/arm-none-eabi/10.3.1/thumb/v7e-m+dp/hard\libcr_eabihelpers.a(division_64.o)
                0x6008553e                __aeabi_uldivmod
                0x60085542                __bhs_ldivmod1
 .text.__aeabi_division_idiv0
                0x600856b2        0x2 c:/nxp/mcuxpressoide_11.6.1_8255/ide/plugins/com.nxp.mcuxpresso.tools.win32_11.6.1.202207200623/tools/bin/../lib/gcc/arm-none-eabi/10.3.1/thumb/v7e-m+dp/hard\libcr_eabihelpers.a(division_idiv0.o)
                0x600856b2                __aeabi_idiv0
 .text.__aeabi_memcpy
                0x600856b4       0x34 c:/nxp/mcuxpressoide_11.6.1_8255/ide/plugins/com.nxp.mcuxpresso.tools.win32_11.6.1.202207200623/tools/bin/../lib/gcc/arm-none-eabi/10.3.1/thumb/v7e-m+dp/hard\libcr_eabihelpers.a(memcpy.o)
                0x600856b4                __aeabi_memcpy
                0x600856be                __aeabi_memcpy8
                0x600856be                __aeabi_memcpy4
 .text.__aeabi_memset_lowlevel
                0x600856e8       0x32 c:/nxp/mcuxpressoide_11.6.1_8255/ide/plugins/com.nxp.mcuxpresso.tools.win32_11.6.1.202207200623/tools/bin/../lib/gcc/arm-none-eabi/10.3.1/thumb/v7e-m+dp/hard\libcr_eabihelpers.a(memcpy.o)
                0x600856e8                __aeabi_lowlevel_memset
 .text.__sys_close
                0x6008571a        0x6 c:/nxp/mcuxpressoide_11.6.1_8255/ide/plugins/com.nxp.mcuxpresso.tools.win32_11.6.1.202207200623/tools/bin/../lib/gcc/arm-none-eabi/10.3.1/../../../../arm-none-eabi/lib/thumb/v7e-m+dp/hard\libcr_nohost_nf.a(__sys_close.o)
                0x6008571a                __sys_close
 .text.__sys_flen
                0x60085720        0x6 c:/nxp/mcuxpressoide_11.6.1_8255/ide/plugins/com.nxp.mcuxpresso.tools.win32_11.6.1.202207200623/tools/bin/../lib/gcc/arm-none-eabi/10.3.1/../../../../arm-none-eabi/lib/thumb/v7e-m+dp/hard\libcr_nohost_nf.a(__sys_flen.o)
                0x60085720                __sys_flen
 .text.__sys_istty
                0x60085726        0x6 c:/nxp/mcuxpressoide_11.6.1_8255/ide/plugins/com.nxp.mcuxpresso.tools.win32_11.6.1.202207200623/tools/bin/../lib/gcc/arm-none-eabi/10.3.1/../../../../arm-none-eabi/lib/thumb/v7e-m+dp/hard\libcr_nohost_nf.a(__sys_istty.o)
                0x60085726                __sys_istty
 .text.__sys_remove
                0x6008572c        0x6 c:/nxp/mcuxpressoide_11.6.1_8255/ide/plugins/com.nxp.mcuxpresso.tools.win32_11.6.1.202207200623/tools/bin/../lib/gcc/arm-none-eabi/10.3.1/../../../../arm-none-eabi/lib/thumb/v7e-m+dp/hard\libcr_nohost_nf.a(__sys_remove.o)
                0x6008572c                __sys_remove
 .text.__sys_seek
                0x60085732        0x6 c:/nxp/mcuxpressoide_11.6.1_8255/ide/plugins/com.nxp.mcuxpresso.tools.win32_11.6.1.202207200623/tools/bin/../lib/gcc/arm-none-eabi/10.3.1/../../../../arm-none-eabi/lib/thumb/v7e-m+dp/hard\libcr_nohost_nf.a(__sys_seek.o)
                0x60085732                __sys_seek
 .text.__sys_tmpnam
                0x60085738        0x6 c:/nxp/mcuxpressoide_11.6.1_8255/ide/plugins/com.nxp.mcuxpresso.tools.win32_11.6.1.202207200623/tools/bin/../lib/gcc/arm-none-eabi/10.3.1/../../../../arm-none-eabi/lib/thumb/v7e-m+dp/hard\libcr_nohost_nf.a(__sys_tmpnam.o)
                0x60085738                __sys_tmpnam
 .text.__sys_write
                0x6008573e        0x4 c:/nxp/mcuxpressoide_11.6.1_8255/ide/plugins/com.nxp.mcuxpresso.tools.win32_11.6.1.202207200623/tools/bin/../lib/gcc/arm-none-eabi/10.3.1/../../../../arm-none-eabi/lib/thumb/v7e-m+dp/hard\libcr_nohost_nf.a(__sys_write.o)
                0x6008573e                __sys_write
 *(SORT_BY_ALIGNMENT(.rodata) SORT_BY_ALIGNMENT(.rodata.*) SORT_BY_ALIGNMENT(.constdata) SORT_BY_ALIGNMENT(.constdata.*))
 *fill*         0x60085742        0x2 ff
 .rodata.__assertion_failed.str1.4
                0x60085744       0x14 ./utilities/fsl_assert.o
 .rodata.CLOCK_SetDiv.str1.4
                0x60085758       0x81 ./source/pwm.o
 *fill*         0x600857d9        0x3 ff
 .rodata.PWM_SetupFaultDisableMap.str1.4
                0x600857dc       0x66 ./source/pwm.o
 *fill*         0x60085842        0x2 ff
 .rodata.main.str1.4
                0x60085844       0x3d ./source/pwm.o
 *fill*         0x60085881        0x3 ff
 .rodata.CLOCK_InitExternalClk.str1.4
                0x60085884       0x21 ./drivers/fsl_clock.o
 *fill*         0x600858a5        0x3 ff
 .rodata.CLOCK_GetPllFreq.str1.4
                0x600858a8       0x6d ./drivers/fsl_clock.o
 *fill*         0x60085915        0x3 ff
 .rodata.enetRefClkFreq.1
                0x60085918       0x10 ./drivers/fsl_clock.o
 .rodata.SDK_DelayAtLeastUs.str1.4
                0x60085928       0x2b ./drivers/fsl_common_arm.o
 .rodata.CLOCK_ControlGate.str1.4
                0x60085953       0x2b ./drivers/fsl_lpuart.o
                                 0x20 (size before relaxing)
 *fill*         0x60085953        0x1 ff
 .rodata.s_lpuartBases
                0x60085954       0x24 ./drivers/fsl_lpuart.o
 .rodata.s_lpuartClock
                0x60085978       0x12 ./drivers/fsl_lpuart.o
 *fill*         0x6008598a        0x2 ff
 .rodata.LPUART_GetInstance.str1.4
                0x6008598c       0x38 ./drivers/fsl_lpuart.o
 .rodata.LPUART_Init.str1.4
                0x600859c4      0x10a ./drivers/fsl_lpuart.o
 *fill*         0x60085ace        0x2 ff
 .rodata.LPUART_GetDefaultConfig.str1.4
                0x60085ad0       0x22 ./drivers/fsl_lpuart.o
 *fill*         0x60085af2        0x2 ff
 .rodata.LPUART_WriteBlocking.str1.4
                0x60085af4       0x20 ./drivers/fsl_lpuart.o
 .rodata.LPUART_ReadBlocking.str1.4
                0x60085b14       0x20 ./drivers/fsl_lpuart.o
 .rodata.CLOCK_ControlGate.str1.4
                0x60085b34       0x20 ./drivers/fsl_pwm.o
 .rodata.s_pwmBases
                0x60085b34       0x14 ./drivers/fsl_pwm.o
 .rodata.s_pwmClocks
                0x60085b48       0x28 ./drivers/fsl_pwm.o
 .rodata.PWM_GetInstance.str1.4
                0x60085b70       0x31 ./drivers/fsl_pwm.o
 *fill*         0x60085ba1        0x3 ff
 .rodata.PWM_Init.str1.4
                0x60085ba4       0x46 ./drivers/fsl_pwm.o
 *fill*         0x60085bea        0x2 ff
 .rodata.PWM_GetDefaultConfig.str1.4
                0x60085bec       0x17 ./drivers/fsl_pwm.o
 *fill*         0x60085c03        0x1 ff
 .rodata.PWM_SetupPwm.str1.4
                0x60085c04       0x9e ./drivers/fsl_pwm.o
 *fill*         0x60085ca2        0x2 ff
 .rodata.PWM_UpdatePwmDutycycle.str1.4
                0x60085ca4       0x55 ./drivers/fsl_pwm.o
 *fill*         0x60085cf9        0x3 ff
 .rodata.PWM_UpdatePwmDutycycleHighAccuracy.str1.4
                0x60085cfc       0x42 ./drivers/fsl_pwm.o
 *fill*         0x60085d3e        0x2 ff
 .rodata.PWM_SetupFaults.str1.4
                0x60085d40       0x32 ./drivers/fsl_pwm.o
 *fill*         0x60085d72        0x2 ff
 .rodata.PWM_FaultDefaultConfig.str1.4
                0x60085d74       0x17 ./drivers/fsl_pwm.o
 .rodata.CLOCK_ControlGate.str1.4
                0x60085d8b       0x20 ./drivers/fsl_xbara.o
 *fill*         0x60085d8b        0x1 ff
 .rodata.s_xbaraBases
                0x60085d8c        0x8 ./drivers/fsl_xbara.o
 .rodata.s_xbaraClock
                0x60085d94        0x4 ./drivers/fsl_xbara.o
 .rodata.XBARA_GetInstance.str1.4
                0x60085d98       0x35 ./drivers/fsl_xbara.o
 *fill*         0x60085dcd        0x3 ff
 .rodata.s_LpuartAdapterBase
                0x60085dd0       0x24 ./component/uart/fsl_adapter_lpuart.o
 .rodata.HAL_UartInit.str1.4
                0x60085df4      0x105 ./component/uart/fsl_adapter_lpuart.o
 *fill*         0x60085ef9        0x3 ff
 .rodata.HAL_UartReceiveBlocking.str1.4
                0x60085efc       0x7b ./component/uart/fsl_adapter_lpuart.o
 *fill*         0x60085f77        0x1 ff
 .rodata.HAL_UartSendBlocking.str1.4
                0x60085f78       0x7b ./component/uart/fsl_adapter_lpuart.o
 *fill*         0x60085ff3        0x1 ff
 .rodata.BOARD_ConfigMPU.str1.4
                0x60085ff4       0x69 ./board/board.o
 *fill*         0x6008605d        0x3 ff
 .rodata.CLOCK_SetMux.str1.4
                0x60086060       0x81 ./board/clock_config.o
 .rodata.CLOCK_SetDiv.str1.4
                0x600860e1       0x81 ./board/clock_config.o
 *fill*         0x600860e1        0x3 ff
 .rodata.CLOCK_ControlGate.str1.4
                0x600860e4       0x70 ./board/clock_config.o
 .rodata.armPllConfig_BOARD_BootClockRUN
                0x60086154        0x8 ./board/clock_config.o
                0x60086154                armPllConfig_BOARD_BootClockRUN
 .rodata.sysPllConfig_BOARD_BootClockRUN
                0x6008615c       0x14 ./board/clock_config.o
                0x6008615c                sysPllConfig_BOARD_BootClockRUN
 .rodata.CLOCK_ControlGate.str1.4
                0x60086170       0x70 ./board/pin_mux.o
 .rodata.__num_Ciob_streams
                0x60086170        0x4 c:/nxp/mcuxpressoide_11.6.1_8255/ide/plugins/com.nxp.mcuxpresso.tools.win32_11.6.1.202207200623/tools/bin/../lib/gcc/arm-none-eabi/10.3.1/../../../../arm-none-eabi/lib/thumb/v7e-m+dp/hard\libcr_nohost_nf.a(__ciob.o)
                0x60086170                __num_Ciob_streams
 .rodata._initio.str1.1
                0x60086174        0x4 c:/nxp/mcuxpressoide_11.6.1_8255/ide/plugins/com.nxp.mcuxpresso.tools.win32_11.6.1.202207200623/tools/bin/../lib/gcc/arm-none-eabi/10.3.1/../../../../arm-none-eabi/lib/thumb/v7e-m+dp/hard\libcr_c.a(initio.o)
                0x600861e0                . = ALIGN (0x4)
                0x60086178                _etext = .

.glue_7         0x60086178        0x0
 .glue_7        0x60086178        0x0 linker stubs

.glue_7t        0x60086178        0x0
 .glue_7t       0x60086178        0x0 linker stubs

.vfp11_veneer   0x60086178        0x0
 .vfp11_veneer  0x60086178        0x0 linker stubs

.v4_bx          0x60086178        0x0
 .v4_bx         0x60086178        0x0 linker stubs

.iplt           0x60086178        0x0
 .iplt          0x60086178        0x0 ./utilities/fsl_assert.o

.rel.dyn        0x60086178        0x0
 .rel.iplt      0x60086178        0x0 ./utilities/fsl_assert.o

.data_RAM2      0x00000000        0x0 load address 0x60086178
 FILL mask 0xff
                [!provide]                PROVIDE (__start_data_RAM2 = .)
                [!provide]                PROVIDE (__start_data_SRAM_ITC = .)
 *(SORT_BY_ALIGNMENT(.ramfunc.$RAM2))
 *(SORT_BY_ALIGNMENT(.ramfunc.$SRAM_ITC))
 *(SORT_BY_ALIGNMENT(.data.$RAM2))
 *(SORT_BY_ALIGNMENT(.data.$SRAM_ITC))
 *(SORT_BY_ALIGNMENT(.data.$RAM2.*))
 *(SORT_BY_ALIGNMENT(.data.$SRAM_ITC.*))
                0x00000000                . = ALIGN (0x4)
                [!provide]                PROVIDE (__end_data_RAM2 = .)
                [!provide]                PROVIDE (__end_data_SRAM_ITC = .)

.data_RAM3      0x20200000        0x0 load address 0x60086178
 FILL mask 0xff
                [!provide]                PROVIDE (__start_data_RAM3 = .)
                [!provide]                PROVIDE (__start_data_SRAM_OC = .)
 *(SORT_BY_ALIGNMENT(.ramfunc.$RAM3))
 *(SORT_BY_ALIGNMENT(.ramfunc.$SRAM_OC))
 *(SORT_BY_ALIGNMENT(.data.$RAM3))
 *(SORT_BY_ALIGNMENT(.data.$SRAM_OC))
 *(SORT_BY_ALIGNMENT(.data.$RAM3.*))
 *(SORT_BY_ALIGNMENT(.data.$SRAM_OC.*))
                0x20200000                . = ALIGN (0x4)
                [!provide]                PROVIDE (__end_data_RAM3 = .)
                [!provide]                PROVIDE (__end_data_SRAM_OC = .)

.data_RAM4      0x80000000        0x0 load address 0x60086178
 FILL mask 0xff
                [!provide]                PROVIDE (__start_data_RAM4 = .)
                [!provide]                PROVIDE (__start_data_BOARD_SDRAM = .)
 *(SORT_BY_ALIGNMENT(.ramfunc.$RAM4))
 *(SORT_BY_ALIGNMENT(.ramfunc.$BOARD_SDRAM))
 *(SORT_BY_ALIGNMENT(.data.$RAM4))
 *(SORT_BY_ALIGNMENT(.data.$BOARD_SDRAM))
 *(SORT_BY_ALIGNMENT(.data.$RAM4.*))
 *(SORT_BY_ALIGNMENT(.data.$BOARD_SDRAM.*))
                0x80000000                . = ALIGN (0x4)
                [!provide]                PROVIDE (__end_data_RAM4 = .)
                [!provide]                PROVIDE (__end_data_BOARD_SDRAM = .)

.data_RAM5      0x81e00000        0x0 load address 0x60086178
 FILL mask 0xff
                [!provide]                PROVIDE (__start_data_RAM5 = .)
                [!provide]                PROVIDE (__start_data_NCACHE_REGION = .)
 *(SORT_BY_ALIGNMENT(.ramfunc.$RAM5))
 *(SORT_BY_ALIGNMENT(.ramfunc.$NCACHE_REGION))
 *(SORT_BY_ALIGNMENT(.data.$RAM5))
 *(SORT_BY_ALIGNMENT(.data.$NCACHE_REGION))
 *(SORT_BY_ALIGNMENT(.data.$RAM5.*))
 *(SORT_BY_ALIGNMENT(.data.$NCACHE_REGION.*))
                0x81e00000                . = ALIGN (0x4)
                [!provide]                PROVIDE (__end_data_RAM5 = .)
                [!provide]                PROVIDE (__end_data_NCACHE_REGION = .)

.uninit_RESERVED
                0x20000000        0x0
                0x20000000                _start_uninit_RESERVED = .
 *(SORT_BY_ALIGNMENT(.bss.$RESERVED*))
                0x20000000                . = ALIGN (0x4)
                0x20000000                _end_uninit_RESERVED = .

.data           0x20000000        0x4 load address 0x60086178
 FILL mask 0xff
                0x20000000                _data = .
                [!provide]                PROVIDE (__start_data_RAM = .)
                [!provide]                PROVIDE (__start_data_SRAM_DTC = .)
 *(SORT_BY_ALIGNMENT(vtable))
 *(SORT_BY_ALIGNMENT(.ramfunc*))
 *(SORT_BY_ALIGNMENT(CodeQuickAccess))
 *(SORT_BY_ALIGNMENT(DataQuickAccess))
 *(SORT_BY_ALIGNMENT(RamFunction))
 *(SORT_BY_ALIGNMENT(NonCacheable.init))
 *(SORT_BY_ALIGNMENT(.data*))
 .data.SystemCoreClock
                0x20000000        0x4 ./device/system_MIMXRT1052.o
                0x20000000                SystemCoreClock
                0x20000004                . = ALIGN (0x4)
                0x20000004                _edata = .
                [!provide]                PROVIDE (__end_data_RAM = .)
                [!provide]                PROVIDE (__end_data_SRAM_DTC = .)

.igot.plt       0x20000004        0x0 load address 0x6008617c
 .igot.plt      0x20000004        0x0 ./utilities/fsl_assert.o

.bss_RAM2       0x00000000        0x0
                [!provide]                PROVIDE (__start_bss_RAM2 = .)
                [!provide]                PROVIDE (__start_bss_SRAM_ITC = .)
 *(SORT_BY_ALIGNMENT(.bss.$RAM2))
 *(SORT_BY_ALIGNMENT(.bss.$SRAM_ITC))
 *(SORT_BY_ALIGNMENT(.bss.$RAM2.*))
 *(SORT_BY_ALIGNMENT(.bss.$SRAM_ITC.*))
                0x00000000                . = ALIGN ((. != 0x0)?0x4:0x1)
                [!provide]                PROVIDE (__end_bss_RAM2 = .)
                [!provide]                PROVIDE (__end_bss_SRAM_ITC = .)

.bss_RAM3       0x20200000        0x0
                [!provide]                PROVIDE (__start_bss_RAM3 = .)
                [!provide]                PROVIDE (__start_bss_SRAM_OC = .)
 *(SORT_BY_ALIGNMENT(.bss.$RAM3))
 *(SORT_BY_ALIGNMENT(.bss.$SRAM_OC))
 *(SORT_BY_ALIGNMENT(.bss.$RAM3.*))
 *(SORT_BY_ALIGNMENT(.bss.$SRAM_OC.*))
                0x20200000                . = ALIGN ((. != 0x0)?0x4:0x1)
                [!provide]                PROVIDE (__end_bss_RAM3 = .)
                [!provide]                PROVIDE (__end_bss_SRAM_OC = .)

.bss_RAM4       0x80000000        0x0
                [!provide]                PROVIDE (__start_bss_RAM4 = .)
                [!provide]                PROVIDE (__start_bss_BOARD_SDRAM = .)
 *(SORT_BY_ALIGNMENT(.bss.$RAM4))
 *(SORT_BY_ALIGNMENT(.bss.$BOARD_SDRAM))
 *(SORT_BY_ALIGNMENT(.bss.$RAM4.*))
 *(SORT_BY_ALIGNMENT(.bss.$BOARD_SDRAM.*))
                0x80000000                . = ALIGN ((. != 0x0)?0x4:0x1)
                [!provide]                PROVIDE (__end_bss_RAM4 = .)
                [!provide]                PROVIDE (__end_bss_BOARD_SDRAM = .)

.bss_RAM5       0x81e00000        0x0
                [!provide]                PROVIDE (__start_bss_RAM5 = .)
                [!provide]                PROVIDE (__start_bss_NCACHE_REGION = .)
 *(SORT_BY_ALIGNMENT(.bss.$RAM5))
 *(SORT_BY_ALIGNMENT(.bss.$NCACHE_REGION))
 *(SORT_BY_ALIGNMENT(.bss.$RAM5.*))
 *(SORT_BY_ALIGNMENT(.bss.$NCACHE_REGION.*))
                0x81e00000                . = ALIGN ((. != 0x0)?0x4:0x1)
                [!provide]                PROVIDE (__end_bss_RAM5 = .)
                [!provide]                PROVIDE (__end_bss_NCACHE_REGION = .)

.bss            0x20000004       0xfc
                0x20000004                _bss = .
                [!provide]                PROVIDE (__start_bss_RAM = .)
                [!provide]                PROVIDE (__start_bss_SRAM_DTC = .)
 *(SORT_BY_ALIGNMENT(NonCacheable))
 *(SORT_BY_ALIGNMENT(.bss*))
 .bss.s_debugConsole
                0x20000004       0x14 ./utilities/fsl_debug_console.o
 .bss.g_xtalFreq
                0x20000018        0x4 ./drivers/fsl_clock.o
                0x20000018                g_xtalFreq
 .bss.g_rtcXtalFreq
                0x2000001c        0x4 ./drivers/fsl_clock.o
                0x2000001c                g_rtcXtalFreq
 .bss.s_lpuartHandle
                0x20000020       0x24 ./drivers/fsl_lpuart.o
                0x20000020                s_lpuartHandle
 .bss.s_lpuartIsr
                0x20000044        0x4 ./drivers/fsl_lpuart.o
                0x20000044                s_lpuartIsr
 .bss.errno     0x20000048        0x4 c:/nxp/mcuxpressoide_11.6.1_8255/ide/plugins/com.nxp.mcuxpresso.tools.win32_11.6.1.202207200623/tools/bin/../lib/gcc/arm-none-eabi/10.3.1/../../../../arm-none-eabi/lib/thumb/v7e-m+dp/hard\libcr_c.a(errno.o)
                0x20000048                errno
 .bss.__Ciob    0x2000004c       0xb4 c:/nxp/mcuxpressoide_11.6.1_8255/ide/plugins/com.nxp.mcuxpresso.tools.win32_11.6.1.202207200623/tools/bin/../lib/gcc/arm-none-eabi/10.3.1/../../../../arm-none-eabi/lib/thumb/v7e-m+dp/hard\libcr_nohost_nf.a(__ciob.o)
                0x2000004c                __Ciob
 *(SORT_BY_ALIGNMENT(COMMON))
                0x20000100                . = ALIGN (0x4)
                0x20000100                _ebss = .
                [!provide]                PROVIDE (__end_bss_RAM = .)
                [!provide]                PROVIDE (__end_bss_SRAM_DTC = .)
                [!provide]                PROVIDE (end = .)

.noinit_RAM2    0x00000000        0x0
                [!provide]                PROVIDE (__start_noinit_RAM2 = .)
                [!provide]                PROVIDE (__start_noinit_SRAM_ITC = .)
 *(SORT_BY_ALIGNMENT(.noinit.$RAM2))
 *(SORT_BY_ALIGNMENT(.noinit.$SRAM_ITC))
 *(SORT_BY_ALIGNMENT(.noinit.$RAM2.*))
 *(SORT_BY_ALIGNMENT(.noinit.$SRAM_ITC.*))
                0x00000000                . = ALIGN (0x4)
                [!provide]                PROVIDE (__end_noinit_RAM2 = .)
                [!provide]                PROVIDE (__end_noinit_SRAM_ITC = .)

.noinit_RAM3    0x20200000        0x0
                [!provide]                PROVIDE (__start_noinit_RAM3 = .)
                [!provide]                PROVIDE (__start_noinit_SRAM_OC = .)
 *(SORT_BY_ALIGNMENT(.noinit.$RAM3))
 *(SORT_BY_ALIGNMENT(.noinit.$SRAM_OC))
 *(SORT_BY_ALIGNMENT(.noinit.$RAM3.*))
 *(SORT_BY_ALIGNMENT(.noinit.$SRAM_OC.*))
                0x20200000                . = ALIGN (0x4)
                [!provide]                PROVIDE (__end_noinit_RAM3 = .)
                [!provide]                PROVIDE (__end_noinit_SRAM_OC = .)

.noinit_RAM4    0x80000000        0x0
                [!provide]                PROVIDE (__start_noinit_RAM4 = .)
                [!provide]                PROVIDE (__start_noinit_BOARD_SDRAM = .)
 *(SORT_BY_ALIGNMENT(.noinit.$RAM4))
 *(SORT_BY_ALIGNMENT(.noinit.$BOARD_SDRAM))
 *(SORT_BY_ALIGNMENT(.noinit.$RAM4.*))
 *(SORT_BY_ALIGNMENT(.noinit.$BOARD_SDRAM.*))
                0x80000000                . = ALIGN (0x4)
                [!provide]                PROVIDE (__end_noinit_RAM4 = .)
                [!provide]                PROVIDE (__end_noinit_BOARD_SDRAM = .)

.noinit_RAM5    0x81e00000        0x0
                [!provide]                PROVIDE (__start_noinit_RAM5 = .)
                [!provide]                PROVIDE (__start_noinit_NCACHE_REGION = .)
 *(SORT_BY_ALIGNMENT(.noinit.$RAM5))
 *(SORT_BY_ALIGNMENT(.noinit.$NCACHE_REGION))
 *(SORT_BY_ALIGNMENT(.noinit.$RAM5.*))
 *(SORT_BY_ALIGNMENT(.noinit.$NCACHE_REGION.*))
                0x81e00000                . = ALIGN (0x4)
                [!provide]                PROVIDE (__end_noinit_RAM5 = .)
                [!provide]                PROVIDE (__end_noinit_NCACHE_REGION = .)

.noinit         0x20000100        0x0
                0x20000100                _noinit = .
                [!provide]                PROVIDE (__start_noinit_RAM = .)
                [!provide]                PROVIDE (__start_noinit_SRAM_DTC = .)
 *(SORT_BY_ALIGNMENT(.noinit*))
                0x20000100                . = ALIGN (0x4)
                0x20000100                _end_noinit = .
                [!provide]                PROVIDE (__end_noinit_RAM = .)
                [!provide]                PROVIDE (__end_noinit_SRAM_DTC = .)

.ARM.extab
 *(SORT_BY_ALIGNMENT(.ARM.extab*) SORT_BY_ALIGNMENT(.gnu.linkonce.armextab.*))

.ARM.exidx      0x6008617c        0x0
                0x6008617c                __exidx_start = .
 *(SORT_BY_ALIGNMENT(.ARM.exidx*) SORT_BY_ALIGNMENT(.gnu.linkonce.armexidx.*))
                0x6008617c                __exidx_end = .
                0x00001000                _HeapSize = 0x1000

.heap           0x20000100     0x1000
                0x20000100                _pvHeapStart = .
                0x20001100                . = (. + _HeapSize)
 *fill*         0x20000100     0x1000 
                0x20001100                . = ALIGN (0x4)
                0x20001100                _pvHeapLimit = .
                0x00001000                _StackSize = 0x1000

.heap2stackfill
                0x20001100     0x1000
                0x20002100                . = (. + _StackSize)
 *fill*         0x20001100     0x1000 

.stack          0x2001f000        0x0
                0x2001f000                _vStackBase = .
                0x2001f000                . = ALIGN (0x4)
                0x20020000                _vStackTop = (. + _StackSize)
                0x60080000                _image_start = LOADADDR (.text)
                0x6008617c                _image_end = (LOADADDR (.data) + SIZEOF (.data))
                0x0000617c                _image_size = (_image_end - _image_start)
OUTPUT(evkbimxrt1050_pwm.axf elf32-littlearm)
LOAD linker stubs

.debug_info     0x00000000    0x10716
 .debug_info    0x00000000       0xb1 ./utilities/fsl_assert.o
 .debug_info    0x000000b1      0xcf2 ./utilities/fsl_debug_console.o
 .debug_info    0x00000da3      0xdcb ./startup/startup_mimxrt1052.o
 .debug_info    0x00001b6e     0x1df7 ./source/pwm.o
 .debug_info    0x00003965       0x3c ./source/semihost_hardfault.o
 .debug_info    0x000039a1     0x24d5 ./drivers/fsl_clock.o
 .debug_info    0x00005e76       0xfc ./drivers/fsl_common_arm.o
 .debug_info    0x00005f72     0x267c ./drivers/fsl_lpuart.o
 .debug_info    0x000085ee     0x1bbf ./drivers/fsl_pwm.o
 .debug_info    0x0000a1ad     0x1bef ./drivers/fsl_xbara.o
 .debug_info    0x0000bd9c      0xc5a ./device/system_MIMXRT1052.o
 .debug_info    0x0000c9f6      0xaf2 ./component/uart/fsl_adapter_lpuart.o
 .debug_info    0x0000d4e8      0xfaa ./board/board.o
 .debug_info    0x0000e492     0x19ca ./board/clock_config.o
 .debug_info    0x0000fe5c      0x8ba ./board/pin_mux.o

.debug_abbrev   0x00000000     0x1ecb
 .debug_abbrev  0x00000000       0x66 ./utilities/fsl_assert.o
 .debug_abbrev  0x00000066      0x24b ./utilities/fsl_debug_console.o
 .debug_abbrev  0x000002b1      0x152 ./startup/startup_mimxrt1052.o
 .debug_abbrev  0x00000403      0x1ff ./source/pwm.o
 .debug_abbrev  0x00000602       0x31 ./source/semihost_hardfault.o
 .debug_abbrev  0x00000633      0x33b ./drivers/fsl_clock.o
 .debug_abbrev  0x0000096e       0x92 ./drivers/fsl_common_arm.o
 .debug_abbrev  0x00000a00      0x468 ./drivers/fsl_lpuart.o
 .debug_abbrev  0x00000e68      0x32a ./drivers/fsl_pwm.o
 .debug_abbrev  0x00001192      0x2b0 ./drivers/fsl_xbara.o
 .debug_abbrev  0x00001442      0x16e ./device/system_MIMXRT1052.o
 .debug_abbrev  0x000015b0      0x1ad ./component/uart/fsl_adapter_lpuart.o
 .debug_abbrev  0x0000175d      0x2ab ./board/board.o
 .debug_abbrev  0x00001a08      0x2b5 ./board/clock_config.o
 .debug_abbrev  0x00001cbd      0x20e ./board/pin_mux.o

.debug_aranges  0x00000000      0xc90
 .debug_aranges
                0x00000000       0x20 ./utilities/fsl_assert.o
 .debug_aranges
                0x00000020       0x78 ./utilities/fsl_debug_console.o
 .debug_aranges
                0x00000098      0x540 ./startup/startup_mimxrt1052.o
 .debug_aranges
                0x000005d8       0x48 ./source/pwm.o
 .debug_aranges
                0x00000620       0x20 ./source/semihost_hardfault.o
 .debug_aranges
                0x00000640      0x1b0 ./drivers/fsl_clock.o
 .debug_aranges
                0x000007f0       0x28 ./drivers/fsl_common_arm.o
 .debug_aranges
                0x00000818      0x188 ./drivers/fsl_lpuart.o
 .debug_aranges
                0x000009a0       0xd0 ./drivers/fsl_pwm.o
 .debug_aranges
                0x00000a70       0x70 ./drivers/fsl_xbara.o
 .debug_aranges
                0x00000ae0       0x30 ./device/system_MIMXRT1052.o
 .debug_aranges
                0x00000b10       0x58 ./component/uart/fsl_adapter_lpuart.o
 .debug_aranges
                0x00000b68       0x58 ./board/board.o
 .debug_aranges
                0x00000bc0       0x80 ./board/clock_config.o
 .debug_aranges
                0x00000c40       0x50 ./board/pin_mux.o

.debug_ranges   0x00000000      0xba0
 .debug_ranges  0x00000000       0x10 ./utilities/fsl_assert.o
 .debug_ranges  0x00000010       0x68 ./utilities/fsl_debug_console.o
 .debug_ranges  0x00000078      0x530 ./startup/startup_mimxrt1052.o
 .debug_ranges  0x000005a8       0x38 ./source/pwm.o
 .debug_ranges  0x000005e0       0x10 ./source/semihost_hardfault.o
 .debug_ranges  0x000005f0      0x1a0 ./drivers/fsl_clock.o
 .debug_ranges  0x00000790       0x18 ./drivers/fsl_common_arm.o
 .debug_ranges  0x000007a8      0x178 ./drivers/fsl_lpuart.o
 .debug_ranges  0x00000920       0xc0 ./drivers/fsl_pwm.o
 .debug_ranges  0x000009e0       0x60 ./drivers/fsl_xbara.o
 .debug_ranges  0x00000a40       0x20 ./device/system_MIMXRT1052.o
 .debug_ranges  0x00000a60       0x48 ./component/uart/fsl_adapter_lpuart.o
 .debug_ranges  0x00000aa8       0x48 ./board/board.o
 .debug_ranges  0x00000af0       0x70 ./board/clock_config.o
 .debug_ranges  0x00000b60       0x40 ./board/pin_mux.o

.debug_macro    0x00000000     0x2bac
 .debug_macro   0x00000000      0x13e ./utilities/fsl_assert.o
 .debug_macro   0x0000013e       0x1c ./utilities/fsl_assert.o
 .debug_macro   0x0000015a       0x1c ./utilities/fsl_assert.o
 .debug_macro   0x00000176       0x1c ./utilities/fsl_assert.o
 .debug_macro   0x00000192       0x34 ./utilities/fsl_assert.o
 .debug_macro   0x000001c6      0x164 ./utilities/fsl_debug_console.o
 .debug_macro   0x0000032a       0x16 ./utilities/fsl_debug_console.o
 .debug_macro   0x00000340       0x10 ./utilities/fsl_debug_console.o
 .debug_macro   0x00000350       0x28 ./utilities/fsl_debug_console.o
 .debug_macro   0x00000378       0xc4 ./utilities/fsl_debug_console.o
 .debug_macro   0x0000043c       0x16 ./utilities/fsl_debug_console.o
 .debug_macro   0x00000452       0x46 ./utilities/fsl_debug_console.o
 .debug_macro   0x00000498       0x29 ./startup/startup_mimxrt1052.o
 .debug_macro   0x000004c1      0x197 ./source/pwm.o
 .debug_macro   0x00000658       0x16 ./source/pwm.o
 .debug_macro   0x0000066e       0x22 ./source/pwm.o
 .debug_macro   0x00000690       0x11 ./source/semihost_hardfault.o
 .debug_macro   0x000006a1      0x12d ./drivers/fsl_clock.o
 .debug_macro   0x000007ce      0x12d ./drivers/fsl_common_arm.o
 .debug_macro   0x000008fb      0x13c ./drivers/fsl_lpuart.o
 .debug_macro   0x00000a37       0x10 ./drivers/fsl_lpuart.o
 .debug_macro   0x00000a47      0x13c ./drivers/fsl_pwm.o
 .debug_macro   0x00000b83       0x10 ./drivers/fsl_pwm.o
 .debug_macro   0x00000b93      0x142 ./drivers/fsl_xbara.o
 .debug_macro   0x00000cd5       0x1c ./drivers/fsl_xbara.o
 .debug_macro   0x00000cf1       0xb3 ./device/system_MIMXRT1052.o
 .debug_macro   0x00000da4      0x155 ./component/uart/fsl_adapter_lpuart.o
 .debug_macro   0x00000ef9       0x40 ./component/uart/fsl_adapter_lpuart.o
 .debug_macro   0x00000f39      0x16c ./board/board.o
 .debug_macro   0x000010a5     0x1764 ./board/board.o
 .debug_macro   0x00002809      0x13f ./board/clock_config.o
 .debug_macro   0x00002948      0x12a ./board/clock_config.o
 .debug_macro   0x00002a72      0x13a ./board/pin_mux.o

.debug_line     0x00000000     0x8145
 .debug_line    0x00000000      0x3c5 ./utilities/fsl_assert.o
 .debug_line    0x000003c5      0xc70 ./utilities/fsl_debug_console.o
 .debug_line    0x00001035      0xf45 ./startup/startup_mimxrt1052.o
 .debug_line    0x00001f7a      0x675 ./source/pwm.o
 .debug_line    0x000025ef       0x59 ./source/semihost_hardfault.o
 .debug_line    0x00002648     0x1191 ./drivers/fsl_clock.o
 .debug_line    0x000037d9      0x388 ./drivers/fsl_common_arm.o
 .debug_line    0x00003b61     0x1429 ./drivers/fsl_lpuart.o
 .debug_line    0x00004f8a      0xd25 ./drivers/fsl_pwm.o
 .debug_line    0x00005caf      0x556 ./drivers/fsl_xbara.o
 .debug_line    0x00006205      0x4ed ./device/system_MIMXRT1052.o
 .debug_line    0x000066f2      0x569 ./component/uart/fsl_adapter_lpuart.o
 .debug_line    0x00006c5b      0x850 ./board/board.o
 .debug_line    0x000074ab      0x7cd ./board/clock_config.o
 .debug_line    0x00007c78      0x4cd ./board/pin_mux.o

.debug_str      0x00000000   0x15c070
 .debug_str     0x00000000   0x140828 ./utilities/fsl_assert.o
                             0x1408ce (size before relaxing)
 .debug_str     0x00140828     0x1723 ./utilities/fsl_debug_console.o
                             0x142055 (size before relaxing)
 .debug_str     0x00141f4b      0xdb3 ./startup/startup_mimxrt1052.o
                               0x3c39 (size before relaxing)
 .debug_str     0x00142cfe     0x508e ./source/pwm.o
                             0x145a73 (size before relaxing)
 .debug_str     0x00147d8c       0x1f ./source/semihost_hardfault.o
                               0x2e41 (size before relaxing)
 .debug_str     0x00147dab     0x156c ./drivers/fsl_clock.o
                             0x142b84 (size before relaxing)
 .debug_str     0x00149317       0x82 ./drivers/fsl_common_arm.o
                             0x140782 (size before relaxing)
 .debug_str     0x00149399     0x21c9 ./drivers/fsl_lpuart.o
                             0x1434e5 (size before relaxing)
 .debug_str     0x0014b562      0x49b ./drivers/fsl_pwm.o
                             0x1429be (size before relaxing)
 .debug_str     0x0014b9fd      0x2be ./drivers/fsl_xbara.o
                             0x1446c9 (size before relaxing)
 .debug_str     0x0014bcbb      0x1f3 ./device/system_MIMXRT1052.o
                             0x13dcf5 (size before relaxing)
 .debug_str     0x0014beae      0x152 ./component/uart/fsl_adapter_lpuart.o
                             0x141adb (size before relaxing)
 .debug_str     0x0014c000     0xfbb3 ./board/board.o
                             0x151ef5 (size before relaxing)
 .debug_str     0x0015bbb3      0x40e ./board/clock_config.o
                             0x152882 (size before relaxing)
 .debug_str     0x0015bfc1       0xaf ./board/pin_mux.o
                             0x1509f8 (size before relaxing)

.comment        0x00000000       0x49
 .comment       0x00000000       0x49 ./utilities/fsl_assert.o
                                 0x4a (size before relaxing)
 .comment       0x00000049       0x4a ./utilities/fsl_debug_console.o
 .comment       0x00000049       0x4a ./startup/startup_mimxrt1052.o
 .comment       0x00000049       0x4a ./source/pwm.o
 .comment       0x00000049       0x4a ./source/semihost_hardfault.o
 .comment       0x00000049       0x4a ./drivers/fsl_clock.o
 .comment       0x00000049       0x4a ./drivers/fsl_common_arm.o
 .comment       0x00000049       0x4a ./drivers/fsl_lpuart.o
 .comment       0x00000049       0x4a ./drivers/fsl_pwm.o
 .comment       0x00000049       0x4a ./drivers/fsl_xbara.o
 .comment       0x00000049       0x4a ./device/system_MIMXRT1052.o
 .comment       0x00000049       0x4a ./component/uart/fsl_adapter_lpuart.o
 .comment       0x00000049       0x4a ./board/board.o
 .comment       0x00000049       0x4a ./board/clock_config.o
 .comment       0x00000049       0x4a ./board/pin_mux.o
 .comment       0x00000049       0x4a c:/nxp/mcuxpressoide_11.6.1_8255/ide/plugins/com.nxp.mcuxpresso.tools.win32_11.6.1.202207200623/tools/bin/../lib/gcc/arm-none-eabi/10.3.1/../../../../arm-none-eabi/lib/thumb/v7e-m+dp/hard\libcr_nohost_nf.a(_cr__main.o)
 .comment       0x00000049       0x4a c:/nxp/mcuxpressoide_11.6.1_8255/ide/plugins/com.nxp.mcuxpresso.tools.win32_11.6.1.202207200623/tools/bin/../lib/gcc/arm-none-eabi/10.3.1/../../../../arm-none-eabi/lib/thumb/v7e-m+dp/hard\libcr_c.a(memcpy.o)
 .comment       0x00000049       0x4a c:/nxp/mcuxpressoide_11.6.1_8255/ide/plugins/com.nxp.mcuxpresso.tools.win32_11.6.1.202207200623/tools/bin/../lib/gcc/arm-none-eabi/10.3.1/../../../../arm-none-eabi/lib/thumb/v7e-m+dp/hard\libcr_c.a(memset.o)
 .comment       0x00000049       0x4a c:/nxp/mcuxpressoide_11.6.1_8255/ide/plugins/com.nxp.mcuxpresso.tools.win32_11.6.1.202207200623/tools/bin/../lib/gcc/arm-none-eabi/10.3.1/../../../../arm-none-eabi/lib/thumb/v7e-m+dp/hard\libcr_c.a(alloc.o)
 .comment       0x00000049       0x4a c:/nxp/mcuxpressoide_11.6.1_8255/ide/plugins/com.nxp.mcuxpresso.tools.win32_11.6.1.202207200623/tools/bin/../lib/gcc/arm-none-eabi/10.3.1/../../../../arm-none-eabi/lib/thumb/v7e-m+dp/hard\libcr_c.a(initio.o)
 .comment       0x00000049       0x4a c:/nxp/mcuxpressoide_11.6.1_8255/ide/plugins/com.nxp.mcuxpresso.tools.win32_11.6.1.202207200623/tools/bin/../lib/gcc/arm-none-eabi/10.3.1/../../../../arm-none-eabi/lib/thumb/v7e-m+dp/hard\libcr_c.a(setvbuf.o)
 .comment       0x00000049       0x4a c:/nxp/mcuxpressoide_11.6.1_8255/ide/plugins/com.nxp.mcuxpresso.tools.win32_11.6.1.202207200623/tools/bin/../lib/gcc/arm-none-eabi/10.3.1/../../../../arm-none-eabi/lib/thumb/v7e-m+dp/hard\libcr_c.a(strlen.o)