D:\RAJASHEKHAR\Github\IMXRT1050EVK_Bootloader\BD155_P_V1_0_0\McuXpresso\VMS_Display_V0\drivers/fsl_usdhc.h:901:20:USDHC_EnableInternalDMA	0	static
D:\RAJASHEKHAR\Github\IMXRT1050EVK_Bootloader\BD155_P_V1_0_0\McuXpresso\VMS_Display_V0\drivers/fsl_usdhc.h:927:20:USDHC_EnableInterruptStatus	0	static
D:\RAJASHEKHAR\Github\IMXRT1050EVK_Bootloader\BD155_P_V1_0_0\McuXpresso\VMS_Display_V0\drivers/fsl_usdhc.h:938:20:USDHC_DisableInterruptStatus	0	static
D:\RAJASHEKHAR\Github\IMXRT1050EVK_Bootloader\BD155_P_V1_0_0\McuXpresso\VMS_Display_V0\drivers/fsl_usdhc.h:949:20:USDHC_EnableInterruptSignal	0	static
D:\RAJASHEKHAR\Github\IMXRT1050EVK_Bootloader\BD155_P_V1_0_0\McuXpresso\VMS_Display_V0\drivers/fsl_usdhc.h:960:20:USDHC_DisableInterruptSignal	0	static
D:\RAJASHEKHAR\Github\IMXRT1050EVK_Bootloader\BD155_P_V1_0_0\McuXpresso\VMS_Display_V0\drivers/fsl_usdhc.h:991:24:USDHC_GetInterruptStatusFlags	0	static
D:\RAJASHEKHAR\Github\IMXRT1050EVK_Bootloader\BD155_P_V1_0_0\McuXpresso\VMS_Display_V0\drivers/fsl_usdhc.h:1002:20:USDHC_ClearInterruptStatusFlags	0	static
D:\RAJASHEKHAR\Github\IMXRT1050EVK_Bootloader\BD155_P_V1_0_0\McuXpresso\VMS_Display_V0\drivers/fsl_usdhc.h:1037:24:USDHC_GetPresentStatusFlags	0	static
D:\RAJASHEKHAR\Github\IMXRT1050EVK_Bootloader\BD155_P_V1_0_0\McuXpresso\VMS_Display_V0\drivers/fsl_usdhc.h:1123:20:USDHC_SetDataBusWidth	0	static
D:\RAJASHEKHAR\Github\IMXRT1050EVK_Bootloader\BD155_P_V1_0_0\McuXpresso\VMS_Display_V0\drivers/fsl_usdhc.h:1149:24:USDHC_ReadData	0	static
D:\RAJASHEKHAR\Github\IMXRT1050EVK_Bootloader\BD155_P_V1_0_0\McuXpresso\VMS_Display_V0\drivers/fsl_usdhc.h:1187:20:USDHC_CardDetectByData3	0	static
D:\RAJASHEKHAR\Github\IMXRT1050EVK_Bootloader\BD155_P_V1_0_0\McuXpresso\VMS_Display_V0\drivers/fsl_usdhc.h:1282:20:USDHC_EnableMmcBoot	0	static
D:\RAJASHEKHAR\Github\IMXRT1050EVK_Bootloader\BD155_P_V1_0_0\McuXpresso\VMS_Display_V0\drivers/fsl_usdhc.h:1311:20:UDSHC_SelectVoltage	0	static
D:\RAJASHEKHAR\Github\IMXRT1050EVK_Bootloader\BD155_P_V1_0_0\McuXpresso\VMS_Display_V0\drivers/fsl_usdhc.h:1351:20:USDHC_EnableAutoTuning	0	static
D:\RAJASHEKHAR\Github\IMXRT1050EVK_Bootloader\BD155_P_V1_0_0\McuXpresso\VMS_Display_V0\drivers/fsl_usdhc.h:1411:20:USDHC_SetStandardTuningCounter	0	static
D:\RAJASHEKHAR\Github\IMXRT1050EVK_Bootloader\BD155_P_V1_0_0\McuXpresso\VMS_Display_V0\drivers/fsl_usdhc.h:1434:24:USDHC_GetExecuteStdTuningStatus	0	static
D:\RAJASHEKHAR\Github\IMXRT1050EVK_Bootloader\BD155_P_V1_0_0\McuXpresso\VMS_Display_V0\drivers/fsl_usdhc.h:1444:24:USDHC_CheckStdTuningResult	0	static
D:\RAJASHEKHAR\Github\IMXRT1050EVK_Bootloader\BD155_P_V1_0_0\McuXpresso\VMS_Display_V0\drivers/fsl_usdhc.h:1454:24:USDHC_CheckTuningError	0	static
../sdmmc/host/fsl_sdmmc_host.h:263:20:SDMMCHOST_EnableCardInt	8	static
../sdmmc/host/fsl_sdmmc_host.c:66:13:SDMMCHOST_DetectCardInsertByHost	16	static
../sdmmc/host/fsl_sdmmc_host.c:94:13:SDMMCHOST_DetectCardRemoveByHost	16	static
../sdmmc/host/fsl_sdmmc_host.c:119:13:SDMMCHOST_CardInterrupt	8	static
../sdmmc/host/fsl_sdmmc_host.c:134:10:SDMMCHOST_CardIntInit	8	static
../sdmmc/host/fsl_sdmmc_host.c:143:10:SDMMCHOST_CardDetectInit	16	static
../sdmmc/host/fsl_sdmmc_host.c:190:10:SDMMCHOST_CardDetectStatus	16	static
../sdmmc/host/fsl_sdmmc_host.c:213:10:SDMMCHOST_PollingCardDetectStatus	40	static
../sdmmc/host/fsl_sdmmc_host.c:261:10:SDMMCHOST_WaitCardDetectStatus	16	static
../sdmmc/host/fsl_sdmmc_host.c:274:13:SDMMCHOST_TransferCompleteCallback	8	static
../sdmmc/host/fsl_sdmmc_host.c:316:10:SDMMCHOST_TransferFunction	40	static
../sdmmc/host/fsl_sdmmc_host.c:515:13:SDMMCHOST_ErrorRecovery	16	static
../sdmmc/host/fsl_sdmmc_host.c:534:6:SDMMCHOST_SetCardPower	0	static
../sdmmc/host/fsl_sdmmc_host.c:539:6:SDMMCHOST_SetCardBusWidth	8	static
../sdmmc/host/fsl_sdmmc_host.c:552:6:SDMMCHOST_PowerOffCard	8	static
../sdmmc/host/fsl_sdmmc_host.c:561:6:SDMMCHOST_PowerOnCard	8	static
../sdmmc/host/fsl_sdmmc_host.c:576:10:SDMMCHOST_Init	32	static
../sdmmc/host/fsl_sdmmc_host.c:606:6:SDMMCHOST_Reset	16	static
../sdmmc/host/fsl_sdmmc_host.c:632:6:SDMMCHOST_Deinit	8	static
../sdmmc/host/fsl_sdmmc_host.c:640:6:SDMMCHOST_SwitchToVoltage	8	static
../sdmmc/host/fsl_sdmmc_host.c:653:17:SDMMCHOST_ExecuteStdTuning	96	static
../sdmmc/host/fsl_sdmmc_host.c:727:17:SDMMCHOST_ReceiveTuningBlock	72	static
../sdmmc/host/fsl_sdmmc_host.c:780:17:SDMMC_CheckTuningResult	4	static
../sdmmc/host/fsl_sdmmc_host.c:804:17:SDMMCHOST_ExecuteManualTuning	40	static
../sdmmc/host/fsl_sdmmc_host.c:880:10:SDMMCHOST_ExecuteTuning	8	static
../sdmmc/host/fsl_sdmmc_host.c:891:10:SDMMCHOST_StartBoot	64	static
../sdmmc/host/fsl_sdmmc_host.c:920:10:SDMMCHOST_ReadBootData	88	static
